Archive member included to satisfy reference by file (symbol)

C:/devkitPro/nflib/lib\libnflib.a(nf_2d.o)
                              game.o (NF_Set2D)
C:/devkitPro/nflib/lib\libnflib.a(nf_basic.o)
                              C:/devkitPro/nflib/lib\libnflib.a(nf_2d.o) (NF_Error)
C:/devkitPro/nflib/lib\libnflib.a(nf_sprite256.o)
                              game.o (NF_InitSpriteBuffers)
C:/devkitPro/nflib/lib\libnflib.a(nf_tiledbg.o)
                              game.o (NF_InitTiledBgBuffers)
C:/devkitPro/libnds/lib\libfilesystem.a(nitrofs.o)
                              game.o (nitroFSInit)
C:/devkitPro/libnds/lib\libfat.a(libfat.o)
                              C:/devkitPro/libnds/lib\libfilesystem.a(nitrofs.o) (fatInitDefault)
C:/devkitPro/libnds/lib\libfat.a(disc.o)
                              C:/devkitPro/libnds/lib\libfat.a(libfat.o) (_FAT_disc_interfaces)
C:/devkitPro/libnds/lib\libfat.a(fatfile.o)
                              C:/devkitPro/libnds/lib\libfat.a(libfat.o) (_FAT_open_r)
C:/devkitPro/libnds/lib\libfat.a(cache.o)
                              C:/devkitPro/libnds/lib\libfat.a(fatfile.o) (_FAT_cache_readSectors)
C:/devkitPro/libnds/lib\libfat.a(fatdir.o)
                              C:/devkitPro/libnds/lib\libfat.a(libfat.o) (_FAT_stat_r)
C:/devkitPro/libnds/lib\libfat.a(directory.o)
                              C:/devkitPro/libnds/lib\libfat.a(fatfile.o) (_FAT_directory_entryGetCluster)
C:/devkitPro/libnds/lib\libfat.a(partition.o)
                              C:/devkitPro/libnds/lib\libfat.a(libfat.o) (_FAT_partition_destructor)
C:/devkitPro/libnds/lib\libfat.a(lock.o)
                              C:/devkitPro/libnds/lib\libfat.a(partition.o) (_FAT_lock_init)
C:/devkitPro/libnds/lib\libfat.a(filetime.o)
                              C:/devkitPro/libnds/lib\libfat.a(fatfile.o) (_FAT_filetime_getTimeFromRTC)
C:/devkitPro/libnds/lib\libfat.a(file_allocation_table.o)
                              C:/devkitPro/libnds/lib\libfat.a(fatfile.o) (_FAT_fat_nextCluster)
C:/devkitPro/libnds/lib\libnds9.a(video.o)
                              C:/devkitPro/nflib/lib\libnflib.a(nf_basic.o) (setBrightness)
C:/devkitPro/libnds/lib\libnds9.a(console.o)
                              C:/devkitPro/nflib/lib\libnflib.a(nf_basic.o) (consoleDemoInit)
C:/devkitPro/libnds/lib\libnds9.a(sprite.o)
                              C:/devkitPro/nflib/lib\libnflib.a(nf_sprite256.o) (oamInit)
C:/devkitPro/libnds/lib\libnds9.a(keys.o)
                              game.o (scanKeys)
C:/devkitPro/libnds/lib\libnds9.a(dldi.o)
                              C:/devkitPro/libnds/lib\libfat.a(disc.o) (dldiGetInternal)
C:/devkitPro/libnds/lib\libnds9.a(initSystem.o)
                              C:/devkitPro/devkitARM/bin/../lib/gcc/arm-none-eabi/13.2.0/../../../../arm-none-eabi/lib/ds_arm9_crt0.o (initSystem)
C:/devkitPro/libnds/lib\libnds9.a(securearea.o)
                              C:/devkitPro/devkitARM/bin/../lib/gcc/arm-none-eabi/13.2.0/../../../../arm-none-eabi/lib/ds_arm9_crt0.o (__secure_area__)
C:/devkitPro/libnds/lib\libnds9.a(interrupts.o)
                              C:/devkitPro/libnds/lib\libnds9.a(initSystem.o) (irqInit)
C:/devkitPro/libnds/lib\libnds9.a(libnds_exit.arm.o)
                              C:/devkitPro/devkitARM/bin/../lib/gcc/arm-none-eabi/13.2.0/../../../../arm-none-eabi/lib/ds_arm9_crt0.o (__libnds_exit)
C:/devkitPro/libnds/lib\libnds9.a(card.o)
                              C:/devkitPro/libnds/lib\libfilesystem.a(nitrofs.o) (cardParamCommand)
C:/devkitPro/libnds/lib\libnds9.a(fifosystem.o)
                              C:/devkitPro/libnds/lib\libnds9.a(initSystem.o) (fifoSetValue32Handler)
C:/devkitPro/libnds/lib\libnds9.a(dcache.o)
                              C:/devkitPro/nflib/lib\libnflib.a(nf_basic.o) (DC_FlushRange)
C:/devkitPro/libnds/lib\libnds9.a(dldi_stub.o)
                              C:/devkitPro/libnds/lib\libnds9.a(dldi.o) (_io_dldi_stub)
C:/devkitPro/libnds/lib\libnds9.a(mpu_setup.o)
                              C:/devkitPro/devkitARM/bin/../lib/gcc/arm-none-eabi/13.2.0/../../../../arm-none-eabi/lib/ds_arm9_crt0.o (__libnds_mpu_setup)
C:/devkitPro/libnds/lib\libnds9.a(IntrWait.o)
                              main.o (swiWaitForVBlank)
C:/devkitPro/libnds/lib\libnds9.a(cpu_clock.o)
                              C:/devkitPro/libnds/lib\libnds9.a(initSystem.o) (setCpuClock)
C:/devkitPro/libnds/lib\libnds9.a(interruptDispatcher.o)
                              C:/devkitPro/libnds/lib\libnds9.a(interrupts.o) (IntrMain)
C:/devkitPro/libnds/lib\libnds9.a(biosCalls.o)
                              C:/devkitPro/libnds/lib\libnds9.a(card.o) (swiDelay)
C:/devkitPro/libnds/lib\libnds9.a(debugprint.o)
                              C:/devkitPro/libnds/lib\libnds9.a(console.o) (nocashWrite)
C:/devkitPro/libnds/lib\libnds9.a(swiSoftReset.o)
                              C:/devkitPro/libnds/lib\libnds9.a(fifosystem.o) (swiSoftReset)
[...]
Memory Configuration

Name             Origin             Length             Attributes
ewram            0x02000000         0x00380000
dtcm             0x02ff0000         0x00004000
vectors          0x01000000         0x00000100
itcm             0x01000100         0x00007f00
*default*        0x00000000         0xffffffff

Linker script and memory map

                0x02380000                        __ewram_end = (ORIGIN (ewram) + LENGTH (ewram))
                0x02380000                        __eheap_end = (ORIGIN (ewram) + LENGTH (ewram))
                0x02ff4000                        __dtcm_top = (ORIGIN (dtcm) + LENGTH (dtcm))
                0x02ff3ff8                        __irq_flags = (__dtcm_top - 0x8)
                0x02ff3ffc                        __irq_vector = (__dtcm_top - 0x4)
                0x02ff3f00                        __sp_svc = (__dtcm_top - 0x100)
                0x02ff3e00                        __sp_irq = (__sp_svc - 0x100)
                0x02ff3d00                        __sp_usr = (__sp_irq - 0x100)

.secure         0x02000000      0x800
 *(.secure)
 .secure        0x02000000      0x800 C:/devkitPro/libnds/lib\libnds9.a(securearea.o)
                0x02000000                __secure_area__

.crt0           0x02000800      0x300
                0x02000800                        __text_start = .
 *(.crt0)
 .crt0          0x02000800      0x300 C:/devkitPro/devkitARM/bin/../lib/gcc/arm-none-eabi/13.2.0/../../../../arm-none-eabi/lib/ds_arm9_crt0.o
                0x02000800                _start
                0x02000b00                        . = ALIGN (0x4)

.plt
 *(.plt)

.init           0x02000b00       0x18
 *(SORT_NONE(.init))
 .init          0x02000b00        0xc C:/devkitPro/devkitARM/bin/../lib/gcc/arm-none-eabi/13.2.0/crti.o
                0x02000b00                _init
 .init          0x02000b0c        0xc C:/devkitPro/devkitARM/bin/../lib/gcc/arm-none-eabi/13.2.0/crtn.o

.text           0x02000b40    0x22f88
 *(EXCLUDE_FILE(*.twl* *.vectors* *.itcm*) .text)
 .text          0x02000b40      0x330 game.o
                0x02000b40                Game::Game()
                0x02000b40                Game::Game()
                0x02000be4                Game::Tick()
                0x02000bf4                Game::Menu_Start(int)
                0x02000d28                Game::Update()
                0x02000de8                Game::Menu_Main(int)
                0x02000e4c                Game::Menu_Settings(int)
                0x02000e50                Game::Menu_Play(int)
                0x02000e54                Game::Menu_Shop(int)
                0x02000e58                Game::Action_ShipBattle(int)
                0x02000e5c                Game::Action_MeleeBattle(int)
                0x02000e60                Game::Minigame_AimCannon(int)
                0x02000e64                Game::Minigame_SteerShip(int)
                0x02000e68                Game::Minigame_RepairWood(int)
                0x02000e6c                Game::Minigame_ChangeSails(int)
 .text          0x02000e70       0x8c player.o
                0x02000e70                Player::Player()
                0x02000e70                Player::Player()
                0x02000eb0                Player::HandleInput(int)
                0x02000ef4                Player::TranslatePlayer(int, int)
                0x02000ef8                Player::UpdatePlayer()
 .text          0x02000efc      0x65c C:/devkitPro/nflib/lib\libnflib.a(nf_2d.o)
                0x02000efc                NF_Set2D
                0x02000f60                NF_ShowBg
                0x02000fd4                NF_HideBg
                0x02001070                NF_ScrollBg
                0x0200136c                NF_SpriteFrame
                0x02001424                NF_EnableSpriteRotScale
                0x02001490                NF_DisableSpriteRotScale
                0x020014ec                NF_SpriteRotScale
 .text          0x02001558      0x588 C:/devkitPro/nflib/lib\libnflib.a(nf_basic.o)
                0x02001558                NF_Error
                0x02001804                NF_SetRootFolder
                0x020019e0                NF_DmaMemCopy
                0x02001a64                NF_FileLoad
 .text          0x02001ae0      0xf88 C:/devkitPro/nflib/lib\libnflib.a(nf_sprite256.o)
                0x02001ae0                NF_InitSpriteBuffers
                0x02001b3c                NF_ResetSpriteBuffers
                0x02001b70                NF_InitSpriteSys
                0x02001d80                NF_LoadSpriteGfx
                0x02001e18                NF_UnloadSpriteGfx
                0x02001e7c                NF_LoadSpritePal
                0x02001efc                NF_UnloadSpritePal
                0x02001f58                NF_VramSpriteGfx
                0x020021fc                NF_VramSpriteGfxDefrag
                0x02002418                NF_FreeSpriteGfx
                0x020024f4                NF_VramSpritePal
                0x020025a4                NF_CreateSprite
                0x02002770                NF_DeleteSprite
                0x020027f0                NF_SpriteOamSet
                0x020028b4                NF_SpriteSetPalColor
                0x02002934                NF_SpriteEditPalColor
                0x02002988                NF_SpriteUpdatePalette
                0x02002a10                NF_SpriteGetPalColor
 .text          0x02002a68     0x1510 C:/devkitPro/nflib/lib\libnflib.a(nf_tiledbg.o)
                0x02002a68                NF_InitTiledBgBuffers
                0x02002afc                NF_ResetTiledBgBuffers
                0x02002b58                NF_InitTiledBgSys
                0x02002c70                NF_LoadTiledBg
                0x02002e1c                NF_LoadTilesForBg
                0x02002ff0                NF_UnloadTiledBg
                0x0200308c                NF_DeleteTiledBg
                0x02003224                NF_CreateTiledBg
                0x02003790                NF_GetTileMapAddress
                0x02003818                NF_GetTileOfMap
                0x02003854                NF_SetTileOfMap
                0x02003894                NF_UpdateVramMap
                0x0200398c                NF_BgSetPalColor
                0x02003a20                NF_BgEditPalColor
                0x02003a8c                NF_BgUpdatePalette
                0x02003b30                NF_BgGetPalColor
                0x02003ba0                NF_GetTilePal
                0x02003bd4                NF_SetTilePal
                0x02003c14                NF_LoadExBgPal
                0x02003c74                NF_UnloadExBgPal
                0x02003cb8                NF_VramExBgPal
                0x02003d44                NF_SetExBgPal
                0x02003e04                NF_SetTileHflip
                0x02003e3c                NF_SetTileVflip
                0x02003e74                NF_RotateTileGfx
 *fill*         0x02003f78        0x8 ff
 .text          0x02003f80     0x4000 C:/devkitPro/libnds/lib\libnds9.a(dldi_stub.o)
                0x02003f80                _io_dldi_stub
 .text          0x02007f80      0x114 C:/devkitPro/devkitARM/bin/../lib/gcc/arm-none-eabi/13.2.0\libgcc.a(_udivsi3.o)
                0x02007f80                __aeabi_uidiv
                0x02007f80                __udivsi3
                0x02008074                __aeabi_uidivmod
 .text          0x02008094      0x148 C:/devkitPro/devkitARM/bin/../lib/gcc/arm-none-eabi/13.2.0\libgcc.a(_divsi3.o)
                0x02008094                __divsi3
                0x02008094                __aeabi_idiv
                0x020081bc                __aeabi_idivmod
 .text          0x020081dc        0x4 C:/devkitPro/devkitARM/bin/../lib/gcc/arm-none-eabi/13.2.0\libgcc.a(_dvmd_tls.o)
                0x020081dc                __aeabi_idiv0
                0x020081dc                __aeabi_ldiv0
 .text          0x020081e0       0xd4 C:/devkitPro/devkitARM/bin/../lib/gcc/arm-none-eabi/13.2.0\libgcc.a(_aeabi_ldivmod.o)
                0x020081e0                __aeabi_ldivmod
 .text          0x020082b4       0x28 C:/devkitPro/devkitARM/bin/../lib/gcc/arm-none-eabi/13.2.0\libgcc.a(_clzdi2.o)
                0x020082b4                __clzdi2
 .text          0x020082dc       0x48 C:/devkitPro/devkitARM/bin/../lib/gcc/arm-none-eabi/13.2.0\libgcc.a(_clzsi2.o)
                0x020082dc                __clzsi2
 .text          0x02008324      0x224 C:/devkitPro/devkitARM/bin/../lib/gcc/arm-none-eabi/13.2.0/../../../../arm-none-eabi/lib\libg.a(libc_a-strcmp.o)
                0x02008324                strcmp
 .text          0x02008548      0x424 C:/devkitPro/devkitARM/bin/../lib/gcc/arm-none-eabi/13.2.0\libgcc.a(_arm_addsubdf3.o)
                0x02008548                __aeabi_drsub
                0x02008550                __aeabi_dsub
                0x02008550                __subdf3
                0x02008554                __aeabi_dadd
                0x02008554                __adddf3
                0x02008864                __floatunsidf
                0x02008864                __aeabi_ui2d
                0x02008888                __floatsidf
                0x02008888                __aeabi_i2d
                0x020088b0                __aeabi_f2d
                0x020088b0                __extendsfdf2
                0x020088f8                __floatundidf
                0x020088f8                __aeabi_ul2d
                0x0200890c                __floatdidf
                0x0200890c                __aeabi_l2d
 .text          0x0200896c      0x49c C:/devkitPro/devkitARM/bin/../lib/gcc/arm-none-eabi/13.2.0\libgcc.a(_arm_muldivdf3.o)
                0x0200896c                __aeabi_dmul
                0x0200896c                __muldf3
                0x02008bfc                __divdf3
                0x02008bfc                __aeabi_ddiv
 .text          0x02008e08      0x144 C:/devkitPro/devkitARM/bin/../lib/gcc/arm-none-eabi/13.2.0\libgcc.a(_arm_cmpdf2.o)
                0x02008e08                __gtdf2
                0x02008e08                __gedf2
                0x02008e10                __ltdf2
                0x02008e10                __ledf2
                0x02008e18                __nedf2
                0x02008e18                __eqdf2
                0x02008e18                __cmpdf2
                0x02008ea0                __aeabi_cdrcmple
                0x02008ebc                __aeabi_cdcmpeq
                0x02008ebc                __aeabi_cdcmple
                0x02008ed4                __aeabi_dcmpeq
                0x02008eec                __aeabi_dcmplt
                0x02008f04                __aeabi_dcmple
                0x02008f1c                __aeabi_dcmpge
                0x02008f34                __aeabi_dcmpgt
 .text          0x02008f4c       0x38 C:/devkitPro/devkitARM/bin/../lib/gcc/arm-none-eabi/13.2.0\libgcc.a(_arm_unorddf2.o)
                0x02008f4c                __unorddf2
                0x02008f4c                __aeabi_dcmpun
 .text          0x02008f84       0x5c C:/devkitPro/devkitARM/bin/../lib/gcc/arm-none-eabi/13.2.0\libgcc.a(_arm_fixdfsi.o)
                0x02008f84                __aeabi_d2iz
                0x02008f84                __fixdfsi
 .text          0x02008fe0       0x3c C:/devkitPro/devkitARM/bin/../lib/gcc/arm-none-eabi/13.2.0\libgcc.a(_aeabi_uldivmod.o)
                0x02008fe0                __aeabi_uldivmod
 *(EXCLUDE_FILE(*.twl* *.vectors* *.itcm*) .stub)
 *(EXCLUDE_FILE(*.twl* *.vectors* *.itcm*) .text.*)
 .text.__do_global_dtors_aux
                0x0200901c       0x40 C:/devkitPro/devkitARM/bin/../lib/gcc/arm-none-eabi/13.2.0/crtbegin.o
 .text.frame_dummy
                0x0200905c       0x30 C:/devkitPro/devkitARM/bin/../lib/gcc/arm-none-eabi/13.2.0/crtbegin.o
 .text.startup  0x0200908c       0x28 main.o
                0x0200908c                main
 .text.nitroFSDirClose
                0x020090b4        0x4 C:/devkitPro/libnds/lib\libfilesystem.a(nitrofs.o)
 .text.nitroFSSeek
                0x020090b8       0x78 C:/devkitPro/libnds/lib\libfilesystem.a(nitrofs.o)
 .text.nitroFSFstat
                0x02009130       0x10 C:/devkitPro/libnds/lib\libfilesystem.a(nitrofs.o)
 .text.nitroSubReadBlock
                0x02009140       0x54 C:/devkitPro/libnds/lib\libfilesystem.a(nitrofs.o)
 .text.nitroSubReadCard
                0x02009194       0xb0 C:/devkitPro/libnds/lib\libfilesystem.a(nitrofs.o)
 .text.nitroFSClose
                0x02009244        0x4 C:/devkitPro/libnds/lib\libfilesystem.a(nitrofs.o)
 .text.nitroDirReset
                0x02009248       0x9c C:/devkitPro/libnds/lib\libfilesystem.a(nitrofs.o)
 .text.nitroFSRead
                0x020092e4       0xbc C:/devkitPro/libnds/lib\libfilesystem.a(nitrofs.o)
 .text.nitroFSDirNext
                0x020093a0      0x30c C:/devkitPro/libnds/lib\libfilesystem.a(nitrofs.o)
 .text.nitroFSDirOpen
                0x020096ac       0xe0 C:/devkitPro/libnds/lib\libfilesystem.a(nitrofs.o)
 .text.nitroFSChdir
                0x0200978c       0x30 C:/devkitPro/libnds/lib\libfilesystem.a(nitrofs.o)
 .text.nitroFSOpen
                0x020097bc       0xc4 C:/devkitPro/libnds/lib\libfilesystem.a(nitrofs.o)
 .text.nitroFSstat
                0x02009880       0x68 C:/devkitPro/libnds/lib\libfilesystem.a(nitrofs.o)
 .text.nitroFSInit
                0x020098e8      0x12c C:/devkitPro/libnds/lib\libfilesystem.a(nitrofs.o)
                0x020098e8                nitroFSInit
 .text.fatMount.part.0
                0x02009a14       0xa0 C:/devkitPro/libnds/lib\libfat.a(libfat.o)
 .text.fatMount
                0x02009ab4       0x3c C:/devkitPro/libnds/lib\libfat.a(libfat.o)
                0x02009ab4                fatMount
 .text.fatInit  0x02009af0      0x130 C:/devkitPro/libnds/lib\libfat.a(libfat.o)
                0x02009af0                fatInit
 .text.fatInitDefault
                0x02009c20        0xc C:/devkitPro/libnds/lib\libfat.a(libfat.o)
                0x02009c20                fatInitDefault
 .text._FAT_check_position_for_next_cluster.part.0
                0x02009c2c       0x68 C:/devkitPro/libnds/lib\libfat.a(fatfile.o)
 .text._FAT_syncToDisc.part.0
                0x02009c94       0xd4 C:/devkitPro/libnds/lib\libfat.a(fatfile.o)
 .text._FAT_file_extend_r
                0x02009d68      0x208 C:/devkitPro/libnds/lib\libfat.a(fatfile.o)
 .text._FAT_open_r
                0x02009f70      0x2d4 C:/devkitPro/libnds/lib\libfat.a(fatfile.o)
                0x02009f70                _FAT_open_r
 .text._FAT_close_r
                0x0200a244       0x74 C:/devkitPro/libnds/lib\libfat.a(fatfile.o)
                0x0200a244                _FAT_close_r
 .text._FAT_read_r
                0x0200a2b8      0x398 C:/devkitPro/libnds/lib\libfat.a(fatfile.o)
                0x0200a2b8                _FAT_read_r
 .text._FAT_write_r
                0x0200a650      0x53c C:/devkitPro/libnds/lib\libfat.a(fatfile.o)
                0x0200a650                _FAT_write_r
 .text._FAT_seek_r
                0x0200ab8c      0x194 C:/devkitPro/libnds/lib\libfat.a(fatfile.o)
                0x0200ab8c                _FAT_seek_r
 .text._FAT_fstat_r
                0x0200ad20       0x8c C:/devkitPro/libnds/lib\libfat.a(fatfile.o)
                0x0200ad20                _FAT_fstat_r
 .text._FAT_ftruncate_r
                0x0200adac      0x16c C:/devkitPro/libnds/lib\libfat.a(fatfile.o)
                0x0200adac                _FAT_ftruncate_r
 .text._FAT_fsync_r
                0x0200af18       0x44 C:/devkitPro/libnds/lib\libfat.a(fatfile.o)
                0x0200af18                _FAT_fsync_r
 .text._FAT_cache_getPage
                0x0200af5c       0xf0 C:/devkitPro/libnds/lib\libfat.a(cache.o)
 .text._FAT_cache_constructor
                0x0200b04c       0x90 C:/devkitPro/libnds/lib\libfat.a(cache.o)
                0x0200b04c                _FAT_cache_constructor
 .text._FAT_cache_readSectors
                0x0200b0dc       0x60 C:/devkitPro/libnds/lib\libfat.a(cache.o)
                0x0200b0dc                _FAT_cache_readSectors
 .text._FAT_cache_readPartialSector
                0x0200b13c       0x3c C:/devkitPro/libnds/lib\libfat.a(cache.o)
                0x0200b13c                _FAT_cache_readPartialSector
 .text._FAT_cache_readLittleEndianValue
                0x0200b178       0x70 C:/devkitPro/libnds/lib\libfat.a(cache.o)
                0x0200b178                _FAT_cache_readLittleEndianValue
 .text._FAT_cache_writePartialSector
                0x0200b1e8       0x4c C:/devkitPro/libnds/lib\libfat.a(cache.o)
                0x0200b1e8                _FAT_cache_writePartialSector
 .text._FAT_cache_writeLittleEndianValue
                0x0200b234       0x8c C:/devkitPro/libnds/lib\libfat.a(cache.o)
                0x0200b234                _FAT_cache_writeLittleEndianValue
 .text._FAT_cache_eraseWritePartialSector
                0x0200b2c0       0x60 C:/devkitPro/libnds/lib\libfat.a(cache.o)
                0x0200b2c0                _FAT_cache_eraseWritePartialSector
 .text._FAT_cache_writeSectors
                0x0200b320       0x80 C:/devkitPro/libnds/lib\libfat.a(cache.o)
                0x0200b320                _FAT_cache_writeSectors
 .text._FAT_cache_flush
                0x0200b3a0       0x40 C:/devkitPro/libnds/lib\libfat.a(cache.o)
                0x0200b3a0                _FAT_cache_flush
 .text._FAT_stat_r
                0x0200b3e0       0x90 C:/devkitPro/libnds/lib\libfat.a(fatdir.o)
                0x0200b3e0                _FAT_stat_r
 .text._FAT_link_r
                0x0200b470        0xc C:/devkitPro/libnds/lib\libfat.a(fatdir.o)
                0x0200b470                _FAT_link_r
 .text._FAT_unlink_r
                0x0200b47c      0x184 C:/devkitPro/libnds/lib\libfat.a(fatdir.o)
                0x0200b47c                _FAT_unlink_r
 .text._FAT_chdir_r
                0x0200b600       0x70 C:/devkitPro/libnds/lib\libfat.a(fatdir.o)
                0x0200b600                _FAT_chdir_r
 .text._FAT_rename_r
                0x0200b670      0x1c4 C:/devkitPro/libnds/lib\libfat.a(fatdir.o)
                0x0200b670                _FAT_rename_r
 .text._FAT_mkdir_r
                0x0200b834      0x244 C:/devkitPro/libnds/lib\libfat.a(fatdir.o)
                0x0200b834                _FAT_mkdir_r
 .text._FAT_statvfs_r
                0x0200ba78       0x78 C:/devkitPro/libnds/lib\libfat.a(fatdir.o)
                0x0200ba78                _FAT_statvfs_r
 .text._FAT_diropen_r
                0x0200baf0       0xb0 C:/devkitPro/libnds/lib\libfat.a(fatdir.o)
                0x0200baf0                _FAT_diropen_r
 .text._FAT_dirreset_r
                0x0200bba0       0x4c C:/devkitPro/libnds/lib\libfat.a(fatdir.o)
                0x0200bba0                _FAT_dirreset_r
 .text._FAT_dirnext_r
                0x0200bbec       0x7c C:/devkitPro/libnds/lib\libfat.a(fatdir.o)
                0x0200bbec                _FAT_dirnext_r
 .text._FAT_dirclose_r
                0x0200bc68       0x20 C:/devkitPro/libnds/lib\libfat.a(fatdir.o)
                0x0200bc68                _FAT_dirclose_r
 .text._FAT_directory_entryGetAlias
                0x0200bc88       0xc8 C:/devkitPro/libnds/lib\libfat.a(directory.o)
 .text._FAT_directory_incrementDirEntryPosition
                0x0200bd50       0x80 C:/devkitPro/libnds/lib\libfat.a(directory.o)
 .text._FAT_directory_mbsncasecmp
                0x0200bdd0       0xa8 C:/devkitPro/libnds/lib\libfat.a(directory.o)
 .text._FAT_directory_ucs2tombs.constprop.0
                0x0200be78       0x90 C:/devkitPro/libnds/lib\libfat.a(directory.o)
 .text._FAT_directory_entryGetCluster
                0x0200bf08       0x20 C:/devkitPro/libnds/lib\libfat.a(directory.o)
                0x0200bf08                _FAT_directory_entryGetCluster
 .text._FAT_directory_getNextEntry
                0x0200bf28      0x23c C:/devkitPro/libnds/lib\libfat.a(directory.o)
                0x0200bf28                _FAT_directory_getNextEntry
 .text._FAT_directory_entryExists
                0x0200c164       0x80 C:/devkitPro/libnds/lib\libfat.a(directory.o)
 .text._FAT_directory_getFirstEntry
                0x0200c1e4       0x20 C:/devkitPro/libnds/lib\libfat.a(directory.o)
                0x0200c1e4                _FAT_directory_getFirstEntry
 .text._FAT_directory_getRootEntry
                0x0200c204       0x60 C:/devkitPro/libnds/lib\libfat.a(directory.o)
                0x0200c204                _FAT_directory_getRootEntry
 .text._FAT_directory_entryFromPosition
                0x0200c264      0x150 C:/devkitPro/libnds/lib\libfat.a(directory.o)
                0x0200c264                _FAT_directory_entryFromPosition
 .text._FAT_directory_entryFromPath
                0x0200c3b4      0x248 C:/devkitPro/libnds/lib\libfat.a(directory.o)
                0x0200c3b4                _FAT_directory_entryFromPath
 .text._FAT_directory_removeEntry
                0x0200c5fc       0xd8 C:/devkitPro/libnds/lib\libfat.a(directory.o)
                0x0200c5fc                _FAT_directory_removeEntry
 .text._FAT_directory_addEntry
                0x0200c6d4      0x808 C:/devkitPro/libnds/lib\libfat.a(directory.o)
                0x0200c6d4                _FAT_directory_addEntry
 .text._FAT_directory_chdir
                0x0200cedc       0x3c C:/devkitPro/libnds/lib\libfat.a(directory.o)
                0x0200cedc                _FAT_directory_chdir
 .text._FAT_directory_entryStat
                0x0200cf18       0xe4 C:/devkitPro/libnds/lib\libfat.a(directory.o)
                0x0200cf18                _FAT_directory_entryStat
 .text.isValidMBR
                0x0200cffc       0x5c C:/devkitPro/libnds/lib\libfat.a(partition.o)
 .text._FAT_updateFS_INFO
                0x0200d058       0x54 C:/devkitPro/libnds/lib\libfat.a(partition.o)
 .text.FindFirstValidPartition_buf.part.0
                0x0200d0ac      0x11c C:/devkitPro/libnds/lib\libfat.a(partition.o)
 .text._FAT_partition_getPartitionFromPath
                0x0200d1c8       0x10 C:/devkitPro/libnds/lib\libfat.a(partition.o)
                0x0200d1c8                _FAT_partition_getPartitionFromPath
 .text._FAT_partition_createFSinfo
                0x0200d1d8       0x50 C:/devkitPro/libnds/lib\libfat.a(partition.o)
                0x0200d1d8                _FAT_partition_createFSinfo
 .text._FAT_partition_readFSinfo.part.0
                0x0200d228       0x74 C:/devkitPro/libnds/lib\libfat.a(partition.o)
 .text._FAT_partition_constructor_buf
                0x0200d29c      0x2e8 C:/devkitPro/libnds/lib\libfat.a(partition.o)
                0x0200d29c                _FAT_partition_constructor_buf
 .text._FAT_partition_constructor
                0x0200d584       0x40 C:/devkitPro/libnds/lib\libfat.a(partition.o)
                0x0200d584                _FAT_partition_constructor
 .text._FAT_partition_readFSinfo
                0x0200d5c4       0x10 C:/devkitPro/libnds/lib\libfat.a(partition.o)
                0x0200d5c4                _FAT_partition_readFSinfo
 .text._FAT_lock_init
                0x0200d5d4        0x4 C:/devkitPro/libnds/lib\libfat.a(lock.o)
                0x0200d5d4                _FAT_lock_init
 .text._FAT_lock
                0x0200d5d8        0x4 C:/devkitPro/libnds/lib\libfat.a(lock.o)
                0x0200d5d8                _FAT_lock
 .text._FAT_unlock
                0x0200d5dc        0x4 C:/devkitPro/libnds/lib\libfat.a(lock.o)
                0x0200d5dc                _FAT_unlock
 .text._FAT_filetime_getTimeFromRTC
                0x0200d5e0       0x44 C:/devkitPro/libnds/lib\libfat.a(filetime.o)
                0x0200d5e0                _FAT_filetime_getTimeFromRTC
 .text._FAT_filetime_getDateFromRTC
                0x0200d624       0x44 C:/devkitPro/libnds/lib\libfat.a(filetime.o)
                0x0200d624                _FAT_filetime_getDateFromRTC
 .text._FAT_filetime_to_time_t
                0x0200d668       0x38 C:/devkitPro/libnds/lib\libfat.a(filetime.o)
                0x0200d668                _FAT_filetime_to_time_t
 .text._FAT_fat_writeFatEntry.part.0.isra.0
                0x0200d6a0      0x12c C:/devkitPro/libnds/lib\libfat.a(file_allocation_table.o)
 .text._FAT_fat_nextCluster
                0x0200d7cc      0x108 C:/devkitPro/libnds/lib\libfat.a(file_allocation_table.o)
                0x0200d7cc                _FAT_fat_nextCluster
 .text._FAT_fat_linkFreeCluster
                0x0200d8d4       0xac C:/devkitPro/libnds/lib\libfat.a(file_allocation_table.o)
                0x0200d8d4                _FAT_fat_linkFreeCluster
 .text._FAT_fat_linkFreeClusterCleared
                0x0200d980       0x68 C:/devkitPro/libnds/lib\libfat.a(file_allocation_table.o)
                0x0200d980                _FAT_fat_linkFreeClusterCleared
 .text._FAT_fat_clearLinks
                0x0200d9e8       0x7c C:/devkitPro/libnds/lib\libfat.a(file_allocation_table.o)
                0x0200d9e8                _FAT_fat_clearLinks
 .text._FAT_fat_trimChain
                0x0200da64       0x80 C:/devkitPro/libnds/lib\libfat.a(file_allocation_table.o)
                0x0200da64                _FAT_fat_trimChain
 .text._FAT_fat_lastCluster
                0x0200dae4       0x34 C:/devkitPro/libnds/lib\libfat.a(file_allocation_table.o)
                0x0200dae4                _FAT_fat_lastCluster
 .text._FAT_fat_freeClusterCount
                0x0200db18       0x2c C:/devkitPro/libnds/lib\libfat.a(file_allocation_table.o)
                0x0200db18                _FAT_fat_freeClusterCount
 .text.setBrightness
                0x0200db44       0x40 C:/devkitPro/libnds/lib\libnds9.a(video.o)
                0x0200db44                setBrightness
 .text.vramDefault
                0x0200db84       0xd0 C:/devkitPro/libnds/lib\libnds9.a(video.o)
                0x0200db84                vramDefault
 .text.newRow   0x0200dc54       0xa8 C:/devkitPro/libnds/lib\libnds9.a(console.o)
 .text.consolePrintChar
                0x0200dcfc       0xe0 C:/devkitPro/libnds/lib\libnds9.a(console.o)
                0x0200dcfc                consolePrintChar
 .text.con_write
                0x0200dddc      0x36c C:/devkitPro/libnds/lib\libnds9.a(console.o)
                0x0200dddc                con_write
 .text.consoleLoadFont
                0x0200e148      0x2a0 C:/devkitPro/libnds/lib\libnds9.a(console.o)
                0x0200e148                consoleLoadFont
 .text.consoleInit
                0x0200e3e8      0x18c C:/devkitPro/libnds/lib\libnds9.a(console.o)
                0x0200e3e8                consoleInit
 .text.consoleDemoInit
                0x0200e574       0x40 C:/devkitPro/libnds/lib\libnds9.a(console.o)
                0x0200e574                consoleDemoInit
 .text.oamInit  0x0200e5b4      0x114 C:/devkitPro/libnds/lib\libnds9.a(sprite.o)
                0x0200e5b4                oamInit
 .text.oamGfxPtrToOffset
                0x0200e6c8       0x34 C:/devkitPro/libnds/lib\libnds9.a(sprite.o)
                0x0200e6c8                oamGfxPtrToOffset
 .text.oamSet   0x0200e6fc      0x104 C:/devkitPro/libnds/lib\libnds9.a(sprite.o)
                0x0200e6fc                oamSet
 .text.oamUpdate
                0x0200e800       0x60 C:/devkitPro/libnds/lib\libnds9.a(sprite.o)
                0x0200e800                oamUpdate
 .text.oamRotateScale
                0x0200e860       0x4c C:/devkitPro/libnds/lib\libnds9.a(sprite.o)
                0x0200e860                oamRotateScale
 .text.scanKeys
                0x0200e8ac       0x8c C:/devkitPro/libnds/lib\libnds9.a(keys.o)
                0x0200e8ac                scanKeys
 .text.keysHeld
                0x0200e938        0xc C:/devkitPro/libnds/lib\libnds9.a(keys.o)
                0x0200e938                keysHeld
 .text.keysDown
                0x0200e944       0x14 C:/devkitPro/libnds/lib\libnds9.a(keys.o)
                0x0200e944                keysDown
 .text.dldiGetInternal
                0x0200e958       0x34 C:/devkitPro/libnds/lib\libnds9.a(dldi.o)
                0x0200e958                dldiGetInternal
 .text.get_io_dsisd
                0x0200e98c       0x24 C:/devkitPro/libnds/lib\libnds9.a(dldi.o)
                0x0200e98c                get_io_dsisd
 .text.__syscall_gettod_r
                0x0200e9b0       0x28 C:/devkitPro/libnds/lib\libnds9.a(initSystem.o)
                0x0200e9b0                __syscall_gettod_r
 .text.__syscall_exit
                0x0200e9d8        0x8 C:/devkitPro/libnds/lib\libnds9.a(initSystem.o)
                0x0200e9d8                __syscall_exit
 .text.initSystem
                0x0200e9e0      0x180 C:/devkitPro/libnds/lib\libnds9.a(initSystem.o)
                0x0200e9e0                initSystem
 .text.irqDummy
                0x0200eb60        0x4 C:/devkitPro/libnds/lib\libnds9.a(interrupts.o)
                0x0200eb60                irqDummy
 .text.irqSet   0x0200eb64       0x6c C:/devkitPro/libnds/lib\libnds9.a(interrupts.o)
                0x0200eb64                irqSet
 .text.irqInit  0x0200ebd0       0x50 C:/devkitPro/libnds/lib\libnds9.a(interrupts.o)
                0x0200ebd0                irqInit
 .text.irqEnable
                0x0200ec20       0x64 C:/devkitPro/libnds/lib\libnds9.a(interrupts.o)
                0x0200ec20                irqEnable
 .text.systemErrorExit
                0x0200ec84        0x4 C:/devkitPro/libnds/lib\libnds9.a(libnds_exit.arm.o)
                0x0200ec84                systemErrorExit
 .text.__libnds_exit
                0x0200ec88       0x5c C:/devkitPro/libnds/lib\libnds9.a(libnds_exit.arm.o)
                0x0200ec88                __libnds_exit
 .text.cardPolledTransfer
                0x0200ece4       0x54 C:/devkitPro/libnds/lib\libnds9.a(card.o)
                0x0200ece4                cardPolledTransfer
 .text.cardParamCommand
                0x0200ed38       0x34 C:/devkitPro/libnds/lib\libnds9.a(card.o)
                0x0200ed38                cardParamCommand
 .text.fifo_queueBlock
                0x0200ed6c       0x44 C:/devkitPro/libnds/lib\libnds9.a(fifosystem.o)
 .text.fifo_waitBlock
                0x0200edb0       0x80 C:/devkitPro/libnds/lib\libnds9.a(fifosystem.o)
 .text.fifoInternalSend.part.0
                0x0200ee30       0xd4 C:/devkitPro/libnds/lib\libnds9.a(fifosystem.o)
 .text.fifoInternalSendInterrupt
                0x0200ef04       0xb0 C:/devkitPro/libnds/lib\libnds9.a(fifosystem.o)
 .text.fifoSetValue32Handler
                0x0200efb4       0xd4 C:/devkitPro/libnds/lib\libnds9.a(fifosystem.o)
                0x0200efb4                fifoSetValue32Handler
 .text.fifoSendValue32
                0x0200f088       0x4c C:/devkitPro/libnds/lib\libnds9.a(fifosystem.o)
                0x0200f088                fifoSendValue32
 .text.fifoSendDatamsg
                0x0200f0d4       0x90 C:/devkitPro/libnds/lib\libnds9.a(fifosystem.o)
                0x0200f0d4                fifoSendDatamsg
 .text.fifoGetValue32
                0x0200f164       0x70 C:/devkitPro/libnds/lib\libnds9.a(fifosystem.o)
                0x0200f164                fifoGetValue32
 .text.fifoGetDatamsg
                0x0200f1d4       0xf4 C:/devkitPro/libnds/lib\libnds9.a(fifosystem.o)
                0x0200f1d4                fifoGetDatamsg
 .text.fifoInternalRecvInterrupt
                0x0200f2c8      0x37c C:/devkitPro/libnds/lib\libnds9.a(fifosystem.o)
 .text.fifoSetDatamsgHandler
                0x0200f644       0x9c C:/devkitPro/libnds/lib\libnds9.a(fifosystem.o)
                0x0200f644                fifoSetDatamsgHandler
 .text.fifoCheckValue32
                0x0200f6e0       0x24 C:/devkitPro/libnds/lib\libnds9.a(fifosystem.o)
                0x0200f6e0                fifoCheckValue32
 .text.fifoInit
                0x0200f704      0x108 C:/devkitPro/libnds/lib\libnds9.a(fifosystem.o)
                0x0200f704                fifoInit
 .text.DC_FlushRange
                0x0200f80c       0x24 C:/devkitPro/libnds/lib\libnds9.a(dcache.o)
                0x0200f80c                DC_FlushRange
 .text.DC_InvalidateRange
                0x0200f830       0x2c C:/devkitPro/libnds/lib\libnds9.a(dcache.o)
                0x0200f830                DC_InvalidateRange
 .text.__libnds_mpu_setup
                0x0200f85c      0x174 C:/devkitPro/libnds/lib\libnds9.a(mpu_setup.o)
                0x0200f85c                __libnds_mpu_setup
 .text.memUncached
                0x0200f9d0       0x20 C:/devkitPro/libnds/lib\libnds9.a(mpu_setup.o)
                0x0200f9d0                memUncached
 .text.swiWaitForVBlank
                0x0200f9f0        0x8 C:/devkitPro/libnds/lib\libnds9.a(IntrWait.o)
                0x0200f9f0                swiWaitForVBlank
 .text.swiIntrWait
                0x0200f9f8       0x70 C:/devkitPro/libnds/lib\libnds9.a(IntrWait.o)
                0x0200f9f8                swiIntrWait
 .text.setCpuClock
                0x0200fa68       0x50 C:/devkitPro/libnds/lib\libnds9.a(cpu_clock.o)
                0x0200fa68                setCpuClock
 .text.swiDelay
                0x0200fab8        0x4 C:/devkitPro/libnds/lib\libnds9.a(biosCalls.o)
                0x0200fab8                swiDelay
 .text.swiSoftReset
                0x0200fabc       0x2c C:/devkitPro/libnds/lib\libnds9.a(swiSoftReset.o)
                0x0200fabc                swiSoftReset
 .text.checkIfText
                0x0200fae8       0x5c C:/devkitPro/libnds/lib\libnds9.a(background.o)
                0x0200fae8                checkIfText
 .text.bgUpdate
                0x0200fb44       0xf4 C:/devkitPro/libnds/lib\libnds9.a(background.o)
                0x0200fb44                bgUpdate
 .text.bgInit_call
                0x0200fc38       0xc4 C:/devkitPro/libnds/lib\libnds9.a(background.o)
                0x0200fc38                bgInit_call
 .text.bgInitSub_call
                0x0200fcfc       0xcc C:/devkitPro/libnds/lib\libnds9.a(background.o)
                0x0200fcfc                bgInitSub_call
 .text.sinLutLookup
                0x0200fdc8       0x4c C:/devkitPro/libnds/lib\libnds9.a(trig.o)
                0x0200fdc8                sinLutLookup
 .text.sinLerp  0x0200fe14       0x40 C:/devkitPro/libnds/lib\libnds9.a(trig.o)
                0x0200fe14                sinLerp
 .text.cosLerp  0x0200fe54       0x4c C:/devkitPro/libnds/lib\libnds9.a(trig.o)
                0x0200fe54                cosLerp
 .text.oamAllocReset
                0x0200fea0       0x1c C:/devkitPro/libnds/lib\libnds9.a(sprite_alloc.o)
                0x0200fea0                oamAllocReset
 .text.systemValueHandler
                0x0200febc       0x48 C:/devkitPro/libnds/lib\libnds9.a(system.o)
                0x0200febc                systemValueHandler
 .text.systemMsgHandler
                0x0200ff04       0x60 C:/devkitPro/libnds/lib\libnds9.a(system.o)
                0x0200ff04                systemMsgHandler
 .text.powerOn  0x0200ff64       0x2c C:/devkitPro/libnds/lib\libnds9.a(system.o)
                0x0200ff64                powerOn
 .text.__muldi3
                0x0200ff90       0x18 C:/devkitPro/devkitARM/bin/../lib/gcc/arm-none-eabi/13.2.0\libgcc.a(_muldi3.o)
                0x0200ff90                __muldi3
                0x0200ff90                __aeabi_lmul
 .text.__udivmoddi4
                0x0200ffa8      0x128 C:/devkitPro/devkitARM/bin/../lib/gcc/arm-none-eabi/13.2.0\libgcc.a(_udivmoddi4.o)
                0x0200ffa8                __udivmoddi4
 .text.towlower
                0x020100d0       0x14 C:/devkitPro/devkitARM/bin/../lib/gcc/arm-none-eabi/13.2.0/../../../../arm-none-eabi/lib\libg.a(libc_a-towlower.o)
                0x020100d0                towlower
 .text._mbrtowc_r
                0x020100e4       0xc0 C:/devkitPro/devkitARM/bin/../lib/gcc/arm-none-eabi/13.2.0/../../../../arm-none-eabi/lib\libg.a(libc_a-mbrtowc.o)
                0x020100e4                _mbrtowc_r
 .text.mbrtowc  0x020101a4       0xc4 C:/devkitPro/devkitARM/bin/../lib/gcc/arm-none-eabi/13.2.0/../../../../arm-none-eabi/lib\libg.a(libc_a-mbrtowc.o)
                0x020101a4                mbrtowc
 .text._wcrtomb_r
                0x02010268       0xac C:/devkitPro/devkitARM/bin/../lib/gcc/arm-none-eabi/13.2.0/../../../../arm-none-eabi/lib\libg.a(libc_a-wcrtomb.o)
                0x02010268                _wcrtomb_r
 .text.wcrtomb  0x02010314       0xb4 C:/devkitPro/devkitARM/bin/../lib/gcc/arm-none-eabi/13.2.0/../../../../arm-none-eabi/lib\libg.a(libc_a-wcrtomb.o)
                0x02010314                wcrtomb
 .text.towupper
                0x020103c8       0x14 C:/devkitPro/devkitARM/bin/../lib/gcc/arm-none-eabi/13.2.0/../../../../arm-none-eabi/lib\libg.a(libc_a-towupper.o)
                0x020103c8                towupper
 .text.mbsrtowcs
                0x020103dc       0x3c C:/devkitPro/devkitARM/bin/../lib/gcc/arm-none-eabi/13.2.0/../../../../arm-none-eabi/lib\libg.a(libc_a-mbsrtowcs.o)
                0x020103dc                mbsrtowcs
 .text.wctob    0x02010418       0x88 C:/devkitPro/devkitARM/bin/../lib/gcc/arm-none-eabi/13.2.0/../../../../arm-none-eabi/lib\libg.a(libc_a-wctob.o)
                0x02010418                wctob
 .text.rewind   0x020104a0       0x30 C:/devkitPro/devkitARM/bin/../lib/gcc/arm-none-eabi/13.2.0/../../../../arm-none-eabi/lib\libg.a(libc_a-rewind.o)
                0x020104a0                rewind
 .text.towctrans
                0x020104d0       0x48 C:/devkitPro/devkitARM/bin/../lib/gcc/arm-none-eabi/13.2.0/../../../../arm-none-eabi/lib\libg.a(libc_a-towctrans.o)
                0x020104d0                towctrans
 .text.snprintf
                0x02010518       0xcc C:/devkitPro/devkitARM/bin/../lib/gcc/arm-none-eabi/13.2.0/../../../../arm-none-eabi/lib\libg.a(libc_a-snprintf.o)
                0x02010518                snprintf
 .text.siscanf  0x020105e4       0x74 C:/devkitPro/devkitARM/bin/../lib/gcc/arm-none-eabi/13.2.0/../../../../arm-none-eabi/lib\libg.a(libc_a-siscanf.o)
                0x020105e4                siscanf
 .text.calloc   0x02010658       0x24 C:/devkitPro/devkitARM/bin/../lib/gcc/arm-none-eabi/13.2.0/../../../../arm-none-eabi/lib\libg.a(libc_a-calloc.o)
                0x02010658                calloc
 .text._calloc_r
                0x0201067c       0xd0 C:/devkitPro/devkitARM/bin/../lib/gcc/arm-none-eabi/13.2.0/../../../../arm-none-eabi/lib\libg.a(libc_a-callocr.o)
                0x0201067c                _calloc_r
 .text.setvbuf  0x0201074c      0x25c C:/devkitPro/devkitARM/bin/../lib/gcc/arm-none-eabi/13.2.0/../../../../arm-none-eabi/lib\libg.a(libc_a-setvbuf.o)
                0x0201074c                setvbuf
 .text.get_arg  0x020109a8       0x54 C:/devkitPro/devkitARM/bin/../lib/gcc/arm-none-eabi/13.2.0/../../../../arm-none-eabi/lib\libg.a(libc_a-svfiscanf.o)
 .text._sungetc_r
                0x020109fc       0xe4 C:/devkitPro/devkitARM/bin/../lib/gcc/arm-none-eabi/13.2.0/../../../../arm-none-eabi/lib\libg.a(libc_a-svfiscanf.o)
                0x020109fc                _sungetc_r
 .text.__ssrefill_r
                0x02010ae0       0x68 C:/devkitPro/devkitARM/bin/../lib/gcc/arm-none-eabi/13.2.0/../../../../arm-none-eabi/lib\libg.a(libc_a-svfiscanf.o)
                0x02010ae0                __ssrefill_r
 .text._sfread_r
                0x02010b48       0xc8 C:/devkitPro/devkitARM/bin/../lib/gcc/arm-none-eabi/13.2.0/../../../../arm-none-eabi/lib\libg.a(libc_a-svfiscanf.o)
                0x02010b48                _sfread_r
 .text.__ssvfiscanf_r
                0x02010c10     0x22dc C:/devkitPro/devkitARM/bin/../lib/gcc/arm-none-eabi/13.2.0/../../../../arm-none-eabi/lib\libg.a(libc_a-svfiscanf.o)
                0x02010c10                __ssvfiscanf_r
 .text._malloc_trim_r
                0x02012eec      0x100 C:/devkitPro/devkitARM/bin/../lib/gcc/arm-none-eabi/13.2.0/../../../../arm-none-eabi/lib\libg.a(libc_a-freer.o)
                0x02012eec                _malloc_trim_r
 .text._free_r  0x02012fec      0x2e8 C:/devkitPro/devkitARM/bin/../lib/gcc/arm-none-eabi/13.2.0/../../../../arm-none-eabi/lib\libg.a(libc_a-freer.o)
                0x02012fec                _free_r
 .text.iprintf  0x020132d4       0x34 C:/devkitPro/devkitARM/bin/../lib/gcc/arm-none-eabi/13.2.0/../../../../arm-none-eabi/lib\libg.a(libc_a-iprintf.o)
                0x020132d4                iprintf
 .text.strchr   0x02013308      0x13c C:/devkitPro/devkitARM/bin/../lib/gcc/arm-none-eabi/13.2.0/../../../../arm-none-eabi/lib\libg.a(libc_a-strchr.o)
                0x02013308                strchr
 .text.memcmp   0x02013444       0xe0 C:/devkitPro/devkitARM/bin/../lib/gcc/arm-none-eabi/13.2.0/../../../../arm-none-eabi/lib\libg.a(libc_a-memcmp.o)
                0x02013444                memcmp
 .text._fclose_r
                0x02013524      0x150 C:/devkitPro/devkitARM/bin/../lib/gcc/arm-none-eabi/13.2.0/../../../../arm-none-eabi/lib\libg.a(libc_a-fclose.o)
                0x02013524                _fclose_r
 .text.fclose   0x02013674       0x18 C:/devkitPro/devkitARM/bin/../lib/gcc/arm-none-eabi/13.2.0/../../../../arm-none-eabi/lib\libg.a(libc_a-fclose.o)
                0x02013674                fclose
 .text.get_arg  0x0201368c      0x654 C:/devkitPro/devkitARM/bin/../lib/gcc/arm-none-eabi/13.2.0/../../../../arm-none-eabi/lib\libg.a(libc_a-svfprintf.o)
 .text._svfprintf_r
                0x02013ce0     0x3518 C:/devkitPro/devkitARM/bin/../lib/gcc/arm-none-eabi/13.2.0/../../../../arm-none-eabi/lib\libg.a(libc_a-svfprintf.o)
                0x02013ce0                _svfprintf_r
 .text.malloc   0x020171f8       0x1c C:/devkitPro/devkitARM/bin/../lib/gcc/arm-none-eabi/13.2.0/../../../../arm-none-eabi/lib\libg.a(libc_a-malloc.o)
                0x020171f8                malloc
 .text.free     0x02017214       0x1c C:/devkitPro/devkitARM/bin/../lib/gcc/arm-none-eabi/13.2.0/../../../../arm-none-eabi/lib\libg.a(libc_a-malloc.o)
                0x02017214                free
 .text._malloc_r
                0x02017230      0x7a4 C:/devkitPro/devkitARM/bin/../lib/gcc/arm-none-eabi/13.2.0/../../../../arm-none-eabi/lib\libg.a(libc_a-mallocr.o)
                0x02017230                _malloc_r
 .text.memmove  0x020179d4      0x154 C:/devkitPro/devkitARM/bin/../lib/gcc/arm-none-eabi/13.2.0/../../../../arm-none-eabi/lib\libg.a(libc_a-memmove.o)
                0x020179d4                memmove
 .text.memset   0x02017b28       0xfc C:/devkitPro/devkitARM/bin/../lib/gcc/arm-none-eabi/13.2.0/../../../../arm-none-eabi/lib\libg.a(libc_a-memset.o)
                0x02017b28                memset
 .text.__malloc_lock
                0x02017c24       0x18 C:/devkitPro/devkitARM/bin/../lib/gcc/arm-none-eabi/13.2.0/../../../../arm-none-eabi/lib\libg.a(libc_a-mlock.o)
                0x02017c24                __malloc_lock
 .text.__malloc_unlock
                0x02017c3c       0x18 C:/devkitPro/devkitARM/bin/../lib/gcc/arm-none-eabi/13.2.0/../../../../arm-none-eabi/lib\libg.a(libc_a-mlock.o)
                0x02017c3c                __malloc_unlock
 .text.strlen   0x02017c54       0x94 C:/devkitPro/devkitARM/bin/../lib/gcc/arm-none-eabi/13.2.0/../../../../arm-none-eabi/lib\libg.a(libc_a-strlen.o)
                0x02017c54                strlen
 .text._fopen_r
                0x02017ce8      0x138 C:/devkitPro/devkitARM/bin/../lib/gcc/arm-none-eabi/13.2.0/../../../../arm-none-eabi/lib\libg.a(libc_a-fopen.o)
                0x02017ce8                _fopen_r
 .text.fopen    0x02017e20       0x20 C:/devkitPro/devkitARM/bin/../lib/gcc/arm-none-eabi/13.2.0/../../../../arm-none-eabi/lib\libg.a(libc_a-fopen.o)
                0x02017e20                fopen
 .text.__sflush_r
                0x02017e40      0x248 C:/devkitPro/devkitARM/bin/../lib/gcc/arm-none-eabi/13.2.0/../../../../arm-none-eabi/lib\libg.a(libc_a-fflush.o)
                0x02017e40                __sflush_r
 .text._fflush_r
                0x02018088       0x9c C:/devkitPro/devkitARM/bin/../lib/gcc/arm-none-eabi/13.2.0/../../../../arm-none-eabi/lib\libg.a(libc_a-fflush.o)
                0x02018088                _fflush_r
 .text.strpbrk  0x02018124       0x7c C:/devkitPro/devkitARM/bin/../lib/gcc/arm-none-eabi/13.2.0/../../../../arm-none-eabi/lib\libg.a(libc_a-strpbrk.o)
                0x02018124                strpbrk
 .text.strdup   0x020181a0       0x1c C:/devkitPro/devkitARM/bin/../lib/gcc/arm-none-eabi/13.2.0/../../../../arm-none-eabi/lib\libg.a(libc_a-strdup.o)
                0x020181a0                strdup
 .text.strcasecmp
                0x020181bc       0x70 C:/devkitPro/devkitARM/bin/../lib/gcc/arm-none-eabi/13.2.0/../../../../arm-none-eabi/lib\libg.a(libc_a-strcasecmp.o)
                0x020181bc                strcasecmp
 .text.strrchr  0x0201822c       0x58 C:/devkitPro/devkitARM/bin/../lib/gcc/arm-none-eabi/13.2.0/../../../../arm-none-eabi/lib\libg.a(libc_a-strrchr.o)
                0x0201822c                strrchr
 .text.strncasecmp
                0x02018284       0x8c C:/devkitPro/devkitARM/bin/../lib/gcc/arm-none-eabi/13.2.0/../../../../arm-none-eabi/lib\libg.a(libc_a-strncasecmp.o)
                0x02018284                strncasecmp
 .text._strdup_r
                0x02018310       0x44 C:/devkitPro/devkitARM/bin/../lib/gcc/arm-none-eabi/13.2.0/../../../../arm-none-eabi/lib\libg.a(libc_a-strdup_r.o)
                0x02018310                _strdup_r
 .text.ftell    0x02018354       0x30 C:/devkitPro/devkitARM/bin/../lib/gcc/arm-none-eabi/13.2.0/../../../../arm-none-eabi/lib\libg.a(libc_a-ftell.o)
                0x02018354                ftell
 .text.strncmp  0x02018384       0xec C:/devkitPro/devkitARM/bin/../lib/gcc/arm-none-eabi/13.2.0/../../../../arm-none-eabi/lib\libg.a(libc_a-strncmp.o)
                0x02018384                strncmp
 .text._fwalk_sglue
                0x02018470       0x78 C:/devkitPro/devkitARM/bin/../lib/gcc/arm-none-eabi/13.2.0/../../../../arm-none-eabi/lib\libg.a(libc_a-fwalk.o)
                0x02018470                _fwalk_sglue
 .text._fread_r
                0x020184e8      0x33c C:/devkitPro/devkitARM/bin/../lib/gcc/arm-none-eabi/13.2.0/../../../../arm-none-eabi/lib\libg.a(libc_a-fread.o)
                0x020184e8                _fread_r
 .text.fread    0x02018824       0x3c C:/devkitPro/devkitARM/bin/../lib/gcc/arm-none-eabi/13.2.0/../../../../arm-none-eabi/lib\libg.a(libc_a-fread.o)
                0x02018824                fread
 .text.strncpy  0x02018860       0xd0 C:/devkitPro/devkitARM/bin/../lib/gcc/arm-none-eabi/13.2.0/../../../../arm-none-eabi/lib\libg.a(libc_a-strncpy.o)
                0x02018860                strncpy
 .text.stdio_exit_handler
                0x02018930       0x28 C:/devkitPro/devkitARM/bin/../lib/gcc/arm-none-eabi/13.2.0/../../../../arm-none-eabi/lib\libg.a(libc_a-findfp.o)
 .text.cleanup_stdio
                0x02018958       0x54 C:/devkitPro/devkitARM/bin/../lib/gcc/arm-none-eabi/13.2.0/../../../../arm-none-eabi/lib\libg.a(libc_a-findfp.o)
 .text.global_stdio_init.part.0
                0x020189ac      0x158 C:/devkitPro/devkitARM/bin/../lib/gcc/arm-none-eabi/13.2.0/../../../../arm-none-eabi/lib\libg.a(libc_a-findfp.o)
 .text.__sfp    0x02018b04      0x138 C:/devkitPro/devkitARM/bin/../lib/gcc/arm-none-eabi/13.2.0/../../../../arm-none-eabi/lib\libg.a(libc_a-findfp.o)
                0x02018b04                __sfp
 .text.__sinit  0x02018c3c       0x64 C:/devkitPro/devkitARM/bin/../lib/gcc/arm-none-eabi/13.2.0/../../../../arm-none-eabi/lib\libg.a(libc_a-findfp.o)
                0x02018c3c                __sinit
 .text.__sfp_lock_acquire
                0x02018ca0       0x18 C:/devkitPro/devkitARM/bin/../lib/gcc/arm-none-eabi/13.2.0/../../../../arm-none-eabi/lib\libg.a(libc_a-findfp.o)
                0x02018ca0                __sfp_lock_acquire
 .text.__sfp_lock_release
                0x02018cb8       0x18 C:/devkitPro/devkitARM/bin/../lib/gcc/arm-none-eabi/13.2.0/../../../../arm-none-eabi/lib\libg.a(libc_a-findfp.o)
                0x02018cb8                __sfp_lock_release
 .text.localtime_r
                0x02018cd0      0x374 C:/devkitPro/devkitARM/bin/../lib/gcc/arm-none-eabi/13.2.0/../../../../arm-none-eabi/lib\libg.a(libc_a-lcltime_r.o)
                0x02018cd0                localtime_r
 .text.strnlen  0x02019044       0x48 C:/devkitPro/devkitARM/bin/../lib/gcc/arm-none-eabi/13.2.0/../../../../arm-none-eabi/lib\libg.a(libc_a-strnlen.o)
                0x02019044                strnlen
 .text._tzset_unlocked
                0x0201908c       0x14 C:/devkitPro/devkitARM/bin/../lib/gcc/arm-none-eabi/13.2.0/../../../../arm-none-eabi/lib\libg.a(libc_a-tzset.o)
                0x0201908c                _tzset_unlocked
 .text.validate_structure
                0x020190a0      0x2e0 C:/devkitPro/devkitARM/bin/../lib/gcc/arm-none-eabi/13.2.0/../../../../arm-none-eabi/lib\libg.a(libc_a-mktime.o)
 .text.mktime   0x02019380      0x4cc C:/devkitPro/devkitARM/bin/../lib/gcc/arm-none-eabi/13.2.0/../../../../arm-none-eabi/lib\libg.a(libc_a-mktime.o)
                0x02019380                mktime
 .text.access   0x0201984c       0x54 C:/devkitPro/devkitARM/bin/../lib/gcc/arm-none-eabi/13.2.0/../../../../arm-none-eabi/lib\libg.a(libc_a-access.o)
                0x0201984c                access
 .text._fseek_r
                0x020198a0       0x20 C:/devkitPro/devkitARM/bin/../lib/gcc/arm-none-eabi/13.2.0/../../../../arm-none-eabi/lib\libg.a(libc_a-fseek.o)
                0x020198a0                _fseek_r
 .text.fseek    0x020198c0       0x38 C:/devkitPro/devkitARM/bin/../lib/gcc/arm-none-eabi/13.2.0/../../../../arm-none-eabi/lib\libg.a(libc_a-fseek.o)
                0x020198c0                fseek
 .text._tzset_unlocked_r
                0x020198f8      0x688 C:/devkitPro/devkitARM/bin/../lib/gcc/arm-none-eabi/13.2.0/../../../../arm-none-eabi/lib\libg.a(libc_a-tzset_r.o)
                0x020198f8                _tzset_unlocked_r
 .text._strtol_l.part.0
                0x02019f80      0x1b4 C:/devkitPro/devkitARM/bin/../lib/gcc/arm-none-eabi/13.2.0/../../../../arm-none-eabi/lib\libg.a(libc_a-strtol.o)
 .text._strtol_r
                0x0201a134       0x64 C:/devkitPro/devkitARM/bin/../lib/gcc/arm-none-eabi/13.2.0/../../../../arm-none-eabi/lib\libg.a(libc_a-strtol.o)
                0x0201a134                _strtol_r
 .text.realloc  0x0201a198       0x24 C:/devkitPro/devkitARM/bin/../lib/gcc/arm-none-eabi/13.2.0/../../../../arm-none-eabi/lib\libg.a(libc_a-realloc.o)
                0x0201a198                realloc
 .text.__gettzinfo
                0x0201a1bc        0xc C:/devkitPro/devkitARM/bin/../lib/gcc/arm-none-eabi/13.2.0/../../../../arm-none-eabi/lib\libg.a(libc_a-gettzinfo.o)
                0x0201a1bc                __gettzinfo
 .text._strtoul_l.isra.0
                0x0201a1c8      0x1dc C:/devkitPro/devkitARM/bin/../lib/gcc/arm-none-eabi/13.2.0/../../../../arm-none-eabi/lib\libg.a(libc_a-strtoul.o)
 .text._strtoul_r
                0x0201a3a4       0x30 C:/devkitPro/devkitARM/bin/../lib/gcc/arm-none-eabi/13.2.0/../../../../arm-none-eabi/lib\libg.a(libc_a-strtoul.o)
                0x0201a3a4                _strtoul_r
 .text.strtoul  0x0201a3d4       0x34 C:/devkitPro/devkitARM/bin/../lib/gcc/arm-none-eabi/13.2.0/../../../../arm-none-eabi/lib\libg.a(libc_a-strtoul.o)
                0x0201a3d4                strtoul
 .text.__locale_mb_cur_max
                0x0201a408       0x28 C:/devkitPro/devkitARM/bin/../lib/gcc/arm-none-eabi/13.2.0/../../../../arm-none-eabi/lib\libg.a(libc_a-locale.o)
                0x0201a408                __locale_mb_cur_max
 .text.time     0x0201a430       0x50 C:/devkitPro/devkitARM/bin/../lib/gcc/arm-none-eabi/13.2.0/../../../../arm-none-eabi/lib\libg.a(libc_a-time.o)
                0x0201a430                time
 .text._localeconv_r
                0x0201a480       0x28 C:/devkitPro/devkitARM/bin/../lib/gcc/arm-none-eabi/13.2.0/../../../../arm-none-eabi/lib\libg.a(libc_a-localeconv.o)
                0x0201a480                _localeconv_r
 .text.__tzcalc_limits
                0x0201a4a8      0x254 C:/devkitPro/devkitARM/bin/../lib/gcc/arm-none-eabi/13.2.0/../../../../arm-none-eabi/lib\libg.a(libc_a-tzcalc_limits.o)
                0x0201a4a8                __tzcalc_limits
 .text.strcpy   0x0201a6fc       0xf0 C:/devkitPro/devkitARM/bin/../lib/gcc/arm-none-eabi/13.2.0/../../../../arm-none-eabi/lib\libg.a(libc_a-strcpy.o)
                0x0201a6fc                strcpy
 .text.memchr   0x0201a7ec       0xf0 C:/devkitPro/devkitARM/bin/../lib/gcc/arm-none-eabi/13.2.0/../../../../arm-none-eabi/lib\libg.a(libc_a-memchr-stub.o)
                0x0201a7ec                memchr
 .text.__utf8_wctomb
                0x0201a8dc       0xf4 C:/devkitPro/devkitARM/bin/../lib/gcc/arm-none-eabi/13.2.0/../../../../arm-none-eabi/lib\libg.a(libc_a-wctomb_r.o)
                0x0201a8dc                __utf8_wctomb
 .text.memcpy   0x0201a9d0      0x114 C:/devkitPro/devkitARM/bin/../lib/gcc/arm-none-eabi/13.2.0/../../../../arm-none-eabi/lib\libg.a(libc_a-memcpy-stub.o)
                0x0201a9d0                memcpy
 .text.stpcpy   0x0201aae4       0x74 C:/devkitPro/devkitARM/bin/../lib/gcc/arm-none-eabi/13.2.0/../../../../arm-none-eabi/lib\libg.a(libc_a-stpcpy.o)
                0x0201aae4                stpcpy
 .text.__libc_init_array
                0x0201ab58       0x90 C:/devkitPro/devkitARM/bin/../lib/gcc/arm-none-eabi/13.2.0/../../../../arm-none-eabi/lib\libg.a(libc_a-init.o)
                0x0201ab58                __libc_init_array
 .text.__errno  0x0201abe8       0x10 C:/devkitPro/devkitARM/bin/../lib/gcc/arm-none-eabi/13.2.0/../../../../arm-none-eabi/lib\libg.a(libc_a-errno.o)
                0x0201abe8                __errno
 .text.lseek    0x0201abf8       0x3c C:/devkitPro/devkitARM/bin/../lib/gcc/arm-none-eabi/13.2.0/../../../../arm-none-eabi/lib\libg.a(libc_a-syslseek.o)
                0x0201abf8                lseek
 .text.open     0x0201ac34       0x40 C:/devkitPro/devkitARM/bin/../lib/gcc/arm-none-eabi/13.2.0/../../../../arm-none-eabi/lib\libg.a(libc_a-sysopen.o)
                0x0201ac34                open
 .text.read     0x0201ac74       0x2c C:/devkitPro/devkitARM/bin/../lib/gcc/arm-none-eabi/13.2.0/../../../../arm-none-eabi/lib\libg.a(libc_a-sysread.o)
                0x0201ac74                read
 .text.stat     0x0201aca0       0x24 C:/devkitPro/devkitARM/bin/../lib/gcc/arm-none-eabi/13.2.0/../../../../arm-none-eabi/lib\libg.a(libc_a-sysstat.o)
                0x0201aca0                stat
 .text.frexp    0x0201acc4       0xa4 C:/devkitPro/devkitARM/bin/../lib/gcc/arm-none-eabi/13.2.0/../../../../arm-none-eabi/lib\libg.a(libm_a-s_frexp.o)
                0x0201acc4                frexp
 .text._strtoll_l.isra.0
                0x0201ad68      0x23c C:/devkitPro/devkitARM/bin/../lib/gcc/arm-none-eabi/13.2.0/../../../../arm-none-eabi/lib\libg.a(libc_a-strtoll.o)
 .text._strtoll_r
                0x0201afa4       0x30 C:/devkitPro/devkitARM/bin/../lib/gcc/arm-none-eabi/13.2.0/../../../../arm-none-eabi/lib\libg.a(libc_a-strtoll.o)
                0x0201afa4                _strtoll_r
 .text._strtoull_l.isra.0
                0x0201afd4      0x260 C:/devkitPro/devkitARM/bin/../lib/gcc/arm-none-eabi/13.2.0/../../../../arm-none-eabi/lib\libg.a(libc_a-strtoull.o)
 .text._strtoull_r
                0x0201b234       0x30 C:/devkitPro/devkitARM/bin/../lib/gcc/arm-none-eabi/13.2.0/../../../../arm-none-eabi/lib\libg.a(libc_a-strtoull.o)
                0x0201b234                _strtoull_r
 .text.towctrans_l
                0x0201b264      0x244 C:/devkitPro/devkitARM/bin/../lib/gcc/arm-none-eabi/13.2.0/../../../../arm-none-eabi/lib\libg.a(libc_a-towctrans_l.o)
                0x0201b264                towctrans_l
 .text.iswspace
                0x0201b4a8       0x14 C:/devkitPro/devkitARM/bin/../lib/gcc/arm-none-eabi/13.2.0/../../../../arm-none-eabi/lib\libg.a(libc_a-iswspace.o)
                0x0201b4a8                iswspace
 .text.__smakebuf_r
                0x0201b4bc      0x138 C:/devkitPro/devkitARM/bin/../lib/gcc/arm-none-eabi/13.2.0/../../../../arm-none-eabi/lib\libg.a(libc_a-makebuf.o)
                0x0201b4bc                __smakebuf_r
 .text.__swhatbuf_r
                0x0201b5f4       0x80 C:/devkitPro/devkitARM/bin/../lib/gcc/arm-none-eabi/13.2.0/../../../../arm-none-eabi/lib\libg.a(libc_a-makebuf.o)
                0x0201b5f4                __swhatbuf_r
 .text.iswspace_l
                0x0201b674       0x40 C:/devkitPro/devkitARM/bin/../lib/gcc/arm-none-eabi/13.2.0/../../../../arm-none-eabi/lib\libg.a(libc_a-iswspace_l.o)
                0x0201b674                iswspace_l
 .text._mbsnrtowcs_r
                0x0201b6b4      0x104 C:/devkitPro/devkitARM/bin/../lib/gcc/arm-none-eabi/13.2.0/../../../../arm-none-eabi/lib\libg.a(libc_a-mbsnrtowcs.o)
                0x0201b6b4                _mbsnrtowcs_r
 .text._wcsrtombs_r
                0x0201b7b8       0x2c C:/devkitPro/devkitARM/bin/../lib/gcc/arm-none-eabi/13.2.0/../../../../arm-none-eabi/lib\libg.a(libc_a-wcsrtombs.o)
                0x0201b7b8                _wcsrtombs_r
 .text.__sccl   0x0201b7e4       0xe4 C:/devkitPro/devkitARM/bin/../lib/gcc/arm-none-eabi/13.2.0/../../../../arm-none-eabi/lib\libg.a(libc_a-sccl.o)
                0x0201b7e4                __sccl
 .text.lflush   0x0201b8c8       0x3c C:/devkitPro/devkitARM/bin/../lib/gcc/arm-none-eabi/13.2.0/../../../../arm-none-eabi/lib\libg.a(libc_a-refill.o)
 .text.__srefill_r
                0x0201b904      0x19c C:/devkitPro/devkitARM/bin/../lib/gcc/arm-none-eabi/13.2.0/../../../../arm-none-eabi/lib\libg.a(libc_a-refill.o)
                0x0201b904                __srefill_r
 .text.__submore
                0x0201baa0       0xa8 C:/devkitPro/devkitARM/bin/../lib/gcc/arm-none-eabi/13.2.0/../../../../arm-none-eabi/lib\libg.a(libc_a-ungetc.o)
                0x0201baa0                __submore
 .text.__sread  0x0201bb48       0x4c C:/devkitPro/devkitARM/bin/../lib/gcc/arm-none-eabi/13.2.0/../../../../arm-none-eabi/lib\libg.a(libc_a-stdio.o)
                0x0201bb48                __sread
 .text.__seofread
                0x0201bb94        0x8 C:/devkitPro/devkitARM/bin/../lib/gcc/arm-none-eabi/13.2.0/../../../../arm-none-eabi/lib\libg.a(libc_a-stdio.o)
                0x0201bb94                __seofread
 .text.__swrite
                0x0201bb9c       0x6c C:/devkitPro/devkitARM/bin/../lib/gcc/arm-none-eabi/13.2.0/../../../../arm-none-eabi/lib\libg.a(libc_a-stdio.o)
                0x0201bb9c                __swrite
 .text.__sseek  0x0201bc08       0x48 C:/devkitPro/devkitARM/bin/../lib/gcc/arm-none-eabi/13.2.0/../../../../arm-none-eabi/lib\libg.a(libc_a-stdio.o)
                0x0201bc08                __sseek
 .text.__sclose
                0x0201bc50       0x14 C:/devkitPro/devkitARM/bin/../lib/gcc/arm-none-eabi/13.2.0/../../../../arm-none-eabi/lib\libg.a(libc_a-stdio.o)
                0x0201bc50                __sclose
 .text.category
                0x0201bc64       0x98 C:/devkitPro/devkitARM/bin/../lib/gcc/arm-none-eabi/13.2.0/../../../../arm-none-eabi/lib\libg.a(libc_a-categories.o)
                0x0201bc64                category
 .text.get_arg  0x0201bcfc      0x654 C:/devkitPro/devkitARM/bin/../lib/gcc/arm-none-eabi/13.2.0/../../../../arm-none-eabi/lib\libg.a(libc_a-vfiprintf.o)
 .text.__sprint_r
                0x0201c350       0x34 C:/devkitPro/devkitARM/bin/../lib/gcc/arm-none-eabi/13.2.0/../../../../arm-none-eabi/lib\libg.a(libc_a-vfiprintf.o)
                0x0201c350                __sprint_r
 .text._vfiprintf_r
                0x0201c384     0x2334 C:/devkitPro/devkitARM/bin/../lib/gcc/arm-none-eabi/13.2.0/../../../../arm-none-eabi/lib\libg.a(libc_a-vfiprintf.o)
                0x0201c384                _vfiprintf_r
 .text.__sbprintf
                0x0201e6b8       0xbc C:/devkitPro/devkitARM/bin/../lib/gcc/arm-none-eabi/13.2.0/../../../../arm-none-eabi/lib\libg.a(libc_a-vfiprintf.o)
 .text.__ssprint_r
                0x0201e774      0x190 C:/devkitPro/devkitARM/bin/../lib/gcc/arm-none-eabi/13.2.0/../../../../arm-none-eabi/lib\libg.a(libc_a-svfiprintf.o)
                0x0201e774                __ssprint_r
 .text.div      0x0201e904       0x2c C:/devkitPro/devkitARM/bin/../lib/gcc/arm-none-eabi/13.2.0/../../../../arm-none-eabi/lib\libg.a(libc_a-div.o)
                0x0201e904                div
 .text.__swsetup_r
                0x0201e930      0x144 C:/devkitPro/devkitARM/bin/../lib/gcc/arm-none-eabi/13.2.0/../../../../arm-none-eabi/lib\libg.a(libc_a-wsetup.o)
                0x0201e930                __swsetup_r
 .text.quorem   0x0201ea74      0x1d8 C:/devkitPro/devkitARM/bin/../lib/gcc/arm-none-eabi/13.2.0/../../../../arm-none-eabi/lib\libg.a(libc_a-dtoa.o)
 *fill*         0x0201ec4c        0x4 ff
 .text._dtoa_r  0x0201ec50     0x16cc C:/devkitPro/devkitARM/bin/../lib/gcc/arm-none-eabi/13.2.0/../../../../arm-none-eabi/lib\libg.a(libc_a-dtoa.o)
                0x0201ec50                _dtoa_r
 .text._fseeko_r
                0x0202031c      0x5a4 C:/devkitPro/devkitARM/bin/../lib/gcc/arm-none-eabi/13.2.0/../../../../arm-none-eabi/lib\libg.a(libc_a-fseeko.o)
                0x0202031c                _fseeko_r
 .text._findenv_r
                0x020208c0       0xd0 C:/devkitPro/devkitARM/bin/../lib/gcc/arm-none-eabi/13.2.0/../../../../arm-none-eabi/lib\libg.a(libc_a-getenv_r.o)
                0x020208c0                _findenv_r
 .text._getenv_r
                0x02020990       0x1c C:/devkitPro/devkitARM/bin/../lib/gcc/arm-none-eabi/13.2.0/../../../../arm-none-eabi/lib\libg.a(libc_a-getenv_r.o)
                0x02020990                _getenv_r
 .text._ftello_r
                0x020209ac      0x1c0 C:/devkitPro/devkitARM/bin/../lib/gcc/arm-none-eabi/13.2.0/../../../../arm-none-eabi/lib\libg.a(libc_a-ftello.o)
                0x020209ac                _ftello_r
 .text.__sflags
                0x02020b6c       0xbc C:/devkitPro/devkitARM/bin/../lib/gcc/arm-none-eabi/13.2.0/../../../../arm-none-eabi/lib\libg.a(libc_a-flags.o)
                0x02020b6c                __sflags
 .text._Balloc  0x02020c28       0x8c C:/devkitPro/devkitARM/bin/../lib/gcc/arm-none-eabi/13.2.0/../../../../arm-none-eabi/lib\libg.a(libc_a-mprec.o)
                0x02020c28                _Balloc
 .text._Bfree   0x02020cb4       0x1c C:/devkitPro/devkitARM/bin/../lib/gcc/arm-none-eabi/13.2.0/../../../../arm-none-eabi/lib\libg.a(libc_a-mprec.o)
                0x02020cb4                _Bfree
 .text.__multadd
                0x02020cd0      0x100 C:/devkitPro/devkitARM/bin/../lib/gcc/arm-none-eabi/13.2.0/../../../../arm-none-eabi/lib\libg.a(libc_a-mprec.o)
                0x02020cd0                __multadd
 .text.__hi0bits
                0x02020dd0       0x60 C:/devkitPro/devkitARM/bin/../lib/gcc/arm-none-eabi/13.2.0/../../../../arm-none-eabi/lib\libg.a(libc_a-mprec.o)
                0x02020dd0                __hi0bits
 .text.__lo0bits
                0x02020e30       0xa0 C:/devkitPro/devkitARM/bin/../lib/gcc/arm-none-eabi/13.2.0/../../../../arm-none-eabi/lib\libg.a(libc_a-mprec.o)
                0x02020e30                __lo0bits
 .text.__i2b    0x02020ed0       0xac C:/devkitPro/devkitARM/bin/../lib/gcc/arm-none-eabi/13.2.0/../../../../arm-none-eabi/lib\libg.a(libc_a-mprec.o)
                0x02020ed0                __i2b
 .text.__multiply
                0x02020f7c      0x218 C:/devkitPro/devkitARM/bin/../lib/gcc/arm-none-eabi/13.2.0/../../../../arm-none-eabi/lib\libg.a(libc_a-mprec.o)
                0x02020f7c                __multiply
 .text.__pow5mult
                0x02021194      0x12c C:/devkitPro/devkitARM/bin/../lib/gcc/arm-none-eabi/13.2.0/../../../../arm-none-eabi/lib\libg.a(libc_a-mprec.o)
                0x02021194                __pow5mult
 .text.__lshift
                0x020212c0      0x144 C:/devkitPro/devkitARM/bin/../lib/gcc/arm-none-eabi/13.2.0/../../../../arm-none-eabi/lib\libg.a(libc_a-mprec.o)
                0x020212c0                __lshift
 .text.__mcmp   0x02021404       0x54 C:/devkitPro/devkitARM/bin/../lib/gcc/arm-none-eabi/13.2.0/../../../../arm-none-eabi/lib\libg.a(libc_a-mprec.o)
                0x02021404                __mcmp
 .text.__mdiff  0x02021458      0x214 C:/devkitPro/devkitARM/bin/../lib/gcc/arm-none-eabi/13.2.0/../../../../arm-none-eabi/lib\libg.a(libc_a-mprec.o)
                0x02021458                __mdiff
 .text.__d2b    0x0202166c      0x128 C:/devkitPro/devkitARM/bin/../lib/gcc/arm-none-eabi/13.2.0/../../../../arm-none-eabi/lib\libg.a(libc_a-mprec.o)
                0x0202166c                __d2b
 .text.__sfvwrite_r
                0x02021794      0x4c8 C:/devkitPro/devkitARM/bin/../lib/gcc/arm-none-eabi/13.2.0/../../../../arm-none-eabi/lib\libg.a(libc_a-fvwrite.o)
                0x02021794                __sfvwrite_r
 .text.gmtime_r
                0x02021c5c      0x26c C:/devkitPro/devkitARM/bin/../lib/gcc/arm-none-eabi/13.2.0/../../../../arm-none-eabi/lib\libg.a(libc_a-gmtime_r.o)
                0x02021c5c                gmtime_r
 .text._realloc_r
                0x02021ec8      0x4b8 C:/devkitPro/devkitARM/bin/../lib/gcc/arm-none-eabi/13.2.0/../../../../arm-none-eabi/lib\libg.a(libc_a-reallocr.o)
                0x02021ec8                _realloc_r
 .text.__tz_lock
                0x02022380       0x18 C:/devkitPro/devkitARM/bin/../lib/gcc/arm-none-eabi/13.2.0/../../../../arm-none-eabi/lib\libg.a(libc_a-tzlock.o)
                0x02022380                __tz_lock
 .text.__tz_unlock
                0x02022398       0x18 C:/devkitPro/devkitARM/bin/../lib/gcc/arm-none-eabi/13.2.0/../../../../arm-none-eabi/lib\libg.a(libc_a-tzlock.o)
                0x02022398                __tz_unlock
 .text.__utf8_mbtowc
                0x020223b0      0x308 C:/devkitPro/devkitARM/bin/../lib/gcc/arm-none-eabi/13.2.0/../../../../arm-none-eabi/lib\libg.a(libc_a-mbtowc_r.o)
                0x020223b0                __utf8_mbtowc
 .text._wcsnrtombs_l
                0x020226b8      0x198 C:/devkitPro/devkitARM/bin/../lib/gcc/arm-none-eabi/13.2.0/../../../../arm-none-eabi/lib\libg.a(libc_a-wcsnrtombs.o)
                0x020226b8                _wcsnrtombs_l
 .text._wcsnrtombs_r
                0x02022850       0x68 C:/devkitPro/devkitARM/bin/../lib/gcc/arm-none-eabi/13.2.0/../../../../arm-none-eabi/lib\libg.a(libc_a-wcsnrtombs.o)
                0x02022850                _wcsnrtombs_r
 .text.__env_lock
                0x020228b8       0x18 C:/devkitPro/devkitARM/bin/../lib/gcc/arm-none-eabi/13.2.0/../../../../arm-none-eabi/lib\libg.a(libc_a-envlock.o)
                0x020228b8                __env_lock
 .text.__env_unlock
                0x020228d0       0x18 C:/devkitPro/devkitARM/bin/../lib/gcc/arm-none-eabi/13.2.0/../../../../arm-none-eabi/lib\libg.a(libc_a-envlock.o)
                0x020228d0                __env_unlock
 .text.__assert_func
                0x020228e8       0x5c C:/devkitPro/devkitARM/bin/../lib/gcc/arm-none-eabi/13.2.0/../../../../arm-none-eabi/lib\libg.a(libc_a-assert.o)
                0x020228e8                __assert_func
 .text.fiprintf
                0x02022944       0x3c C:/devkitPro/devkitARM/bin/../lib/gcc/arm-none-eabi/13.2.0/../../../../arm-none-eabi/lib\libg.a(libc_a-fiprintf.o)
                0x02022944                fiprintf
 .text.abort    0x02022980       0x14 C:/devkitPro/devkitARM/bin/../lib/gcc/arm-none-eabi/13.2.0/../../../../arm-none-eabi/lib\libg.a(libc_a-abort.o)
                0x02022980                abort
 .text._raise_r
                0x02022994       0x94 C:/devkitPro/devkitARM/bin/../lib/gcc/arm-none-eabi/13.2.0/../../../../arm-none-eabi/lib\libg.a(libc_a-signal.o)
                0x02022994                _raise_r
 .text.raise    0x02022a28       0x18 C:/devkitPro/devkitARM/bin/../lib/gcc/arm-none-eabi/13.2.0/../../../../arm-none-eabi/lib\libg.a(libc_a-signal.o)
                0x02022a28                raise
 .text._exit    0x02022a40       0x20 C:/devkitPro/devkitARM/bin/../lib/gcc/arm-none-eabi/13.2.0/../../../../arm-none-eabi/lib\libsysbase.a(libsysbase_libsysbase_a-_exit.o)
                0x02022a40                _exit
 .text.build_argv
                0x02022a60       0x90 C:/devkitPro/devkitARM/bin/../lib/gcc/arm-none-eabi/13.2.0/../../../../arm-none-eabi/lib\libsysbase.a(libsysbase_libsysbase_a-build_argv.o)
                0x02022a60                build_argv
 .text.chdir    0x02022af0      0x144 C:/devkitPro/devkitARM/bin/../lib/gcc/arm-none-eabi/13.2.0/../../../../arm-none-eabi/lib\libsysbase.a(libsysbase_libsysbase_a-chdir.o)
                0x02022af0                chdir
 .text.getcwd   0x02022c34       0x8c C:/devkitPro/devkitARM/bin/../lib/gcc/arm-none-eabi/13.2.0/../../../../arm-none-eabi/lib\libsysbase.a(libsysbase_libsysbase_a-chdir.o)
                0x02022c34                getcwd
 .text._concatenate_path
                0x02022cc0      0x1d4 C:/devkitPro/devkitARM/bin/../lib/gcc/arm-none-eabi/13.2.0/../../../../arm-none-eabi/lib\libsysbase.a(libsysbase_libsysbase_a-concatenate.o)
                0x02022cc0                _concatenate_path
 .text._fstat_r
                0x02022e94       0x7c C:/devkitPro/devkitARM/bin/../lib/gcc/arm-none-eabi/13.2.0/../../../../arm-none-eabi/lib\libsysbase.a(libsysbase_libsysbase_a-fstat.o)
                0x02022e94                _fstat_r
 .text._getpid_r
                0x02022f10       0x14 C:/devkitPro/devkitARM/bin/../lib/gcc/arm-none-eabi/13.2.0/../../../../arm-none-eabi/lib\libsysbase.a(libsysbase_libsysbase_a-getpid.o)
                0x02022f10                _getpid_r
 .text.__getreent
                0x02022f24       0x30 C:/devkitPro/devkitARM/bin/../lib/gcc/arm-none-eabi/13.2.0/../../../../arm-none-eabi/lib\libsysbase.a(libsysbase_libsysbase_a-getreent.o)
                0x02022f24                __getreent
 .text._gettimeofday_r
                0x02022f54       0x34 C:/devkitPro/devkitARM/bin/../lib/gcc/arm-none-eabi/13.2.0/../../../../arm-none-eabi/lib\libsysbase.a(libsysbase_libsysbase_a-gettod.o)
                0x02022f54                _gettimeofday_r
 .text.__release_handle
                0x02022f88       0x90 C:/devkitPro/devkitARM/bin/../lib/gcc/arm-none-eabi/13.2.0/../../../../arm-none-eabi/lib\libsysbase.a(libsysbase_libsysbase_a-handle_manager.o)
                0x02022f88                __release_handle
 .text.__alloc_handle
                0x02023018       0xb4 C:/devkitPro/devkitARM/bin/../lib/gcc/arm-none-eabi/13.2.0/../../../../arm-none-eabi/lib\libsysbase.a(libsysbase_libsysbase_a-handle_manager.o)
                0x02023018                __alloc_handle
 .text.__get_handle
                0x020230cc       0x40 C:/devkitPro/devkitARM/bin/../lib/gcc/arm-none-eabi/13.2.0/../../../../arm-none-eabi/lib\libsysbase.a(libsysbase_libsysbase_a-handle_manager.o)
                0x020230cc                __get_handle
 .text._close_r
                0x0202310c       0xfc C:/devkitPro/devkitARM/bin/../lib/gcc/arm-none-eabi/13.2.0/../../../../arm-none-eabi/lib\libsysbase.a(libsysbase_libsysbase_a-handle_manager.o)
                0x0202310c                _close_r
 .text.null_write
                0x02023208        0x8 C:/devkitPro/devkitARM/bin/../lib/gcc/arm-none-eabi/13.2.0/../../../../arm-none-eabi/lib\libsysbase.a(libsysbase_libsysbase_a-iosupport.o)
 .text.setDefaultDevice
                0x02023210       0x18 C:/devkitPro/devkitARM/bin/../lib/gcc/arm-none-eabi/13.2.0/../../../../arm-none-eabi/lib\libsysbase.a(libsysbase_libsysbase_a-iosupport.o)
                0x02023210                setDefaultDevice
 .text.FindDevice
                0x02023228       0xd4 C:/devkitPro/devkitARM/bin/../lib/gcc/arm-none-eabi/13.2.0/../../../../arm-none-eabi/lib\libsysbase.a(libsysbase_libsysbase_a-iosupport.o)
                0x02023228                FindDevice
 .text.AddDevice
                0x020232fc       0xa4 C:/devkitPro/devkitARM/bin/../lib/gcc/arm-none-eabi/13.2.0/../../../../arm-none-eabi/lib\libsysbase.a(libsysbase_libsysbase_a-iosupport.o)
                0x020232fc                AddDevice
 .text.GetDeviceOpTab
                0x020233a0       0x24 C:/devkitPro/devkitARM/bin/../lib/gcc/arm-none-eabi/13.2.0/../../../../arm-none-eabi/lib\libsysbase.a(libsysbase_libsysbase_a-iosupport.o)
                0x020233a0                GetDeviceOpTab
 .text._isatty_r
                0x020233c4        0x8 C:/devkitPro/devkitARM/bin/../lib/gcc/arm-none-eabi/13.2.0/../../../../arm-none-eabi/lib\libsysbase.a(libsysbase_libsysbase_a-isatty.o)
                0x020233c4                _isatty_r
 .text._kill_r  0x020233cc       0x14 C:/devkitPro/devkitARM/bin/../lib/gcc/arm-none-eabi/13.2.0/../../../../arm-none-eabi/lib\libsysbase.a(libsysbase_libsysbase_a-kill.o)
                0x020233cc                _kill_r
 .text._lseek_r
                0x020233e0       0x88 C:/devkitPro/devkitARM/bin/../lib/gcc/arm-none-eabi/13.2.0/../../../../arm-none-eabi/lib\libsysbase.a(libsysbase_libsysbase_a-lseek.o)
                0x020233e0                _lseek_r
 .text._open_r  0x02023468       0xc4 C:/devkitPro/devkitARM/bin/../lib/gcc/arm-none-eabi/13.2.0/../../../../arm-none-eabi/lib\libsysbase.a(libsysbase_libsysbase_a-open.o)
                0x02023468                _open_r
 .text._read_r  0x0202352c       0x84 C:/devkitPro/devkitARM/bin/../lib/gcc/arm-none-eabi/13.2.0/../../../../arm-none-eabi/lib\libsysbase.a(libsysbase_libsysbase_a-read.o)
                0x0202352c                _read_r
 .text._sbrk_r  0x020235b0       0x7c C:/devkitPro/devkitARM/bin/../lib/gcc/arm-none-eabi/13.2.0/../../../../arm-none-eabi/lib\libsysbase.a(libsysbase_libsysbase_a-sbrk.o)
                0x020235b0                _sbrk_r
 .text._stat_r  0x0202362c       0x74 C:/devkitPro/devkitARM/bin/../lib/gcc/arm-none-eabi/13.2.0/../../../../arm-none-eabi/lib\libsysbase.a(libsysbase_libsysbase_a-stat.o)
                0x0202362c                _stat_r
 .text.__libc_lock_acquire
                0x020236a0       0x20 C:/devkitPro/devkitARM/bin/../lib/gcc/arm-none-eabi/13.2.0/../../../../arm-none-eabi/lib\libsysbase.a(libsysbase_libsysbase_a-syscall_support.o)
                0x020236a0                __libc_lock_acquire
 .text.__libc_lock_release
                0x020236c0       0x20 C:/devkitPro/devkitARM/bin/../lib/gcc/arm-none-eabi/13.2.0/../../../../arm-none-eabi/lib\libsysbase.a(libsysbase_libsysbase_a-syscall_support.o)
                0x020236c0                __libc_lock_release
 .text.__libc_lock_acquire_recursive
                0x020236e0       0x20 C:/devkitPro/devkitARM/bin/../lib/gcc/arm-none-eabi/13.2.0/../../../../arm-none-eabi/lib\libsysbase.a(libsysbase_libsysbase_a-syscall_support.o)
                0x020236e0                __libc_lock_acquire_recursive
 .text.__libc_lock_release_recursive
                0x02023700       0x20 C:/devkitPro/devkitARM/bin/../lib/gcc/arm-none-eabi/13.2.0/../../../../arm-none-eabi/lib\libsysbase.a(libsysbase_libsysbase_a-syscall_support.o)
                0x02023700                __libc_lock_release_recursive
 .text._write_r
                0x02023720       0x84 C:/devkitPro/devkitARM/bin/../lib/gcc/arm-none-eabi/13.2.0/../../../../arm-none-eabi/lib\libsysbase.a(libsysbase_libsysbase_a-write.o)
                0x02023720                _write_r
 *fill*         0x020237a4        0x4 ff
 .text._write_r.__stub
                0x020237a8      0x2d8 linker stubs
 *(EXCLUDE_FILE(*.twl*) .gnu.warning)
 *(EXCLUDE_FILE(*.twl*) .gnu.linkonce.t*)
 *(.glue_7)
 .glue_7        0x02023ac8        0x0 linker stubs
 *(.glue_7t)
 .glue_7t       0x02023ac8        0x0 linker stubs
                0x02023ac8                        . = ALIGN (0x4)

.vfp11_veneer   0x02023ac8        0x0
 .vfp11_veneer  0x02023ac8        0x0 linker stubs

.v4_bx          0x02023ac8        0x0
 .v4_bx         0x02023ac8        0x0 linker stubs

.iplt           0x02023ac8        0x0
 .iplt          0x02023ac8        0x0 C:/devkitPro/devkitARM/bin/../lib/gcc/arm-none-eabi/13.2.0/../../../../arm-none-eabi/lib/ds_arm9_crt0.o

.fini           0x02023ac8       0x18
 *(.fini)
 .fini          0x02023ac8        0xc C:/devkitPro/devkitARM/bin/../lib/gcc/arm-none-eabi/13.2.0/crti.o
                0x02023ac8                _fini
 .fini          0x02023ad4        0xc C:/devkitPro/devkitARM/bin/../lib/gcc/arm-none-eabi/13.2.0/crtn.o
                0x02023ae0                        __text_end = .

.rodata         0x02023ae0     0x6898
 *(EXCLUDE_FILE(*.twl*) .rodata)
 .rodata        0x02023ae0       0x50 C:/devkitPro/nflib/lib\libnflib.a(nf_basic.o)
 .rodata        0x02023b30       0x90 C:/devkitPro/nflib/lib\libnflib.a(nf_sprite256.o)
 *all.rodata*(*)
 *(EXCLUDE_FILE(*.twl*) .roda)
 *(EXCLUDE_FILE(*.twl*) .rodata.*)
 .rodata.str1.4
                0x02023bc0      0x9a4 game.o
                                 0x59 (size before relaxing)
 .rodata.str1.4
                0x02024564       0x27 C:/devkitPro/nflib/lib\libnflib.a(nf_2d.o)
 .rodata.str1.4
                0x02024564      0x667 C:/devkitPro/nflib/lib\libnflib.a(nf_basic.o)
 .rodata.str1.4
                0x02024564       0x87 C:/devkitPro/nflib/lib\libnflib.a(nf_sprite256.o)
 .rodata.str1.4
                0x02024564       0x70 C:/devkitPro/nflib/lib\libnflib.a(nf_tiledbg.o)
 .rodata.nitroFSInit.str1.4
                0x02024564        0x8 C:/devkitPro/libnds/lib\libfilesystem.a(nitrofs.o)
 .rodata.str1.4
                0x02024564        0xe C:/devkitPro/libnds/lib\libfilesystem.a(nitrofs.o)
 .rodata.fatMount.part.0.str1.4
                0x02024564        0x2 C:/devkitPro/libnds/lib\libfat.a(libfat.o)
 .rodata.fatInit.str1.4
                0x02024564        0x3 C:/devkitPro/libnds/lib\libfat.a(libfat.o)
 .rodata.str1.4
                0x02024564        0x4 C:/devkitPro/libnds/lib\libfat.a(libfat.o)
 .rodata.dotab_fat
                0x02024564       0x70 C:/devkitPro/libnds/lib\libfat.a(libfat.o)
 .rodata.str1.4
                0x020245d4        0x8 C:/devkitPro/libnds/lib\libfat.a(disc.o)
 .rodata._FAT_disc_interfaces
                0x020245d4       0x18 C:/devkitPro/libnds/lib\libfat.a(disc.o)
                0x020245d4                _FAT_disc_interfaces
 .rodata._FAT_directory_entryFromPath.str1.4
                0x020245ec        0x7 C:/devkitPro/libnds/lib\libfat.a(directory.o)
 .rodata.ILLEGAL_ALIAS_CHARACTERS
                0x020245ec       0x12 C:/devkitPro/libnds/lib\libfat.a(directory.o)
 *fill*         0x020245fe        0x2 ff
 .rodata.ILLEGAL_LFN_CHARACTERS
                0x02024600        0xa C:/devkitPro/libnds/lib\libfat.a(directory.o)
 *fill*         0x0202460a        0x2 ff
 .rodata.LFN_offset_table
                0x0202460c       0x34 C:/devkitPro/libnds/lib\libfat.a(directory.o)
 .rodata.FAT_SIG
                0x02024640        0x3 C:/devkitPro/libnds/lib\libfat.a(partition.o)
 *fill*         0x02024643        0x1 ff
 .rodata.FS_TWL_SIG
                0x02024644        0x8 C:/devkitPro/libnds/lib\libfat.a(partition.o)
 .rodata.con_write.str1.4
                0x0202464c       0x30 C:/devkitPro/libnds/lib\libnds9.a(console.o)
 .rodata.con_write
                0x0202464c       0xd4 C:/devkitPro/libnds/lib\libnds9.a(console.o)
 .rodata.str1.4
                0x02024720       0x14 C:/devkitPro/libnds/lib\libnds9.a(console.o)
 .rodata.dotab_stdout
                0x02024720       0x70 C:/devkitPro/libnds/lib\libnds9.a(console.o)
 .rodata.default_font_bin
                0x02024790     0x2000 C:/devkitPro/libnds/lib\libnds9.a(default_font.bin.o)
                0x02024790                default_font_bin
                0x02026790                default_font_bin_end
 .rodata.SIN_LUT
                0x02026790      0x102 C:/devkitPro/libnds/lib\libnds9.a(trig.o)
                0x02026790                SIN_LUT
 .rodata._mbrtowc_r.str1.4
                0x02026892        0x1 C:/devkitPro/devkitARM/bin/../lib/gcc/arm-none-eabi/13.2.0/../../../../arm-none-eabi/lib\libg.a(libc_a-mbrtowc.o)
 *fill*         0x02026892        0x2 ff
 .rodata._ctype_
                0x02026894      0x101 C:/devkitPro/devkitARM/bin/../lib/gcc/arm-none-eabi/13.2.0/../../../../arm-none-eabi/lib\libg.a(libc_a-ctype_.o)
                0x02026894                _ctype_
 *fill*         0x02026995        0x3 ff
 .rodata.basefix.0
                0x02026998       0x22 C:/devkitPro/devkitARM/bin/../lib/gcc/arm-none-eabi/13.2.0/../../../../arm-none-eabi/lib\libg.a(libc_a-svfiscanf.o)
 .rodata._svfprintf_r.str1.1
                0x020269ba       0x3b C:/devkitPro/devkitARM/bin/../lib/gcc/arm-none-eabi/13.2.0/../../../../arm-none-eabi/lib\libg.a(libc_a-svfprintf.o)
 *fill*         0x020269f5        0x3 ff
 .rodata.zeroes.0
                0x020269f8       0x10 C:/devkitPro/devkitARM/bin/../lib/gcc/arm-none-eabi/13.2.0/../../../../arm-none-eabi/lib\libg.a(libc_a-svfprintf.o)
 .rodata.blanks.1
                0x02026a08       0x10 C:/devkitPro/devkitARM/bin/../lib/gcc/arm-none-eabi/13.2.0/../../../../arm-none-eabi/lib\libg.a(libc_a-svfprintf.o)
 .rodata._DAYS_BEFORE_MONTH
                0x02026a18       0x30 C:/devkitPro/devkitARM/bin/../lib/gcc/arm-none-eabi/13.2.0/../../../../arm-none-eabi/lib\libg.a(libc_a-mktime.o)
 .rodata.DAYS_IN_MONTH
                0x02026a48       0x30 C:/devkitPro/devkitARM/bin/../lib/gcc/arm-none-eabi/13.2.0/../../../../arm-none-eabi/lib\libg.a(libc_a-mktime.o)
 .rodata._tzset_unlocked_r.str1.4
                0x02026a78       0x6b C:/devkitPro/devkitARM/bin/../lib/gcc/arm-none-eabi/13.2.0/../../../../arm-none-eabi/lib\libg.a(libc_a-tzset_r.o)
 .rodata.__month_lengths
                0x02026a78       0x60 C:/devkitPro/devkitARM/bin/../lib/gcc/arm-none-eabi/13.2.0/../../../../arm-none-eabi/lib\libg.a(libc_a-month_lengths.o)
                0x02026a78                __month_lengths
 .rodata.str1.4
                0x02026ad8        0x4 C:/devkitPro/devkitARM/bin/../lib/gcc/arm-none-eabi/13.2.0/../../../../arm-none-eabi/lib\libg.a(libc_a-tzvars.o)
 .rodata.str1.4
                0x02026ad8       0x4c C:/devkitPro/devkitARM/bin/../lib/gcc/arm-none-eabi/13.2.0/../../../../arm-none-eabi/lib\libg.a(libc_a-locale.o)
 .rodata.categories
                0x02026ad8     0x3528 C:/devkitPro/devkitARM/bin/../lib/gcc/arm-none-eabi/13.2.0/../../../../arm-none-eabi/lib\libg.a(libc_a-categories.o)
 .rodata._vfiprintf_r.str1.1
                0x0202a000       0x29 C:/devkitPro/devkitARM/bin/../lib/gcc/arm-none-eabi/13.2.0/../../../../arm-none-eabi/lib\libg.a(libc_a-vfiprintf.o)
 .rodata.zeroes.0
                0x0202a000       0x10 C:/devkitPro/devkitARM/bin/../lib/gcc/arm-none-eabi/13.2.0/../../../../arm-none-eabi/lib\libg.a(libc_a-vfiprintf.o)
 .rodata.blanks.1
                0x0202a010       0x10 C:/devkitPro/devkitARM/bin/../lib/gcc/arm-none-eabi/13.2.0/../../../../arm-none-eabi/lib\libg.a(libc_a-vfiprintf.o)
 .rodata.__action_table
                0x0202a020       0x6c C:/devkitPro/devkitARM/bin/../lib/gcc/arm-none-eabi/13.2.0/../../../../arm-none-eabi/lib\libg.a(libc_a-svfiprintf.o)
                0x0202a020                __action_table
 .rodata.__state_table
                0x0202a08c       0x6c C:/devkitPro/devkitARM/bin/../lib/gcc/arm-none-eabi/13.2.0/../../../../arm-none-eabi/lib\libg.a(libc_a-svfiprintf.o)
                0x0202a08c                __state_table
 .rodata.__chclass
                0x0202a0f8      0x100 C:/devkitPro/devkitARM/bin/../lib/gcc/arm-none-eabi/13.2.0/../../../../arm-none-eabi/lib\libg.a(libc_a-svfiprintf.o)
                0x0202a0f8                __chclass
 .rodata._dtoa_r.str1.4
                0x0202a1f8       0x64 C:/devkitPro/devkitARM/bin/../lib/gcc/arm-none-eabi/13.2.0/../../../../arm-none-eabi/lib\libg.a(libc_a-dtoa.o)
 .rodata.__multadd.str1.4
                0x0202a1f8       0x51 C:/devkitPro/devkitARM/bin/../lib/gcc/arm-none-eabi/13.2.0/../../../../arm-none-eabi/lib\libg.a(libc_a-mprec.o)
 .rodata.p05.0  0x0202a1f8        0xc C:/devkitPro/devkitARM/bin/../lib/gcc/arm-none-eabi/13.2.0/../../../../arm-none-eabi/lib\libg.a(libc_a-mprec.o)
 *fill*         0x0202a204        0x4 ff
 .rodata.__mprec_bigtens
                0x0202a208       0x28 C:/devkitPro/devkitARM/bin/../lib/gcc/arm-none-eabi/13.2.0/../../../../arm-none-eabi/lib\libg.a(libc_a-mprec.o)
                0x0202a208                __mprec_bigtens
 .rodata.__mprec_tens
                0x0202a230       0xc8 C:/devkitPro/devkitARM/bin/../lib/gcc/arm-none-eabi/13.2.0/../../../../arm-none-eabi/lib\libg.a(libc_a-mprec.o)
                0x0202a230                __mprec_tens
 .rodata.__assert_func.str1.4
                0x0202a2f8       0x43 C:/devkitPro/devkitARM/bin/../lib/gcc/arm-none-eabi/13.2.0/../../../../arm-none-eabi/lib\libg.a(libc_a-assert.o)
 .rodata.AddDevice.str1.4
                0x0202a2f8        0x8 C:/devkitPro/devkitARM/bin/../lib/gcc/arm-none-eabi/13.2.0/../../../../arm-none-eabi/lib\libsysbase.a(libsysbase_libsysbase_a-iosupport.o)
 .rodata.dotab_stdnull
                0x0202a2f8       0x80 C:/devkitPro/devkitARM/bin/../lib/gcc/arm-none-eabi/13.2.0/../../../../arm-none-eabi/lib\libsysbase.a(libsysbase_libsysbase_a-iosupport.o)
                0x0202a2f8                dotab_stdnull
 *(EXCLUDE_FILE(*.twl*) .gnu.linkonce.r*)
                0x0202a378                        . = ALIGN (0x4)

.ARM.extab
 *(.ARM.extab* .gnu.linkonce.armextab.*)
                0x0202a378                        __exidx_start = .

ARM.exidx
 *(.ARM.exidx* .gnu.linkonce.armexidx.*)
                0x0202a378                        __exidx_end = .
                0x0202a378                        . = ALIGN (0x4)
                0x0202a378                        PROVIDE (__preinit_array_start = .)

.preinit_array
 *(.preinit_array)
                0x0202a378                        PROVIDE (__preinit_array_end = .)
                0x0202a378                        PROVIDE (__init_array_start = .)

.init_array     0x0202a378        0x4
 *(SORT_BY_NAME(.init_array.*))
 *(.init_array)
 .init_array    0x0202a378        0x4 C:/devkitPro/devkitARM/bin/../lib/gcc/arm-none-eabi/13.2.0/crtbegin.o
                0x0202a37c                        PROVIDE (__init_array_end = .)
                [!provide]                        PROVIDE (__fini_array_start = .)

.fini_array     0x0202a37c        0x4
 *(.fini_array)
 .fini_array    0x0202a37c        0x4 C:/devkitPro/devkitARM/bin/../lib/gcc/arm-none-eabi/13.2.0/crtbegin.o
 *(SORT_BY_NAME(.fini_array.*))
                [!provide]                        PROVIDE (__fini_array_end = .)

.ctors          0x0202a380        0x0
 *crtbegin.o(.ctors)
 *(EXCLUDE_FILE(*crtend.o) .ctors)
 *(SORT_BY_NAME(.ctors.*))
 *(.ctors)
                0x0202a380                        . = ALIGN (0x4)

.dtors          0x0202a380        0x0
 *crtbegin.o(.dtors)
 *(EXCLUDE_FILE(*crtend.o) .dtors)
 *(SORT_BY_NAME(.dtors.*))
 *(.dtors)
                0x0202a380                        . = ALIGN (0x4)

.eh_frame       0x0202a380        0x4
 *(.eh_frame)
 .eh_frame      0x0202a380        0x0 C:/devkitPro/devkitARM/bin/../lib/gcc/arm-none-eabi/13.2.0/crtbegin.o
 .eh_frame      0x0202a380        0x4 C:/devkitPro/devkitARM/bin/../lib/gcc/arm-none-eabi/13.2.0/crtend.o
                0x0202a384                        . = ALIGN (0x4)

.gcc_except_table
                0x0202a384        0x0
 *(.gcc_except_table)
                0x0202a384                        . = ALIGN (0x4)

.jcr
 *(.jcr)

.got
 *(.got.plt)
 *(.got)
 *(.rel.got)

.ewram          0x0202a384        0x0
                0x0202a384                        __ewram_start = ABSOLUTE (.)
 *(.ewram)
 *ewram.*(.text)
                0x0202a384                        . = ALIGN (0x4)

.data           0x0202a384     0x2524
                0x0202a384                        __data_start = ABSOLUTE (.)
 *(EXCLUDE_FILE(*.twl*) .data)
 .data          0x0202a384       0x28 C:/devkitPro/libnds/lib\libnds9.a(mpu_setup.o)
 *(EXCLUDE_FILE(*.twl*) .data.*)
 .data.ndsFileFD
                0x0202a3ac        0x4 C:/devkitPro/libnds/lib\libfilesystem.a(nitrofs.o)
 .data.nitroFSdevoptab
                0x0202a3b0       0x70 C:/devkitPro/libnds/lib\libfilesystem.a(nitrofs.o)
                0x0202a3b0                nitroFSdevoptab
 .data.syspaths
                0x0202a420        0x8 C:/devkitPro/libnds/lib\libfilesystem.a(nitrofs.o)
                0x0202a420                syspaths
 .data.currentConsole
                0x0202a428        0x4 C:/devkitPro/libnds/lib\libnds9.a(console.o)
                0x0202a428                currentConsole
 .data.defaultConsole
                0x0202a42c       0x5c C:/devkitPro/libnds/lib\libnds9.a(console.o)
                0x0202a42c                defaultConsole
 .data.firstConsoleInit.0
                0x0202a488        0x1 C:/devkitPro/libnds/lib\libnds9.a(console.o)
 *fill*         0x0202a489        0x3 ff
 .data.oamMain  0x0202a48c       0x18 C:/devkitPro/libnds/lib\libnds9.a(sprite.o)
                0x0202a48c                oamMain
 .data.oamSub   0x0202a4a4       0x18 C:/devkitPro/libnds/lib\libnds9.a(sprite.o)
                0x0202a4a4                oamSub
 .data.count    0x0202a4bc        0x1 C:/devkitPro/libnds/lib\libnds9.a(keys.o)
 .data.delay    0x0202a4bd        0x1 C:/devkitPro/libnds/lib\libnds9.a(keys.o)
 .data.repeat   0x0202a4be        0x1 C:/devkitPro/libnds/lib\libnds9.a(keys.o)
 *fill*         0x0202a4bf        0x1 ff
 .data.fifo_buffer_free
                0x0202a4c0        0x4 C:/devkitPro/libnds/lib\libnds9.a(fifosystem.o)
                0x0202a4c0                fifo_buffer_free
 .data.fifo_freewords
                0x0202a4c4        0x4 C:/devkitPro/libnds/lib\libnds9.a(fifosystem.o)
                0x0202a4c4                fifo_freewords
 .data.fifo_receive_queue
                0x0202a4c8        0x4 C:/devkitPro/libnds/lib\libnds9.a(fifosystem.o)
                0x0202a4c8                fifo_receive_queue
 .data.fifo_send_queue
                0x0202a4cc        0x4 C:/devkitPro/libnds/lib\libnds9.a(fifosystem.o)
                0x0202a4cc                fifo_send_queue
 .data.bgControl
                0x0202a4d0       0x20 C:/devkitPro/libnds/lib\libnds9.a(background.o)
                0x0202a4d0                bgControl
 .data.bgScrollTable
                0x0202a4f0       0x20 C:/devkitPro/libnds/lib\libnds9.a(background.o)
                0x0202a4f0                bgScrollTable
 .data.bgTransform
                0x0202a510       0x20 C:/devkitPro/libnds/lib\libnds9.a(background.o)
                0x0202a510                bgTransform
 .data.__malloc_sbrk_base
                0x0202a530        0x4 C:/devkitPro/devkitARM/bin/../lib/gcc/arm-none-eabi/13.2.0/../../../../arm-none-eabi/lib\libg.a(libc_a-mallocr.o)
                0x0202a530                __malloc_sbrk_base
 .data.__malloc_trim_threshold
                0x0202a534        0x4 C:/devkitPro/devkitARM/bin/../lib/gcc/arm-none-eabi/13.2.0/../../../../arm-none-eabi/lib\libg.a(libc_a-mallocr.o)
                0x0202a534                __malloc_trim_threshold
 .data.__malloc_av_
                0x0202a538      0x408 C:/devkitPro/devkitARM/bin/../lib/gcc/arm-none-eabi/13.2.0/../../../../arm-none-eabi/lib\libg.a(libc_a-mallocr.o)
                0x0202a538                __malloc_av_
 .data.__sglue  0x0202a940        0xc C:/devkitPro/devkitARM/bin/../lib/gcc/arm-none-eabi/13.2.0/../../../../arm-none-eabi/lib\libg.a(libc_a-findfp.o)
                0x0202a940                __sglue
 .data._tzname  0x0202a94c        0x8 C:/devkitPro/devkitARM/bin/../lib/gcc/arm-none-eabi/13.2.0/../../../../arm-none-eabi/lib\libg.a(libc_a-tzvars.o)
                0x0202a94c                _tzname
 *fill*         0x0202a954        0x4 ff
 .data.tzinfo   0x0202a958       0x58 C:/devkitPro/devkitARM/bin/../lib/gcc/arm-none-eabi/13.2.0/../../../../arm-none-eabi/lib\libg.a(libc_a-gettzinfo.o)
 .data.__global_locale
                0x0202a9b0      0x16c C:/devkitPro/devkitARM/bin/../lib/gcc/arm-none-eabi/13.2.0/../../../../arm-none-eabi/lib\libg.a(libc_a-locale.o)
                0x0202a9b0                __global_locale
 .data._impure_ptr
                0x0202ab1c        0x4 C:/devkitPro/devkitARM/bin/../lib/gcc/arm-none-eabi/13.2.0/../../../../arm-none-eabi/lib\libg.a(libc_a-impure.o)
                0x0202ab1c                _impure_ptr
 .data._impure_data
                0x0202ab20      0x120 C:/devkitPro/devkitARM/bin/../lib/gcc/arm-none-eabi/13.2.0/../../../../arm-none-eabi/lib\libg.a(libc_a-impure.o)
                0x0202ab20                _impure_data
 .data.caseconv_table
                0x0202ac40      0x7b0 C:/devkitPro/devkitARM/bin/../lib/gcc/arm-none-eabi/13.2.0/../../../../arm-none-eabi/lib\libg.a(libc_a-towctrans_l.o)
 .data.environ  0x0202b3f0        0x4 C:/devkitPro/devkitARM/bin/../lib/gcc/arm-none-eabi/13.2.0/../../../../arm-none-eabi/lib\libg.a(libc_a-environ.o)
                0x0202b3f0                environ
 .data._current_working_directory
                0x0202b3f4      0x400 C:/devkitPro/devkitARM/bin/../lib/gcc/arm-none-eabi/13.2.0/../../../../arm-none-eabi/lib\libsysbase.a(libsysbase_libsysbase_a-chdir.o)
 .data.handles  0x0202b7f4     0x1000 C:/devkitPro/devkitARM/bin/../lib/gcc/arm-none-eabi/13.2.0/../../../../arm-none-eabi/lib\libsysbase.a(libsysbase_libsysbase_a-handle_manager.o)
 .data.__stderr_handle
                0x0202c7f4        0xc C:/devkitPro/devkitARM/bin/../lib/gcc/arm-none-eabi/13.2.0/../../../../arm-none-eabi/lib\libsysbase.a(libsysbase_libsysbase_a-handle_manager.o)
 .data.__stdout_handle
                0x0202c800        0xc C:/devkitPro/devkitARM/bin/../lib/gcc/arm-none-eabi/13.2.0/../../../../arm-none-eabi/lib\libsysbase.a(libsysbase_libsysbase_a-handle_manager.o)
 .data.__stdin_handle
                0x0202c80c        0xc C:/devkitPro/devkitARM/bin/../lib/gcc/arm-none-eabi/13.2.0/../../../../arm-none-eabi/lib\libsysbase.a(libsysbase_libsysbase_a-handle_manager.o)
 .data.devoptab_list
                0x0202c818       0x8c C:/devkitPro/devkitARM/bin/../lib/gcc/arm-none-eabi/13.2.0/../../../../arm-none-eabi/lib\libsysbase.a(libsysbase_libsysbase_a-iosupport.o)
                0x0202c818                devoptab_list
 .data.defaultDevice
                0x0202c8a4        0x4 C:/devkitPro/devkitARM/bin/../lib/gcc/arm-none-eabi/13.2.0/../../../../arm-none-eabi/lib\libsysbase.a(libsysbase_libsysbase_a-iosupport.o)
 *(EXCLUDE_FILE(*.twl*) .gnu.linkonce.d*)
                0x0202c8a8                        . = ALIGN (0x4)
                0x0202c8a8                        __data_end = ABSOLUTE (.)
                0x0202c8a8                        __bss_vma = .

.igot.plt       0x0202c8a8        0x0
 .igot.plt      0x0202c8a8        0x0 C:/devkitPro/devkitARM/bin/../lib/gcc/arm-none-eabi/13.2.0/../../../../arm-none-eabi/lib/ds_arm9_crt0.o

.dtcm           0x02ff0000        0x0 load address 0x0202c8a8