Archive member included to satisfy reference by file (symbol)

C:/devkitPro/nflib/lib\libnflib.a(nf_2d.o)
                              game.o (NF_Set2D)
C:/devkitPro/nflib/lib\libnflib.a(nf_basic.o)
                              C:/devkitPro/nflib/lib\libnflib.a(nf_2d.o) (NF_Error)
C:/devkitPro/nflib/lib\libnflib.a(nf_sprite256.o)
                              game.o (NF_InitSpriteBuffers)
C:/devkitPro/nflib/lib\libnflib.a(nf_text.o)
                              game.o (NF_InitTextSys)
C:/devkitPro/nflib/lib\libnflib.a(nf_tiledbg.o)
                              game.o (NF_InitTiledBgBuffers)
C:/devkitPro/libnds/lib\libfilesystem.a(nitrofs.o)
                              game.o (nitroFSInit)
C:/devkitPro/libnds/lib\libfat.a(libfat.o)
                              C:/devkitPro/libnds/lib\libfilesystem.a(nitrofs.o) (fatInitDefault)
C:/devkitPro/libnds/lib\libfat.a(disc.o)
                              C:/devkitPro/libnds/lib\libfat.a(libfat.o) (_FAT_disc_interfaces)
C:/devkitPro/libnds/lib\libfat.a(fatfile.o)
                              C:/devkitPro/libnds/lib\libfat.a(libfat.o) (_FAT_open_r)
C:/devkitPro/libnds/lib\libfat.a(cache.o)
                              C:/devkitPro/libnds/lib\libfat.a(fatfile.o) (_FAT_cache_readSectors)
C:/devkitPro/libnds/lib\libfat.a(fatdir.o)
                              C:/devkitPro/libnds/lib\libfat.a(libfat.o) (_FAT_stat_r)
C:/devkitPro/libnds/lib\libfat.a(directory.o)
                              C:/devkitPro/libnds/lib\libfat.a(fatfile.o) (_FAT_directory_entryGetCluster)
C:/devkitPro/libnds/lib\libfat.a(partition.o)
                              C:/devkitPro/libnds/lib\libfat.a(libfat.o) (_FAT_partition_destructor)
C:/devkitPro/libnds/lib\libfat.a(lock.o)
                              C:/devkitPro/libnds/lib\libfat.a(partition.o) (_FAT_lock_init)
C:/devkitPro/libnds/lib\libfat.a(filetime.o)
                              C:/devkitPro/libnds/lib\libfat.a(fatfile.o) (_FAT_filetime_getTimeFromRTC)
C:/devkitPro/libnds/lib\libfat.a(file_allocation_table.o)
                              C:/devkitPro/libnds/lib\libfat.a(fatfile.o) (_FAT_fat_nextCluster)
C:/devkitPro/libnds/lib\libnds9.a(video.o)
                              C:/devkitPro/nflib/lib\libnflib.a(nf_basic.o) (setBrightness)
C:/devkitPro/libnds/lib\libnds9.a(console.o)
                              C:/devkitPro/nflib/lib\libnflib.a(nf_basic.o) (consoleDemoInit)
C:/devkitPro/libnds/lib\libnds9.a(sprite.o)
                              C:/devkitPro/nflib/lib\libnflib.a(nf_sprite256.o) (oamInit)
C:/devkitPro/libnds/lib\libnds9.a(keys.o)
                              game.o (scanKeys)
C:/devkitPro/libnds/lib\libnds9.a(dldi.o)
                              C:/devkitPro/libnds/lib\libfat.a(disc.o) (dldiGetInternal)
C:/devkitPro/libnds/lib\libnds9.a(initSystem.o)
                              C:/devkitPro/devkitARM/bin/../lib/gcc/arm-none-eabi/13.2.0/../../../../arm-none-eabi/lib/ds_arm9_crt0.o (initSystem)
C:/devkitPro/libnds/lib\libnds9.a(securearea.o)
                              C:/devkitPro/devkitARM/bin/../lib/gcc/arm-none-eabi/13.2.0/../../../../arm-none-eabi/lib/ds_arm9_crt0.o (__secure_area__)
C:/devkitPro/libnds/lib\libnds9.a(interrupts.o)
                              C:/devkitPro/libnds/lib\libnds9.a(initSystem.o) (irqInit)
C:/devkitPro/libnds/lib\libnds9.a(libnds_exit.arm.o)
                              C:/devkitPro/devkitARM/bin/../lib/gcc/arm-none-eabi/13.2.0/../../../../arm-none-eabi/lib/ds_arm9_crt0.o (__libnds_exit)
C:/devkitPro/libnds/lib\libnds9.a(card.o)
                              C:/devkitPro/libnds/lib\libfilesystem.a(nitrofs.o) (cardParamCommand)
C:/devkitPro/libnds/lib\libnds9.a(fifosystem.o)
                              C:/devkitPro/libnds/lib\libnds9.a(initSystem.o) (fifoSetValue32Handler)
C:/devkitPro/libnds/lib\libnds9.a(dcache.o)
                              C:/devkitPro/nflib/lib\libnflib.a(nf_basic.o) (DC_FlushRange)
C:/devkitPro/libnds/lib\libnds9.a(dldi_stub.o)
                              C:/devkitPro/libnds/lib\libnds9.a(dldi.o) (_io_dldi_stub)
C:/devkitPro/libnds/lib\libnds9.a(mpu_setup.o)
                              C:/devkitPro/devkitARM/bin/../lib/gcc/arm-none-eabi/13.2.0/../../../../arm-none-eabi/lib/ds_arm9_crt0.o (__libnds_mpu_setup)
C:/devkitPro/libnds/lib\libnds9.a(IntrWait.o)
                              main.o (swiWaitForVBlank)
C:/devkitPro/libnds/lib\libnds9.a(cpu_clock.o)
                              C:/devkitPro/libnds/lib\libnds9.a(initSystem.o) (setCpuClock)
C:/devkitPro/libnds/lib\libnds9.a(interruptDispatcher.o)
                              C:/devkitPro/libnds/lib\libnds9.a(interrupts.o) (IntrMain)
C:/devkitPro/libnds/lib\libnds9.a(biosCalls.o)
                              C:/devkitPro/libnds/lib\libnds9.a(card.o) (swiDelay)
C:/devkitPro/libnds/lib\libnds9.a(debugprint.o)
                              C:/devkitPro/libnds/lib\libnds9.a(console.o) (nocashWrite)
C:/devkitPro/libnds/lib\libnds9.a(swiSoftReset.o)
[...]
Memory Configuration

Name             Origin             Length             Attributes
ewram            0x02000000         0x00380000
dtcm             0x02ff0000         0x00004000
vectors          0x01000000         0x00000100
itcm             0x01000100         0x00007f00
*default*        0x00000000         0xffffffff

Linker script and memory map

                0x02380000                        __ewram_end = (ORIGIN (ewram) + LENGTH (ewram))
                0x02380000                        __eheap_end = (ORIGIN (ewram) + LENGTH (ewram))
                0x02ff4000                        __dtcm_top = (ORIGIN (dtcm) + LENGTH (dtcm))
                0x02ff3ff8                        __irq_flags = (__dtcm_top - 0x8)
                0x02ff3ffc                        __irq_vector = (__dtcm_top - 0x4)
                0x02ff3f00                        __sp_svc = (__dtcm_top - 0x100)
                0x02ff3e00                        __sp_irq = (__sp_svc - 0x100)
                0x02ff3d00                        __sp_usr = (__sp_irq - 0x100)

.secure         0x02000000      0x800
 *(.secure)
 .secure        0x02000000      0x800 C:/devkitPro/libnds/lib\libnds9.a(securearea.o)
                0x02000000                __secure_area__

.crt0           0x02000800      0x300
                0x02000800                        __text_start = .
 *(.crt0)
 .crt0          0x02000800      0x300 C:/devkitPro/devkitARM/bin/../lib/gcc/arm-none-eabi/13.2.0/../../../../arm-none-eabi/lib/ds_arm9_crt0.o
                0x02000800                _start
                0x02000b00                        . = ALIGN (0x4)

.plt
 *(.plt)

.init           0x02000b00       0x18
 *(SORT_NONE(.init))
 .init          0x02000b00        0xc C:/devkitPro/devkitARM/bin/../lib/gcc/arm-none-eabi/13.2.0/crti.o
                0x02000b00                _init
 .init          0x02000b0c        0xc C:/devkitPro/devkitARM/bin/../lib/gcc/arm-none-eabi/13.2.0/crtn.o

.text           0x02000b40    0x23a88
 *(EXCLUDE_FILE(*.twl* *.vectors* *.itcm*) .text)
 .text          0x02000b40      0x654 game.o
                0x02000b40                Game::Game()
                0x02000b40                Game::Game()
                0x02000b9c                Game::Init()
                0x02000c00                Game::Tick()
                0x02000c10                Game::Menu_Start(int)
                0x02000d44                Game::Menu_Main(int)
                0x020010fc                Game::Update()
                0x02001170                Game::Menu_Settings(int)
                0x02001174                Game::Menu_Play(int)
                0x02001178                Game::Menu_Shop(int)
                0x0200117c                Game::Action_Battle(int)
                0x02001180                Game::Action_MeleeBattle(int)
                0x02001184                Game::Minigame_AimCannon(int)
                0x02001188                Game::Minigame_SteerShip(int)
                0x0200118c                Game::Minigame_RepairWood(int)
                0x02001190                Game::Minigame_ChangeSails(int)
 .text          0x02001194       0xb4 player.o
                0x02001194                Player::Player()
                0x02001194                Player::Player()
                0x020011c0                Player::HandleInput(int)
                0x02001240                Player::TranslatePlayer(int, int)
                0x02001244                Player::UpdatePlayer()
 .text          0x02001248      0x65c C:/devkitPro/nflib/lib\libnflib.a(nf_2d.o)
                0x02001248                NF_Set2D
                0x020012ac                NF_ShowBg
                0x02001320                NF_HideBg
                0x020013bc                NF_ScrollBg
                0x020016b8                NF_SpriteFrame
                0x02001770                NF_EnableSpriteRotScale
                0x020017dc                NF_DisableSpriteRotScale
                0x02001838                NF_SpriteRotScale
 .text          0x020018a4      0x588 C:/devkitPro/nflib/lib\libnflib.a(nf_basic.o)
                0x020018a4                NF_Error
                0x02001b50                NF_SetRootFolder
                0x02001d2c                NF_DmaMemCopy
                0x02001db0                NF_FileLoad
 .text          0x02001e2c      0xf88 C:/devkitPro/nflib/lib\libnflib.a(nf_sprite256.o)
                0x02001e2c                NF_InitSpriteBuffers
                0x02001e88                NF_ResetSpriteBuffers
                0x02001ebc                NF_InitSpriteSys
                0x020020cc                NF_LoadSpriteGfx
                0x02002164                NF_UnloadSpriteGfx
                0x020021c8                NF_LoadSpritePal
                0x02002248                NF_UnloadSpritePal
                0x020022a4                NF_VramSpriteGfx
                0x02002548                NF_VramSpriteGfxDefrag
                0x02002764                NF_FreeSpriteGfx
                0x02002840                NF_VramSpritePal
                0x020028f0                NF_CreateSprite
                0x02002abc                NF_DeleteSprite
                0x02002b3c                NF_SpriteOamSet
                0x02002c00                NF_SpriteSetPalColor
                0x02002c80                NF_SpriteEditPalColor
                0x02002cd4                NF_SpriteUpdatePalette
                0x02002d5c                NF_SpriteGetPalColor
 .text          0x02002db4      0x6c0 C:/devkitPro/nflib/lib\libnflib.a(nf_text.o)
                0x02002db4                NF_InitTextSys
                0x02002de8                NF_LoadTextFont
                0x02002fb8                NF_UnloadTextFont
                0x02002fc0                NF_CreateTextLayer
                0x0200304c                NF_DeleteTextLayer
                0x02003084                NF_WriteText
                0x02003354                NF_UpdateTextLayers
                0x020033a0                NF_ClearTextLayer
                0x020033ec                NF_DefineTextColor
 .text          0x02003474     0x1510 C:/devkitPro/nflib/lib\libnflib.a(nf_tiledbg.o)
                0x02003474                NF_InitTiledBgBuffers
                0x02003508                NF_ResetTiledBgBuffers
                0x02003564                NF_InitTiledBgSys
                0x0200367c                NF_LoadTiledBg
                0x02003828                NF_LoadTilesForBg
                0x020039fc                NF_UnloadTiledBg
                0x02003a98                NF_DeleteTiledBg
                0x02003c30                NF_CreateTiledBg
                0x0200419c                NF_GetTileMapAddress
                0x02004224                NF_GetTileOfMap
                0x02004260                NF_SetTileOfMap
                0x020042a0                NF_UpdateVramMap
                0x02004398                NF_BgSetPalColor
                0x0200442c                NF_BgEditPalColor
                0x02004498                NF_BgUpdatePalette
                0x0200453c                NF_BgGetPalColor
                0x020045ac                NF_GetTilePal
                0x020045e0                NF_SetTilePal
                0x02004620                NF_LoadExBgPal
                0x02004680                NF_UnloadExBgPal
                0x020046c4                NF_VramExBgPal
                0x02004750                NF_SetExBgPal
                0x02004810                NF_SetTileHflip
                0x02004848                NF_SetTileVflip
                0x02004880                NF_RotateTileGfx
 *fill*         0x02004984       0x3c ff
 .text          0x020049c0     0x4000 C:/devkitPro/libnds/lib\libnds9.a(dldi_stub.o)
                0x020049c0                _io_dldi_stub
 .text          0x020089c0      0x114 C:/devkitPro/devkitARM/bin/../lib/gcc/arm-none-eabi/13.2.0\libgcc.a(_udivsi3.o)
                0x020089c0                __aeabi_uidiv
                0x020089c0                __udivsi3
                0x02008ab4                __aeabi_uidivmod
 .text          0x02008ad4      0x148 C:/devkitPro/devkitARM/bin/../lib/gcc/arm-none-eabi/13.2.0\libgcc.a(_divsi3.o)
                0x02008ad4                __divsi3
                0x02008ad4                __aeabi_idiv
                0x02008bfc                __aeabi_idivmod
 .text          0x02008c1c        0x4 C:/devkitPro/devkitARM/bin/../lib/gcc/arm-none-eabi/13.2.0\libgcc.a(_dvmd_tls.o)
                0x02008c1c                __aeabi_idiv0
                0x02008c1c                __aeabi_ldiv0
 .text          0x02008c20       0xd4 C:/devkitPro/devkitARM/bin/../lib/gcc/arm-none-eabi/13.2.0\libgcc.a(_aeabi_ldivmod.o)
                0x02008c20                __aeabi_ldivmod
 .text          0x02008cf4       0x28 C:/devkitPro/devkitARM/bin/../lib/gcc/arm-none-eabi/13.2.0\libgcc.a(_clzdi2.o)
                0x02008cf4                __clzdi2
 .text          0x02008d1c       0x48 C:/devkitPro/devkitARM/bin/../lib/gcc/arm-none-eabi/13.2.0\libgcc.a(_clzsi2.o)
                0x02008d1c                __clzsi2
 .text          0x02008d64      0x224 C:/devkitPro/devkitARM/bin/../lib/gcc/arm-none-eabi/13.2.0/../../../../arm-none-eabi/lib\libg.a(libc_a-strcmp.o)
                0x02008d64                strcmp
 .text          0x02008f88      0x424 C:/devkitPro/devkitARM/bin/../lib/gcc/arm-none-eabi/13.2.0\libgcc.a(_arm_addsubdf3.o)
                0x02008f88                __aeabi_drsub
                0x02008f90                __aeabi_dsub
                0x02008f90                __subdf3
                0x02008f94                __aeabi_dadd
                0x02008f94                __adddf3
                0x020092a4                __floatunsidf
                0x020092a4                __aeabi_ui2d
                0x020092c8                __floatsidf
                0x020092c8                __aeabi_i2d
                0x020092f0                __aeabi_f2d
                0x020092f0                __extendsfdf2
                0x02009338                __floatundidf
                0x02009338                __aeabi_ul2d
                0x0200934c                __floatdidf
                0x0200934c                __aeabi_l2d
 .text          0x020093ac      0x49c C:/devkitPro/devkitARM/bin/../lib/gcc/arm-none-eabi/13.2.0\libgcc.a(_arm_muldivdf3.o)
                0x020093ac                __aeabi_dmul
                0x020093ac                __muldf3
                0x0200963c                __divdf3
                0x0200963c                __aeabi_ddiv
 .text          0x02009848      0x144 C:/devkitPro/devkitARM/bin/../lib/gcc/arm-none-eabi/13.2.0\libgcc.a(_arm_cmpdf2.o)
                0x02009848                __gtdf2
                0x02009848                __gedf2
                0x02009850                __ltdf2
                0x02009850                __ledf2
                0x02009858                __nedf2
                0x02009858                __eqdf2
                0x02009858                __cmpdf2
                0x020098e0                __aeabi_cdrcmple
                0x020098fc                __aeabi_cdcmpeq
                0x020098fc                __aeabi_cdcmple
                0x02009914                __aeabi_dcmpeq
                0x0200992c                __aeabi_dcmplt
                0x02009944                __aeabi_dcmple
                0x0200995c                __aeabi_dcmpge
                0x02009974                __aeabi_dcmpgt
 .text          0x0200998c       0x38 C:/devkitPro/devkitARM/bin/../lib/gcc/arm-none-eabi/13.2.0\libgcc.a(_arm_unorddf2.o)
                0x0200998c                __unorddf2
                0x0200998c                __aeabi_dcmpun
 .text          0x020099c4       0x5c C:/devkitPro/devkitARM/bin/../lib/gcc/arm-none-eabi/13.2.0\libgcc.a(_arm_fixdfsi.o)
                0x020099c4                __aeabi_d2iz
                0x020099c4                __fixdfsi
 .text          0x02009a20       0x3c C:/devkitPro/devkitARM/bin/../lib/gcc/arm-none-eabi/13.2.0\libgcc.a(_aeabi_uldivmod.o)
                0x02009a20                __aeabi_uldivmod
 *(EXCLUDE_FILE(*.twl* *.vectors* *.itcm*) .stub)
 *(EXCLUDE_FILE(*.twl* *.vectors* *.itcm*) .text.*)
 .text.__do_global_dtors_aux
                0x02009a5c       0x40 C:/devkitPro/devkitARM/bin/../lib/gcc/arm-none-eabi/13.2.0/crtbegin.o
 .text.frame_dummy
                0x02009a9c       0x30 C:/devkitPro/devkitARM/bin/../lib/gcc/arm-none-eabi/13.2.0/crtbegin.o
 .text.startup  0x02009acc       0x38 main.o
                0x02009acc                main
 .text.nitroFSDirClose
                0x02009b04        0x4 C:/devkitPro/libnds/lib\libfilesystem.a(nitrofs.o)
 .text.nitroFSSeek
                0x02009b08       0x78 C:/devkitPro/libnds/lib\libfilesystem.a(nitrofs.o)
 .text.nitroFSFstat
                0x02009b80       0x10 C:/devkitPro/libnds/lib\libfilesystem.a(nitrofs.o)
 .text.nitroSubReadBlock
                0x02009b90       0x54 C:/devkitPro/libnds/lib\libfilesystem.a(nitrofs.o)
 .text.nitroSubReadCard
                0x02009be4       0xb0 C:/devkitPro/libnds/lib\libfilesystem.a(nitrofs.o)
 .text.nitroFSClose
                0x02009c94        0x4 C:/devkitPro/libnds/lib\libfilesystem.a(nitrofs.o)
 .text.nitroDirReset
                0x02009c98       0x9c C:/devkitPro/libnds/lib\libfilesystem.a(nitrofs.o)
 .text.nitroFSRead
                0x02009d34       0xbc C:/devkitPro/libnds/lib\libfilesystem.a(nitrofs.o)
 .text.nitroFSDirNext
                0x02009df0      0x30c C:/devkitPro/libnds/lib\libfilesystem.a(nitrofs.o)
 .text.nitroFSDirOpen
                0x0200a0fc       0xe0 C:/devkitPro/libnds/lib\libfilesystem.a(nitrofs.o)
 .text.nitroFSChdir
                0x0200a1dc       0x30 C:/devkitPro/libnds/lib\libfilesystem.a(nitrofs.o)
 .text.nitroFSOpen
                0x0200a20c       0xc4 C:/devkitPro/libnds/lib\libfilesystem.a(nitrofs.o)
 .text.nitroFSstat
                0x0200a2d0       0x68 C:/devkitPro/libnds/lib\libfilesystem.a(nitrofs.o)
 .text.nitroFSInit
                0x0200a338      0x12c C:/devkitPro/libnds/lib\libfilesystem.a(nitrofs.o)
                0x0200a338                nitroFSInit
 .text.fatMount.part.0
                0x0200a464       0xa0 C:/devkitPro/libnds/lib\libfat.a(libfat.o)
 .text.fatMount
                0x0200a504       0x3c C:/devkitPro/libnds/lib\libfat.a(libfat.o)
                0x0200a504                fatMount
 .text.fatInit  0x0200a540      0x130 C:/devkitPro/libnds/lib\libfat.a(libfat.o)
                0x0200a540                fatInit
 .text.fatInitDefault
                0x0200a670        0xc C:/devkitPro/libnds/lib\libfat.a(libfat.o)
                0x0200a670                fatInitDefault
 .text._FAT_check_position_for_next_cluster.part.0
                0x0200a67c       0x68 C:/devkitPro/libnds/lib\libfat.a(fatfile.o)
 .text._FAT_syncToDisc.part.0
                0x0200a6e4       0xd4 C:/devkitPro/libnds/lib\libfat.a(fatfile.o)
 .text._FAT_file_extend_r
                0x0200a7b8      0x208 C:/devkitPro/libnds/lib\libfat.a(fatfile.o)
 .text._FAT_open_r
                0x0200a9c0      0x2d4 C:/devkitPro/libnds/lib\libfat.a(fatfile.o)
                0x0200a9c0                _FAT_open_r
 .text._FAT_close_r
                0x0200ac94       0x74 C:/devkitPro/libnds/lib\libfat.a(fatfile.o)
                0x0200ac94                _FAT_close_r
 .text._FAT_read_r
                0x0200ad08      0x398 C:/devkitPro/libnds/lib\libfat.a(fatfile.o)
                0x0200ad08                _FAT_read_r
 .text._FAT_write_r
                0x0200b0a0      0x53c C:/devkitPro/libnds/lib\libfat.a(fatfile.o)
                0x0200b0a0                _FAT_write_r
 .text._FAT_seek_r
                0x0200b5dc      0x194 C:/devkitPro/libnds/lib\libfat.a(fatfile.o)
                0x0200b5dc                _FAT_seek_r
 .text._FAT_fstat_r
                0x0200b770       0x8c C:/devkitPro/libnds/lib\libfat.a(fatfile.o)
                0x0200b770                _FAT_fstat_r
 .text._FAT_ftruncate_r
                0x0200b7fc      0x16c C:/devkitPro/libnds/lib\libfat.a(fatfile.o)
                0x0200b7fc                _FAT_ftruncate_r
 .text._FAT_fsync_r
                0x0200b968       0x44 C:/devkitPro/libnds/lib\libfat.a(fatfile.o)
                0x0200b968                _FAT_fsync_r
 .text._FAT_cache_getPage
                0x0200b9ac       0xf0 C:/devkitPro/libnds/lib\libfat.a(cache.o)
 .text._FAT_cache_constructor
                0x0200ba9c       0x90 C:/devkitPro/libnds/lib\libfat.a(cache.o)
                0x0200ba9c                _FAT_cache_constructor
 .text._FAT_cache_readSectors
                0x0200bb2c       0x60 C:/devkitPro/libnds/lib\libfat.a(cache.o)
                0x0200bb2c                _FAT_cache_readSectors
 .text._FAT_cache_readPartialSector
                0x0200bb8c       0x3c C:/devkitPro/libnds/lib\libfat.a(cache.o)
                0x0200bb8c                _FAT_cache_readPartialSector
 .text._FAT_cache_readLittleEndianValue
                0x0200bbc8       0x70 C:/devkitPro/libnds/lib\libfat.a(cache.o)
                0x0200bbc8                _FAT_cache_readLittleEndianValue
 .text._FAT_cache_writePartialSector
                0x0200bc38       0x4c C:/devkitPro/libnds/lib\libfat.a(cache.o)
                0x0200bc38                _FAT_cache_writePartialSector
 .text._FAT_cache_writeLittleEndianValue
                0x0200bc84       0x8c C:/devkitPro/libnds/lib\libfat.a(cache.o)
                0x0200bc84                _FAT_cache_writeLittleEndianValue
 .text._FAT_cache_eraseWritePartialSector
                0x0200bd10       0x60 C:/devkitPro/libnds/lib\libfat.a(cache.o)
                0x0200bd10                _FAT_cache_eraseWritePartialSector
 .text._FAT_cache_writeSectors
                0x0200bd70       0x80 C:/devkitPro/libnds/lib\libfat.a(cache.o)
                0x0200bd70                _FAT_cache_writeSectors
 .text._FAT_cache_flush
                0x0200bdf0       0x40 C:/devkitPro/libnds/lib\libfat.a(cache.o)
                0x0200bdf0                _FAT_cache_flush
 .text._FAT_stat_r
                0x0200be30       0x90 C:/devkitPro/libnds/lib\libfat.a(fatdir.o)
                0x0200be30                _FAT_stat_r
 .text._FAT_link_r
                0x0200bec0        0xc C:/devkitPro/libnds/lib\libfat.a(fatdir.o)
                0x0200bec0                _FAT_link_r
 .text._FAT_unlink_r
                0x0200becc      0x184 C:/devkitPro/libnds/lib\libfat.a(fatdir.o)
                0x0200becc                _FAT_unlink_r
 .text._FAT_chdir_r
                0x0200c050       0x70 C:/devkitPro/libnds/lib\libfat.a(fatdir.o)
                0x0200c050                _FAT_chdir_r
 .text._FAT_rename_r
                0x0200c0c0      0x1c4 C:/devkitPro/libnds/lib\libfat.a(fatdir.o)
                0x0200c0c0                _FAT_rename_r
 .text._FAT_mkdir_r
                0x0200c284      0x244 C:/devkitPro/libnds/lib\libfat.a(fatdir.o)
                0x0200c284                _FAT_mkdir_r
 .text._FAT_statvfs_r
                0x0200c4c8       0x78 C:/devkitPro/libnds/lib\libfat.a(fatdir.o)
                0x0200c4c8                _FAT_statvfs_r
 .text._FAT_diropen_r
                0x0200c540       0xb0 C:/devkitPro/libnds/lib\libfat.a(fatdir.o)
                0x0200c540                _FAT_diropen_r
 .text._FAT_dirreset_r
                0x0200c5f0       0x4c C:/devkitPro/libnds/lib\libfat.a(fatdir.o)
                0x0200c5f0                _FAT_dirreset_r
 .text._FAT_dirnext_r
                0x0200c63c       0x7c C:/devkitPro/libnds/lib\libfat.a(fatdir.o)
                0x0200c63c                _FAT_dirnext_r
 .text._FAT_dirclose_r
                0x0200c6b8       0x20 C:/devkitPro/libnds/lib\libfat.a(fatdir.o)
                0x0200c6b8                _FAT_dirclose_r
 .text._FAT_directory_entryGetAlias
                0x0200c6d8       0xc8 C:/devkitPro/libnds/lib\libfat.a(directory.o)
 .text._FAT_directory_incrementDirEntryPosition
                0x0200c7a0       0x80 C:/devkitPro/libnds/lib\libfat.a(directory.o)
 .text._FAT_directory_mbsncasecmp
                0x0200c820       0xa8 C:/devkitPro/libnds/lib\libfat.a(directory.o)
 .text._FAT_directory_ucs2tombs.constprop.0
                0x0200c8c8       0x90 C:/devkitPro/libnds/lib\libfat.a(directory.o)
 .text._FAT_directory_entryGetCluster
                0x0200c958       0x20 C:/devkitPro/libnds/lib\libfat.a(directory.o)
                0x0200c958                _FAT_directory_entryGetCluster
 .text._FAT_directory_getNextEntry
                0x0200c978      0x23c C:/devkitPro/libnds/lib\libfat.a(directory.o)
                0x0200c978                _FAT_directory_getNextEntry
 .text._FAT_directory_entryExists
                0x0200cbb4       0x80 C:/devkitPro/libnds/lib\libfat.a(directory.o)
 .text._FAT_directory_getFirstEntry
                0x0200cc34       0x20 C:/devkitPro/libnds/lib\libfat.a(directory.o)
                0x0200cc34                _FAT_directory_getFirstEntry
 .text._FAT_directory_getRootEntry
                0x0200cc54       0x60 C:/devkitPro/libnds/lib\libfat.a(directory.o)
                0x0200cc54                _FAT_directory_getRootEntry
 .text._FAT_directory_entryFromPosition
                0x0200ccb4      0x150 C:/devkitPro/libnds/lib\libfat.a(directory.o)
                0x0200ccb4                _FAT_directory_entryFromPosition
 .text._FAT_directory_entryFromPath
                0x0200ce04      0x248 C:/devkitPro/libnds/lib\libfat.a(directory.o)
                0x0200ce04                _FAT_directory_entryFromPath
 .text._FAT_directory_removeEntry
                0x0200d04c       0xd8 C:/devkitPro/libnds/lib\libfat.a(directory.o)
                0x0200d04c                _FAT_directory_removeEntry
 .text._FAT_directory_addEntry
                0x0200d124      0x808 C:/devkitPro/libnds/lib\libfat.a(directory.o)
                0x0200d124                _FAT_directory_addEntry
 .text._FAT_directory_chdir
                0x0200d92c       0x3c C:/devkitPro/libnds/lib\libfat.a(directory.o)
                0x0200d92c                _FAT_directory_chdir
 .text._FAT_directory_entryStat
                0x0200d968       0xe4 C:/devkitPro/libnds/lib\libfat.a(directory.o)
                0x0200d968                _FAT_directory_entryStat
 .text.isValidMBR
                0x0200da4c       0x5c C:/devkitPro/libnds/lib\libfat.a(partition.o)
 .text._FAT_updateFS_INFO
                0x0200daa8       0x54 C:/devkitPro/libnds/lib\libfat.a(partition.o)
 .text.FindFirstValidPartition_buf.part.0
                0x0200dafc      0x11c C:/devkitPro/libnds/lib\libfat.a(partition.o)
 .text._FAT_partition_getPartitionFromPath
                0x0200dc18       0x10 C:/devkitPro/libnds/lib\libfat.a(partition.o)
                0x0200dc18                _FAT_partition_getPartitionFromPath
 .text._FAT_partition_createFSinfo
                0x0200dc28       0x50 C:/devkitPro/libnds/lib\libfat.a(partition.o)
                0x0200dc28                _FAT_partition_createFSinfo
 .text._FAT_partition_readFSinfo.part.0
                0x0200dc78       0x74 C:/devkitPro/libnds/lib\libfat.a(partition.o)
 .text._FAT_partition_constructor_buf
                0x0200dcec      0x2e8 C:/devkitPro/libnds/lib\libfat.a(partition.o)
                0x0200dcec                _FAT_partition_constructor_buf
 .text._FAT_partition_constructor
                0x0200dfd4       0x40 C:/devkitPro/libnds/lib\libfat.a(partition.o)
                0x0200dfd4                _FAT_partition_constructor
 .text._FAT_partition_readFSinfo
                0x0200e014       0x10 C:/devkitPro/libnds/lib\libfat.a(partition.o)
                0x0200e014                _FAT_partition_readFSinfo
 .text._FAT_lock_init
                0x0200e024        0x4 C:/devkitPro/libnds/lib\libfat.a(lock.o)
                0x0200e024                _FAT_lock_init
 .text._FAT_lock
                0x0200e028        0x4 C:/devkitPro/libnds/lib\libfat.a(lock.o)
                0x0200e028                _FAT_lock
 .text._FAT_unlock
                0x0200e02c        0x4 C:/devkitPro/libnds/lib\libfat.a(lock.o)
                0x0200e02c                _FAT_unlock
 .text._FAT_filetime_getTimeFromRTC
                0x0200e030       0x44 C:/devkitPro/libnds/lib\libfat.a(filetime.o)
                0x0200e030                _FAT_filetime_getTimeFromRTC
 .text._FAT_filetime_getDateFromRTC
                0x0200e074       0x44 C:/devkitPro/libnds/lib\libfat.a(filetime.o)
                0x0200e074                _FAT_filetime_getDateFromRTC
 .text._FAT_filetime_to_time_t
                0x0200e0b8       0x38 C:/devkitPro/libnds/lib\libfat.a(filetime.o)
                0x0200e0b8                _FAT_filetime_to_time_t
 .text._FAT_fat_writeFatEntry.part.0.isra.0
                0x0200e0f0      0x12c C:/devkitPro/libnds/lib\libfat.a(file_allocation_table.o)
 .text._FAT_fat_nextCluster
                0x0200e21c      0x108 C:/devkitPro/libnds/lib\libfat.a(file_allocation_table.o)
                0x0200e21c                _FAT_fat_nextCluster
 .text._FAT_fat_linkFreeCluster
                0x0200e324       0xac C:/devkitPro/libnds/lib\libfat.a(file_allocation_table.o)
                0x0200e324                _FAT_fat_linkFreeCluster
 .text._FAT_fat_linkFreeClusterCleared
                0x0200e3d0       0x68 C:/devkitPro/libnds/lib\libfat.a(file_allocation_table.o)
                0x0200e3d0                _FAT_fat_linkFreeClusterCleared
 .text._FAT_fat_clearLinks
                0x0200e438       0x7c C:/devkitPro/libnds/lib\libfat.a(file_allocation_table.o)
                0x0200e438                _FAT_fat_clearLinks
 .text._FAT_fat_trimChain
                0x0200e4b4       0x80 C:/devkitPro/libnds/lib\libfat.a(file_allocation_table.o)
                0x0200e4b4                _FAT_fat_trimChain
 .text._FAT_fat_lastCluster
                0x0200e534       0x34 C:/devkitPro/libnds/lib\libfat.a(file_allocation_table.o)
                0x0200e534                _FAT_fat_lastCluster
 .text._FAT_fat_freeClusterCount
                0x0200e568       0x2c C:/devkitPro/libnds/lib\libfat.a(file_allocation_table.o)
                0x0200e568                _FAT_fat_freeClusterCount
 .text.setBrightness
                0x0200e594       0x40 C:/devkitPro/libnds/lib\libnds9.a(video.o)
                0x0200e594                setBrightness
 .text.vramDefault
                0x0200e5d4       0xd0 C:/devkitPro/libnds/lib\libnds9.a(video.o)
                0x0200e5d4                vramDefault
 .text.newRow   0x0200e6a4       0xa8 C:/devkitPro/libnds/lib\libnds9.a(console.o)
 .text.consolePrintChar
                0x0200e74c       0xe0 C:/devkitPro/libnds/lib\libnds9.a(console.o)
                0x0200e74c                consolePrintChar
 .text.con_write
                0x0200e82c      0x36c C:/devkitPro/libnds/lib\libnds9.a(console.o)
                0x0200e82c                con_write
 .text.consoleLoadFont
                0x0200eb98      0x2a0 C:/devkitPro/libnds/lib\libnds9.a(console.o)
                0x0200eb98                consoleLoadFont
 .text.consoleInit
                0x0200ee38      0x18c C:/devkitPro/libnds/lib\libnds9.a(console.o)
                0x0200ee38                consoleInit
 .text.consoleDemoInit
                0x0200efc4       0x40 C:/devkitPro/libnds/lib\libnds9.a(console.o)
                0x0200efc4                consoleDemoInit
 .text.oamInit  0x0200f004      0x114 C:/devkitPro/libnds/lib\libnds9.a(sprite.o)
                0x0200f004                oamInit
 .text.oamGfxPtrToOffset
                0x0200f118       0x34 C:/devkitPro/libnds/lib\libnds9.a(sprite.o)
                0x0200f118                oamGfxPtrToOffset
 .text.oamSet   0x0200f14c      0x104 C:/devkitPro/libnds/lib\libnds9.a(sprite.o)
                0x0200f14c                oamSet
 .text.oamUpdate
                0x0200f250       0x60 C:/devkitPro/libnds/lib\libnds9.a(sprite.o)
                0x0200f250                oamUpdate
 .text.oamRotateScale
                0x0200f2b0       0x4c C:/devkitPro/libnds/lib\libnds9.a(sprite.o)
                0x0200f2b0                oamRotateScale
 .text.scanKeys
                0x0200f2fc       0x8c C:/devkitPro/libnds/lib\libnds9.a(keys.o)
                0x0200f2fc                scanKeys
 .text.keysHeld
                0x0200f388        0xc C:/devkitPro/libnds/lib\libnds9.a(keys.o)
                0x0200f388                keysHeld
 .text.keysDown
                0x0200f394       0x14 C:/devkitPro/libnds/lib\libnds9.a(keys.o)
                0x0200f394                keysDown
 .text.dldiGetInternal
                0x0200f3a8       0x34 C:/devkitPro/libnds/lib\libnds9.a(dldi.o)
                0x0200f3a8                dldiGetInternal
 .text.get_io_dsisd
                0x0200f3dc       0x24 C:/devkitPro/libnds/lib\libnds9.a(dldi.o)
                0x0200f3dc                get_io_dsisd
 .text.__syscall_gettod_r
                0x0200f400       0x28 C:/devkitPro/libnds/lib\libnds9.a(initSystem.o)
                0x0200f400                __syscall_gettod_r
 .text.__syscall_exit
                0x0200f428        0x8 C:/devkitPro/libnds/lib\libnds9.a(initSystem.o)
                0x0200f428                __syscall_exit
 .text.initSystem
                0x0200f430      0x180 C:/devkitPro/libnds/lib\libnds9.a(initSystem.o)
                0x0200f430                initSystem
 .text.irqDummy
                0x0200f5b0        0x4 C:/devkitPro/libnds/lib\libnds9.a(interrupts.o)
                0x0200f5b0                irqDummy
 .text.irqSet   0x0200f5b4       0x6c C:/devkitPro/libnds/lib\libnds9.a(interrupts.o)
                0x0200f5b4                irqSet
 .text.irqInit  0x0200f620       0x50 C:/devkitPro/libnds/lib\libnds9.a(interrupts.o)
                0x0200f620                irqInit
 .text.irqEnable
                0x0200f670       0x64 C:/devkitPro/libnds/lib\libnds9.a(interrupts.o)
                0x0200f670                irqEnable
 .text.systemErrorExit
                0x0200f6d4        0x4 C:/devkitPro/libnds/lib\libnds9.a(libnds_exit.arm.o)
                0x0200f6d4                systemErrorExit
 .text.__libnds_exit
                0x0200f6d8       0x5c C:/devkitPro/libnds/lib\libnds9.a(libnds_exit.arm.o)
                0x0200f6d8                __libnds_exit
 .text.cardPolledTransfer
                0x0200f734       0x54 C:/devkitPro/libnds/lib\libnds9.a(card.o)
                0x0200f734                cardPolledTransfer
 .text.cardParamCommand
                0x0200f788       0x34 C:/devkitPro/libnds/lib\libnds9.a(card.o)
                0x0200f788                cardParamCommand
 .text.fifo_queueBlock
                0x0200f7bc       0x44 C:/devkitPro/libnds/lib\libnds9.a(fifosystem.o)
 .text.fifo_waitBlock
                0x0200f800       0x80 C:/devkitPro/libnds/lib\libnds9.a(fifosystem.o)
 .text.fifoInternalSend.part.0
                0x0200f880       0xd4 C:/devkitPro/libnds/lib\libnds9.a(fifosystem.o)
 .text.fifoInternalSendInterrupt
                0x0200f954       0xb0 C:/devkitPro/libnds/lib\libnds9.a(fifosystem.o)
 .text.fifoSetValue32Handler
                0x0200fa04       0xd4 C:/devkitPro/libnds/lib\libnds9.a(fifosystem.o)
                0x0200fa04                fifoSetValue32Handler
 .text.fifoSendValue32
                0x0200fad8       0x4c C:/devkitPro/libnds/lib\libnds9.a(fifosystem.o)
                0x0200fad8                fifoSendValue32
 .text.fifoSendDatamsg
                0x0200fb24       0x90 C:/devkitPro/libnds/lib\libnds9.a(fifosystem.o)
                0x0200fb24                fifoSendDatamsg
 .text.fifoGetValue32
                0x0200fbb4       0x70 C:/devkitPro/libnds/lib\libnds9.a(fifosystem.o)
                0x0200fbb4                fifoGetValue32
 .text.fifoGetDatamsg
                0x0200fc24       0xf4 C:/devkitPro/libnds/lib\libnds9.a(fifosystem.o)
                0x0200fc24                fifoGetDatamsg
 .text.fifoInternalRecvInterrupt
                0x0200fd18      0x37c C:/devkitPro/libnds/lib\libnds9.a(fifosystem.o)
 .text.fifoSetDatamsgHandler
                0x02010094       0x9c C:/devkitPro/libnds/lib\libnds9.a(fifosystem.o)
                0x02010094                fifoSetDatamsgHandler
 .text.fifoCheckValue32
                0x02010130       0x24 C:/devkitPro/libnds/lib\libnds9.a(fifosystem.o)
                0x02010130                fifoCheckValue32
 .text.fifoInit
                0x02010154      0x108 C:/devkitPro/libnds/lib\libnds9.a(fifosystem.o)
                0x02010154                fifoInit
 .text.DC_FlushRange
                0x0201025c       0x24 C:/devkitPro/libnds/lib\libnds9.a(dcache.o)
                0x0201025c                DC_FlushRange
 .text.DC_InvalidateRange
                0x02010280       0x2c C:/devkitPro/libnds/lib\libnds9.a(dcache.o)
                0x02010280                DC_InvalidateRange
 .text.__libnds_mpu_setup
                0x020102ac      0x174 C:/devkitPro/libnds/lib\libnds9.a(mpu_setup.o)
                0x020102ac                __libnds_mpu_setup
 .text.memUncached
                0x02010420       0x20 C:/devkitPro/libnds/lib\libnds9.a(mpu_setup.o)
                0x02010420                memUncached
 .text.swiWaitForVBlank
                0x02010440        0x8 C:/devkitPro/libnds/lib\libnds9.a(IntrWait.o)
                0x02010440                swiWaitForVBlank
 .text.swiIntrWait
                0x02010448       0x70 C:/devkitPro/libnds/lib\libnds9.a(IntrWait.o)
                0x02010448                swiIntrWait
 .text.setCpuClock
                0x020104b8       0x50 C:/devkitPro/libnds/lib\libnds9.a(cpu_clock.o)
                0x020104b8                setCpuClock
 .text.swiDelay
                0x02010508        0x4 C:/devkitPro/libnds/lib\libnds9.a(biosCalls.o)
                0x02010508                swiDelay
 .text.swiSoftReset
                0x0201050c       0x2c C:/devkitPro/libnds/lib\libnds9.a(swiSoftReset.o)
                0x0201050c                swiSoftReset
 .text.checkIfText
                0x02010538       0x5c C:/devkitPro/libnds/lib\libnds9.a(background.o)
                0x02010538                checkIfText
 .text.bgUpdate
                0x02010594       0xf4 C:/devkitPro/libnds/lib\libnds9.a(background.o)
                0x02010594                bgUpdate
 .text.bgInit_call
                0x02010688       0xc4 C:/devkitPro/libnds/lib\libnds9.a(background.o)
                0x02010688                bgInit_call
 .text.bgInitSub_call
                0x0201074c       0xcc C:/devkitPro/libnds/lib\libnds9.a(background.o)
                0x0201074c                bgInitSub_call
 .text.sinLutLookup
                0x02010818       0x4c C:/devkitPro/libnds/lib\libnds9.a(trig.o)
                0x02010818                sinLutLookup
 .text.sinLerp  0x02010864       0x40 C:/devkitPro/libnds/lib\libnds9.a(trig.o)
                0x02010864                sinLerp
 .text.cosLerp  0x020108a4       0x4c C:/devkitPro/libnds/lib\libnds9.a(trig.o)
                0x020108a4                cosLerp
 .text.oamAllocReset
                0x020108f0       0x1c C:/devkitPro/libnds/lib\libnds9.a(sprite_alloc.o)
                0x020108f0                oamAllocReset
 .text.systemValueHandler
                0x0201090c       0x48 C:/devkitPro/libnds/lib\libnds9.a(system.o)
                0x0201090c                systemValueHandler
 .text.systemMsgHandler
                0x02010954       0x60 C:/devkitPro/libnds/lib\libnds9.a(system.o)
                0x02010954                systemMsgHandler
 .text.powerOn  0x020109b4       0x2c C:/devkitPro/libnds/lib\libnds9.a(system.o)
                0x020109b4                powerOn
 .text.__muldi3
                0x020109e0       0x18 C:/devkitPro/devkitARM/bin/../lib/gcc/arm-none-eabi/13.2.0\libgcc.a(_muldi3.o)
                0x020109e0                __muldi3
                0x020109e0                __aeabi_lmul
 .text.__udivmoddi4
                0x020109f8      0x128 C:/devkitPro/devkitARM/bin/../lib/gcc/arm-none-eabi/13.2.0\libgcc.a(_udivmoddi4.o)
                0x020109f8                __udivmoddi4
 .text.towlower
                0x02010b20       0x14 C:/devkitPro/devkitARM/bin/../lib/gcc/arm-none-eabi/13.2.0/../../../../arm-none-eabi/lib\libg.a(libc_a-towlower.o)
                0x02010b20                towlower
 .text._mbrtowc_r
                0x02010b34       0xc0 C:/devkitPro/devkitARM/bin/../lib/gcc/arm-none-eabi/13.2.0/../../../../arm-none-eabi/lib\libg.a(libc_a-mbrtowc.o)
                0x02010b34                _mbrtowc_r
 .text.mbrtowc  0x02010bf4       0xc4 C:/devkitPro/devkitARM/bin/../lib/gcc/arm-none-eabi/13.2.0/../../../../arm-none-eabi/lib\libg.a(libc_a-mbrtowc.o)
                0x02010bf4                mbrtowc
 .text._wcrtomb_r
                0x02010cb8       0xac C:/devkitPro/devkitARM/bin/../lib/gcc/arm-none-eabi/13.2.0/../../../../arm-none-eabi/lib\libg.a(libc_a-wcrtomb.o)
                0x02010cb8                _wcrtomb_r
 .text.wcrtomb  0x02010d64       0xb4 C:/devkitPro/devkitARM/bin/../lib/gcc/arm-none-eabi/13.2.0/../../../../arm-none-eabi/lib\libg.a(libc_a-wcrtomb.o)
                0x02010d64                wcrtomb
 .text.towupper
                0x02010e18       0x14 C:/devkitPro/devkitARM/bin/../lib/gcc/arm-none-eabi/13.2.0/../../../../arm-none-eabi/lib\libg.a(libc_a-towupper.o)
                0x02010e18                towupper
 .text.mbsrtowcs
                0x02010e2c       0x3c C:/devkitPro/devkitARM/bin/../lib/gcc/arm-none-eabi/13.2.0/../../../../arm-none-eabi/lib\libg.a(libc_a-mbsrtowcs.o)
                0x02010e2c                mbsrtowcs
 .text.wctob    0x02010e68       0x88 C:/devkitPro/devkitARM/bin/../lib/gcc/arm-none-eabi/13.2.0/../../../../arm-none-eabi/lib\libg.a(libc_a-wctob.o)
                0x02010e68                wctob
 .text.rewind   0x02010ef0       0x30 C:/devkitPro/devkitARM/bin/../lib/gcc/arm-none-eabi/13.2.0/../../../../arm-none-eabi/lib\libg.a(libc_a-rewind.o)
                0x02010ef0                rewind
 .text.towctrans
                0x02010f20       0x48 C:/devkitPro/devkitARM/bin/../lib/gcc/arm-none-eabi/13.2.0/../../../../arm-none-eabi/lib\libg.a(libc_a-towctrans.o)
                0x02010f20                towctrans
 .text.snprintf
                0x02010f68       0xcc C:/devkitPro/devkitARM/bin/../lib/gcc/arm-none-eabi/13.2.0/../../../../arm-none-eabi/lib\libg.a(libc_a-snprintf.o)
                0x02010f68                snprintf
 .text.siscanf  0x02011034       0x74 C:/devkitPro/devkitARM/bin/../lib/gcc/arm-none-eabi/13.2.0/../../../../arm-none-eabi/lib\libg.a(libc_a-siscanf.o)
                0x02011034                siscanf
 .text.calloc   0x020110a8       0x24 C:/devkitPro/devkitARM/bin/../lib/gcc/arm-none-eabi/13.2.0/../../../../arm-none-eabi/lib\libg.a(libc_a-calloc.o)
                0x020110a8                calloc
 .text._calloc_r
                0x020110cc       0xd0 C:/devkitPro/devkitARM/bin/../lib/gcc/arm-none-eabi/13.2.0/../../../../arm-none-eabi/lib\libg.a(libc_a-callocr.o)
                0x020110cc                _calloc_r
 .text.setvbuf  0x0201119c      0x25c C:/devkitPro/devkitARM/bin/../lib/gcc/arm-none-eabi/13.2.0/../../../../arm-none-eabi/lib\libg.a(libc_a-setvbuf.o)
                0x0201119c                setvbuf
 .text.get_arg  0x020113f8       0x54 C:/devkitPro/devkitARM/bin/../lib/gcc/arm-none-eabi/13.2.0/../../../../arm-none-eabi/lib\libg.a(libc_a-svfiscanf.o)
 .text._sungetc_r
                0x0201144c       0xe4 C:/devkitPro/devkitARM/bin/../lib/gcc/arm-none-eabi/13.2.0/../../../../arm-none-eabi/lib\libg.a(libc_a-svfiscanf.o)
                0x0201144c                _sungetc_r
 .text.__ssrefill_r
                0x02011530       0x68 C:/devkitPro/devkitARM/bin/../lib/gcc/arm-none-eabi/13.2.0/../../../../arm-none-eabi/lib\libg.a(libc_a-svfiscanf.o)
                0x02011530                __ssrefill_r
 .text._sfread_r
                0x02011598       0xc8 C:/devkitPro/devkitARM/bin/../lib/gcc/arm-none-eabi/13.2.0/../../../../arm-none-eabi/lib\libg.a(libc_a-svfiscanf.o)
                0x02011598                _sfread_r
 .text.__ssvfiscanf_r
                0x02011660     0x22dc C:/devkitPro/devkitARM/bin/../lib/gcc/arm-none-eabi/13.2.0/../../../../arm-none-eabi/lib\libg.a(libc_a-svfiscanf.o)
                0x02011660                __ssvfiscanf_r
 .text._malloc_trim_r
                0x0201393c      0x100 C:/devkitPro/devkitARM/bin/../lib/gcc/arm-none-eabi/13.2.0/../../../../arm-none-eabi/lib\libg.a(libc_a-freer.o)
                0x0201393c                _malloc_trim_r
 .text._free_r  0x02013a3c      0x2e8 C:/devkitPro/devkitARM/bin/../lib/gcc/arm-none-eabi/13.2.0/../../../../arm-none-eabi/lib\libg.a(libc_a-freer.o)
                0x02013a3c                _free_r
 .text.iprintf  0x02013d24       0x34 C:/devkitPro/devkitARM/bin/../lib/gcc/arm-none-eabi/13.2.0/../../../../arm-none-eabi/lib\libg.a(libc_a-iprintf.o)
                0x02013d24                iprintf
 .text.strchr   0x02013d58      0x13c C:/devkitPro/devkitARM/bin/../lib/gcc/arm-none-eabi/13.2.0/../../../../arm-none-eabi/lib\libg.a(libc_a-strchr.o)
                0x02013d58                strchr
 .text.memcmp   0x02013e94       0xe0 C:/devkitPro/devkitARM/bin/../lib/gcc/arm-none-eabi/13.2.0/../../../../arm-none-eabi/lib\libg.a(libc_a-memcmp.o)
                0x02013e94                memcmp
 .text._fclose_r
                0x02013f74      0x150 C:/devkitPro/devkitARM/bin/../lib/gcc/arm-none-eabi/13.2.0/../../../../arm-none-eabi/lib\libg.a(libc_a-fclose.o)
                0x02013f74                _fclose_r
 .text.fclose   0x020140c4       0x18 C:/devkitPro/devkitARM/bin/../lib/gcc/arm-none-eabi/13.2.0/../../../../arm-none-eabi/lib\libg.a(libc_a-fclose.o)
                0x020140c4                fclose
 .text.get_arg  0x020140dc      0x654 C:/devkitPro/devkitARM/bin/../lib/gcc/arm-none-eabi/13.2.0/../../../../arm-none-eabi/lib\libg.a(libc_a-svfprintf.o)
 .text._svfprintf_r
                0x02014730     0x3518 C:/devkitPro/devkitARM/bin/../lib/gcc/arm-none-eabi/13.2.0/../../../../arm-none-eabi/lib\libg.a(libc_a-svfprintf.o)
                0x02014730                _svfprintf_r
 .text.malloc   0x02017c48       0x1c C:/devkitPro/devkitARM/bin/../lib/gcc/arm-none-eabi/13.2.0/../../../../arm-none-eabi/lib\libg.a(libc_a-malloc.o)
                0x02017c48                malloc
 .text.free     0x02017c64       0x1c C:/devkitPro/devkitARM/bin/../lib/gcc/arm-none-eabi/13.2.0/../../../../arm-none-eabi/lib\libg.a(libc_a-malloc.o)
                0x02017c64                free
 .text._malloc_r
                0x02017c80      0x7a4 C:/devkitPro/devkitARM/bin/../lib/gcc/arm-none-eabi/13.2.0/../../../../arm-none-eabi/lib\libg.a(libc_a-mallocr.o)
                0x02017c80                _malloc_r
 .text.memmove  0x02018424      0x154 C:/devkitPro/devkitARM/bin/../lib/gcc/arm-none-eabi/13.2.0/../../../../arm-none-eabi/lib\libg.a(libc_a-memmove.o)
                0x02018424                memmove
 .text.memset   0x02018578       0xfc C:/devkitPro/devkitARM/bin/../lib/gcc/arm-none-eabi/13.2.0/../../../../arm-none-eabi/lib\libg.a(libc_a-memset.o)
                0x02018578                memset
 .text.__malloc_lock
                0x02018674       0x18 C:/devkitPro/devkitARM/bin/../lib/gcc/arm-none-eabi/13.2.0/../../../../arm-none-eabi/lib\libg.a(libc_a-mlock.o)
                0x02018674                __malloc_lock
 .text.__malloc_unlock
                0x0201868c       0x18 C:/devkitPro/devkitARM/bin/../lib/gcc/arm-none-eabi/13.2.0/../../../../arm-none-eabi/lib\libg.a(libc_a-mlock.o)
                0x0201868c                __malloc_unlock
 .text.strlen   0x020186a4       0x94 C:/devkitPro/devkitARM/bin/../lib/gcc/arm-none-eabi/13.2.0/../../../../arm-none-eabi/lib\libg.a(libc_a-strlen.o)
                0x020186a4                strlen
 .text._fopen_r
                0x02018738      0x138 C:/devkitPro/devkitARM/bin/../lib/gcc/arm-none-eabi/13.2.0/../../../../arm-none-eabi/lib\libg.a(libc_a-fopen.o)
                0x02018738                _fopen_r
 .text.fopen    0x02018870       0x20 C:/devkitPro/devkitARM/bin/../lib/gcc/arm-none-eabi/13.2.0/../../../../arm-none-eabi/lib\libg.a(libc_a-fopen.o)
                0x02018870                fopen
 .text.__sflush_r
                0x02018890      0x248 C:/devkitPro/devkitARM/bin/../lib/gcc/arm-none-eabi/13.2.0/../../../../arm-none-eabi/lib\libg.a(libc_a-fflush.o)
                0x02018890                __sflush_r
 .text._fflush_r
                0x02018ad8       0x9c C:/devkitPro/devkitARM/bin/../lib/gcc/arm-none-eabi/13.2.0/../../../../arm-none-eabi/lib\libg.a(libc_a-fflush.o)
                0x02018ad8                _fflush_r
 .text.strpbrk  0x02018b74       0x7c C:/devkitPro/devkitARM/bin/../lib/gcc/arm-none-eabi/13.2.0/../../../../arm-none-eabi/lib\libg.a(libc_a-strpbrk.o)
                0x02018b74                strpbrk
 .text.strdup   0x02018bf0       0x1c C:/devkitPro/devkitARM/bin/../lib/gcc/arm-none-eabi/13.2.0/../../../../arm-none-eabi/lib\libg.a(libc_a-strdup.o)
                0x02018bf0                strdup
 .text.strcasecmp
                0x02018c0c       0x70 C:/devkitPro/devkitARM/bin/../lib/gcc/arm-none-eabi/13.2.0/../../../../arm-none-eabi/lib\libg.a(libc_a-strcasecmp.o)
                0x02018c0c                strcasecmp
 .text.strrchr  0x02018c7c       0x58 C:/devkitPro/devkitARM/bin/../lib/gcc/arm-none-eabi/13.2.0/../../../../arm-none-eabi/lib\libg.a(libc_a-strrchr.o)
                0x02018c7c                strrchr
 .text.strncasecmp
                0x02018cd4       0x8c C:/devkitPro/devkitARM/bin/../lib/gcc/arm-none-eabi/13.2.0/../../../../arm-none-eabi/lib\libg.a(libc_a-strncasecmp.o)
                0x02018cd4                strncasecmp
 .text._strdup_r
                0x02018d60       0x44 C:/devkitPro/devkitARM/bin/../lib/gcc/arm-none-eabi/13.2.0/../../../../arm-none-eabi/lib\libg.a(libc_a-strdup_r.o)
                0x02018d60                _strdup_r
 .text.ftell    0x02018da4       0x30 C:/devkitPro/devkitARM/bin/../lib/gcc/arm-none-eabi/13.2.0/../../../../arm-none-eabi/lib\libg.a(libc_a-ftell.o)
                0x02018da4                ftell
 .text.strncmp  0x02018dd4       0xec C:/devkitPro/devkitARM/bin/../lib/gcc/arm-none-eabi/13.2.0/../../../../arm-none-eabi/lib\libg.a(libc_a-strncmp.o)
                0x02018dd4                strncmp
 .text._fwalk_sglue
                0x02018ec0       0x78 C:/devkitPro/devkitARM/bin/../lib/gcc/arm-none-eabi/13.2.0/../../../../arm-none-eabi/lib\libg.a(libc_a-fwalk.o)
                0x02018ec0                _fwalk_sglue
 .text._fread_r
                0x02018f38      0x33c C:/devkitPro/devkitARM/bin/../lib/gcc/arm-none-eabi/13.2.0/../../../../arm-none-eabi/lib\libg.a(libc_a-fread.o)
                0x02018f38                _fread_r
 .text.fread    0x02019274       0x3c C:/devkitPro/devkitARM/bin/../lib/gcc/arm-none-eabi/13.2.0/../../../../arm-none-eabi/lib\libg.a(libc_a-fread.o)
                0x02019274                fread
 .text.strncpy  0x020192b0       0xd0 C:/devkitPro/devkitARM/bin/../lib/gcc/arm-none-eabi/13.2.0/../../../../arm-none-eabi/lib\libg.a(libc_a-strncpy.o)
                0x020192b0                strncpy
 .text.stdio_exit_handler
                0x02019380       0x28 C:/devkitPro/devkitARM/bin/../lib/gcc/arm-none-eabi/13.2.0/../../../../arm-none-eabi/lib\libg.a(libc_a-findfp.o)
 .text.cleanup_stdio
                0x020193a8       0x54 C:/devkitPro/devkitARM/bin/../lib/gcc/arm-none-eabi/13.2.0/../../../../arm-none-eabi/lib\libg.a(libc_a-findfp.o)
 .text.global_stdio_init.part.0
                0x020193fc      0x158 C:/devkitPro/devkitARM/bin/../lib/gcc/arm-none-eabi/13.2.0/../../../../arm-none-eabi/lib\libg.a(libc_a-findfp.o)
 .text.__sfp    0x02019554      0x138 C:/devkitPro/devkitARM/bin/../lib/gcc/arm-none-eabi/13.2.0/../../../../arm-none-eabi/lib\libg.a(libc_a-findfp.o)
                0x02019554                __sfp
 .text.__sinit  0x0201968c       0x64 C:/devkitPro/devkitARM/bin/../lib/gcc/arm-none-eabi/13.2.0/../../../../arm-none-eabi/lib\libg.a(libc_a-findfp.o)
                0x0201968c                __sinit
 .text.__sfp_lock_acquire
                0x020196f0       0x18 C:/devkitPro/devkitARM/bin/../lib/gcc/arm-none-eabi/13.2.0/../../../../arm-none-eabi/lib\libg.a(libc_a-findfp.o)
                0x020196f0                __sfp_lock_acquire
 .text.__sfp_lock_release
                0x02019708       0x18 C:/devkitPro/devkitARM/bin/../lib/gcc/arm-none-eabi/13.2.0/../../../../arm-none-eabi/lib\libg.a(libc_a-findfp.o)
                0x02019708                __sfp_lock_release
 .text.localtime_r
                0x02019720      0x374 C:/devkitPro/devkitARM/bin/../lib/gcc/arm-none-eabi/13.2.0/../../../../arm-none-eabi/lib\libg.a(libc_a-lcltime_r.o)
                0x02019720                localtime_r
 .text.strnlen  0x02019a94       0x48 C:/devkitPro/devkitARM/bin/../lib/gcc/arm-none-eabi/13.2.0/../../../../arm-none-eabi/lib\libg.a(libc_a-strnlen.o)
                0x02019a94                strnlen
 .text._tzset_unlocked
                0x02019adc       0x14 C:/devkitPro/devkitARM/bin/../lib/gcc/arm-none-eabi/13.2.0/../../../../arm-none-eabi/lib\libg.a(libc_a-tzset.o)
                0x02019adc                _tzset_unlocked
 .text.validate_structure
                0x02019af0      0x2e0 C:/devkitPro/devkitARM/bin/../lib/gcc/arm-none-eabi/13.2.0/../../../../arm-none-eabi/lib\libg.a(libc_a-mktime.o)
 .text.mktime   0x02019dd0      0x4cc C:/devkitPro/devkitARM/bin/../lib/gcc/arm-none-eabi/13.2.0/../../../../arm-none-eabi/lib\libg.a(libc_a-mktime.o)
                0x02019dd0                mktime
 .text.access   0x0201a29c       0x54 C:/devkitPro/devkitARM/bin/../lib/gcc/arm-none-eabi/13.2.0/../../../../arm-none-eabi/lib\libg.a(libc_a-access.o)
                0x0201a29c                access
 .text._fseek_r
                0x0201a2f0       0x20 C:/devkitPro/devkitARM/bin/../lib/gcc/arm-none-eabi/13.2.0/../../../../arm-none-eabi/lib\libg.a(libc_a-fseek.o)
                0x0201a2f0                _fseek_r
 .text.fseek    0x0201a310       0x38 C:/devkitPro/devkitARM/bin/../lib/gcc/arm-none-eabi/13.2.0/../../../../arm-none-eabi/lib\libg.a(libc_a-fseek.o)
                0x0201a310                fseek
 .text._tzset_unlocked_r
                0x0201a348      0x688 C:/devkitPro/devkitARM/bin/../lib/gcc/arm-none-eabi/13.2.0/../../../../arm-none-eabi/lib\libg.a(libc_a-tzset_r.o)
                0x0201a348                _tzset_unlocked_r
 .text._strtol_l.part.0
                0x0201a9d0      0x1b4 C:/devkitPro/devkitARM/bin/../lib/gcc/arm-none-eabi/13.2.0/../../../../arm-none-eabi/lib\libg.a(libc_a-strtol.o)
 .text._strtol_r
                0x0201ab84       0x64 C:/devkitPro/devkitARM/bin/../lib/gcc/arm-none-eabi/13.2.0/../../../../arm-none-eabi/lib\libg.a(libc_a-strtol.o)
                0x0201ab84                _strtol_r
 .text.realloc  0x0201abe8       0x24 C:/devkitPro/devkitARM/bin/../lib/gcc/arm-none-eabi/13.2.0/../../../../arm-none-eabi/lib\libg.a(libc_a-realloc.o)
                0x0201abe8                realloc
 .text.__gettzinfo
                0x0201ac0c        0xc C:/devkitPro/devkitARM/bin/../lib/gcc/arm-none-eabi/13.2.0/../../../../arm-none-eabi/lib\libg.a(libc_a-gettzinfo.o)
                0x0201ac0c                __gettzinfo
 .text._strtoul_l.isra.0
                0x0201ac18      0x1dc C:/devkitPro/devkitARM/bin/../lib/gcc/arm-none-eabi/13.2.0/../../../../arm-none-eabi/lib\libg.a(libc_a-strtoul.o)
 .text._strtoul_r
                0x0201adf4       0x30 C:/devkitPro/devkitARM/bin/../lib/gcc/arm-none-eabi/13.2.0/../../../../arm-none-eabi/lib\libg.a(libc_a-strtoul.o)
                0x0201adf4                _strtoul_r
 .text.strtoul  0x0201ae24       0x34 C:/devkitPro/devkitARM/bin/../lib/gcc/arm-none-eabi/13.2.0/../../../../arm-none-eabi/lib\libg.a(libc_a-strtoul.o)
                0x0201ae24                strtoul
 .text.__locale_mb_cur_max
                0x0201ae58       0x28 C:/devkitPro/devkitARM/bin/../lib/gcc/arm-none-eabi/13.2.0/../../../../arm-none-eabi/lib\libg.a(libc_a-locale.o)
                0x0201ae58                __locale_mb_cur_max
 .text.time     0x0201ae80       0x50 C:/devkitPro/devkitARM/bin/../lib/gcc/arm-none-eabi/13.2.0/../../../../arm-none-eabi/lib\libg.a(libc_a-time.o)
                0x0201ae80                time
 .text._localeconv_r
                0x0201aed0       0x28 C:/devkitPro/devkitARM/bin/../lib/gcc/arm-none-eabi/13.2.0/../../../../arm-none-eabi/lib\libg.a(libc_a-localeconv.o)
                0x0201aed0                _localeconv_r
 .text.__tzcalc_limits
                0x0201aef8      0x254 C:/devkitPro/devkitARM/bin/../lib/gcc/arm-none-eabi/13.2.0/../../../../arm-none-eabi/lib\libg.a(libc_a-tzcalc_limits.o)
                0x0201aef8                __tzcalc_limits
 .text.strcpy   0x0201b14c       0xf0 C:/devkitPro/devkitARM/bin/../lib/gcc/arm-none-eabi/13.2.0/../../../../arm-none-eabi/lib\libg.a(libc_a-strcpy.o)
                0x0201b14c                strcpy
 .text.memchr   0x0201b23c       0xf0 C:/devkitPro/devkitARM/bin/../lib/gcc/arm-none-eabi/13.2.0/../../../../arm-none-eabi/lib\libg.a(libc_a-memchr-stub.o)
                0x0201b23c                memchr
 .text.__utf8_wctomb
                0x0201b32c       0xf4 C:/devkitPro/devkitARM/bin/../lib/gcc/arm-none-eabi/13.2.0/../../../../arm-none-eabi/lib\libg.a(libc_a-wctomb_r.o)
                0x0201b32c                __utf8_wctomb
 .text.memcpy   0x0201b420      0x114 C:/devkitPro/devkitARM/bin/../lib/gcc/arm-none-eabi/13.2.0/../../../../arm-none-eabi/lib\libg.a(libc_a-memcpy-stub.o)
                0x0201b420                memcpy
 .text.stpcpy   0x0201b534       0x74 C:/devkitPro/devkitARM/bin/../lib/gcc/arm-none-eabi/13.2.0/../../../../arm-none-eabi/lib\libg.a(libc_a-stpcpy.o)
                0x0201b534                stpcpy
 .text.__libc_init_array
                0x0201b5a8       0x90 C:/devkitPro/devkitARM/bin/../lib/gcc/arm-none-eabi/13.2.0/../../../../arm-none-eabi/lib\libg.a(libc_a-init.o)
                0x0201b5a8                __libc_init_array
 .text.__errno  0x0201b638       0x10 C:/devkitPro/devkitARM/bin/../lib/gcc/arm-none-eabi/13.2.0/../../../../arm-none-eabi/lib\libg.a(libc_a-errno.o)
                0x0201b638                __errno
 .text.lseek    0x0201b648       0x3c C:/devkitPro/devkitARM/bin/../lib/gcc/arm-none-eabi/13.2.0/../../../../arm-none-eabi/lib\libg.a(libc_a-syslseek.o)
                0x0201b648                lseek
 .text.open     0x0201b684       0x40 C:/devkitPro/devkitARM/bin/../lib/gcc/arm-none-eabi/13.2.0/../../../../arm-none-eabi/lib\libg.a(libc_a-sysopen.o)
                0x0201b684                open
 .text.read     0x0201b6c4       0x2c C:/devkitPro/devkitARM/bin/../lib/gcc/arm-none-eabi/13.2.0/../../../../arm-none-eabi/lib\libg.a(libc_a-sysread.o)
                0x0201b6c4                read
 .text.stat     0x0201b6f0       0x24 C:/devkitPro/devkitARM/bin/../lib/gcc/arm-none-eabi/13.2.0/../../../../arm-none-eabi/lib\libg.a(libc_a-sysstat.o)
                0x0201b6f0                stat
 .text.frexp    0x0201b714       0xa4 C:/devkitPro/devkitARM/bin/../lib/gcc/arm-none-eabi/13.2.0/../../../../arm-none-eabi/lib\libg.a(libm_a-s_frexp.o)
                0x0201b714                frexp
 .text._strtoll_l.isra.0
                0x0201b7b8      0x23c C:/devkitPro/devkitARM/bin/../lib/gcc/arm-none-eabi/13.2.0/../../../../arm-none-eabi/lib\libg.a(libc_a-strtoll.o)
 .text._strtoll_r
                0x0201b9f4       0x30 C:/devkitPro/devkitARM/bin/../lib/gcc/arm-none-eabi/13.2.0/../../../../arm-none-eabi/lib\libg.a(libc_a-strtoll.o)
                0x0201b9f4                _strtoll_r
 .text._strtoull_l.isra.0
                0x0201ba24      0x260 C:/devkitPro/devkitARM/bin/../lib/gcc/arm-none-eabi/13.2.0/../../../../arm-none-eabi/lib\libg.a(libc_a-strtoull.o)
 .text._strtoull_r
                0x0201bc84       0x30 C:/devkitPro/devkitARM/bin/../lib/gcc/arm-none-eabi/13.2.0/../../../../arm-none-eabi/lib\libg.a(libc_a-strtoull.o)
                0x0201bc84                _strtoull_r
 .text.towctrans_l
                0x0201bcb4      0x244 C:/devkitPro/devkitARM/bin/../lib/gcc/arm-none-eabi/13.2.0/../../../../arm-none-eabi/lib\libg.a(libc_a-towctrans_l.o)
                0x0201bcb4                towctrans_l
 .text.iswspace
                0x0201bef8       0x14 C:/devkitPro/devkitARM/bin/../lib/gcc/arm-none-eabi/13.2.0/../../../../arm-none-eabi/lib\libg.a(libc_a-iswspace.o)
                0x0201bef8                iswspace
 .text.__smakebuf_r
                0x0201bf0c      0x138 C:/devkitPro/devkitARM/bin/../lib/gcc/arm-none-eabi/13.2.0/../../../../arm-none-eabi/lib\libg.a(libc_a-makebuf.o)
                0x0201bf0c                __smakebuf_r
 .text.__swhatbuf_r
                0x0201c044       0x80 C:/devkitPro/devkitARM/bin/../lib/gcc/arm-none-eabi/13.2.0/../../../../arm-none-eabi/lib\libg.a(libc_a-makebuf.o)
                0x0201c044                __swhatbuf_r
 .text.iswspace_l
                0x0201c0c4       0x40 C:/devkitPro/devkitARM/bin/../lib/gcc/arm-none-eabi/13.2.0/../../../../arm-none-eabi/lib\libg.a(libc_a-iswspace_l.o)
                0x0201c0c4                iswspace_l
 .text._mbsnrtowcs_r
                0x0201c104      0x104 C:/devkitPro/devkitARM/bin/../lib/gcc/arm-none-eabi/13.2.0/../../../../arm-none-eabi/lib\libg.a(libc_a-mbsnrtowcs.o)
                0x0201c104                _mbsnrtowcs_r
 .text._wcsrtombs_r
                0x0201c208       0x2c C:/devkitPro/devkitARM/bin/../lib/gcc/arm-none-eabi/13.2.0/../../../../arm-none-eabi/lib\libg.a(libc_a-wcsrtombs.o)
                0x0201c208                _wcsrtombs_r
 .text.__sccl   0x0201c234       0xe4 C:/devkitPro/devkitARM/bin/../lib/gcc/arm-none-eabi/13.2.0/../../../../arm-none-eabi/lib\libg.a(libc_a-sccl.o)
                0x0201c234                __sccl
 .text.lflush   0x0201c318       0x3c C:/devkitPro/devkitARM/bin/../lib/gcc/arm-none-eabi/13.2.0/../../../../arm-none-eabi/lib\libg.a(libc_a-refill.o)
 .text.__srefill_r
                0x0201c354      0x19c C:/devkitPro/devkitARM/bin/../lib/gcc/arm-none-eabi/13.2.0/../../../../arm-none-eabi/lib\libg.a(libc_a-refill.o)
                0x0201c354                __srefill_r
 .text.__submore
                0x0201c4f0       0xa8 C:/devkitPro/devkitARM/bin/../lib/gcc/arm-none-eabi/13.2.0/../../../../arm-none-eabi/lib\libg.a(libc_a-ungetc.o)
                0x0201c4f0                __submore
 .text.__sread  0x0201c598       0x4c C:/devkitPro/devkitARM/bin/../lib/gcc/arm-none-eabi/13.2.0/../../../../arm-none-eabi/lib\libg.a(libc_a-stdio.o)
                0x0201c598                __sread
 .text.__seofread
                0x0201c5e4        0x8 C:/devkitPro/devkitARM/bin/../lib/gcc/arm-none-eabi/13.2.0/../../../../arm-none-eabi/lib\libg.a(libc_a-stdio.o)
                0x0201c5e4                __seofread
 .text.__swrite
                0x0201c5ec       0x6c C:/devkitPro/devkitARM/bin/../lib/gcc/arm-none-eabi/13.2.0/../../../../arm-none-eabi/lib\libg.a(libc_a-stdio.o)
                0x0201c5ec                __swrite
 .text.__sseek  0x0201c658       0x48 C:/devkitPro/devkitARM/bin/../lib/gcc/arm-none-eabi/13.2.0/../../../../arm-none-eabi/lib\libg.a(libc_a-stdio.o)
                0x0201c658                __sseek
 .text.__sclose
                0x0201c6a0       0x14 C:/devkitPro/devkitARM/bin/../lib/gcc/arm-none-eabi/13.2.0/../../../../arm-none-eabi/lib\libg.a(libc_a-stdio.o)
                0x0201c6a0                __sclose
 .text.category
                0x0201c6b4       0x98 C:/devkitPro/devkitARM/bin/../lib/gcc/arm-none-eabi/13.2.0/../../../../arm-none-eabi/lib\libg.a(libc_a-categories.o)
                0x0201c6b4                category
 .text.get_arg  0x0201c74c      0x654 C:/devkitPro/devkitARM/bin/../lib/gcc/arm-none-eabi/13.2.0/../../../../arm-none-eabi/lib\libg.a(libc_a-vfiprintf.o)
 .text.__sprint_r
                0x0201cda0       0x34 C:/devkitPro/devkitARM/bin/../lib/gcc/arm-none-eabi/13.2.0/../../../../arm-none-eabi/lib\libg.a(libc_a-vfiprintf.o)
                0x0201cda0                __sprint_r
 .text._vfiprintf_r
                0x0201cdd4     0x2334 C:/devkitPro/devkitARM/bin/../lib/gcc/arm-none-eabi/13.2.0/../../../../arm-none-eabi/lib\libg.a(libc_a-vfiprintf.o)
                0x0201cdd4                _vfiprintf_r
 .text.__sbprintf
                0x0201f108       0xbc C:/devkitPro/devkitARM/bin/../lib/gcc/arm-none-eabi/13.2.0/../../../../arm-none-eabi/lib\libg.a(libc_a-vfiprintf.o)
 .text.__ssprint_r
                0x0201f1c4      0x190 C:/devkitPro/devkitARM/bin/../lib/gcc/arm-none-eabi/13.2.0/../../../../arm-none-eabi/lib\libg.a(libc_a-svfiprintf.o)
                0x0201f1c4                __ssprint_r
 .text.div      0x0201f354       0x2c C:/devkitPro/devkitARM/bin/../lib/gcc/arm-none-eabi/13.2.0/../../../../arm-none-eabi/lib\libg.a(libc_a-div.o)
                0x0201f354                div
 .text.__swsetup_r
                0x0201f380      0x144 C:/devkitPro/devkitARM/bin/../lib/gcc/arm-none-eabi/13.2.0/../../../../arm-none-eabi/lib\libg.a(libc_a-wsetup.o)
                0x0201f380                __swsetup_r
 .text.quorem   0x0201f4c4      0x1d8 C:/devkitPro/devkitARM/bin/../lib/gcc/arm-none-eabi/13.2.0/../../../../arm-none-eabi/lib\libg.a(libc_a-dtoa.o)
 *fill*         0x0201f69c        0x4 ff
 .text._dtoa_r  0x0201f6a0     0x16cc C:/devkitPro/devkitARM/bin/../lib/gcc/arm-none-eabi/13.2.0/../../../../arm-none-eabi/lib\libg.a(libc_a-dtoa.o)
                0x0201f6a0                _dtoa_r
 .text._fseeko_r
                0x02020d6c      0x5a4 C:/devkitPro/devkitARM/bin/../lib/gcc/arm-none-eabi/13.2.0/../../../../arm-none-eabi/lib\libg.a(libc_a-fseeko.o)
                0x02020d6c                _fseeko_r
 .text._findenv_r
                0x02021310       0xd0 C:/devkitPro/devkitARM/bin/../lib/gcc/arm-none-eabi/13.2.0/../../../../arm-none-eabi/lib\libg.a(libc_a-getenv_r.o)
                0x02021310                _findenv_r
 .text._getenv_r
                0x020213e0       0x1c C:/devkitPro/devkitARM/bin/../lib/gcc/arm-none-eabi/13.2.0/../../../../arm-none-eabi/lib\libg.a(libc_a-getenv_r.o)
                0x020213e0                _getenv_r
 .text._ftello_r
                0x020213fc      0x1c0 C:/devkitPro/devkitARM/bin/../lib/gcc/arm-none-eabi/13.2.0/../../../../arm-none-eabi/lib\libg.a(libc_a-ftello.o)
                0x020213fc                _ftello_r
 .text.__sflags
                0x020215bc       0xbc C:/devkitPro/devkitARM/bin/../lib/gcc/arm-none-eabi/13.2.0/../../../../arm-none-eabi/lib\libg.a(libc_a-flags.o)
                0x020215bc                __sflags
 .text._Balloc  0x02021678       0x8c C:/devkitPro/devkitARM/bin/../lib/gcc/arm-none-eabi/13.2.0/../../../../arm-none-eabi/lib\libg.a(libc_a-mprec.o)
                0x02021678                _Balloc
 .text._Bfree   0x02021704       0x1c C:/devkitPro/devkitARM/bin/../lib/gcc/arm-none-eabi/13.2.0/../../../../arm-none-eabi/lib\libg.a(libc_a-mprec.o)
                0x02021704                _Bfree
 .text.__multadd
                0x02021720      0x100 C:/devkitPro/devkitARM/bin/../lib/gcc/arm-none-eabi/13.2.0/../../../../arm-none-eabi/lib\libg.a(libc_a-mprec.o)
                0x02021720                __multadd
 .text.__hi0bits
                0x02021820       0x60 C:/devkitPro/devkitARM/bin/../lib/gcc/arm-none-eabi/13.2.0/../../../../arm-none-eabi/lib\libg.a(libc_a-mprec.o)
                0x02021820                __hi0bits
 .text.__lo0bits
                0x02021880       0xa0 C:/devkitPro/devkitARM/bin/../lib/gcc/arm-none-eabi/13.2.0/../../../../arm-none-eabi/lib\libg.a(libc_a-mprec.o)
                0x02021880                __lo0bits
 .text.__i2b    0x02021920       0xac C:/devkitPro/devkitARM/bin/../lib/gcc/arm-none-eabi/13.2.0/../../../../arm-none-eabi/lib\libg.a(libc_a-mprec.o)
                0x02021920                __i2b
 .text.__multiply
                0x020219cc      0x218 C:/devkitPro/devkitARM/bin/../lib/gcc/arm-none-eabi/13.2.0/../../../../arm-none-eabi/lib\libg.a(libc_a-mprec.o)
                0x020219cc                __multiply
 .text.__pow5mult
                0x02021be4      0x12c C:/devkitPro/devkitARM/bin/../lib/gcc/arm-none-eabi/13.2.0/../../../../arm-none-eabi/lib\libg.a(libc_a-mprec.o)
                0x02021be4                __pow5mult
 .text.__lshift
                0x02021d10      0x144 C:/devkitPro/devkitARM/bin/../lib/gcc/arm-none-eabi/13.2.0/../../../../arm-none-eabi/lib\libg.a(libc_a-mprec.o)
                0x02021d10                __lshift
 .text.__mcmp   0x02021e54       0x54 C:/devkitPro/devkitARM/bin/../lib/gcc/arm-none-eabi/13.2.0/../../../../arm-none-eabi/lib\libg.a(libc_a-mprec.o)
                0x02021e54                __mcmp
 .text.__mdiff  0x02021ea8      0x214 C:/devkitPro/devkitARM/bin/../lib/gcc/arm-none-eabi/13.2.0/../../../../arm-none-eabi/lib\libg.a(libc_a-mprec.o)
                0x02021ea8                __mdiff
 .text.__d2b    0x020220bc      0x128 C:/devkitPro/devkitARM/bin/../lib/gcc/arm-none-eabi/13.2.0/../../../../arm-none-eabi/lib\libg.a(libc_a-mprec.o)
                0x020220bc                __d2b
 .text.__sfvwrite_r
                0x020221e4      0x4c8 C:/devkitPro/devkitARM/bin/../lib/gcc/arm-none-eabi/13.2.0/../../../../arm-none-eabi/lib\libg.a(libc_a-fvwrite.o)
                0x020221e4                __sfvwrite_r
 .text.gmtime_r
                0x020226ac      0x26c C:/devkitPro/devkitARM/bin/../lib/gcc/arm-none-eabi/13.2.0/../../../../arm-none-eabi/lib\libg.a(libc_a-gmtime_r.o)
                0x020226ac                gmtime_r
 .text._realloc_r
                0x02022918      0x4b8 C:/devkitPro/devkitARM/bin/../lib/gcc/arm-none-eabi/13.2.0/../../../../arm-none-eabi/lib\libg.a(libc_a-reallocr.o)
                0x02022918                _realloc_r
 .text.__tz_lock
                0x02022dd0       0x18 C:/devkitPro/devkitARM/bin/../lib/gcc/arm-none-eabi/13.2.0/../../../../arm-none-eabi/lib\libg.a(libc_a-tzlock.o)
                0x02022dd0                __tz_lock
 .text.__tz_unlock
                0x02022de8       0x18 C:/devkitPro/devkitARM/bin/../lib/gcc/arm-none-eabi/13.2.0/../../../../arm-none-eabi/lib\libg.a(libc_a-tzlock.o)
                0x02022de8                __tz_unlock
 .text.__utf8_mbtowc
                0x02022e00      0x308 C:/devkitPro/devkitARM/bin/../lib/gcc/arm-none-eabi/13.2.0/../../../../arm-none-eabi/lib\libg.a(libc_a-mbtowc_r.o)
                0x02022e00                __utf8_mbtowc
 .text._wcsnrtombs_l
                0x02023108      0x198 C:/devkitPro/devkitARM/bin/../lib/gcc/arm-none-eabi/13.2.0/../../../../arm-none-eabi/lib\libg.a(libc_a-wcsnrtombs.o)
                0x02023108                _wcsnrtombs_l
 .text._wcsnrtombs_r
                0x020232a0       0x68 C:/devkitPro/devkitARM/bin/../lib/gcc/arm-none-eabi/13.2.0/../../../../arm-none-eabi/lib\libg.a(libc_a-wcsnrtombs.o)
                0x020232a0                _wcsnrtombs_r
 .text.__env_lock
                0x02023308       0x18 C:/devkitPro/devkitARM/bin/../lib/gcc/arm-none-eabi/13.2.0/../../../../arm-none-eabi/lib\libg.a(libc_a-envlock.o)
                0x02023308                __env_lock
 .text.__env_unlock
                0x02023320       0x18 C:/devkitPro/devkitARM/bin/../lib/gcc/arm-none-eabi/13.2.0/../../../../arm-none-eabi/lib\libg.a(libc_a-envlock.o)
                0x02023320                __env_unlock
 .text.__assert_func
                0x02023338       0x5c C:/devkitPro/devkitARM/bin/../lib/gcc/arm-none-eabi/13.2.0/../../../../arm-none-eabi/lib\libg.a(libc_a-assert.o)
                0x02023338                __assert_func
 .text.fiprintf
                0x02023394       0x3c C:/devkitPro/devkitARM/bin/../lib/gcc/arm-none-eabi/13.2.0/../../../../arm-none-eabi/lib\libg.a(libc_a-fiprintf.o)
                0x02023394                fiprintf
 .text.abort    0x020233d0       0x14 C:/devkitPro/devkitARM/bin/../lib/gcc/arm-none-eabi/13.2.0/../../../../arm-none-eabi/lib\libg.a(libc_a-abort.o)
                0x020233d0                abort
 .text._raise_r
                0x020233e4       0x94 C:/devkitPro/devkitARM/bin/../lib/gcc/arm-none-eabi/13.2.0/../../../../arm-none-eabi/lib\libg.a(libc_a-signal.o)
                0x020233e4                _raise_r
 .text.raise    0x02023478       0x18 C:/devkitPro/devkitARM/bin/../lib/gcc/arm-none-eabi/13.2.0/../../../../arm-none-eabi/lib\libg.a(libc_a-signal.o)
                0x02023478                raise
 .text._exit    0x02023490       0x20 C:/devkitPro/devkitARM/bin/../lib/gcc/arm-none-eabi/13.2.0/../../../../arm-none-eabi/lib\libsysbase.a(libsysbase_libsysbase_a-_exit.o)
                0x02023490                _exit
 .text.build_argv
                0x020234b0       0x90 C:/devkitPro/devkitARM/bin/../lib/gcc/arm-none-eabi/13.2.0/../../../../arm-none-eabi/lib\libsysbase.a(libsysbase_libsysbase_a-build_argv.o)
                0x020234b0                build_argv
 .text.chdir    0x02023540      0x144 C:/devkitPro/devkitARM/bin/../lib/gcc/arm-none-eabi/13.2.0/../../../../arm-none-eabi/lib\libsysbase.a(libsysbase_libsysbase_a-chdir.o)
                0x02023540                chdir
 .text.getcwd   0x02023684       0x8c C:/devkitPro/devkitARM/bin/../lib/gcc/arm-none-eabi/13.2.0/../../../../arm-none-eabi/lib\libsysbase.a(libsysbase_libsysbase_a-chdir.o)
                0x02023684                getcwd
 .text._concatenate_path
                0x02023710      0x1d4 C:/devkitPro/devkitARM/bin/../lib/gcc/arm-none-eabi/13.2.0/../../../../arm-none-eabi/lib\libsysbase.a(libsysbase_libsysbase_a-concatenate.o)
                0x02023710                _concatenate_path
 .text._fstat_r
                0x020238e4       0x7c C:/devkitPro/devkitARM/bin/../lib/gcc/arm-none-eabi/13.2.0/../../../../arm-none-eabi/lib\libsysbase.a(libsysbase_libsysbase_a-fstat.o)
                0x020238e4                _fstat_r
 .text._getpid_r
                0x02023960       0x14 C:/devkitPro/devkitARM/bin/../lib/gcc/arm-none-eabi/13.2.0/../../../../arm-none-eabi/lib\libsysbase.a(libsysbase_libsysbase_a-getpid.o)
                0x02023960                _getpid_r
 .text.__getreent
                0x02023974       0x30 C:/devkitPro/devkitARM/bin/../lib/gcc/arm-none-eabi/13.2.0/../../../../arm-none-eabi/lib\libsysbase.a(libsysbase_libsysbase_a-getreent.o)
                0x02023974                __getreent
 .text._gettimeofday_r
                0x020239a4       0x34 C:/devkitPro/devkitARM/bin/../lib/gcc/arm-none-eabi/13.2.0/../../../../arm-none-eabi/lib\libsysbase.a(libsysbase_libsysbase_a-gettod.o)
                0x020239a4                _gettimeofday_r
 .text.__release_handle
                0x020239d8       0x90 C:/devkitPro/devkitARM/bin/../lib/gcc/arm-none-eabi/13.2.0/../../../../arm-none-eabi/lib\libsysbase.a(libsysbase_libsysbase_a-handle_manager.o)
                0x020239d8                __release_handle
 .text.__alloc_handle
                0x02023a68       0xb4 C:/devkitPro/devkitARM/bin/../lib/gcc/arm-none-eabi/13.2.0/../../../../arm-none-eabi/lib\libsysbase.a(libsysbase_libsysbase_a-handle_manager.o)
                0x02023a68                __alloc_handle
 .text.__get_handle
                0x02023b1c       0x40 C:/devkitPro/devkitARM/bin/../lib/gcc/arm-none-eabi/13.2.0/../../../../arm-none-eabi/lib\libsysbase.a(libsysbase_libsysbase_a-handle_manager.o)
                0x02023b1c                __get_handle
 .text._close_r
                0x02023b5c       0xfc C:/devkitPro/devkitARM/bin/../lib/gcc/arm-none-eabi/13.2.0/../../../../arm-none-eabi/lib\libsysbase.a(libsysbase_libsysbase_a-handle_manager.o)
                0x02023b5c                _close_r
 .text.null_write
                0x02023c58        0x8 C:/devkitPro/devkitARM/bin/../lib/gcc/arm-none-eabi/13.2.0/../../../../arm-none-eabi/lib\libsysbase.a(libsysbase_libsysbase_a-iosupport.o)
 .text.setDefaultDevice
                0x02023c60       0x18 C:/devkitPro/devkitARM/bin/../lib/gcc/arm-none-eabi/13.2.0/../../../../arm-none-eabi/lib\libsysbase.a(libsysbase_libsysbase_a-iosupport.o)
                0x02023c60                setDefaultDevice
 .text.FindDevice
                0x02023c78       0xd4 C:/devkitPro/devkitARM/bin/../lib/gcc/arm-none-eabi/13.2.0/../../../../arm-none-eabi/lib\libsysbase.a(libsysbase_libsysbase_a-iosupport.o)
                0x02023c78                FindDevice
 .text.AddDevice
                0x02023d4c       0xa4 C:/devkitPro/devkitARM/bin/../lib/gcc/arm-none-eabi/13.2.0/../../../../arm-none-eabi/lib\libsysbase.a(libsysbase_libsysbase_a-iosupport.o)
                0x02023d4c                AddDevice
 .text.GetDeviceOpTab
                0x02023df0       0x24 C:/devkitPro/devkitARM/bin/../lib/gcc/arm-none-eabi/13.2.0/../../../../arm-none-eabi/lib\libsysbase.a(libsysbase_libsysbase_a-iosupport.o)
                0x02023df0                GetDeviceOpTab
 .text._isatty_r
                0x02023e14        0x8 C:/devkitPro/devkitARM/bin/../lib/gcc/arm-none-eabi/13.2.0/../../../../arm-none-eabi/lib\libsysbase.a(libsysbase_libsysbase_a-isatty.o)
                0x02023e14                _isatty_r
 .text._kill_r  0x02023e1c       0x14 C:/devkitPro/devkitARM/bin/../lib/gcc/arm-none-eabi/13.2.0/../../../../arm-none-eabi/lib\libsysbase.a(libsysbase_libsysbase_a-kill.o)
                0x02023e1c                _kill_r
 .text._lseek_r
                0x02023e30       0x88 C:/devkitPro/devkitARM/bin/../lib/gcc/arm-none-eabi/13.2.0/../../../../arm-none-eabi/lib\libsysbase.a(libsysbase_libsysbase_a-lseek.o)
                0x02023e30                _lseek_r
 .text._open_r  0x02023eb8       0xc4 C:/devkitPro/devkitARM/bin/../lib/gcc/arm-none-eabi/13.2.0/../../../../arm-none-eabi/lib\libsysbase.a(libsysbase_libsysbase_a-open.o)
                0x02023eb8                _open_r
 .text._read_r  0x02023f7c       0x84 C:/devkitPro/devkitARM/bin/../lib/gcc/arm-none-eabi/13.2.0/../../../../arm-none-eabi/lib\libsysbase.a(libsysbase_libsysbase_a-read.o)
                0x02023f7c                _read_r
 .text._sbrk_r  0x02024000       0x7c C:/devkitPro/devkitARM/bin/../lib/gcc/arm-none-eabi/13.2.0/../../../../arm-none-eabi/lib\libsysbase.a(libsysbase_libsysbase_a-sbrk.o)
                0x02024000                _sbrk_r
 .text._stat_r  0x0202407c       0x74 C:/devkitPro/devkitARM/bin/../lib/gcc/arm-none-eabi/13.2.0/../../../../arm-none-eabi/lib\libsysbase.a(libsysbase_libsysbase_a-stat.o)
                0x0202407c                _stat_r
 .text.__libc_lock_acquire
                0x020240f0       0x20 C:/devkitPro/devkitARM/bin/../lib/gcc/arm-none-eabi/13.2.0/../../../../arm-none-eabi/lib\libsysbase.a(libsysbase_libsysbase_a-syscall_support.o)
                0x020240f0                __libc_lock_acquire
 .text.__libc_lock_release
                0x02024110       0x20 C:/devkitPro/devkitARM/bin/../lib/gcc/arm-none-eabi/13.2.0/../../../../arm-none-eabi/lib\libsysbase.a(libsysbase_libsysbase_a-syscall_support.o)
                0x02024110                __libc_lock_release
 .text.__libc_lock_acquire_recursive
                0x02024130       0x20 C:/devkitPro/devkitARM/bin/../lib/gcc/arm-none-eabi/13.2.0/../../../../arm-none-eabi/lib\libsysbase.a(libsysbase_libsysbase_a-syscall_support.o)
                0x02024130                __libc_lock_acquire_recursive
 .text.__libc_lock_release_recursive
                0x02024150       0x20 C:/devkitPro/devkitARM/bin/../lib/gcc/arm-none-eabi/13.2.0/../../../../arm-none-eabi/lib\libsysbase.a(libsysbase_libsysbase_a-syscall_support.o)
                0x02024150                __libc_lock_release_recursive
 .text._write_r
                0x02024170       0x84 C:/devkitPro/devkitARM/bin/../lib/gcc/arm-none-eabi/13.2.0/../../../../arm-none-eabi/lib\libsysbase.a(libsysbase_libsysbase_a-write.o)
                0x02024170                _write_r
 *fill*         0x020241f4        0x4 ff
 .text._write_r.__stub
                0x020241f8      0x35c linker stubs
 *(EXCLUDE_FILE(*.twl*) .gnu.warning)
 *(EXCLUDE_FILE(*.twl*) .gnu.linkonce.t*)
 *(.glue_7)
 .glue_7        0x020245c8        0x0 linker stubs
 *(.glue_7t)
 .glue_7t       0x020245c8        0x0 linker stubs
                0x020245c8                        . = ALIGN (0x4)

.vfp11_veneer   0x020245c8        0x0
 .vfp11_veneer  0x020245c8        0x0 linker stubs

.v4_bx          0x020245c8        0x0
 .v4_bx         0x020245c8        0x0 linker stubs

.iplt           0x020245c8        0x0
 .iplt          0x020245c8        0x0 C:/devkitPro/devkitARM/bin/../lib/gcc/arm-none-eabi/13.2.0/../../../../arm-none-eabi/lib/ds_arm9_crt0.o

.fini           0x020245c8       0x18
 *(.fini)
 .fini          0x020245c8        0xc C:/devkitPro/devkitARM/bin/../lib/gcc/arm-none-eabi/13.2.0/crti.o
                0x020245c8                _fini
 .fini          0x020245d4        0xc C:/devkitPro/devkitARM/bin/../lib/gcc/arm-none-eabi/13.2.0/crtn.o
                0x020245e0                        __text_end = .

.rodata         0x020245e0     0x6a20
 *(EXCLUDE_FILE(*.twl*) .rodata)
 .rodata        0x020245e0       0x50 C:/devkitPro/nflib/lib\libnflib.a(nf_basic.o)
 .rodata        0x02024630       0x90 C:/devkitPro/nflib/lib\libnflib.a(nf_sprite256.o)
 .rodata        0x020246c0      0x170 C:/devkitPro/nflib/lib\libnflib.a(nf_text.o)
 *all.rodata*(*)
 *(EXCLUDE_FILE(*.twl*) .roda)
 *(EXCLUDE_FILE(*.twl*) .rodata.*)
 .rodata.str1.4
                0x02024830      0x9c0 game.o
                                 0x60 (size before relaxing)
 .rodata.str1.4
                0x020251f0       0x27 C:/devkitPro/nflib/lib\libnflib.a(nf_2d.o)
 .rodata.str1.4
                0x020251f0      0x667 C:/devkitPro/nflib/lib\libnflib.a(nf_basic.o)
 .rodata.str1.4
                0x020251f0       0x87 C:/devkitPro/nflib/lib\libnflib.a(nf_sprite256.o)
 .rodata.str1.4
                0x020251f0       0x41 C:/devkitPro/nflib/lib\libnflib.a(nf_text.o)
 .rodata.str1.4
                0x020251f0       0x70 C:/devkitPro/nflib/lib\libnflib.a(nf_tiledbg.o)
 .rodata.nitroFSInit.str1.4
                0x020251f0        0x8 C:/devkitPro/libnds/lib\libfilesystem.a(nitrofs.o)
 .rodata.str1.4
                0x020251f0        0xe C:/devkitPro/libnds/lib\libfilesystem.a(nitrofs.o)
 .rodata.fatMount.part.0.str1.4
                0x020251f0        0x2 C:/devkitPro/libnds/lib\libfat.a(libfat.o)
 .rodata.fatInit.str1.4
                0x020251f0        0x3 C:/devkitPro/libnds/lib\libfat.a(libfat.o)
 .rodata.str1.4
                0x020251f0        0x4 C:/devkitPro/libnds/lib\libfat.a(libfat.o)
 .rodata.dotab_fat
                0x020251f0       0x70 C:/devkitPro/libnds/lib\libfat.a(libfat.o)
 .rodata.str1.4
                0x02025260        0x8 C:/devkitPro/libnds/lib\libfat.a(disc.o)
 .rodata._FAT_disc_interfaces
                0x02025260       0x18 C:/devkitPro/libnds/lib\libfat.a(disc.o)
                0x02025260                _FAT_disc_interfaces
 .rodata._FAT_directory_entryFromPath.str1.4
                0x02025278        0x7 C:/devkitPro/libnds/lib\libfat.a(directory.o)
 .rodata.ILLEGAL_ALIAS_CHARACTERS
                0x02025278       0x12 C:/devkitPro/libnds/lib\libfat.a(directory.o)
 *fill*         0x0202528a        0x2 ff
 .rodata.ILLEGAL_LFN_CHARACTERS
                0x0202528c        0xa C:/devkitPro/libnds/lib\libfat.a(directory.o)
 *fill*         0x02025296        0x2 ff
 .rodata.LFN_offset_table
                0x02025298       0x34 C:/devkitPro/libnds/lib\libfat.a(directory.o)
 .rodata.FAT_SIG
                0x020252cc        0x3 C:/devkitPro/libnds/lib\libfat.a(partition.o)
 *fill*         0x020252cf        0x1 ff
 .rodata.FS_TWL_SIG
                0x020252d0        0x8 C:/devkitPro/libnds/lib\libfat.a(partition.o)
 .rodata.con_write.str1.4
                0x020252d8       0x30 C:/devkitPro/libnds/lib\libnds9.a(console.o)
 .rodata.con_write
                0x020252d8       0xd4 C:/devkitPro/libnds/lib\libnds9.a(console.o)
 .rodata.str1.4
                0x020253ac       0x14 C:/devkitPro/libnds/lib\libnds9.a(console.o)
 .rodata.dotab_stdout
                0x020253ac       0x70 C:/devkitPro/libnds/lib\libnds9.a(console.o)
 .rodata.default_font_bin
                0x0202541c     0x2000 C:/devkitPro/libnds/lib\libnds9.a(default_font.bin.o)
                0x0202541c                default_font_bin
                0x0202741c                default_font_bin_end
 .rodata.SIN_LUT
                0x0202741c      0x102 C:/devkitPro/libnds/lib\libnds9.a(trig.o)
                0x0202741c                SIN_LUT
 .rodata._mbrtowc_r.str1.4
                0x0202751e        0x1 C:/devkitPro/devkitARM/bin/../lib/gcc/arm-none-eabi/13.2.0/../../../../arm-none-eabi/lib\libg.a(libc_a-mbrtowc.o)
 *fill*         0x0202751e        0x2 ff
 .rodata._ctype_
                0x02027520      0x101 C:/devkitPro/devkitARM/bin/../lib/gcc/arm-none-eabi/13.2.0/../../../../arm-none-eabi/lib\libg.a(libc_a-ctype_.o)
                0x02027520                _ctype_
 *fill*         0x02027621        0x3 ff
 .rodata.basefix.0
                0x02027624       0x22 C:/devkitPro/devkitARM/bin/../lib/gcc/arm-none-eabi/13.2.0/../../../../arm-none-eabi/lib\libg.a(libc_a-svfiscanf.o)
 .rodata._svfprintf_r.str1.1
                0x02027646       0x3b C:/devkitPro/devkitARM/bin/../lib/gcc/arm-none-eabi/13.2.0/../../../../arm-none-eabi/lib\libg.a(libc_a-svfprintf.o)
 *fill*         0x02027681        0x3 ff
 .rodata.zeroes.0
                0x02027684       0x10 C:/devkitPro/devkitARM/bin/../lib/gcc/arm-none-eabi/13.2.0/../../../../arm-none-eabi/lib\libg.a(libc_a-svfprintf.o)
 .rodata.blanks.1
                0x02027694       0x10 C:/devkitPro/devkitARM/bin/../lib/gcc/arm-none-eabi/13.2.0/../../../../arm-none-eabi/lib\libg.a(libc_a-svfprintf.o)
 .rodata._DAYS_BEFORE_MONTH
                0x020276a4       0x30 C:/devkitPro/devkitARM/bin/../lib/gcc/arm-none-eabi/13.2.0/../../../../arm-none-eabi/lib\libg.a(libc_a-mktime.o)
 .rodata.DAYS_IN_MONTH
                0x020276d4       0x30 C:/devkitPro/devkitARM/bin/../lib/gcc/arm-none-eabi/13.2.0/../../../../arm-none-eabi/lib\libg.a(libc_a-mktime.o)
 .rodata._tzset_unlocked_r.str1.4
                0x02027704       0x6b C:/devkitPro/devkitARM/bin/../lib/gcc/arm-none-eabi/13.2.0/../../../../arm-none-eabi/lib\libg.a(libc_a-tzset_r.o)
 .rodata.__month_lengths
                0x02027704       0x60 C:/devkitPro/devkitARM/bin/../lib/gcc/arm-none-eabi/13.2.0/../../../../arm-none-eabi/lib\libg.a(libc_a-month_lengths.o)
                0x02027704                __month_lengths
 .rodata.str1.4
                0x02027764        0x4 C:/devkitPro/devkitARM/bin/../lib/gcc/arm-none-eabi/13.2.0/../../../../arm-none-eabi/lib\libg.a(libc_a-tzvars.o)
 .rodata.str1.4
                0x02027764       0x4c C:/devkitPro/devkitARM/bin/../lib/gcc/arm-none-eabi/13.2.0/../../../../arm-none-eabi/lib\libg.a(libc_a-locale.o)
 .rodata.categories
                0x02027764     0x3528 C:/devkitPro/devkitARM/bin/../lib/gcc/arm-none-eabi/13.2.0/../../../../arm-none-eabi/lib\libg.a(libc_a-categories.o)
 .rodata._vfiprintf_r.str1.1
                0x0202ac8c       0x29 C:/devkitPro/devkitARM/bin/../lib/gcc/arm-none-eabi/13.2.0/../../../../arm-none-eabi/lib\libg.a(libc_a-vfiprintf.o)
 .rodata.zeroes.0
                0x0202ac8c       0x10 C:/devkitPro/devkitARM/bin/../lib/gcc/arm-none-eabi/13.2.0/../../../../arm-none-eabi/lib\libg.a(libc_a-vfiprintf.o)
 .rodata.blanks.1
                0x0202ac9c       0x10 C:/devkitPro/devkitARM/bin/../lib/gcc/arm-none-eabi/13.2.0/../../../../arm-none-eabi/lib\libg.a(libc_a-vfiprintf.o)
 .rodata.__action_table
                0x0202acac       0x6c C:/devkitPro/devkitARM/bin/../lib/gcc/arm-none-eabi/13.2.0/../../../../arm-none-eabi/lib\libg.a(libc_a-svfiprintf.o)
                0x0202acac                __action_table
 .rodata.__state_table
                0x0202ad18       0x6c C:/devkitPro/devkitARM/bin/../lib/gcc/arm-none-eabi/13.2.0/../../../../arm-none-eabi/lib\libg.a(libc_a-svfiprintf.o)
                0x0202ad18                __state_table
 .rodata.__chclass
                0x0202ad84      0x100 C:/devkitPro/devkitARM/bin/../lib/gcc/arm-none-eabi/13.2.0/../../../../arm-none-eabi/lib\libg.a(libc_a-svfiprintf.o)
                0x0202ad84                __chclass
 .rodata._dtoa_r.str1.4
                0x0202ae84       0x64 C:/devkitPro/devkitARM/bin/../lib/gcc/arm-none-eabi/13.2.0/../../../../arm-none-eabi/lib\libg.a(libc_a-dtoa.o)
 .rodata.__multadd.str1.4
                0x0202ae84       0x51 C:/devkitPro/devkitARM/bin/../lib/gcc/arm-none-eabi/13.2.0/../../../../arm-none-eabi/lib\libg.a(libc_a-mprec.o)
 .rodata.p05.0  0x0202ae84        0xc C:/devkitPro/devkitARM/bin/../lib/gcc/arm-none-eabi/13.2.0/../../../../arm-none-eabi/lib\libg.a(libc_a-mprec.o)
 .rodata.__mprec_bigtens
                0x0202ae90       0x28 C:/devkitPro/devkitARM/bin/../lib/gcc/arm-none-eabi/13.2.0/../../../../arm-none-eabi/lib\libg.a(libc_a-mprec.o)
                0x0202ae90                __mprec_bigtens
 .rodata.__mprec_tens
                0x0202aeb8       0xc8 C:/devkitPro/devkitARM/bin/../lib/gcc/arm-none-eabi/13.2.0/../../../../arm-none-eabi/lib\libg.a(libc_a-mprec.o)
                0x0202aeb8                __mprec_tens
 .rodata.__assert_func.str1.4
                0x0202af80       0x43 C:/devkitPro/devkitARM/bin/../lib/gcc/arm-none-eabi/13.2.0/../../../../arm-none-eabi/lib\libg.a(libc_a-assert.o)
 .rodata.AddDevice.str1.4
                0x0202af80        0x8 C:/devkitPro/devkitARM/bin/../lib/gcc/arm-none-eabi/13.2.0/../../../../arm-none-eabi/lib\libsysbase.a(libsysbase_libsysbase_a-iosupport.o)
 .rodata.dotab_stdnull
                0x0202af80       0x80 C:/devkitPro/devkitARM/bin/../lib/gcc/arm-none-eabi/13.2.0/../../../../arm-none-eabi/lib\libsysbase.a(libsysbase_libsysbase_a-iosupport.o)
                0x0202af80                dotab_stdnull
 *(EXCLUDE_FILE(*.twl*) .gnu.linkonce.r*)
                0x0202b000                        . = ALIGN (0x4)

.ARM.extab
 *(.ARM.extab* .gnu.linkonce.armextab.*)
                0x0202b000                        __exidx_start = .

ARM.exidx
 *(.ARM.exidx* .gnu.linkonce.armexidx.*)
                0x0202b000                        __exidx_end = .
                0x0202b000                        . = ALIGN (0x4)
                0x0202b000                        PROVIDE (__preinit_array_start = .)

.preinit_array
 *(.preinit_array)
                0x0202b000                        PROVIDE (__preinit_array_end = .)
                0x0202b000                        PROVIDE (__init_array_start = .)

.init_array     0x0202b000        0x8
 *(SORT_BY_NAME(.init_array.*))
 *(.init_array)
 .init_array    0x0202b000        0x4 C:/devkitPro/devkitARM/bin/../lib/gcc/arm-none-eabi/13.2.0/crtbegin.o
 .init_array    0x0202b004        0x4 main.o
                0x0202b008                        PROVIDE (__init_array_end = .)
                [!provide]                        PROVIDE (__fini_array_start = .)

.fini_array     0x0202b008        0x4
 *(.fini_array)
 .fini_array    0x0202b008        0x4 C:/devkitPro/devkitARM/bin/../lib/gcc/arm-none-eabi/13.2.0/crtbegin.o
 *(SORT_BY_NAME(.fini_array.*))
                [!provide]                        PROVIDE (__fini_array_end = .)

.ctors          0x0202b00c        0x0
 *crtbegin.o(.ctors)
 *(EXCLUDE_FILE(*crtend.o) .ctors)
 *(SORT_BY_NAME(.ctors.*))
 *(.ctors)
                0x0202b00c                        . = ALIGN (0x4)

.dtors          0x0202b00c        0x0
 *crtbegin.o(.dtors)
 *(EXCLUDE_FILE(*crtend.o) .dtors)
 *(SORT_BY_NAME(.dtors.*))
 *(.dtors)
                0x0202b00c                        . = ALIGN (0x4)

.eh_frame       0x0202b00c        0x4
 *(.eh_frame)
 .eh_frame      0x0202b00c        0x0 C:/devkitPro/devkitARM/bin/../lib/gcc/arm-none-eabi/13.2.0/crtbegin.o
 .eh_frame      0x0202b00c        0x4 C:/devkitPro/devkitARM/bin/../lib/gcc/arm-none-eabi/13.2.0/crtend.o
                0x0202b010                        . = ALIGN (0x4)

.gcc_except_table
                0x0202b010        0x0
 *(.gcc_except_table)
                0x0202b010                        . = ALIGN (0x4)

.jcr
 *(.jcr)

.got
 *(.got.plt)
 *(.got)
 *(.rel.got)

.ewram          0x0202b010        0x0
                0x0202b010                        __ewram_start = ABSOLUTE (.)
 *(.ewram)
 *ewram.*(.text)
                0x0202b010                        . = ALIGN (0x4)

.data           0x0202b010     0x2528
                0x0202b010                        __data_start = ABSOLUTE (.)
 *(EXCLUDE_FILE(*.twl*) .data)
 .data          0x0202b010       0x28 C:/devkitPro/libnds/lib\libnds9.a(mpu_setup.o)
 *(EXCLUDE_FILE(*.twl*) .data.*)
 .data.ndsFileFD
                0x0202b038        0x4 C:/devkitPro/libnds/lib\libfilesystem.a(nitrofs.o)
 .data.nitroFSdevoptab
                0x0202b03c       0x70 C:/devkitPro/libnds/lib\libfilesystem.a(nitrofs.o)
                0x0202b03c                nitroFSdevoptab
 .data.syspaths
                0x0202b0ac        0x8 C:/devkitPro/libnds/lib\libfilesystem.a(nitrofs.o)
                0x0202b0ac                syspaths
 .data.currentConsole
                0x0202b0b4        0x4 C:/devkitPro/libnds/lib\libnds9.a(console.o)
                0x0202b0b4                currentConsole
 .data.defaultConsole
                0x0202b0b8       0x5c C:/devkitPro/libnds/lib\libnds9.a(console.o)
                0x0202b0b8                defaultConsole
 .data.firstConsoleInit.0
                0x0202b114        0x1 C:/devkitPro/libnds/lib\libnds9.a(console.o)
 *fill*         0x0202b115        0x3 ff
 .data.oamMain  0x0202b118       0x18 C:/devkitPro/libnds/lib\libnds9.a(sprite.o)
                0x0202b118                oamMain
 .data.oamSub   0x0202b130       0x18 C:/devkitPro/libnds/lib\libnds9.a(sprite.o)
                0x0202b130                oamSub
 .data.count    0x0202b148        0x1 C:/devkitPro/libnds/lib\libnds9.a(keys.o)
 .data.delay    0x0202b149        0x1 C:/devkitPro/libnds/lib\libnds9.a(keys.o)
 .data.repeat   0x0202b14a        0x1 C:/devkitPro/libnds/lib\libnds9.a(keys.o)
 *fill*         0x0202b14b        0x1 ff
 .data.fifo_buffer_free
                0x0202b14c        0x4 C:/devkitPro/libnds/lib\libnds9.a(fifosystem.o)
                0x0202b14c                fifo_buffer_free
 .data.fifo_freewords
                0x0202b150        0x4 C:/devkitPro/libnds/lib\libnds9.a(fifosystem.o)
                0x0202b150                fifo_freewords
 .data.fifo_receive_queue
                0x0202b154        0x4 C:/devkitPro/libnds/lib\libnds9.a(fifosystem.o)
                0x0202b154                fifo_receive_queue
 .data.fifo_send_queue
                0x0202b158        0x4 C:/devkitPro/libnds/lib\libnds9.a(fifosystem.o)
                0x0202b158                fifo_send_queue
 .data.bgControl
                0x0202b15c       0x20 C:/devkitPro/libnds/lib\libnds9.a(background.o)
                0x0202b15c                bgControl
 .data.bgScrollTable
                0x0202b17c       0x20 C:/devkitPro/libnds/lib\libnds9.a(background.o)
                0x0202b17c                bgScrollTable
 .data.bgTransform
                0x0202b19c       0x20 C:/devkitPro/libnds/lib\libnds9.a(background.o)
                0x0202b19c                bgTransform
 .data.__malloc_sbrk_base
                0x0202b1bc        0x4 C:/devkitPro/devkitARM/bin/../lib/gcc/arm-none-eabi/13.2.0/../../../../arm-none-eabi/lib\libg.a(libc_a-mallocr.o)
                0x0202b1bc                __malloc_sbrk_base
 .data.__malloc_trim_threshold
                0x0202b1c0        0x4 C:/devkitPro/devkitARM/bin/../lib/gcc/arm-none-eabi/13.2.0/../../../../arm-none-eabi/lib\libg.a(libc_a-mallocr.o)
                0x0202b1c0                __malloc_trim_threshold
 *fill*         0x0202b1c4        0x4 ff
 .data.__malloc_av_
                0x0202b1c8      0x408 C:/devkitPro/devkitARM/bin/../lib/gcc/arm-none-eabi/13.2.0/../../../../arm-none-eabi/lib\libg.a(libc_a-mallocr.o)
                0x0202b1c8                __malloc_av_
 .data.__sglue  0x0202b5d0        0xc C:/devkitPro/devkitARM/bin/../lib/gcc/arm-none-eabi/13.2.0/../../../../arm-none-eabi/lib\libg.a(libc_a-findfp.o)
                0x0202b5d0                __sglue
 .data._tzname  0x0202b5dc        0x8 C:/devkitPro/devkitARM/bin/../lib/gcc/arm-none-eabi/13.2.0/../../../../arm-none-eabi/lib\libg.a(libc_a-tzvars.o)
                0x0202b5dc                _tzname
 *fill*         0x0202b5e4        0x4 ff
 .data.tzinfo   0x0202b5e8       0x58 C:/devkitPro/devkitARM/bin/../lib/gcc/arm-none-eabi/13.2.0/../../../../arm-none-eabi/lib\libg.a(libc_a-gettzinfo.o)
 .data.__global_locale
                0x0202b640      0x16c C:/devkitPro/devkitARM/bin/../lib/gcc/arm-none-eabi/13.2.0/../../../../arm-none-eabi/lib\libg.a(libc_a-locale.o)
                0x0202b640                __global_locale
 .data._impure_ptr
                0x0202b7ac        0x4 C:/devkitPro/devkitARM/bin/../lib/gcc/arm-none-eabi/13.2.0/../../../../arm-none-eabi/lib\libg.a(libc_a-impure.o)
                0x0202b7ac                _impure_ptr
 .data._impure_data
                0x0202b7b0      0x120 C:/devkitPro/devkitARM/bin/../lib/gcc/arm-none-eabi/13.2.0/../../../../arm-none-eabi/lib\libg.a(libc_a-impure.o)
                0x0202b7b0                _impure_data
 .data.caseconv_table
                0x0202b8d0      0x7b0 C:/devkitPro/devkitARM/bin/../lib/gcc/arm-none-eabi/13.2.0/../../../../arm-none-eabi/lib\libg.a(libc_a-towctrans_l.o)
 .data.environ  0x0202c080        0x4 C:/devkitPro/devkitARM/bin/../lib/gcc/arm-none-eabi/13.2.0/../../../../arm-none-eabi/lib\libg.a(libc_a-environ.o)
                0x0202c080                environ
 .data._current_working_directory
                0x0202c084      0x400 C:/devkitPro/devkitARM/bin/../lib/gcc/arm-none-eabi/13.2.0/../../../../arm-none-eabi/lib\libsysbase.a(libsysbase_libsysbase_a-chdir.o)
 .data.handles  0x0202c484     0x1000 C:/devkitPro/devkitARM/bin/../lib/gcc/arm-none-eabi/13.2.0/../../../../arm-none-eabi/lib\libsysbase.a(libsysbase_libsysbase_a-handle_manager.o)
 .data.__stderr_handle
                0x0202d484        0xc C:/devkitPro/devkitARM/bin/../lib/gcc/arm-none-eabi/13.2.0/../../../../arm-none-eabi/lib\libsysbase.a(libsysbase_libsysbase_a-handle_manager.o)
 .data.__stdout_handle
                0x0202d490        0xc C:/devkitPro/devkitARM/bin/../lib/gcc/arm-none-eabi/13.2.0/../../../../arm-none-eabi/lib\libsysbase.a(libsysbase_libsysbase_a-handle_manager.o)
 .data.__stdin_handle
                0x0202d49c        0xc C:/devkitPro/devkitARM/bin/../lib/gcc/arm-none-eabi/13.2.0/../../../../arm-none-eabi/lib\libsysbase.a(libsysbase_libsysbase_a-handle_manager.o)
 .data.devoptab_list