Archive member included to satisfy reference by file (symbol)

C:/devkitPro/nflib/lib\libnflib.a(nf_2d.o)
                              game.o (NF_Set2D)
C:/devkitPro/nflib/lib\libnflib.a(nf_basic.o)
                              C:/devkitPro/nflib/lib\libnflib.a(nf_2d.o) (NF_Error)
C:/devkitPro/nflib/lib\libnflib.a(nf_sprite256.o)
                              C:/devkitPro/nflib/lib\libnflib.a(nf_2d.o) (NF_BUFFER_SPR256GFX)
C:/devkitPro/nflib/lib\libnflib.a(nf_tiledbg.o)
                              game.o (NF_InitTiledBgBuffers)
C:/devkitPro/libnds/lib\libfilesystem.a(nitrofs.o)
                              game.o (nitroFSInit)
C:/devkitPro/libnds/lib\libfat.a(libfat.o)
                              C:/devkitPro/libnds/lib\libfilesystem.a(nitrofs.o) (fatInitDefault)
C:/devkitPro/libnds/lib\libfat.a(disc.o)
                              C:/devkitPro/libnds/lib\libfat.a(libfat.o) (_FAT_disc_interfaces)
C:/devkitPro/libnds/lib\libfat.a(fatfile.o)
                              C:/devkitPro/libnds/lib\libfat.a(libfat.o) (_FAT_open_r)
C:/devkitPro/libnds/lib\libfat.a(cache.o)
                              C:/devkitPro/libnds/lib\libfat.a(fatfile.o) (_FAT_cache_readSectors)
C:/devkitPro/libnds/lib\libfat.a(fatdir.o)
                              C:/devkitPro/libnds/lib\libfat.a(libfat.o) (_FAT_stat_r)
C:/devkitPro/libnds/lib\libfat.a(directory.o)
                              C:/devkitPro/libnds/lib\libfat.a(fatfile.o) (_FAT_directory_entryGetCluster)
C:/devkitPro/libnds/lib\libfat.a(partition.o)
                              C:/devkitPro/libnds/lib\libfat.a(libfat.o) (_FAT_partition_destructor)
C:/devkitPro/libnds/lib\libfat.a(lock.o)
                              C:/devkitPro/libnds/lib\libfat.a(partition.o) (_FAT_lock_init)
C:/devkitPro/libnds/lib\libfat.a(filetime.o)
                              C:/devkitPro/libnds/lib\libfat.a(fatfile.o) (_FAT_filetime_getTimeFromRTC)
C:/devkitPro/libnds/lib\libfat.a(file_allocation_table.o)
                              C:/devkitPro/libnds/lib\libfat.a(fatfile.o) (_FAT_fat_nextCluster)
C:/devkitPro/libnds/lib\libnds9.a(video.o)
                              C:/devkitPro/nflib/lib\libnflib.a(nf_basic.o) (setBrightness)
C:/devkitPro/libnds/lib\libnds9.a(console.o)
                              C:/devkitPro/nflib/lib\libnflib.a(nf_basic.o) (consoleDemoInit)
C:/devkitPro/libnds/lib\libnds9.a(sprite.o)
                              C:/devkitPro/nflib/lib\libnflib.a(nf_sprite256.o) (oamInit)
C:/devkitPro/libnds/lib\libnds9.a(keys.o)
                              game.o (scanKeys)
C:/devkitPro/libnds/lib\libnds9.a(dldi.o)
                              C:/devkitPro/libnds/lib\libfat.a(disc.o) (dldiGetInternal)
C:/devkitPro/libnds/lib\libnds9.a(initSystem.o)
                              C:/devkitPro/devkitARM/bin/../lib/gcc/arm-none-eabi/13.2.0/../../../../arm-none-eabi/lib/ds_arm9_crt0.o (initSystem)
C:/devkitPro/libnds/lib\libnds9.a(securearea.o)
                              C:/devkitPro/devkitARM/bin/../lib/gcc/arm-none-eabi/13.2.0/../../../../arm-none-eabi/lib/ds_arm9_crt0.o (__secure_area__)
C:/devkitPro/libnds/lib\libnds9.a(interrupts.o)
                              C:/devkitPro/libnds/lib\libnds9.a(initSystem.o) (irqInit)
C:/devkitPro/libnds/lib\libnds9.a(libnds_exit.arm.o)
                              C:/devkitPro/devkitARM/bin/../lib/gcc/arm-none-eabi/13.2.0/../../../../arm-none-eabi/lib/ds_arm9_crt0.o (__libnds_exit)
C:/devkitPro/libnds/lib\libnds9.a(card.o)
                              C:/devkitPro/libnds/lib\libfilesystem.a(nitrofs.o) (cardParamCommand)
C:/devkitPro/libnds/lib\libnds9.a(fifosystem.o)
                              C:/devkitPro/libnds/lib\libnds9.a(initSystem.o) (fifoSetValue32Handler)
C:/devkitPro/libnds/lib\libnds9.a(dcache.o)
                              C:/devkitPro/nflib/lib\libnflib.a(nf_basic.o) (DC_FlushRange)
C:/devkitPro/libnds/lib\libnds9.a(dldi_stub.o)
                              C:/devkitPro/libnds/lib\libnds9.a(dldi.o) (_io_dldi_stub)
C:/devkitPro/libnds/lib\libnds9.a(mpu_setup.o)
                              C:/devkitPro/devkitARM/bin/../lib/gcc/arm-none-eabi/13.2.0/../../../../arm-none-eabi/lib/ds_arm9_crt0.o (__libnds_mpu_setup)
C:/devkitPro/libnds/lib\libnds9.a(IntrWait.o)
                              main.o (swiWaitForVBlank)
C:/devkitPro/libnds/lib\libnds9.a(cpu_clock.o)
                              C:/devkitPro/libnds/lib\libnds9.a(initSystem.o) (setCpuClock)
C:/devkitPro/libnds/lib\libnds9.a(interruptDispatcher.o)
                              C:/devkitPro/libnds/lib\libnds9.a(interrupts.o) (IntrMain)
C:/devkitPro/libnds/lib\libnds9.a(biosCalls.o)
                              C:/devkitPro/libnds/lib\libnds9.a(card.o) (swiDelay)
C:/devkitPro/libnds/lib\libnds9.a(debugprint.o)
                              C:/devkitPro/libnds/lib\libnds9.a(console.o) (nocashWrite)
C:/devkitPro/libnds/lib\libnds9.a(swiSoftReset.o)
                              C:/devkitPro/libnds/lib\libnds9.a(fifosystem.o) (swiSoftReset)
[...]
Memory Configuration

Name             Origin             Length             Attributes
ewram            0x02000000         0x00380000
dtcm             0x02ff0000         0x00004000
vectors          0x01000000         0x00000100
itcm             0x01000100         0x00007f00
*default*        0x00000000         0xffffffff

Linker script and memory map

                0x02380000                        __ewram_end = (ORIGIN (ewram) + LENGTH (ewram))
                0x02380000                        __eheap_end = (ORIGIN (ewram) + LENGTH (ewram))
                0x02ff4000                        __dtcm_top = (ORIGIN (dtcm) + LENGTH (dtcm))
                0x02ff3ff8                        __irq_flags = (__dtcm_top - 0x8)
                0x02ff3ffc                        __irq_vector = (__dtcm_top - 0x4)
                0x02ff3f00                        __sp_svc = (__dtcm_top - 0x100)
                0x02ff3e00                        __sp_irq = (__sp_svc - 0x100)
                0x02ff3d00                        __sp_usr = (__sp_irq - 0x100)

.secure         0x02000000      0x800
 *(.secure)
 .secure        0x02000000      0x800 C:/devkitPro/libnds/lib\libnds9.a(securearea.o)
                0x02000000                __secure_area__

.crt0           0x02000800      0x300
                0x02000800                        __text_start = .
 *(.crt0)
 .crt0          0x02000800      0x300 C:/devkitPro/devkitARM/bin/../lib/gcc/arm-none-eabi/13.2.0/../../../../arm-none-eabi/lib/ds_arm9_crt0.o
                0x02000800                _start
                0x02000b00                        . = ALIGN (0x4)

.plt
 *(.plt)

.init           0x02000b00       0x18
 *(SORT_NONE(.init))
 .init          0x02000b00        0xc C:/devkitPro/devkitARM/bin/../lib/gcc/arm-none-eabi/13.2.0/crti.o
                0x02000b00                _init
 .init          0x02000b0c        0xc C:/devkitPro/devkitARM/bin/../lib/gcc/arm-none-eabi/13.2.0/crtn.o

.text           0x02000b40    0x21bd0
 *(EXCLUDE_FILE(*.twl* *.vectors* *.itcm*) .text)
 .text          0x02000b40      0x268 game.o
                0x02000b40                Game::Game()
                0x02000b40                Game::Game()
                0x02000b78                Game::Init()
                0x02000bc0                Game::Tick()
                0x02000bd0                Game::Menu_Start()
                0x02000cc4                Game::Update()
                0x02000d44                Game::Menu_Main()
                0x02000d84                Game::Menu_Settings()
                0x02000d88                Game::Menu_Play()
                0x02000d8c                Game::Menu_Shop()
                0x02000d90                Game::Action_Battle()
                0x02000d94                Game::Action_MeleeBattle()
                0x02000d98                Game::Minigame_AimCannon()
                0x02000d9c                Game::Minigame_SteerShip()
                0x02000da0                Game::Minigame_RepairWood()
                0x02000da4                Game::Minigame_ChangeSails()
 .text          0x02000da8      0x65c C:/devkitPro/nflib/lib\libnflib.a(nf_2d.o)
                0x02000da8                NF_Set2D
                0x02000e0c                NF_ShowBg
                0x02000e80                NF_HideBg
                0x02000f1c                NF_ScrollBg
                0x02001218                NF_SpriteFrame
                0x020012d0                NF_EnableSpriteRotScale
                0x0200133c                NF_DisableSpriteRotScale
                0x02001398                NF_SpriteRotScale
 .text          0x02001404      0x588 C:/devkitPro/nflib/lib\libnflib.a(nf_basic.o)
                0x02001404                NF_Error
                0x020016b0                NF_SetRootFolder
                0x0200188c                NF_DmaMemCopy
                0x02001910                NF_FileLoad
 .text          0x0200198c     0x1510 C:/devkitPro/nflib/lib\libnflib.a(nf_tiledbg.o)
                0x0200198c                NF_InitTiledBgBuffers
                0x02001a20                NF_ResetTiledBgBuffers
                0x02001a7c                NF_InitTiledBgSys
                0x02001b94                NF_LoadTiledBg
                0x02001d40                NF_LoadTilesForBg
                0x02001f14                NF_UnloadTiledBg
                0x02001fb0                NF_DeleteTiledBg
                0x02002148                NF_CreateTiledBg
                0x020026b4                NF_GetTileMapAddress
                0x0200273c                NF_GetTileOfMap
                0x02002778                NF_SetTileOfMap
                0x020027b8                NF_UpdateVramMap
                0x020028b0                NF_BgSetPalColor
                0x02002944                NF_BgEditPalColor
                0x020029b0                NF_BgUpdatePalette
                0x02002a54                NF_BgGetPalColor
                0x02002ac4                NF_GetTilePal
                0x02002af8                NF_SetTilePal
                0x02002b38                NF_LoadExBgPal
                0x02002b98                NF_UnloadExBgPal
                0x02002bdc                NF_VramExBgPal
                0x02002c68                NF_SetExBgPal
                0x02002d28                NF_SetTileHflip
                0x02002d60                NF_SetTileVflip
                0x02002d98                NF_RotateTileGfx
 *fill*         0x02002e9c       0x24 ff
 .text          0x02002ec0     0x4000 C:/devkitPro/libnds/lib\libnds9.a(dldi_stub.o)
                0x02002ec0                _io_dldi_stub
 .text          0x02006ec0      0x114 C:/devkitPro/devkitARM/bin/../lib/gcc/arm-none-eabi/13.2.0\libgcc.a(_udivsi3.o)
                0x02006ec0                __aeabi_uidiv
                0x02006ec0                __udivsi3
                0x02006fb4                __aeabi_uidivmod
 .text          0x02006fd4      0x148 C:/devkitPro/devkitARM/bin/../lib/gcc/arm-none-eabi/13.2.0\libgcc.a(_divsi3.o)
                0x02006fd4                __divsi3
                0x02006fd4                __aeabi_idiv
                0x020070fc                __aeabi_idivmod
 .text          0x0200711c        0x4 C:/devkitPro/devkitARM/bin/../lib/gcc/arm-none-eabi/13.2.0\libgcc.a(_dvmd_tls.o)
                0x0200711c                __aeabi_idiv0
                0x0200711c                __aeabi_ldiv0
 .text          0x02007120       0xd4 C:/devkitPro/devkitARM/bin/../lib/gcc/arm-none-eabi/13.2.0\libgcc.a(_aeabi_ldivmod.o)
                0x02007120                __aeabi_ldivmod
 .text          0x020071f4       0x28 C:/devkitPro/devkitARM/bin/../lib/gcc/arm-none-eabi/13.2.0\libgcc.a(_clzdi2.o)
                0x020071f4                __clzdi2
 .text          0x0200721c       0x48 C:/devkitPro/devkitARM/bin/../lib/gcc/arm-none-eabi/13.2.0\libgcc.a(_clzsi2.o)
                0x0200721c                __clzsi2
 .text          0x02007264      0x224 C:/devkitPro/devkitARM/bin/../lib/gcc/arm-none-eabi/13.2.0/../../../../arm-none-eabi/lib\libg.a(libc_a-strcmp.o)
                0x02007264                strcmp
 .text          0x02007488      0x424 C:/devkitPro/devkitARM/bin/../lib/gcc/arm-none-eabi/13.2.0\libgcc.a(_arm_addsubdf3.o)
                0x02007488                __aeabi_drsub
                0x02007490                __aeabi_dsub
                0x02007490                __subdf3
                0x02007494                __aeabi_dadd
                0x02007494                __adddf3
                0x020077a4                __floatunsidf
                0x020077a4                __aeabi_ui2d
                0x020077c8                __floatsidf
                0x020077c8                __aeabi_i2d
                0x020077f0                __aeabi_f2d
                0x020077f0                __extendsfdf2
                0x02007838                __floatundidf
                0x02007838                __aeabi_ul2d
                0x0200784c                __floatdidf
                0x0200784c                __aeabi_l2d
 .text          0x020078ac      0x49c C:/devkitPro/devkitARM/bin/../lib/gcc/arm-none-eabi/13.2.0\libgcc.a(_arm_muldivdf3.o)
                0x020078ac                __aeabi_dmul
                0x020078ac                __muldf3
                0x02007b3c                __divdf3
                0x02007b3c                __aeabi_ddiv
 .text          0x02007d48      0x144 C:/devkitPro/devkitARM/bin/../lib/gcc/arm-none-eabi/13.2.0\libgcc.a(_arm_cmpdf2.o)
                0x02007d48                __gtdf2
                0x02007d48                __gedf2
                0x02007d50                __ltdf2
                0x02007d50                __ledf2
                0x02007d58                __nedf2
                0x02007d58                __eqdf2
                0x02007d58                __cmpdf2
                0x02007de0                __aeabi_cdrcmple
                0x02007dfc                __aeabi_cdcmpeq
                0x02007dfc                __aeabi_cdcmple
                0x02007e14                __aeabi_dcmpeq
                0x02007e2c                __aeabi_dcmplt
                0x02007e44                __aeabi_dcmple
                0x02007e5c                __aeabi_dcmpge
                0x02007e74                __aeabi_dcmpgt
 .text          0x02007e8c       0x38 C:/devkitPro/devkitARM/bin/../lib/gcc/arm-none-eabi/13.2.0\libgcc.a(_arm_unorddf2.o)
                0x02007e8c                __unorddf2
                0x02007e8c                __aeabi_dcmpun
 .text          0x02007ec4       0x5c C:/devkitPro/devkitARM/bin/../lib/gcc/arm-none-eabi/13.2.0\libgcc.a(_arm_fixdfsi.o)
                0x02007ec4                __aeabi_d2iz
                0x02007ec4                __fixdfsi
 .text          0x02007f20       0x3c C:/devkitPro/devkitARM/bin/../lib/gcc/arm-none-eabi/13.2.0\libgcc.a(_aeabi_uldivmod.o)
                0x02007f20                __aeabi_uldivmod
 *(EXCLUDE_FILE(*.twl* *.vectors* *.itcm*) .stub)
 *(EXCLUDE_FILE(*.twl* *.vectors* *.itcm*) .text.*)
 .text.__do_global_dtors_aux
                0x02007f5c       0x40 C:/devkitPro/devkitARM/bin/../lib/gcc/arm-none-eabi/13.2.0/crtbegin.o
 .text.frame_dummy
                0x02007f9c       0x30 C:/devkitPro/devkitARM/bin/../lib/gcc/arm-none-eabi/13.2.0/crtbegin.o
 .text.startup  0x02007fcc       0x38 main.o
                0x02007fcc                main
 .text.nitroFSDirClose
                0x02008004        0x4 C:/devkitPro/libnds/lib\libfilesystem.a(nitrofs.o)
 .text.nitroFSSeek
                0x02008008       0x78 C:/devkitPro/libnds/lib\libfilesystem.a(nitrofs.o)
 .text.nitroFSFstat
                0x02008080       0x10 C:/devkitPro/libnds/lib\libfilesystem.a(nitrofs.o)
 .text.nitroSubReadBlock
                0x02008090       0x54 C:/devkitPro/libnds/lib\libfilesystem.a(nitrofs.o)
 .text.nitroSubReadCard
                0x020080e4       0xb0 C:/devkitPro/libnds/lib\libfilesystem.a(nitrofs.o)
 .text.nitroFSClose
                0x02008194        0x4 C:/devkitPro/libnds/lib\libfilesystem.a(nitrofs.o)
 .text.nitroDirReset
                0x02008198       0x9c C:/devkitPro/libnds/lib\libfilesystem.a(nitrofs.o)
 .text.nitroFSRead
                0x02008234       0xbc C:/devkitPro/libnds/lib\libfilesystem.a(nitrofs.o)
 .text.nitroFSDirNext
                0x020082f0      0x30c C:/devkitPro/libnds/lib\libfilesystem.a(nitrofs.o)
 .text.nitroFSDirOpen
                0x020085fc       0xe0 C:/devkitPro/libnds/lib\libfilesystem.a(nitrofs.o)
 .text.nitroFSChdir
                0x020086dc       0x30 C:/devkitPro/libnds/lib\libfilesystem.a(nitrofs.o)
 .text.nitroFSOpen
                0x0200870c       0xc4 C:/devkitPro/libnds/lib\libfilesystem.a(nitrofs.o)
 .text.nitroFSstat
                0x020087d0       0x68 C:/devkitPro/libnds/lib\libfilesystem.a(nitrofs.o)
 .text.nitroFSInit
                0x02008838      0x12c C:/devkitPro/libnds/lib\libfilesystem.a(nitrofs.o)
                0x02008838                nitroFSInit
 .text.fatMount.part.0
                0x02008964       0xa0 C:/devkitPro/libnds/lib\libfat.a(libfat.o)
 .text.fatMount
                0x02008a04       0x3c C:/devkitPro/libnds/lib\libfat.a(libfat.o)
                0x02008a04                fatMount
 .text.fatInit  0x02008a40      0x130 C:/devkitPro/libnds/lib\libfat.a(libfat.o)
                0x02008a40                fatInit
 .text.fatInitDefault
                0x02008b70        0xc C:/devkitPro/libnds/lib\libfat.a(libfat.o)
                0x02008b70                fatInitDefault
 .text._FAT_check_position_for_next_cluster.part.0
                0x02008b7c       0x68 C:/devkitPro/libnds/lib\libfat.a(fatfile.o)
 .text._FAT_syncToDisc.part.0
                0x02008be4       0xd4 C:/devkitPro/libnds/lib\libfat.a(fatfile.o)
 .text._FAT_file_extend_r
                0x02008cb8      0x208 C:/devkitPro/libnds/lib\libfat.a(fatfile.o)
 .text._FAT_open_r
                0x02008ec0      0x2d4 C:/devkitPro/libnds/lib\libfat.a(fatfile.o)
                0x02008ec0                _FAT_open_r
 .text._FAT_close_r
                0x02009194       0x74 C:/devkitPro/libnds/lib\libfat.a(fatfile.o)
                0x02009194                _FAT_close_r
 .text._FAT_read_r
                0x02009208      0x398 C:/devkitPro/libnds/lib\libfat.a(fatfile.o)
                0x02009208                _FAT_read_r
 .text._FAT_write_r
                0x020095a0      0x53c C:/devkitPro/libnds/lib\libfat.a(fatfile.o)
                0x020095a0                _FAT_write_r
 .text._FAT_seek_r
                0x02009adc      0x194 C:/devkitPro/libnds/lib\libfat.a(fatfile.o)
                0x02009adc                _FAT_seek_r
 .text._FAT_fstat_r
                0x02009c70       0x8c C:/devkitPro/libnds/lib\libfat.a(fatfile.o)
                0x02009c70                _FAT_fstat_r
 .text._FAT_ftruncate_r
                0x02009cfc      0x16c C:/devkitPro/libnds/lib\libfat.a(fatfile.o)
                0x02009cfc                _FAT_ftruncate_r
 .text._FAT_fsync_r
                0x02009e68       0x44 C:/devkitPro/libnds/lib\libfat.a(fatfile.o)
                0x02009e68                _FAT_fsync_r
 .text._FAT_cache_getPage
                0x02009eac       0xf0 C:/devkitPro/libnds/lib\libfat.a(cache.o)
 .text._FAT_cache_constructor
                0x02009f9c       0x90 C:/devkitPro/libnds/lib\libfat.a(cache.o)
                0x02009f9c                _FAT_cache_constructor
 .text._FAT_cache_readSectors
                0x0200a02c       0x60 C:/devkitPro/libnds/lib\libfat.a(cache.o)
                0x0200a02c                _FAT_cache_readSectors
 .text._FAT_cache_readPartialSector
                0x0200a08c       0x3c C:/devkitPro/libnds/lib\libfat.a(cache.o)
                0x0200a08c                _FAT_cache_readPartialSector
 .text._FAT_cache_readLittleEndianValue
                0x0200a0c8       0x70 C:/devkitPro/libnds/lib\libfat.a(cache.o)
                0x0200a0c8                _FAT_cache_readLittleEndianValue
 .text._FAT_cache_writePartialSector
                0x0200a138       0x4c C:/devkitPro/libnds/lib\libfat.a(cache.o)
                0x0200a138                _FAT_cache_writePartialSector
 .text._FAT_cache_writeLittleEndianValue
                0x0200a184       0x8c C:/devkitPro/libnds/lib\libfat.a(cache.o)
                0x0200a184                _FAT_cache_writeLittleEndianValue
 .text._FAT_cache_eraseWritePartialSector
                0x0200a210       0x60 C:/devkitPro/libnds/lib\libfat.a(cache.o)
                0x0200a210                _FAT_cache_eraseWritePartialSector
 .text._FAT_cache_writeSectors
                0x0200a270       0x80 C:/devkitPro/libnds/lib\libfat.a(cache.o)
                0x0200a270                _FAT_cache_writeSectors
 .text._FAT_cache_flush
                0x0200a2f0       0x40 C:/devkitPro/libnds/lib\libfat.a(cache.o)
                0x0200a2f0                _FAT_cache_flush
 .text._FAT_stat_r
                0x0200a330       0x90 C:/devkitPro/libnds/lib\libfat.a(fatdir.o)
                0x0200a330                _FAT_stat_r
 .text._FAT_link_r
                0x0200a3c0        0xc C:/devkitPro/libnds/lib\libfat.a(fatdir.o)
                0x0200a3c0                _FAT_link_r
 .text._FAT_unlink_r
                0x0200a3cc      0x184 C:/devkitPro/libnds/lib\libfat.a(fatdir.o)
                0x0200a3cc                _FAT_unlink_r
 .text._FAT_chdir_r
                0x0200a550       0x70 C:/devkitPro/libnds/lib\libfat.a(fatdir.o)
                0x0200a550                _FAT_chdir_r
 .text._FAT_rename_r
                0x0200a5c0      0x1c4 C:/devkitPro/libnds/lib\libfat.a(fatdir.o)
                0x0200a5c0                _FAT_rename_r
 .text._FAT_mkdir_r
                0x0200a784      0x244 C:/devkitPro/libnds/lib\libfat.a(fatdir.o)
                0x0200a784                _FAT_mkdir_r
 .text._FAT_statvfs_r
                0x0200a9c8       0x78 C:/devkitPro/libnds/lib\libfat.a(fatdir.o)
                0x0200a9c8                _FAT_statvfs_r
 .text._FAT_diropen_r
                0x0200aa40       0xb0 C:/devkitPro/libnds/lib\libfat.a(fatdir.o)
                0x0200aa40                _FAT_diropen_r
 .text._FAT_dirreset_r
                0x0200aaf0       0x4c C:/devkitPro/libnds/lib\libfat.a(fatdir.o)
                0x0200aaf0                _FAT_dirreset_r
 .text._FAT_dirnext_r
                0x0200ab3c       0x7c C:/devkitPro/libnds/lib\libfat.a(fatdir.o)
                0x0200ab3c                _FAT_dirnext_r
 .text._FAT_dirclose_r
                0x0200abb8       0x20 C:/devkitPro/libnds/lib\libfat.a(fatdir.o)
                0x0200abb8                _FAT_dirclose_r
 .text._FAT_directory_entryGetAlias
                0x0200abd8       0xc8 C:/devkitPro/libnds/lib\libfat.a(directory.o)
 .text._FAT_directory_incrementDirEntryPosition
                0x0200aca0       0x80 C:/devkitPro/libnds/lib\libfat.a(directory.o)
 .text._FAT_directory_mbsncasecmp
                0x0200ad20       0xa8 C:/devkitPro/libnds/lib\libfat.a(directory.o)
 .text._FAT_directory_ucs2tombs.constprop.0
                0x0200adc8       0x90 C:/devkitPro/libnds/lib\libfat.a(directory.o)
 .text._FAT_directory_entryGetCluster
                0x0200ae58       0x20 C:/devkitPro/libnds/lib\libfat.a(directory.o)
                0x0200ae58                _FAT_directory_entryGetCluster
 .text._FAT_directory_getNextEntry
                0x0200ae78      0x23c C:/devkitPro/libnds/lib\libfat.a(directory.o)
                0x0200ae78                _FAT_directory_getNextEntry
 .text._FAT_directory_entryExists
                0x0200b0b4       0x80 C:/devkitPro/libnds/lib\libfat.a(directory.o)
 .text._FAT_directory_getFirstEntry
                0x0200b134       0x20 C:/devkitPro/libnds/lib\libfat.a(directory.o)
                0x0200b134                _FAT_directory_getFirstEntry
 .text._FAT_directory_getRootEntry
                0x0200b154       0x60 C:/devkitPro/libnds/lib\libfat.a(directory.o)
                0x0200b154                _FAT_directory_getRootEntry
 .text._FAT_directory_entryFromPosition
                0x0200b1b4      0x150 C:/devkitPro/libnds/lib\libfat.a(directory.o)
                0x0200b1b4                _FAT_directory_entryFromPosition
 .text._FAT_directory_entryFromPath
                0x0200b304      0x248 C:/devkitPro/libnds/lib\libfat.a(directory.o)
                0x0200b304                _FAT_directory_entryFromPath
 .text._FAT_directory_removeEntry
                0x0200b54c       0xd8 C:/devkitPro/libnds/lib\libfat.a(directory.o)
                0x0200b54c                _FAT_directory_removeEntry
 .text._FAT_directory_addEntry
                0x0200b624      0x808 C:/devkitPro/libnds/lib\libfat.a(directory.o)
                0x0200b624                _FAT_directory_addEntry
 .text._FAT_directory_chdir
                0x0200be2c       0x3c C:/devkitPro/libnds/lib\libfat.a(directory.o)
                0x0200be2c                _FAT_directory_chdir
 .text._FAT_directory_entryStat
                0x0200be68       0xe4 C:/devkitPro/libnds/lib\libfat.a(directory.o)
                0x0200be68                _FAT_directory_entryStat
 .text.isValidMBR
                0x0200bf4c       0x5c C:/devkitPro/libnds/lib\libfat.a(partition.o)
 .text._FAT_updateFS_INFO
                0x0200bfa8       0x54 C:/devkitPro/libnds/lib\libfat.a(partition.o)
 .text.FindFirstValidPartition_buf.part.0
                0x0200bffc      0x11c C:/devkitPro/libnds/lib\libfat.a(partition.o)
 .text._FAT_partition_getPartitionFromPath
                0x0200c118       0x10 C:/devkitPro/libnds/lib\libfat.a(partition.o)
                0x0200c118                _FAT_partition_getPartitionFromPath
 .text._FAT_partition_createFSinfo
                0x0200c128       0x50 C:/devkitPro/libnds/lib\libfat.a(partition.o)
                0x0200c128                _FAT_partition_createFSinfo
 .text._FAT_partition_readFSinfo.part.0
                0x0200c178       0x74 C:/devkitPro/libnds/lib\libfat.a(partition.o)
 .text._FAT_partition_constructor_buf
                0x0200c1ec      0x2e8 C:/devkitPro/libnds/lib\libfat.a(partition.o)
                0x0200c1ec                _FAT_partition_constructor_buf
 .text._FAT_partition_constructor
                0x0200c4d4       0x40 C:/devkitPro/libnds/lib\libfat.a(partition.o)
                0x0200c4d4                _FAT_partition_constructor
 .text._FAT_partition_readFSinfo
                0x0200c514       0x10 C:/devkitPro/libnds/lib\libfat.a(partition.o)
                0x0200c514                _FAT_partition_readFSinfo
 .text._FAT_lock_init
                0x0200c524        0x4 C:/devkitPro/libnds/lib\libfat.a(lock.o)
                0x0200c524                _FAT_lock_init
 .text._FAT_lock
                0x0200c528        0x4 C:/devkitPro/libnds/lib\libfat.a(lock.o)
                0x0200c528                _FAT_lock
 .text._FAT_unlock
                0x0200c52c        0x4 C:/devkitPro/libnds/lib\libfat.a(lock.o)
                0x0200c52c                _FAT_unlock
 .text._FAT_filetime_getTimeFromRTC
                0x0200c530       0x44 C:/devkitPro/libnds/lib\libfat.a(filetime.o)
                0x0200c530                _FAT_filetime_getTimeFromRTC
 .text._FAT_filetime_getDateFromRTC
                0x0200c574       0x44 C:/devkitPro/libnds/lib\libfat.a(filetime.o)
                0x0200c574                _FAT_filetime_getDateFromRTC
 .text._FAT_filetime_to_time_t
                0x0200c5b8       0x38 C:/devkitPro/libnds/lib\libfat.a(filetime.o)
                0x0200c5b8                _FAT_filetime_to_time_t
 .text._FAT_fat_writeFatEntry.part.0.isra.0
                0x0200c5f0      0x12c C:/devkitPro/libnds/lib\libfat.a(file_allocation_table.o)
 .text._FAT_fat_nextCluster
                0x0200c71c      0x108 C:/devkitPro/libnds/lib\libfat.a(file_allocation_table.o)
                0x0200c71c                _FAT_fat_nextCluster
 .text._FAT_fat_linkFreeCluster
                0x0200c824       0xac C:/devkitPro/libnds/lib\libfat.a(file_allocation_table.o)
                0x0200c824                _FAT_fat_linkFreeCluster
 .text._FAT_fat_linkFreeClusterCleared
                0x0200c8d0       0x68 C:/devkitPro/libnds/lib\libfat.a(file_allocation_table.o)
                0x0200c8d0                _FAT_fat_linkFreeClusterCleared
 .text._FAT_fat_clearLinks
                0x0200c938       0x7c C:/devkitPro/libnds/lib\libfat.a(file_allocation_table.o)
                0x0200c938                _FAT_fat_clearLinks
 .text._FAT_fat_trimChain
                0x0200c9b4       0x80 C:/devkitPro/libnds/lib\libfat.a(file_allocation_table.o)
                0x0200c9b4                _FAT_fat_trimChain
 .text._FAT_fat_lastCluster
                0x0200ca34       0x34 C:/devkitPro/libnds/lib\libfat.a(file_allocation_table.o)
                0x0200ca34                _FAT_fat_lastCluster
 .text._FAT_fat_freeClusterCount
                0x0200ca68       0x2c C:/devkitPro/libnds/lib\libfat.a(file_allocation_table.o)
                0x0200ca68                _FAT_fat_freeClusterCount
 .text.setBrightness
                0x0200ca94       0x40 C:/devkitPro/libnds/lib\libnds9.a(video.o)
                0x0200ca94                setBrightness
 .text.vramDefault
                0x0200cad4       0xd0 C:/devkitPro/libnds/lib\libnds9.a(video.o)
                0x0200cad4                vramDefault
 .text.newRow   0x0200cba4       0xa8 C:/devkitPro/libnds/lib\libnds9.a(console.o)
 .text.consolePrintChar
                0x0200cc4c       0xe0 C:/devkitPro/libnds/lib\libnds9.a(console.o)
                0x0200cc4c                consolePrintChar
 .text.con_write
                0x0200cd2c      0x36c C:/devkitPro/libnds/lib\libnds9.a(console.o)
                0x0200cd2c                con_write
 .text.consoleLoadFont
                0x0200d098      0x2a0 C:/devkitPro/libnds/lib\libnds9.a(console.o)
                0x0200d098                consoleLoadFont
 .text.consoleInit
                0x0200d338      0x18c C:/devkitPro/libnds/lib\libnds9.a(console.o)
                0x0200d338                consoleInit
 .text.consoleDemoInit
                0x0200d4c4       0x40 C:/devkitPro/libnds/lib\libnds9.a(console.o)
                0x0200d4c4                consoleDemoInit
 .text.oamRotateScale
                0x0200d504       0x4c C:/devkitPro/libnds/lib\libnds9.a(sprite.o)
                0x0200d504                oamRotateScale
 .text.scanKeys
                0x0200d550       0x8c C:/devkitPro/libnds/lib\libnds9.a(keys.o)
                0x0200d550                scanKeys
 .text.keysHeld
                0x0200d5dc        0xc C:/devkitPro/libnds/lib\libnds9.a(keys.o)
                0x0200d5dc                keysHeld
 .text.keysDown
                0x0200d5e8       0x14 C:/devkitPro/libnds/lib\libnds9.a(keys.o)
                0x0200d5e8                keysDown
 .text.dldiGetInternal
                0x0200d5fc       0x34 C:/devkitPro/libnds/lib\libnds9.a(dldi.o)
                0x0200d5fc                dldiGetInternal
 .text.get_io_dsisd
                0x0200d630       0x24 C:/devkitPro/libnds/lib\libnds9.a(dldi.o)
                0x0200d630                get_io_dsisd
 .text.__syscall_gettod_r
                0x0200d654       0x28 C:/devkitPro/libnds/lib\libnds9.a(initSystem.o)
                0x0200d654                __syscall_gettod_r
 .text.__syscall_exit
                0x0200d67c        0x8 C:/devkitPro/libnds/lib\libnds9.a(initSystem.o)
                0x0200d67c                __syscall_exit
 .text.initSystem
                0x0200d684      0x180 C:/devkitPro/libnds/lib\libnds9.a(initSystem.o)
                0x0200d684                initSystem
 .text.irqDummy
                0x0200d804        0x4 C:/devkitPro/libnds/lib\libnds9.a(interrupts.o)
                0x0200d804                irqDummy
 .text.irqSet   0x0200d808       0x6c C:/devkitPro/libnds/lib\libnds9.a(interrupts.o)
                0x0200d808                irqSet
 .text.irqInit  0x0200d874       0x50 C:/devkitPro/libnds/lib\libnds9.a(interrupts.o)
                0x0200d874                irqInit
 .text.irqEnable
                0x0200d8c4       0x64 C:/devkitPro/libnds/lib\libnds9.a(interrupts.o)
                0x0200d8c4                irqEnable
 .text.systemErrorExit
                0x0200d928        0x4 C:/devkitPro/libnds/lib\libnds9.a(libnds_exit.arm.o)
                0x0200d928                systemErrorExit
 .text.__libnds_exit
                0x0200d92c       0x5c C:/devkitPro/libnds/lib\libnds9.a(libnds_exit.arm.o)
                0x0200d92c                __libnds_exit
 .text.cardPolledTransfer
                0x0200d988       0x54 C:/devkitPro/libnds/lib\libnds9.a(card.o)
                0x0200d988                cardPolledTransfer
 .text.cardParamCommand
                0x0200d9dc       0x34 C:/devkitPro/libnds/lib\libnds9.a(card.o)
                0x0200d9dc                cardParamCommand
 .text.fifo_queueBlock
                0x0200da10       0x44 C:/devkitPro/libnds/lib\libnds9.a(fifosystem.o)
 .text.fifo_waitBlock
                0x0200da54       0x80 C:/devkitPro/libnds/lib\libnds9.a(fifosystem.o)
 .text.fifoInternalSend.part.0
                0x0200dad4       0xd4 C:/devkitPro/libnds/lib\libnds9.a(fifosystem.o)
 .text.fifoInternalSendInterrupt
                0x0200dba8       0xb0 C:/devkitPro/libnds/lib\libnds9.a(fifosystem.o)
 .text.fifoSetValue32Handler
                0x0200dc58       0xd4 C:/devkitPro/libnds/lib\libnds9.a(fifosystem.o)
                0x0200dc58                fifoSetValue32Handler
 .text.fifoSendValue32
                0x0200dd2c       0x4c C:/devkitPro/libnds/lib\libnds9.a(fifosystem.o)
                0x0200dd2c                fifoSendValue32
 .text.fifoSendDatamsg
                0x0200dd78       0x90 C:/devkitPro/libnds/lib\libnds9.a(fifosystem.o)
                0x0200dd78                fifoSendDatamsg
 .text.fifoGetValue32
                0x0200de08       0x70 C:/devkitPro/libnds/lib\libnds9.a(fifosystem.o)
                0x0200de08                fifoGetValue32
 .text.fifoGetDatamsg
                0x0200de78       0xf4 C:/devkitPro/libnds/lib\libnds9.a(fifosystem.o)
                0x0200de78                fifoGetDatamsg
 .text.fifoInternalRecvInterrupt
                0x0200df6c      0x37c C:/devkitPro/libnds/lib\libnds9.a(fifosystem.o)
 .text.fifoSetDatamsgHandler
                0x0200e2e8       0x9c C:/devkitPro/libnds/lib\libnds9.a(fifosystem.o)
                0x0200e2e8                fifoSetDatamsgHandler
 .text.fifoCheckValue32
                0x0200e384       0x24 C:/devkitPro/libnds/lib\libnds9.a(fifosystem.o)
                0x0200e384                fifoCheckValue32
 .text.fifoInit
                0x0200e3a8      0x108 C:/devkitPro/libnds/lib\libnds9.a(fifosystem.o)
                0x0200e3a8                fifoInit
 .text.DC_FlushRange
                0x0200e4b0       0x24 C:/devkitPro/libnds/lib\libnds9.a(dcache.o)
                0x0200e4b0                DC_FlushRange
 .text.DC_InvalidateRange
                0x0200e4d4       0x2c C:/devkitPro/libnds/lib\libnds9.a(dcache.o)
                0x0200e4d4                DC_InvalidateRange
 .text.__libnds_mpu_setup
                0x0200e500      0x174 C:/devkitPro/libnds/lib\libnds9.a(mpu_setup.o)
                0x0200e500                __libnds_mpu_setup
 .text.memUncached
                0x0200e674       0x20 C:/devkitPro/libnds/lib\libnds9.a(mpu_setup.o)
                0x0200e674                memUncached
 .text.swiWaitForVBlank
                0x0200e694        0x8 C:/devkitPro/libnds/lib\libnds9.a(IntrWait.o)
                0x0200e694                swiWaitForVBlank
 .text.swiIntrWait
                0x0200e69c       0x70 C:/devkitPro/libnds/lib\libnds9.a(IntrWait.o)
                0x0200e69c                swiIntrWait
 .text.setCpuClock
                0x0200e70c       0x50 C:/devkitPro/libnds/lib\libnds9.a(cpu_clock.o)
                0x0200e70c                setCpuClock
 .text.swiDelay
                0x0200e75c        0x4 C:/devkitPro/libnds/lib\libnds9.a(biosCalls.o)
                0x0200e75c                swiDelay
 .text.swiSoftReset
                0x0200e760       0x2c C:/devkitPro/libnds/lib\libnds9.a(swiSoftReset.o)
                0x0200e760                swiSoftReset
 .text.checkIfText
                0x0200e78c       0x5c C:/devkitPro/libnds/lib\libnds9.a(background.o)
                0x0200e78c                checkIfText
 .text.bgUpdate
                0x0200e7e8       0xf4 C:/devkitPro/libnds/lib\libnds9.a(background.o)
                0x0200e7e8                bgUpdate
 .text.bgInit_call
                0x0200e8dc       0xc4 C:/devkitPro/libnds/lib\libnds9.a(background.o)
                0x0200e8dc                bgInit_call
 .text.bgInitSub_call
                0x0200e9a0       0xcc C:/devkitPro/libnds/lib\libnds9.a(background.o)
                0x0200e9a0                bgInitSub_call
 .text.sinLutLookup
                0x0200ea6c       0x4c C:/devkitPro/libnds/lib\libnds9.a(trig.o)
                0x0200ea6c                sinLutLookup
 .text.sinLerp  0x0200eab8       0x40 C:/devkitPro/libnds/lib\libnds9.a(trig.o)
                0x0200eab8                sinLerp
 .text.cosLerp  0x0200eaf8       0x4c C:/devkitPro/libnds/lib\libnds9.a(trig.o)
                0x0200eaf8                cosLerp
 .text.systemValueHandler
                0x0200eb44       0x48 C:/devkitPro/libnds/lib\libnds9.a(system.o)
                0x0200eb44                systemValueHandler
 .text.systemMsgHandler
                0x0200eb8c       0x60 C:/devkitPro/libnds/lib\libnds9.a(system.o)
                0x0200eb8c                systemMsgHandler
 .text.powerOn  0x0200ebec       0x2c C:/devkitPro/libnds/lib\libnds9.a(system.o)
                0x0200ebec                powerOn
 .text.__muldi3
                0x0200ec18       0x18 C:/devkitPro/devkitARM/bin/../lib/gcc/arm-none-eabi/13.2.0\libgcc.a(_muldi3.o)
                0x0200ec18                __muldi3
                0x0200ec18                __aeabi_lmul
 .text.__udivmoddi4
                0x0200ec30      0x128 C:/devkitPro/devkitARM/bin/../lib/gcc/arm-none-eabi/13.2.0\libgcc.a(_udivmoddi4.o)
                0x0200ec30                __udivmoddi4
 .text.towlower
                0x0200ed58       0x14 C:/devkitPro/devkitARM/bin/../lib/gcc/arm-none-eabi/13.2.0/../../../../arm-none-eabi/lib\libg.a(libc_a-towlower.o)
                0x0200ed58                towlower
 .text._mbrtowc_r
                0x0200ed6c       0xc0 C:/devkitPro/devkitARM/bin/../lib/gcc/arm-none-eabi/13.2.0/../../../../arm-none-eabi/lib\libg.a(libc_a-mbrtowc.o)
                0x0200ed6c                _mbrtowc_r
 .text.mbrtowc  0x0200ee2c       0xc4 C:/devkitPro/devkitARM/bin/../lib/gcc/arm-none-eabi/13.2.0/../../../../arm-none-eabi/lib\libg.a(libc_a-mbrtowc.o)
                0x0200ee2c                mbrtowc
 .text._wcrtomb_r
                0x0200eef0       0xac C:/devkitPro/devkitARM/bin/../lib/gcc/arm-none-eabi/13.2.0/../../../../arm-none-eabi/lib\libg.a(libc_a-wcrtomb.o)
                0x0200eef0                _wcrtomb_r
 .text.wcrtomb  0x0200ef9c       0xb4 C:/devkitPro/devkitARM/bin/../lib/gcc/arm-none-eabi/13.2.0/../../../../arm-none-eabi/lib\libg.a(libc_a-wcrtomb.o)
                0x0200ef9c                wcrtomb
 .text.towupper
                0x0200f050       0x14 C:/devkitPro/devkitARM/bin/../lib/gcc/arm-none-eabi/13.2.0/../../../../arm-none-eabi/lib\libg.a(libc_a-towupper.o)
                0x0200f050                towupper
 .text.mbsrtowcs
                0x0200f064       0x3c C:/devkitPro/devkitARM/bin/../lib/gcc/arm-none-eabi/13.2.0/../../../../arm-none-eabi/lib\libg.a(libc_a-mbsrtowcs.o)
                0x0200f064                mbsrtowcs
 .text.wctob    0x0200f0a0       0x88 C:/devkitPro/devkitARM/bin/../lib/gcc/arm-none-eabi/13.2.0/../../../../arm-none-eabi/lib\libg.a(libc_a-wctob.o)
                0x0200f0a0                wctob
 .text.rewind   0x0200f128       0x30 C:/devkitPro/devkitARM/bin/../lib/gcc/arm-none-eabi/13.2.0/../../../../arm-none-eabi/lib\libg.a(libc_a-rewind.o)
                0x0200f128                rewind
 .text.towctrans
                0x0200f158       0x48 C:/devkitPro/devkitARM/bin/../lib/gcc/arm-none-eabi/13.2.0/../../../../arm-none-eabi/lib\libg.a(libc_a-towctrans.o)
                0x0200f158                towctrans
 .text.snprintf
                0x0200f1a0       0xcc C:/devkitPro/devkitARM/bin/../lib/gcc/arm-none-eabi/13.2.0/../../../../arm-none-eabi/lib\libg.a(libc_a-snprintf.o)
                0x0200f1a0                snprintf
 .text.siscanf  0x0200f26c       0x74 C:/devkitPro/devkitARM/bin/../lib/gcc/arm-none-eabi/13.2.0/../../../../arm-none-eabi/lib\libg.a(libc_a-siscanf.o)
                0x0200f26c                siscanf
 .text.calloc   0x0200f2e0       0x24 C:/devkitPro/devkitARM/bin/../lib/gcc/arm-none-eabi/13.2.0/../../../../arm-none-eabi/lib\libg.a(libc_a-calloc.o)
                0x0200f2e0                calloc
 .text._calloc_r
                0x0200f304       0xd0 C:/devkitPro/devkitARM/bin/../lib/gcc/arm-none-eabi/13.2.0/../../../../arm-none-eabi/lib\libg.a(libc_a-callocr.o)
                0x0200f304                _calloc_r
 .text.setvbuf  0x0200f3d4      0x25c C:/devkitPro/devkitARM/bin/../lib/gcc/arm-none-eabi/13.2.0/../../../../arm-none-eabi/lib\libg.a(libc_a-setvbuf.o)
                0x0200f3d4                setvbuf
 .text.get_arg  0x0200f630       0x54 C:/devkitPro/devkitARM/bin/../lib/gcc/arm-none-eabi/13.2.0/../../../../arm-none-eabi/lib\libg.a(libc_a-svfiscanf.o)
 .text._sungetc_r
                0x0200f684       0xe4 C:/devkitPro/devkitARM/bin/../lib/gcc/arm-none-eabi/13.2.0/../../../../arm-none-eabi/lib\libg.a(libc_a-svfiscanf.o)
                0x0200f684                _sungetc_r
 .text.__ssrefill_r
                0x0200f768       0x68 C:/devkitPro/devkitARM/bin/../lib/gcc/arm-none-eabi/13.2.0/../../../../arm-none-eabi/lib\libg.a(libc_a-svfiscanf.o)
                0x0200f768                __ssrefill_r
 .text._sfread_r
                0x0200f7d0       0xc8 C:/devkitPro/devkitARM/bin/../lib/gcc/arm-none-eabi/13.2.0/../../../../arm-none-eabi/lib\libg.a(libc_a-svfiscanf.o)
                0x0200f7d0                _sfread_r
 .text.__ssvfiscanf_r
                0x0200f898     0x22dc C:/devkitPro/devkitARM/bin/../lib/gcc/arm-none-eabi/13.2.0/../../../../arm-none-eabi/lib\libg.a(libc_a-svfiscanf.o)
                0x0200f898                __ssvfiscanf_r
 .text._malloc_trim_r
                0x02011b74      0x100 C:/devkitPro/devkitARM/bin/../lib/gcc/arm-none-eabi/13.2.0/../../../../arm-none-eabi/lib\libg.a(libc_a-freer.o)
                0x02011b74                _malloc_trim_r
 .text._free_r  0x02011c74      0x2e8 C:/devkitPro/devkitARM/bin/../lib/gcc/arm-none-eabi/13.2.0/../../../../arm-none-eabi/lib\libg.a(libc_a-freer.o)
                0x02011c74                _free_r
 .text.iprintf  0x02011f5c       0x34 C:/devkitPro/devkitARM/bin/../lib/gcc/arm-none-eabi/13.2.0/../../../../arm-none-eabi/lib\libg.a(libc_a-iprintf.o)
                0x02011f5c                iprintf
 .text.strchr   0x02011f90      0x13c C:/devkitPro/devkitARM/bin/../lib/gcc/arm-none-eabi/13.2.0/../../../../arm-none-eabi/lib\libg.a(libc_a-strchr.o)
                0x02011f90                strchr
 .text.memcmp   0x020120cc       0xe0 C:/devkitPro/devkitARM/bin/../lib/gcc/arm-none-eabi/13.2.0/../../../../arm-none-eabi/lib\libg.a(libc_a-memcmp.o)
                0x020120cc                memcmp
 .text._fclose_r
                0x020121ac      0x150 C:/devkitPro/devkitARM/bin/../lib/gcc/arm-none-eabi/13.2.0/../../../../arm-none-eabi/lib\libg.a(libc_a-fclose.o)
                0x020121ac                _fclose_r
 .text.fclose   0x020122fc       0x18 C:/devkitPro/devkitARM/bin/../lib/gcc/arm-none-eabi/13.2.0/../../../../arm-none-eabi/lib\libg.a(libc_a-fclose.o)
                0x020122fc                fclose
 .text.get_arg  0x02012314      0x654 C:/devkitPro/devkitARM/bin/../lib/gcc/arm-none-eabi/13.2.0/../../../../arm-none-eabi/lib\libg.a(libc_a-svfprintf.o)
 .text._svfprintf_r
                0x02012968     0x3518 C:/devkitPro/devkitARM/bin/../lib/gcc/arm-none-eabi/13.2.0/../../../../arm-none-eabi/lib\libg.a(libc_a-svfprintf.o)
                0x02012968                _svfprintf_r
 .text.malloc   0x02015e80       0x1c C:/devkitPro/devkitARM/bin/../lib/gcc/arm-none-eabi/13.2.0/../../../../arm-none-eabi/lib\libg.a(libc_a-malloc.o)
                0x02015e80                malloc
 .text.free     0x02015e9c       0x1c C:/devkitPro/devkitARM/bin/../lib/gcc/arm-none-eabi/13.2.0/../../../../arm-none-eabi/lib\libg.a(libc_a-malloc.o)
                0x02015e9c                free
 .text._malloc_r
                0x02015eb8      0x7a4 C:/devkitPro/devkitARM/bin/../lib/gcc/arm-none-eabi/13.2.0/../../../../arm-none-eabi/lib\libg.a(libc_a-mallocr.o)
                0x02015eb8                _malloc_r
 .text.memmove  0x0201665c      0x154 C:/devkitPro/devkitARM/bin/../lib/gcc/arm-none-eabi/13.2.0/../../../../arm-none-eabi/lib\libg.a(libc_a-memmove.o)
                0x0201665c                memmove
 .text.memset   0x020167b0       0xfc C:/devkitPro/devkitARM/bin/../lib/gcc/arm-none-eabi/13.2.0/../../../../arm-none-eabi/lib\libg.a(libc_a-memset.o)
                0x020167b0                memset
 .text.__malloc_lock
                0x020168ac       0x18 C:/devkitPro/devkitARM/bin/../lib/gcc/arm-none-eabi/13.2.0/../../../../arm-none-eabi/lib\libg.a(libc_a-mlock.o)
                0x020168ac                __malloc_lock
 .text.__malloc_unlock
                0x020168c4       0x18 C:/devkitPro/devkitARM/bin/../lib/gcc/arm-none-eabi/13.2.0/../../../../arm-none-eabi/lib\libg.a(libc_a-mlock.o)
                0x020168c4                __malloc_unlock
 .text.strlen   0x020168dc       0x94 C:/devkitPro/devkitARM/bin/../lib/gcc/arm-none-eabi/13.2.0/../../../../arm-none-eabi/lib\libg.a(libc_a-strlen.o)
                0x020168dc                strlen
 .text._fopen_r
                0x02016970      0x138 C:/devkitPro/devkitARM/bin/../lib/gcc/arm-none-eabi/13.2.0/../../../../arm-none-eabi/lib\libg.a(libc_a-fopen.o)
                0x02016970                _fopen_r
 .text.fopen    0x02016aa8       0x20 C:/devkitPro/devkitARM/bin/../lib/gcc/arm-none-eabi/13.2.0/../../../../arm-none-eabi/lib\libg.a(libc_a-fopen.o)
                0x02016aa8                fopen
 .text.__sflush_r
                0x02016ac8      0x248 C:/devkitPro/devkitARM/bin/../lib/gcc/arm-none-eabi/13.2.0/../../../../arm-none-eabi/lib\libg.a(libc_a-fflush.o)
                0x02016ac8                __sflush_r
 .text._fflush_r
                0x02016d10       0x9c C:/devkitPro/devkitARM/bin/../lib/gcc/arm-none-eabi/13.2.0/../../../../arm-none-eabi/lib\libg.a(libc_a-fflush.o)
                0x02016d10                _fflush_r
 .text.strpbrk  0x02016dac       0x7c C:/devkitPro/devkitARM/bin/../lib/gcc/arm-none-eabi/13.2.0/../../../../arm-none-eabi/lib\libg.a(libc_a-strpbrk.o)
                0x02016dac                strpbrk
 .text.strdup   0x02016e28       0x1c C:/devkitPro/devkitARM/bin/../lib/gcc/arm-none-eabi/13.2.0/../../../../arm-none-eabi/lib\libg.a(libc_a-strdup.o)
                0x02016e28                strdup
 .text.strcasecmp
                0x02016e44       0x70 C:/devkitPro/devkitARM/bin/../lib/gcc/arm-none-eabi/13.2.0/../../../../arm-none-eabi/lib\libg.a(libc_a-strcasecmp.o)
                0x02016e44                strcasecmp
 .text.strrchr  0x02016eb4       0x58 C:/devkitPro/devkitARM/bin/../lib/gcc/arm-none-eabi/13.2.0/../../../../arm-none-eabi/lib\libg.a(libc_a-strrchr.o)
                0x02016eb4                strrchr
 .text.strncasecmp
                0x02016f0c       0x8c C:/devkitPro/devkitARM/bin/../lib/gcc/arm-none-eabi/13.2.0/../../../../arm-none-eabi/lib\libg.a(libc_a-strncasecmp.o)
                0x02016f0c                strncasecmp
 .text._strdup_r
                0x02016f98       0x44 C:/devkitPro/devkitARM/bin/../lib/gcc/arm-none-eabi/13.2.0/../../../../arm-none-eabi/lib\libg.a(libc_a-strdup_r.o)
                0x02016f98                _strdup_r
 .text.ftell    0x02016fdc       0x30 C:/devkitPro/devkitARM/bin/../lib/gcc/arm-none-eabi/13.2.0/../../../../arm-none-eabi/lib\libg.a(libc_a-ftell.o)
                0x02016fdc                ftell
 .text.strncmp  0x0201700c       0xec C:/devkitPro/devkitARM/bin/../lib/gcc/arm-none-eabi/13.2.0/../../../../arm-none-eabi/lib\libg.a(libc_a-strncmp.o)
                0x0201700c                strncmp
 .text._fwalk_sglue
                0x020170f8       0x78 C:/devkitPro/devkitARM/bin/../lib/gcc/arm-none-eabi/13.2.0/../../../../arm-none-eabi/lib\libg.a(libc_a-fwalk.o)
                0x020170f8                _fwalk_sglue
 .text._fread_r
                0x02017170      0x33c C:/devkitPro/devkitARM/bin/../lib/gcc/arm-none-eabi/13.2.0/../../../../arm-none-eabi/lib\libg.a(libc_a-fread.o)
                0x02017170                _fread_r
 .text.fread    0x020174ac       0x3c C:/devkitPro/devkitARM/bin/../lib/gcc/arm-none-eabi/13.2.0/../../../../arm-none-eabi/lib\libg.a(libc_a-fread.o)
                0x020174ac                fread
 .text.strncpy  0x020174e8       0xd0 C:/devkitPro/devkitARM/bin/../lib/gcc/arm-none-eabi/13.2.0/../../../../arm-none-eabi/lib\libg.a(libc_a-strncpy.o)
                0x020174e8                strncpy
 .text.stdio_exit_handler
                0x020175b8       0x28 C:/devkitPro/devkitARM/bin/../lib/gcc/arm-none-eabi/13.2.0/../../../../arm-none-eabi/lib\libg.a(libc_a-findfp.o)
 .text.cleanup_stdio
                0x020175e0       0x54 C:/devkitPro/devkitARM/bin/../lib/gcc/arm-none-eabi/13.2.0/../../../../arm-none-eabi/lib\libg.a(libc_a-findfp.o)
 .text.global_stdio_init.part.0
                0x02017634      0x158 C:/devkitPro/devkitARM/bin/../lib/gcc/arm-none-eabi/13.2.0/../../../../arm-none-eabi/lib\libg.a(libc_a-findfp.o)
 .text.__sfp    0x0201778c      0x138 C:/devkitPro/devkitARM/bin/../lib/gcc/arm-none-eabi/13.2.0/../../../../arm-none-eabi/lib\libg.a(libc_a-findfp.o)
                0x0201778c                __sfp
 .text.__sinit  0x020178c4       0x64 C:/devkitPro/devkitARM/bin/../lib/gcc/arm-none-eabi/13.2.0/../../../../arm-none-eabi/lib\libg.a(libc_a-findfp.o)
                0x020178c4                __sinit
 .text.__sfp_lock_acquire
                0x02017928       0x18 C:/devkitPro/devkitARM/bin/../lib/gcc/arm-none-eabi/13.2.0/../../../../arm-none-eabi/lib\libg.a(libc_a-findfp.o)
                0x02017928                __sfp_lock_acquire
 .text.__sfp_lock_release
                0x02017940       0x18 C:/devkitPro/devkitARM/bin/../lib/gcc/arm-none-eabi/13.2.0/../../../../arm-none-eabi/lib\libg.a(libc_a-findfp.o)
                0x02017940                __sfp_lock_release
 .text.localtime_r
                0x02017958      0x374 C:/devkitPro/devkitARM/bin/../lib/gcc/arm-none-eabi/13.2.0/../../../../arm-none-eabi/lib\libg.a(libc_a-lcltime_r.o)
                0x02017958                localtime_r
 .text.strnlen  0x02017ccc       0x48 C:/devkitPro/devkitARM/bin/../lib/gcc/arm-none-eabi/13.2.0/../../../../arm-none-eabi/lib\libg.a(libc_a-strnlen.o)
                0x02017ccc                strnlen
 .text._tzset_unlocked
                0x02017d14       0x14 C:/devkitPro/devkitARM/bin/../lib/gcc/arm-none-eabi/13.2.0/../../../../arm-none-eabi/lib\libg.a(libc_a-tzset.o)
                0x02017d14                _tzset_unlocked
 .text.validate_structure
                0x02017d28      0x2e0 C:/devkitPro/devkitARM/bin/../lib/gcc/arm-none-eabi/13.2.0/../../../../arm-none-eabi/lib\libg.a(libc_a-mktime.o)
 .text.mktime   0x02018008      0x4cc C:/devkitPro/devkitARM/bin/../lib/gcc/arm-none-eabi/13.2.0/../../../../arm-none-eabi/lib\libg.a(libc_a-mktime.o)
                0x02018008                mktime
 .text.access   0x020184d4       0x54 C:/devkitPro/devkitARM/bin/../lib/gcc/arm-none-eabi/13.2.0/../../../../arm-none-eabi/lib\libg.a(libc_a-access.o)
                0x020184d4                access
 .text._fseek_r
                0x02018528       0x20 C:/devkitPro/devkitARM/bin/../lib/gcc/arm-none-eabi/13.2.0/../../../../arm-none-eabi/lib\libg.a(libc_a-fseek.o)
                0x02018528                _fseek_r
 .text.fseek    0x02018548       0x38 C:/devkitPro/devkitARM/bin/../lib/gcc/arm-none-eabi/13.2.0/../../../../arm-none-eabi/lib\libg.a(libc_a-fseek.o)
                0x02018548                fseek
 .text._tzset_unlocked_r
                0x02018580      0x688 C:/devkitPro/devkitARM/bin/../lib/gcc/arm-none-eabi/13.2.0/../../../../arm-none-eabi/lib\libg.a(libc_a-tzset_r.o)
                0x02018580                _tzset_unlocked_r
 .text._strtol_l.part.0
                0x02018c08      0x1b4 C:/devkitPro/devkitARM/bin/../lib/gcc/arm-none-eabi/13.2.0/../../../../arm-none-eabi/lib\libg.a(libc_a-strtol.o)
 .text._strtol_r
                0x02018dbc       0x64 C:/devkitPro/devkitARM/bin/../lib/gcc/arm-none-eabi/13.2.0/../../../../arm-none-eabi/lib\libg.a(libc_a-strtol.o)
                0x02018dbc                _strtol_r
 .text.realloc  0x02018e20       0x24 C:/devkitPro/devkitARM/bin/../lib/gcc/arm-none-eabi/13.2.0/../../../../arm-none-eabi/lib\libg.a(libc_a-realloc.o)
                0x02018e20                realloc
 .text.__gettzinfo
                0x02018e44        0xc C:/devkitPro/devkitARM/bin/../lib/gcc/arm-none-eabi/13.2.0/../../../../arm-none-eabi/lib\libg.a(libc_a-gettzinfo.o)
                0x02018e44                __gettzinfo
 .text._strtoul_l.isra.0
                0x02018e50      0x1dc C:/devkitPro/devkitARM/bin/../lib/gcc/arm-none-eabi/13.2.0/../../../../arm-none-eabi/lib\libg.a(libc_a-strtoul.o)
 .text._strtoul_r
                0x0201902c       0x30 C:/devkitPro/devkitARM/bin/../lib/gcc/arm-none-eabi/13.2.0/../../../../arm-none-eabi/lib\libg.a(libc_a-strtoul.o)
                0x0201902c                _strtoul_r
 .text.strtoul  0x0201905c       0x34 C:/devkitPro/devkitARM/bin/../lib/gcc/arm-none-eabi/13.2.0/../../../../arm-none-eabi/lib\libg.a(libc_a-strtoul.o)
                0x0201905c                strtoul
 .text.__locale_mb_cur_max
                0x02019090       0x28 C:/devkitPro/devkitARM/bin/../lib/gcc/arm-none-eabi/13.2.0/../../../../arm-none-eabi/lib\libg.a(libc_a-locale.o)
                0x02019090                __locale_mb_cur_max
 .text.time     0x020190b8       0x50 C:/devkitPro/devkitARM/bin/../lib/gcc/arm-none-eabi/13.2.0/../../../../arm-none-eabi/lib\libg.a(libc_a-time.o)
                0x020190b8                time
 .text._localeconv_r
                0x02019108       0x28 C:/devkitPro/devkitARM/bin/../lib/gcc/arm-none-eabi/13.2.0/../../../../arm-none-eabi/lib\libg.a(libc_a-localeconv.o)
                0x02019108                _localeconv_r
 .text.__tzcalc_limits
                0x02019130      0x254 C:/devkitPro/devkitARM/bin/../lib/gcc/arm-none-eabi/13.2.0/../../../../arm-none-eabi/lib\libg.a(libc_a-tzcalc_limits.o)
                0x02019130                __tzcalc_limits
 .text.strcpy   0x02019384       0xf0 C:/devkitPro/devkitARM/bin/../lib/gcc/arm-none-eabi/13.2.0/../../../../arm-none-eabi/lib\libg.a(libc_a-strcpy.o)
                0x02019384                strcpy
 .text.memchr   0x02019474       0xf0 C:/devkitPro/devkitARM/bin/../lib/gcc/arm-none-eabi/13.2.0/../../../../arm-none-eabi/lib\libg.a(libc_a-memchr-stub.o)
                0x02019474                memchr
 .text.__utf8_wctomb
                0x02019564       0xf4 C:/devkitPro/devkitARM/bin/../lib/gcc/arm-none-eabi/13.2.0/../../../../arm-none-eabi/lib\libg.a(libc_a-wctomb_r.o)
                0x02019564                __utf8_wctomb
 .text.memcpy   0x02019658      0x114 C:/devkitPro/devkitARM/bin/../lib/gcc/arm-none-eabi/13.2.0/../../../../arm-none-eabi/lib\libg.a(libc_a-memcpy-stub.o)
                0x02019658                memcpy
 .text.stpcpy   0x0201976c       0x74 C:/devkitPro/devkitARM/bin/../lib/gcc/arm-none-eabi/13.2.0/../../../../arm-none-eabi/lib\libg.a(libc_a-stpcpy.o)
                0x0201976c                stpcpy
 .text.__libc_init_array
                0x020197e0       0x90 C:/devkitPro/devkitARM/bin/../lib/gcc/arm-none-eabi/13.2.0/../../../../arm-none-eabi/lib\libg.a(libc_a-init.o)
                0x020197e0                __libc_init_array
 .text.__errno  0x02019870       0x10 C:/devkitPro/devkitARM/bin/../lib/gcc/arm-none-eabi/13.2.0/../../../../arm-none-eabi/lib\libg.a(libc_a-errno.o)
                0x02019870                __errno
 .text.lseek    0x02019880       0x3c C:/devkitPro/devkitARM/bin/../lib/gcc/arm-none-eabi/13.2.0/../../../../arm-none-eabi/lib\libg.a(libc_a-syslseek.o)
                0x02019880                lseek
 .text.open     0x020198bc       0x40 C:/devkitPro/devkitARM/bin/../lib/gcc/arm-none-eabi/13.2.0/../../../../arm-none-eabi/lib\libg.a(libc_a-sysopen.o)
                0x020198bc                open
 .text.read     0x020198fc       0x2c C:/devkitPro/devkitARM/bin/../lib/gcc/arm-none-eabi/13.2.0/../../../../arm-none-eabi/lib\libg.a(libc_a-sysread.o)
                0x020198fc                read
 .text.stat     0x02019928       0x24 C:/devkitPro/devkitARM/bin/../lib/gcc/arm-none-eabi/13.2.0/../../../../arm-none-eabi/lib\libg.a(libc_a-sysstat.o)
                0x02019928                stat
 .text.frexp    0x0201994c       0xa4 C:/devkitPro/devkitARM/bin/../lib/gcc/arm-none-eabi/13.2.0/../../../../arm-none-eabi/lib\libg.a(libm_a-s_frexp.o)
                0x0201994c                frexp
 .text._strtoll_l.isra.0
                0x020199f0      0x23c C:/devkitPro/devkitARM/bin/../lib/gcc/arm-none-eabi/13.2.0/../../../../arm-none-eabi/lib\libg.a(libc_a-strtoll.o)
 .text._strtoll_r
                0x02019c2c       0x30 C:/devkitPro/devkitARM/bin/../lib/gcc/arm-none-eabi/13.2.0/../../../../arm-none-eabi/lib\libg.a(libc_a-strtoll.o)
                0x02019c2c                _strtoll_r
 .text._strtoull_l.isra.0
                0x02019c5c      0x260 C:/devkitPro/devkitARM/bin/../lib/gcc/arm-none-eabi/13.2.0/../../../../arm-none-eabi/lib\libg.a(libc_a-strtoull.o)
 .text._strtoull_r
                0x02019ebc       0x30 C:/devkitPro/devkitARM/bin/../lib/gcc/arm-none-eabi/13.2.0/../../../../arm-none-eabi/lib\libg.a(libc_a-strtoull.o)
                0x02019ebc                _strtoull_r
 .text.towctrans_l
                0x02019eec      0x244 C:/devkitPro/devkitARM/bin/../lib/gcc/arm-none-eabi/13.2.0/../../../../arm-none-eabi/lib\libg.a(libc_a-towctrans_l.o)
                0x02019eec                towctrans_l
 .text.iswspace
                0x0201a130       0x14 C:/devkitPro/devkitARM/bin/../lib/gcc/arm-none-eabi/13.2.0/../../../../arm-none-eabi/lib\libg.a(libc_a-iswspace.o)
                0x0201a130                iswspace
 .text.__smakebuf_r
                0x0201a144      0x138 C:/devkitPro/devkitARM/bin/../lib/gcc/arm-none-eabi/13.2.0/../../../../arm-none-eabi/lib\libg.a(libc_a-makebuf.o)
                0x0201a144                __smakebuf_r
 .text.__swhatbuf_r
                0x0201a27c       0x80 C:/devkitPro/devkitARM/bin/../lib/gcc/arm-none-eabi/13.2.0/../../../../arm-none-eabi/lib\libg.a(libc_a-makebuf.o)
                0x0201a27c                __swhatbuf_r
 .text.iswspace_l
                0x0201a2fc       0x40 C:/devkitPro/devkitARM/bin/../lib/gcc/arm-none-eabi/13.2.0/../../../../arm-none-eabi/lib\libg.a(libc_a-iswspace_l.o)
                0x0201a2fc                iswspace_l
 .text._mbsnrtowcs_r
                0x0201a33c      0x104 C:/devkitPro/devkitARM/bin/../lib/gcc/arm-none-eabi/13.2.0/../../../../arm-none-eabi/lib\libg.a(libc_a-mbsnrtowcs.o)
                0x0201a33c                _mbsnrtowcs_r
 .text._wcsrtombs_r
                0x0201a440       0x2c C:/devkitPro/devkitARM/bin/../lib/gcc/arm-none-eabi/13.2.0/../../../../arm-none-eabi/lib\libg.a(libc_a-wcsrtombs.o)
                0x0201a440                _wcsrtombs_r
 .text.__sccl   0x0201a46c       0xe4 C:/devkitPro/devkitARM/bin/../lib/gcc/arm-none-eabi/13.2.0/../../../../arm-none-eabi/lib\libg.a(libc_a-sccl.o)
                0x0201a46c                __sccl
 .text.lflush   0x0201a550       0x3c C:/devkitPro/devkitARM/bin/../lib/gcc/arm-none-eabi/13.2.0/../../../../arm-none-eabi/lib\libg.a(libc_a-refill.o)
 .text.__srefill_r
                0x0201a58c      0x19c C:/devkitPro/devkitARM/bin/../lib/gcc/arm-none-eabi/13.2.0/../../../../arm-none-eabi/lib\libg.a(libc_a-refill.o)
                0x0201a58c                __srefill_r
 .text.__submore
                0x0201a728       0xa8 C:/devkitPro/devkitARM/bin/../lib/gcc/arm-none-eabi/13.2.0/../../../../arm-none-eabi/lib\libg.a(libc_a-ungetc.o)
                0x0201a728                __submore
 .text.__sread  0x0201a7d0       0x4c C:/devkitPro/devkitARM/bin/../lib/gcc/arm-none-eabi/13.2.0/../../../../arm-none-eabi/lib\libg.a(libc_a-stdio.o)
                0x0201a7d0                __sread
 .text.__seofread
                0x0201a81c        0x8 C:/devkitPro/devkitARM/bin/../lib/gcc/arm-none-eabi/13.2.0/../../../../arm-none-eabi/lib\libg.a(libc_a-stdio.o)
                0x0201a81c                __seofread
 .text.__swrite
                0x0201a824       0x6c C:/devkitPro/devkitARM/bin/../lib/gcc/arm-none-eabi/13.2.0/../../../../arm-none-eabi/lib\libg.a(libc_a-stdio.o)
                0x0201a824                __swrite
 .text.__sseek  0x0201a890       0x48 C:/devkitPro/devkitARM/bin/../lib/gcc/arm-none-eabi/13.2.0/../../../../arm-none-eabi/lib\libg.a(libc_a-stdio.o)
                0x0201a890                __sseek
 .text.__sclose
                0x0201a8d8       0x14 C:/devkitPro/devkitARM/bin/../lib/gcc/arm-none-eabi/13.2.0/../../../../arm-none-eabi/lib\libg.a(libc_a-stdio.o)
                0x0201a8d8                __sclose
 .text.category
                0x0201a8ec       0x98 C:/devkitPro/devkitARM/bin/../lib/gcc/arm-none-eabi/13.2.0/../../../../arm-none-eabi/lib\libg.a(libc_a-categories.o)
                0x0201a8ec                category
 .text.get_arg  0x0201a984      0x654 C:/devkitPro/devkitARM/bin/../lib/gcc/arm-none-eabi/13.2.0/../../../../arm-none-eabi/lib\libg.a(libc_a-vfiprintf.o)
 .text.__sprint_r
                0x0201afd8       0x34 C:/devkitPro/devkitARM/bin/../lib/gcc/arm-none-eabi/13.2.0/../../../../arm-none-eabi/lib\libg.a(libc_a-vfiprintf.o)
                0x0201afd8                __sprint_r
 .text._vfiprintf_r
                0x0201b00c     0x2334 C:/devkitPro/devkitARM/bin/../lib/gcc/arm-none-eabi/13.2.0/../../../../arm-none-eabi/lib\libg.a(libc_a-vfiprintf.o)
                0x0201b00c                _vfiprintf_r
 .text.__sbprintf
                0x0201d340       0xbc C:/devkitPro/devkitARM/bin/../lib/gcc/arm-none-eabi/13.2.0/../../../../arm-none-eabi/lib\libg.a(libc_a-vfiprintf.o)
 .text.__ssprint_r
                0x0201d3fc      0x190 C:/devkitPro/devkitARM/bin/../lib/gcc/arm-none-eabi/13.2.0/../../../../arm-none-eabi/lib\libg.a(libc_a-svfiprintf.o)
                0x0201d3fc                __ssprint_r
 .text.div      0x0201d58c       0x2c C:/devkitPro/devkitARM/bin/../lib/gcc/arm-none-eabi/13.2.0/../../../../arm-none-eabi/lib\libg.a(libc_a-div.o)
                0x0201d58c                div
 .text.__swsetup_r
                0x0201d5b8      0x144 C:/devkitPro/devkitARM/bin/../lib/gcc/arm-none-eabi/13.2.0/../../../../arm-none-eabi/lib\libg.a(libc_a-wsetup.o)
                0x0201d5b8                __swsetup_r
 .text.quorem   0x0201d6fc      0x1d8 C:/devkitPro/devkitARM/bin/../lib/gcc/arm-none-eabi/13.2.0/../../../../arm-none-eabi/lib\libg.a(libc_a-dtoa.o)
 *fill*         0x0201d8d4        0x4 ff
 .text._dtoa_r  0x0201d8d8     0x16cc C:/devkitPro/devkitARM/bin/../lib/gcc/arm-none-eabi/13.2.0/../../../../arm-none-eabi/lib\libg.a(libc_a-dtoa.o)
                0x0201d8d8                _dtoa_r
 .text._fseeko_r
                0x0201efa4      0x5a4 C:/devkitPro/devkitARM/bin/../lib/gcc/arm-none-eabi/13.2.0/../../../../arm-none-eabi/lib\libg.a(libc_a-fseeko.o)
                0x0201efa4                _fseeko_r
 .text._findenv_r
                0x0201f548       0xd0 C:/devkitPro/devkitARM/bin/../lib/gcc/arm-none-eabi/13.2.0/../../../../arm-none-eabi/lib\libg.a(libc_a-getenv_r.o)
                0x0201f548                _findenv_r
 .text._getenv_r
                0x0201f618       0x1c C:/devkitPro/devkitARM/bin/../lib/gcc/arm-none-eabi/13.2.0/../../../../arm-none-eabi/lib\libg.a(libc_a-getenv_r.o)
                0x0201f618                _getenv_r
 .text._ftello_r
                0x0201f634      0x1c0 C:/devkitPro/devkitARM/bin/../lib/gcc/arm-none-eabi/13.2.0/../../../../arm-none-eabi/lib\libg.a(libc_a-ftello.o)
                0x0201f634                _ftello_r
 .text.__sflags
                0x0201f7f4       0xbc C:/devkitPro/devkitARM/bin/../lib/gcc/arm-none-eabi/13.2.0/../../../../arm-none-eabi/lib\libg.a(libc_a-flags.o)
                0x0201f7f4                __sflags
 .text._Balloc  0x0201f8b0       0x8c C:/devkitPro/devkitARM/bin/../lib/gcc/arm-none-eabi/13.2.0/../../../../arm-none-eabi/lib\libg.a(libc_a-mprec.o)
                0x0201f8b0                _Balloc
 .text._Bfree   0x0201f93c       0x1c C:/devkitPro/devkitARM/bin/../lib/gcc/arm-none-eabi/13.2.0/../../../../arm-none-eabi/lib\libg.a(libc_a-mprec.o)
                0x0201f93c                _Bfree
 .text.__multadd
                0x0201f958      0x100 C:/devkitPro/devkitARM/bin/../lib/gcc/arm-none-eabi/13.2.0/../../../../arm-none-eabi/lib\libg.a(libc_a-mprec.o)
                0x0201f958                __multadd
 .text.__hi0bits
                0x0201fa58       0x60 C:/devkitPro/devkitARM/bin/../lib/gcc/arm-none-eabi/13.2.0/../../../../arm-none-eabi/lib\libg.a(libc_a-mprec.o)
                0x0201fa58                __hi0bits
 .text.__lo0bits
                0x0201fab8       0xa0 C:/devkitPro/devkitARM/bin/../lib/gcc/arm-none-eabi/13.2.0/../../../../arm-none-eabi/lib\libg.a(libc_a-mprec.o)
                0x0201fab8                __lo0bits
 .text.__i2b    0x0201fb58       0xac C:/devkitPro/devkitARM/bin/../lib/gcc/arm-none-eabi/13.2.0/../../../../arm-none-eabi/lib\libg.a(libc_a-mprec.o)
                0x0201fb58                __i2b
 .text.__multiply
                0x0201fc04      0x218 C:/devkitPro/devkitARM/bin/../lib/gcc/arm-none-eabi/13.2.0/../../../../arm-none-eabi/lib\libg.a(libc_a-mprec.o)
                0x0201fc04                __multiply
 .text.__pow5mult
                0x0201fe1c      0x12c C:/devkitPro/devkitARM/bin/../lib/gcc/arm-none-eabi/13.2.0/../../../../arm-none-eabi/lib\libg.a(libc_a-mprec.o)
                0x0201fe1c                __pow5mult
 .text.__lshift
                0x0201ff48      0x144 C:/devkitPro/devkitARM/bin/../lib/gcc/arm-none-eabi/13.2.0/../../../../arm-none-eabi/lib\libg.a(libc_a-mprec.o)
                0x0201ff48                __lshift
 .text.__mcmp   0x0202008c       0x54 C:/devkitPro/devkitARM/bin/../lib/gcc/arm-none-eabi/13.2.0/../../../../arm-none-eabi/lib\libg.a(libc_a-mprec.o)
                0x0202008c                __mcmp
 .text.__mdiff  0x020200e0      0x214 C:/devkitPro/devkitARM/bin/../lib/gcc/arm-none-eabi/13.2.0/../../../../arm-none-eabi/lib\libg.a(libc_a-mprec.o)
                0x020200e0                __mdiff
 .text.__d2b    0x020202f4      0x128 C:/devkitPro/devkitARM/bin/../lib/gcc/arm-none-eabi/13.2.0/../../../../arm-none-eabi/lib\libg.a(libc_a-mprec.o)
                0x020202f4                __d2b
 .text.__sfvwrite_r
                0x0202041c      0x4c8 C:/devkitPro/devkitARM/bin/../lib/gcc/arm-none-eabi/13.2.0/../../../../arm-none-eabi/lib\libg.a(libc_a-fvwrite.o)
                0x0202041c                __sfvwrite_r
 .text.gmtime_r
                0x020208e4      0x26c C:/devkitPro/devkitARM/bin/../lib/gcc/arm-none-eabi/13.2.0/../../../../arm-none-eabi/lib\libg.a(libc_a-gmtime_r.o)
                0x020208e4                gmtime_r
 .text._realloc_r
                0x02020b50      0x4b8 C:/devkitPro/devkitARM/bin/../lib/gcc/arm-none-eabi/13.2.0/../../../../arm-none-eabi/lib\libg.a(libc_a-reallocr.o)
                0x02020b50                _realloc_r
 .text.__tz_lock
                0x02021008       0x18 C:/devkitPro/devkitARM/bin/../lib/gcc/arm-none-eabi/13.2.0/../../../../arm-none-eabi/lib\libg.a(libc_a-tzlock.o)
                0x02021008                __tz_lock
 .text.__tz_unlock
                0x02021020       0x18 C:/devkitPro/devkitARM/bin/../lib/gcc/arm-none-eabi/13.2.0/../../../../arm-none-eabi/lib\libg.a(libc_a-tzlock.o)
                0x02021020                __tz_unlock
 .text.__utf8_mbtowc
                0x02021038      0x308 C:/devkitPro/devkitARM/bin/../lib/gcc/arm-none-eabi/13.2.0/../../../../arm-none-eabi/lib\libg.a(libc_a-mbtowc_r.o)
                0x02021038                __utf8_mbtowc
 .text._wcsnrtombs_l
                0x02021340      0x198 C:/devkitPro/devkitARM/bin/../lib/gcc/arm-none-eabi/13.2.0/../../../../arm-none-eabi/lib\libg.a(libc_a-wcsnrtombs.o)
                0x02021340                _wcsnrtombs_l
 .text._wcsnrtombs_r
                0x020214d8       0x68 C:/devkitPro/devkitARM/bin/../lib/gcc/arm-none-eabi/13.2.0/../../../../arm-none-eabi/lib\libg.a(libc_a-wcsnrtombs.o)
                0x020214d8                _wcsnrtombs_r
 .text.__env_lock
                0x02021540       0x18 C:/devkitPro/devkitARM/bin/../lib/gcc/arm-none-eabi/13.2.0/../../../../arm-none-eabi/lib\libg.a(libc_a-envlock.o)
                0x02021540                __env_lock
 .text.__env_unlock
                0x02021558       0x18 C:/devkitPro/devkitARM/bin/../lib/gcc/arm-none-eabi/13.2.0/../../../../arm-none-eabi/lib\libg.a(libc_a-envlock.o)
                0x02021558                __env_unlock
 .text.__assert_func
                0x02021570       0x5c C:/devkitPro/devkitARM/bin/../lib/gcc/arm-none-eabi/13.2.0/../../../../arm-none-eabi/lib\libg.a(libc_a-assert.o)
                0x02021570                __assert_func
 .text.fiprintf
                0x020215cc       0x3c C:/devkitPro/devkitARM/bin/../lib/gcc/arm-none-eabi/13.2.0/../../../../arm-none-eabi/lib\libg.a(libc_a-fiprintf.o)
                0x020215cc                fiprintf
 .text.abort    0x02021608       0x14 C:/devkitPro/devkitARM/bin/../lib/gcc/arm-none-eabi/13.2.0/../../../../arm-none-eabi/lib\libg.a(libc_a-abort.o)
                0x02021608                abort
 .text._raise_r
                0x0202161c       0x94 C:/devkitPro/devkitARM/bin/../lib/gcc/arm-none-eabi/13.2.0/../../../../arm-none-eabi/lib\libg.a(libc_a-signal.o)
                0x0202161c                _raise_r
 .text.raise    0x020216b0       0x18 C:/devkitPro/devkitARM/bin/../lib/gcc/arm-none-eabi/13.2.0/../../../../arm-none-eabi/lib\libg.a(libc_a-signal.o)
                0x020216b0                raise
 .text._exit    0x020216c8       0x20 C:/devkitPro/devkitARM/bin/../lib/gcc/arm-none-eabi/13.2.0/../../../../arm-none-eabi/lib\libsysbase.a(libsysbase_libsysbase_a-_exit.o)
                0x020216c8                _exit
 .text.build_argv
                0x020216e8       0x90 C:/devkitPro/devkitARM/bin/../lib/gcc/arm-none-eabi/13.2.0/../../../../arm-none-eabi/lib\libsysbase.a(libsysbase_libsysbase_a-build_argv.o)
                0x020216e8                build_argv
 .text.chdir    0x02021778      0x144 C:/devkitPro/devkitARM/bin/../lib/gcc/arm-none-eabi/13.2.0/../../../../arm-none-eabi/lib\libsysbase.a(libsysbase_libsysbase_a-chdir.o)
                0x02021778                chdir
 .text.getcwd   0x020218bc       0x8c C:/devkitPro/devkitARM/bin/../lib/gcc/arm-none-eabi/13.2.0/../../../../arm-none-eabi/lib\libsysbase.a(libsysbase_libsysbase_a-chdir.o)
                0x020218bc                getcwd
 .text._concatenate_path
                0x02021948      0x1d4 C:/devkitPro/devkitARM/bin/../lib/gcc/arm-none-eabi/13.2.0/../../../../arm-none-eabi/lib\libsysbase.a(libsysbase_libsysbase_a-concatenate.o)
                0x02021948                _concatenate_path
 .text._fstat_r
                0x02021b1c       0x7c C:/devkitPro/devkitARM/bin/../lib/gcc/arm-none-eabi/13.2.0/../../../../arm-none-eabi/lib\libsysbase.a(libsysbase_libsysbase_a-fstat.o)
                0x02021b1c                _fstat_r
 .text._getpid_r
                0x02021b98       0x14 C:/devkitPro/devkitARM/bin/../lib/gcc/arm-none-eabi/13.2.0/../../../../arm-none-eabi/lib\libsysbase.a(libsysbase_libsysbase_a-getpid.o)
                0x02021b98                _getpid_r
 .text.__getreent
                0x02021bac       0x30 C:/devkitPro/devkitARM/bin/../lib/gcc/arm-none-eabi/13.2.0/../../../../arm-none-eabi/lib\libsysbase.a(libsysbase_libsysbase_a-getreent.o)
                0x02021bac                __getreent
 .text._gettimeofday_r
                0x02021bdc       0x34 C:/devkitPro/devkitARM/bin/../lib/gcc/arm-none-eabi/13.2.0/../../../../arm-none-eabi/lib\libsysbase.a(libsysbase_libsysbase_a-gettod.o)
                0x02021bdc                _gettimeofday_r
 .text.__release_handle
                0x02021c10       0x90 C:/devkitPro/devkitARM/bin/../lib/gcc/arm-none-eabi/13.2.0/../../../../arm-none-eabi/lib\libsysbase.a(libsysbase_libsysbase_a-handle_manager.o)
                0x02021c10                __release_handle
 .text.__alloc_handle
                0x02021ca0       0xb4 C:/devkitPro/devkitARM/bin/../lib/gcc/arm-none-eabi/13.2.0/../../../../arm-none-eabi/lib\libsysbase.a(libsysbase_libsysbase_a-handle_manager.o)
                0x02021ca0                __alloc_handle
 .text.__get_handle
                0x02021d54       0x40 C:/devkitPro/devkitARM/bin/../lib/gcc/arm-none-eabi/13.2.0/../../../../arm-none-eabi/lib\libsysbase.a(libsysbase_libsysbase_a-handle_manager.o)
                0x02021d54                __get_handle
 .text._close_r
                0x02021d94       0xfc C:/devkitPro/devkitARM/bin/../lib/gcc/arm-none-eabi/13.2.0/../../../../arm-none-eabi/lib\libsysbase.a(libsysbase_libsysbase_a-handle_manager.o)
                0x02021d94                _close_r
 .text.null_write
                0x02021e90        0x8 C:/devkitPro/devkitARM/bin/../lib/gcc/arm-none-eabi/13.2.0/../../../../arm-none-eabi/lib\libsysbase.a(libsysbase_libsysbase_a-iosupport.o)
 .text.setDefaultDevice
                0x02021e98       0x18 C:/devkitPro/devkitARM/bin/../lib/gcc/arm-none-eabi/13.2.0/../../../../arm-none-eabi/lib\libsysbase.a(libsysbase_libsysbase_a-iosupport.o)
                0x02021e98                setDefaultDevice
 .text.FindDevice
                0x02021eb0       0xd4 C:/devkitPro/devkitARM/bin/../lib/gcc/arm-none-eabi/13.2.0/../../../../arm-none-eabi/lib\libsysbase.a(libsysbase_libsysbase_a-iosupport.o)
                0x02021eb0                FindDevice
 .text.AddDevice
                0x02021f84       0xa4 C:/devkitPro/devkitARM/bin/../lib/gcc/arm-none-eabi/13.2.0/../../../../arm-none-eabi/lib\libsysbase.a(libsysbase_libsysbase_a-iosupport.o)
                0x02021f84                AddDevice
 .text.GetDeviceOpTab
                0x02022028       0x24 C:/devkitPro/devkitARM/bin/../lib/gcc/arm-none-eabi/13.2.0/../../../../arm-none-eabi/lib\libsysbase.a(libsysbase_libsysbase_a-iosupport.o)
                0x02022028                GetDeviceOpTab
 .text._isatty_r
                0x0202204c        0x8 C:/devkitPro/devkitARM/bin/../lib/gcc/arm-none-eabi/13.2.0/../../../../arm-none-eabi/lib\libsysbase.a(libsysbase_libsysbase_a-isatty.o)
                0x0202204c                _isatty_r
 .text._kill_r  0x02022054       0x14 C:/devkitPro/devkitARM/bin/../lib/gcc/arm-none-eabi/13.2.0/../../../../arm-none-eabi/lib\libsysbase.a(libsysbase_libsysbase_a-kill.o)
                0x02022054                _kill_r
 .text._lseek_r
                0x02022068       0x88 C:/devkitPro/devkitARM/bin/../lib/gcc/arm-none-eabi/13.2.0/../../../../arm-none-eabi/lib\libsysbase.a(libsysbase_libsysbase_a-lseek.o)
                0x02022068                _lseek_r
 .text._open_r  0x020220f0       0xc4 C:/devkitPro/devkitARM/bin/../lib/gcc/arm-none-eabi/13.2.0/../../../../arm-none-eabi/lib\libsysbase.a(libsysbase_libsysbase_a-open.o)
                0x020220f0                _open_r
 .text._read_r  0x020221b4       0x84 C:/devkitPro/devkitARM/bin/../lib/gcc/arm-none-eabi/13.2.0/../../../../arm-none-eabi/lib\libsysbase.a(libsysbase_libsysbase_a-read.o)
                0x020221b4                _read_r
 .text._sbrk_r  0x02022238       0x7c C:/devkitPro/devkitARM/bin/../lib/gcc/arm-none-eabi/13.2.0/../../../../arm-none-eabi/lib\libsysbase.a(libsysbase_libsysbase_a-sbrk.o)
                0x02022238                _sbrk_r
 .text._stat_r  0x020222b4       0x74 C:/devkitPro/devkitARM/bin/../lib/gcc/arm-none-eabi/13.2.0/../../../../arm-none-eabi/lib\libsysbase.a(libsysbase_libsysbase_a-stat.o)
                0x020222b4                _stat_r
 .text.__libc_lock_acquire
                0x02022328       0x20 C:/devkitPro/devkitARM/bin/../lib/gcc/arm-none-eabi/13.2.0/../../../../arm-none-eabi/lib\libsysbase.a(libsysbase_libsysbase_a-syscall_support.o)
                0x02022328                __libc_lock_acquire
 .text.__libc_lock_release
                0x02022348       0x20 C:/devkitPro/devkitARM/bin/../lib/gcc/arm-none-eabi/13.2.0/../../../../arm-none-eabi/lib\libsysbase.a(libsysbase_libsysbase_a-syscall_support.o)
                0x02022348                __libc_lock_release
 .text.__libc_lock_acquire_recursive
                0x02022368       0x20 C:/devkitPro/devkitARM/bin/../lib/gcc/arm-none-eabi/13.2.0/../../../../arm-none-eabi/lib\libsysbase.a(libsysbase_libsysbase_a-syscall_support.o)
                0x02022368                __libc_lock_acquire_recursive
 .text.__libc_lock_release_recursive
                0x02022388       0x20 C:/devkitPro/devkitARM/bin/../lib/gcc/arm-none-eabi/13.2.0/../../../../arm-none-eabi/lib\libsysbase.a(libsysbase_libsysbase_a-syscall_support.o)
                0x02022388                __libc_lock_release_recursive
 .text._write_r
                0x020223a8       0x84 C:/devkitPro/devkitARM/bin/../lib/gcc/arm-none-eabi/13.2.0/../../../../arm-none-eabi/lib\libsysbase.a(libsysbase_libsysbase_a-write.o)
                0x020223a8                _write_r
 *fill*         0x0202242c        0x4 ff
 .text._write_r.__stub
                0x02022430      0x2a8 linker stubs
 *(EXCLUDE_FILE(*.twl*) .gnu.warning)
 *(EXCLUDE_FILE(*.twl*) .gnu.linkonce.t*)
 *(.glue_7)
 .glue_7        0x02022710        0x0 linker stubs
 *(.glue_7t)
 .glue_7t       0x02022710        0x0 linker stubs
                0x02022710                        . = ALIGN (0x4)

.vfp11_veneer   0x02022710        0x0
 .vfp11_veneer  0x02022710        0x0 linker stubs

.v4_bx          0x02022710        0x0
 .v4_bx         0x02022710        0x0 linker stubs

.iplt           0x02022710        0x0
 .iplt          0x02022710        0x0 C:/devkitPro/devkitARM/bin/../lib/gcc/arm-none-eabi/13.2.0/../../../../arm-none-eabi/lib/ds_arm9_crt0.o

.fini           0x02022710       0x18
 *(.fini)
 .fini          0x02022710        0xc C:/devkitPro/devkitARM/bin/../lib/gcc/arm-none-eabi/13.2.0/crti.o
                0x02022710                _fini
 .fini          0x0202271c        0xc C:/devkitPro/devkitARM/bin/../lib/gcc/arm-none-eabi/13.2.0/crtn.o
                0x02022728                        __text_end = .

.rodata         0x02022728     0x6778
 *(EXCLUDE_FILE(*.twl*) .rodata)
 .rodata        0x02022728       0x50 C:/devkitPro/nflib/lib\libnflib.a(nf_basic.o)
 *all.rodata*(*)
 *(EXCLUDE_FILE(*.twl*) .roda)
 *(EXCLUDE_FILE(*.twl*) .rodata.*)
 .rodata.str1.4
                0x02022778      0x918 game.o
                                 0x3c (size before relaxing)
 .rodata.str1.4
                0x02023090       0x27 C:/devkitPro/nflib/lib\libnflib.a(nf_2d.o)
 .rodata.str1.4
                0x02023090      0x667 C:/devkitPro/nflib/lib\libnflib.a(nf_basic.o)
 .rodata.str1.4
                0x02023090       0x70 C:/devkitPro/nflib/lib\libnflib.a(nf_tiledbg.o)
 .rodata.nitroFSInit.str1.4
                0x02023090        0x8 C:/devkitPro/libnds/lib\libfilesystem.a(nitrofs.o)
 .rodata.str1.4
                0x02023090        0xe C:/devkitPro/libnds/lib\libfilesystem.a(nitrofs.o)
 .rodata.fatMount.part.0.str1.4
                0x02023090        0x2 C:/devkitPro/libnds/lib\libfat.a(libfat.o)
 .rodata.fatInit.str1.4
                0x02023090        0x3 C:/devkitPro/libnds/lib\libfat.a(libfat.o)
 .rodata.str1.4
                0x02023090        0x4 C:/devkitPro/libnds/lib\libfat.a(libfat.o)
 .rodata.dotab_fat
                0x02023090       0x70 C:/devkitPro/libnds/lib\libfat.a(libfat.o)
 .rodata.str1.4
                0x02023100        0x8 C:/devkitPro/libnds/lib\libfat.a(disc.o)
 .rodata._FAT_disc_interfaces
                0x02023100       0x18 C:/devkitPro/libnds/lib\libfat.a(disc.o)
                0x02023100                _FAT_disc_interfaces
 .rodata._FAT_directory_entryFromPath.str1.4
                0x02023118        0x7 C:/devkitPro/libnds/lib\libfat.a(directory.o)
 .rodata.ILLEGAL_ALIAS_CHARACTERS
                0x02023118       0x12 C:/devkitPro/libnds/lib\libfat.a(directory.o)
 *fill*         0x0202312a        0x2 ff
 .rodata.ILLEGAL_LFN_CHARACTERS
                0x0202312c        0xa C:/devkitPro/libnds/lib\libfat.a(directory.o)
 *fill*         0x02023136        0x2 ff
 .rodata.LFN_offset_table
                0x02023138       0x34 C:/devkitPro/libnds/lib\libfat.a(directory.o)
 .rodata.FAT_SIG
                0x0202316c        0x3 C:/devkitPro/libnds/lib\libfat.a(partition.o)
 *fill*         0x0202316f        0x1 ff
 .rodata.FS_TWL_SIG
                0x02023170        0x8 C:/devkitPro/libnds/lib\libfat.a(partition.o)
 .rodata.con_write.str1.4
                0x02023178       0x30 C:/devkitPro/libnds/lib\libnds9.a(console.o)
 .rodata.con_write
                0x02023178       0xd4 C:/devkitPro/libnds/lib\libnds9.a(console.o)
 .rodata.str1.4
                0x0202324c       0x14 C:/devkitPro/libnds/lib\libnds9.a(console.o)
 .rodata.dotab_stdout
                0x0202324c       0x70 C:/devkitPro/libnds/lib\libnds9.a(console.o)
 .rodata.default_font_bin
                0x020232bc     0x2000 C:/devkitPro/libnds/lib\libnds9.a(default_font.bin.o)
                0x020232bc                default_font_bin
                0x020252bc                default_font_bin_end
 .rodata.SIN_LUT
                0x020252bc      0x102 C:/devkitPro/libnds/lib\libnds9.a(trig.o)
                0x020252bc                SIN_LUT
 .rodata._mbrtowc_r.str1.4
                0x020253be        0x1 C:/devkitPro/devkitARM/bin/../lib/gcc/arm-none-eabi/13.2.0/../../../../arm-none-eabi/lib\libg.a(libc_a-mbrtowc.o)
 *fill*         0x020253be        0x2 ff
 .rodata._ctype_
                0x020253c0      0x101 C:/devkitPro/devkitARM/bin/../lib/gcc/arm-none-eabi/13.2.0/../../../../arm-none-eabi/lib\libg.a(libc_a-ctype_.o)
                0x020253c0                _ctype_
 *fill*         0x020254c1        0x3 ff
 .rodata.basefix.0
                0x020254c4       0x22 C:/devkitPro/devkitARM/bin/../lib/gcc/arm-none-eabi/13.2.0/../../../../arm-none-eabi/lib\libg.a(libc_a-svfiscanf.o)
 .rodata._svfprintf_r.str1.1
                0x020254e6       0x3b C:/devkitPro/devkitARM/bin/../lib/gcc/arm-none-eabi/13.2.0/../../../../arm-none-eabi/lib\libg.a(libc_a-svfprintf.o)
 *fill*         0x02025521        0x3 ff
 .rodata.zeroes.0
                0x02025524       0x10 C:/devkitPro/devkitARM/bin/../lib/gcc/arm-none-eabi/13.2.0/../../../../arm-none-eabi/lib\libg.a(libc_a-svfprintf.o)
 .rodata.blanks.1
                0x02025534       0x10 C:/devkitPro/devkitARM/bin/../lib/gcc/arm-none-eabi/13.2.0/../../../../arm-none-eabi/lib\libg.a(libc_a-svfprintf.o)
 .rodata._DAYS_BEFORE_MONTH
                0x02025544       0x30 C:/devkitPro/devkitARM/bin/../lib/gcc/arm-none-eabi/13.2.0/../../../../arm-none-eabi/lib\libg.a(libc_a-mktime.o)
 .rodata.DAYS_IN_MONTH
                0x02025574       0x30 C:/devkitPro/devkitARM/bin/../lib/gcc/arm-none-eabi/13.2.0/../../../../arm-none-eabi/lib\libg.a(libc_a-mktime.o)
 .rodata._tzset_unlocked_r.str1.4
                0x020255a4       0x6b C:/devkitPro/devkitARM/bin/../lib/gcc/arm-none-eabi/13.2.0/../../../../arm-none-eabi/lib\libg.a(libc_a-tzset_r.o)
 .rodata.__month_lengths
                0x020255a4       0x60 C:/devkitPro/devkitARM/bin/../lib/gcc/arm-none-eabi/13.2.0/../../../../arm-none-eabi/lib\libg.a(libc_a-month_lengths.o)
                0x020255a4                __month_lengths
 .rodata.str1.4
                0x02025604        0x4 C:/devkitPro/devkitARM/bin/../lib/gcc/arm-none-eabi/13.2.0/../../../../arm-none-eabi/lib\libg.a(libc_a-tzvars.o)
 .rodata.str1.4
                0x02025604       0x4c C:/devkitPro/devkitARM/bin/../lib/gcc/arm-none-eabi/13.2.0/../../../../arm-none-eabi/lib\libg.a(libc_a-locale.o)
 .rodata.categories
                0x02025604     0x3528 C:/devkitPro/devkitARM/bin/../lib/gcc/arm-none-eabi/13.2.0/../../../../arm-none-eabi/lib\libg.a(libc_a-categories.o)
 .rodata._vfiprintf_r.str1.1
                0x02028b2c       0x29 C:/devkitPro/devkitARM/bin/../lib/gcc/arm-none-eabi/13.2.0/../../../../arm-none-eabi/lib\libg.a(libc_a-vfiprintf.o)
 .rodata.zeroes.0
                0x02028b2c       0x10 C:/devkitPro/devkitARM/bin/../lib/gcc/arm-none-eabi/13.2.0/../../../../arm-none-eabi/lib\libg.a(libc_a-vfiprintf.o)
 .rodata.blanks.1
                0x02028b3c       0x10 C:/devkitPro/devkitARM/bin/../lib/gcc/arm-none-eabi/13.2.0/../../../../arm-none-eabi/lib\libg.a(libc_a-vfiprintf.o)
 .rodata.__action_table
                0x02028b4c       0x6c C:/devkitPro/devkitARM/bin/../lib/gcc/arm-none-eabi/13.2.0/../../../../arm-none-eabi/lib\libg.a(libc_a-svfiprintf.o)
                0x02028b4c                __action_table
 .rodata.__state_table
                0x02028bb8       0x6c C:/devkitPro/devkitARM/bin/../lib/gcc/arm-none-eabi/13.2.0/../../../../arm-none-eabi/lib\libg.a(libc_a-svfiprintf.o)
                0x02028bb8                __state_table
 .rodata.__chclass
                0x02028c24      0x100 C:/devkitPro/devkitARM/bin/../lib/gcc/arm-none-eabi/13.2.0/../../../../arm-none-eabi/lib\libg.a(libc_a-svfiprintf.o)
                0x02028c24                __chclass
 .rodata._dtoa_r.str1.4
                0x02028d24       0x64 C:/devkitPro/devkitARM/bin/../lib/gcc/arm-none-eabi/13.2.0/../../../../arm-none-eabi/lib\libg.a(libc_a-dtoa.o)
 .rodata.__multadd.str1.4
                0x02028d24       0x51 C:/devkitPro/devkitARM/bin/../lib/gcc/arm-none-eabi/13.2.0/../../../../arm-none-eabi/lib\libg.a(libc_a-mprec.o)
 .rodata.p05.0  0x02028d24        0xc C:/devkitPro/devkitARM/bin/../lib/gcc/arm-none-eabi/13.2.0/../../../../arm-none-eabi/lib\libg.a(libc_a-mprec.o)
 .rodata.__mprec_bigtens
                0x02028d30       0x28 C:/devkitPro/devkitARM/bin/../lib/gcc/arm-none-eabi/13.2.0/../../../../arm-none-eabi/lib\libg.a(libc_a-mprec.o)
                0x02028d30                __mprec_bigtens
 .rodata.__mprec_tens
                0x02028d58       0xc8 C:/devkitPro/devkitARM/bin/../lib/gcc/arm-none-eabi/13.2.0/../../../../arm-none-eabi/lib\libg.a(libc_a-mprec.o)
                0x02028d58                __mprec_tens
 .rodata.__assert_func.str1.4
                0x02028e20       0x43 C:/devkitPro/devkitARM/bin/../lib/gcc/arm-none-eabi/13.2.0/../../../../arm-none-eabi/lib\libg.a(libc_a-assert.o)
 .rodata.AddDevice.str1.4
                0x02028e20        0x8 C:/devkitPro/devkitARM/bin/../lib/gcc/arm-none-eabi/13.2.0/../../../../arm-none-eabi/lib\libsysbase.a(libsysbase_libsysbase_a-iosupport.o)
 .rodata.dotab_stdnull
                0x02028e20       0x80 C:/devkitPro/devkitARM/bin/../lib/gcc/arm-none-eabi/13.2.0/../../../../arm-none-eabi/lib\libsysbase.a(libsysbase_libsysbase_a-iosupport.o)
                0x02028e20                dotab_stdnull
 *(EXCLUDE_FILE(*.twl*) .gnu.linkonce.r*)
                0x02028ea0                        . = ALIGN (0x4)

.ARM.extab
 *(.ARM.extab* .gnu.linkonce.armextab.*)
                0x02028ea0                        __exidx_start = .

ARM.exidx
 *(.ARM.exidx* .gnu.linkonce.armexidx.*)
                0x02028ea0                        __exidx_end = .
                0x02028ea0                        . = ALIGN (0x4)
                0x02028ea0                        PROVIDE (__preinit_array_start = .)

.preinit_array
 *(.preinit_array)
                0x02028ea0                        PROVIDE (__preinit_array_end = .)
                0x02028ea0                        PROVIDE (__init_array_start = .)

.init_array     0x02028ea0        0x8
 *(SORT_BY_NAME(.init_array.*))
 *(.init_array)
 .init_array    0x02028ea0        0x4 C:/devkitPro/devkitARM/bin/../lib/gcc/arm-none-eabi/13.2.0/crtbegin.o
 .init_array    0x02028ea4        0x4 main.o
                0x02028ea8                        PROVIDE (__init_array_end = .)
                [!provide]                        PROVIDE (__fini_array_start = .)

.fini_array     0x02028ea8        0x4
 *(.fini_array)
 .fini_array    0x02028ea8        0x4 C:/devkitPro/devkitARM/bin/../lib/gcc/arm-none-eabi/13.2.0/crtbegin.o
 *(SORT_BY_NAME(.fini_array.*))
                [!provide]                        PROVIDE (__fini_array_end = .)

.ctors          0x02028eac        0x0
 *crtbegin.o(.ctors)
 *(EXCLUDE_FILE(*crtend.o) .ctors)
 *(SORT_BY_NAME(.ctors.*))
 *(.ctors)
                0x02028eac                        . = ALIGN (0x4)

.dtors          0x02028eac        0x0
 *crtbegin.o(.dtors)
 *(EXCLUDE_FILE(*crtend.o) .dtors)
 *(SORT_BY_NAME(.dtors.*))
 *(.dtors)
                0x02028eac                        . = ALIGN (0x4)

.eh_frame       0x02028eac        0x4
 *(.eh_frame)
 .eh_frame      0x02028eac        0x0 C:/devkitPro/devkitARM/bin/../lib/gcc/arm-none-eabi/13.2.0/crtbegin.o
 .eh_frame      0x02028eac        0x4 C:/devkitPro/devkitARM/bin/../lib/gcc/arm-none-eabi/13.2.0/crtend.o
                0x02028eb0                        . = ALIGN (0x4)

.gcc_except_table
                0x02028eb0        0x0
 *(.gcc_except_table)
                0x02028eb0                        . = ALIGN (0x4)

.jcr
 *(.jcr)

.got
 *(.got.plt)
 *(.got)
 *(.rel.got)

.ewram          0x02028eb0        0x0
                0x02028eb0                        __ewram_start = ABSOLUTE (.)
 *(.ewram)
 *ewram.*(.text)
                0x02028eb0                        . = ALIGN (0x4)

.data           0x02028eb0     0x2528
                0x02028eb0                        __data_start = ABSOLUTE (.)
 *(EXCLUDE_FILE(*.twl*) .data)
 .data          0x02028eb0       0x28 C:/devkitPro/libnds/lib\libnds9.a(mpu_setup.o)
 *(EXCLUDE_FILE(*.twl*) .data.*)
 .data.ndsFileFD
                0x02028ed8        0x4 C:/devkitPro/libnds/lib\libfilesystem.a(nitrofs.o)
 .data.nitroFSdevoptab
                0x02028edc       0x70 C:/devkitPro/libnds/lib\libfilesystem.a(nitrofs.o)
                0x02028edc                nitroFSdevoptab
 .data.syspaths
                0x02028f4c        0x8 C:/devkitPro/libnds/lib\libfilesystem.a(nitrofs.o)
                0x02028f4c                syspaths
 .data.currentConsole
                0x02028f54        0x4 C:/devkitPro/libnds/lib\libnds9.a(console.o)
                0x02028f54                currentConsole
 .data.defaultConsole
                0x02028f58       0x5c C:/devkitPro/libnds/lib\libnds9.a(console.o)
                0x02028f58                defaultConsole
 .data.firstConsoleInit.0
                0x02028fb4        0x1 C:/devkitPro/libnds/lib\libnds9.a(console.o)
 *fill*         0x02028fb5        0x3 ff
 .data.oamMain  0x02028fb8       0x18 C:/devkitPro/libnds/lib\libnds9.a(sprite.o)
                0x02028fb8                oamMain
 .data.oamSub   0x02028fd0       0x18 C:/devkitPro/libnds/lib\libnds9.a(sprite.o)
                0x02028fd0                oamSub
 .data.count    0x02028fe8        0x1 C:/devkitPro/libnds/lib\libnds9.a(keys.o)
 .data.delay    0x02028fe9        0x1 C:/devkitPro/libnds/lib\libnds9.a(keys.o)
 .data.repeat   0x02028fea        0x1 C:/devkitPro/libnds/lib\libnds9.a(keys.o)
 *fill*         0x02028feb        0x1 ff
 .data.fifo_buffer_free
                0x02028fec        0x4 C:/devkitPro/libnds/lib\libnds9.a(fifosystem.o)
                0x02028fec                fifo_buffer_free
 .data.fifo_freewords
                0x02028ff0        0x4 C:/devkitPro/libnds/lib\libnds9.a(fifosystem.o)
                0x02028ff0                fifo_freewords
 .data.fifo_receive_queue
                0x02028ff4        0x4 C:/devkitPro/libnds/lib\libnds9.a(fifosystem.o)
                0x02028ff4                fifo_receive_queue
 .data.fifo_send_queue
                0x02028ff8        0x4 C:/devkitPro/libnds/lib\libnds9.a(fifosystem.o)
                0x02028ff8                fifo_send_queue
 .data.bgControl
                0x02028ffc       0x20 C:/devkitPro/libnds/lib\libnds9.a(background.o)
                0x02028ffc                bgControl
 .data.bgScrollTable
                0x0202901c       0x20 C:/devkitPro/libnds/lib\libnds9.a(background.o)
                0x0202901c                bgScrollTable
 .data.bgTransform
                0x0202903c       0x20 C:/devkitPro/libnds/lib\libnds9.a(background.o)
                0x0202903c                bgTransform
 .data.__malloc_sbrk_base
                0x0202905c        0x4 C:/devkitPro/devkitARM/bin/../lib/gcc/arm-none-eabi/13.2.0/../../../../arm-none-eabi/lib\libg.a(libc_a-mallocr.o)
                0x0202905c                __malloc_sbrk_base
 .data.__malloc_trim_threshold
                0x02029060        0x4 C:/devkitPro/devkitARM/bin/../lib/gcc/arm-none-eabi/13.2.0/../../../../arm-none-eabi/lib\libg.a(libc_a-mallocr.o)
                0x02029060                __malloc_trim_threshold
 *fill*         0x02029064        0x4 ff
 .data.__malloc_av_
                0x02029068      0x408 C:/devkitPro/devkitARM/bin/../lib/gcc/arm-none-eabi/13.2.0/../../../../arm-none-eabi/lib\libg.a(libc_a-mallocr.o)
                0x02029068                __malloc_av_
 .data.__sglue  0x02029470        0xc C:/devkitPro/devkitARM/bin/../lib/gcc/arm-none-eabi/13.2.0/../../../../arm-none-eabi/lib\libg.a(libc_a-findfp.o)
                0x02029470                __sglue
 .data._tzname  0x0202947c        0x8 C:/devkitPro/devkitARM/bin/../lib/gcc/arm-none-eabi/13.2.0/../../../../arm-none-eabi/lib\libg.a(libc_a-tzvars.o)
                0x0202947c                _tzname
 *fill*         0x02029484        0x4 ff
 .data.tzinfo   0x02029488       0x58 C:/devkitPro/devkitARM/bin/../lib/gcc/arm-none-eabi/13.2.0/../../../../arm-none-eabi/lib\libg.a(libc_a-gettzinfo.o)
 .data.__global_locale
                0x020294e0      0x16c C:/devkitPro/devkitARM/bin/../lib/gcc/arm-none-eabi/13.2.0/../../../../arm-none-eabi/lib\libg.a(libc_a-locale.o)
                0x020294e0                __global_locale
 .data._impure_ptr
                0x0202964c        0x4 C:/devkitPro/devkitARM/bin/../lib/gcc/arm-none-eabi/13.2.0/../../../../arm-none-eabi/lib\libg.a(libc_a-impure.o)
                0x0202964c                _impure_ptr
 .data._impure_data
                0x02029650      0x120 C:/devkitPro/devkitARM/bin/../lib/gcc/arm-none-eabi/13.2.0/../../../../arm-none-eabi/lib\libg.a(libc_a-impure.o)
                0x02029650                _impure_data
 .data.caseconv_table
                0x02029770      0x7b0 C:/devkitPro/devkitARM/bin/../lib/gcc/arm-none-eabi/13.2.0/../../../../arm-none-eabi/lib\libg.a(libc_a-towctrans_l.o)
 .data.environ  0x02029f20        0x4 C:/devkitPro/devkitARM/bin/../lib/gcc/arm-none-eabi/13.2.0/../../../../arm-none-eabi/lib\libg.a(libc_a-environ.o)
                0x02029f20                environ
 .data._current_working_directory
                0x02029f24      0x400 C:/devkitPro/devkitARM/bin/../lib/gcc/arm-none-eabi/13.2.0/../../../../arm-none-eabi/lib\libsysbase.a(libsysbase_libsysbase_a-chdir.o)
 .data.handles  0x0202a324     0x1000 C:/devkitPro/devkitARM/bin/../lib/gcc/arm-none-eabi/13.2.0/../../../../arm-none-eabi/lib\libsysbase.a(libsysbase_libsysbase_a-handle_manager.o)
 .data.__stderr_handle
                0x0202b324        0xc C:/devkitPro/devkitARM/bin/../lib/gcc/arm-none-eabi/13.2.0/../../../../arm-none-eabi/lib\libsysbase.a(libsysbase_libsysbase_a-handle_manager.o)
 .data.__stdout_handle
                0x0202b330        0xc C:/devkitPro/devkitARM/bin/../lib/gcc/arm-none-eabi/13.2.0/../../../../arm-none-eabi/lib\libsysbase.a(libsysbase_libsysbase_a-handle_manager.o)
 .data.__stdin_handle
                0x0202b33c        0xc C:/devkitPro/devkitARM/bin/../lib/gcc/arm-none-eabi/13.2.0/../../../../arm-none-eabi/lib\libsysbase.a(libsysbase_libsysbase_a-handle_manager.o)
 .data.devoptab_list
                0x0202b348       0x8c C:/devkitPro/devkitARM/bin/../lib/gcc/arm-none-eabi/13.2.0/../../../../arm-none-eabi/lib\libsysbase.a(libsysbase_libsysbase_a-iosupport.o)
                0x0202b348                devoptab_list
 .data.defaultDevice
                0x0202b3d4        0x4 C:/devkitPro/devkitARM/bin/../lib/gcc/arm-none-eabi/13.2.0/../../../../arm-none-eabi/lib\libsysbase.a(libsysbase_libsysbase_a-iosupport.o)
 *(EXCLUDE_FILE(*.twl*) .gnu.linkonce.d*)
                0x0202b3d8                        . = ALIGN (0x4)
                0x0202b3d8                        __data_end = ABSOLUTE (.)
                0x0202b3d8                        __bss_vma = .

.igot.plt       0x0202b3d8        0x0
 .igot.plt      0x0202b3d8        0x0 C:/devkitPro/devkitARM/bin/../lib/gcc/arm-none-eabi/13.2.0/../../../../arm-none-eabi/lib/ds_arm9_crt0.o

.dtcm           0x02ff0000        0x0 load address 0x0202b3d8
                0x0202b3d8                        __dtcm_lma = LOADADDR (.dtcm)
                0x02ff0000                        __dtcm_start = ABSOLUTE (.)
 *(.dtcm)
 *(.dtcm.*)
                0x02ff0000                        . = ALIGN (0x4)
                0x02ff0000                        __dtcm_end = ABSOLUTE (.)

.itcm           0x01000100      0x194 load address 0x0202b3d8
                0x0202b3d8                        __itcm_lma = LOADADDR (.itcm)
                0x01000100                        __itcm_start = ABSOLUTE (.)
 *(.itcm)
 .itcm          0x01000100       0xc8 C:/devkitPro/libnds/lib\libnds9.a(interrupts.o)
                0x01000100                irqTable
 .itcm          0x010001c8       0xcc C:/devkitPro/libnds/lib\libnds9.a(interruptDispatcher.o)
                0x010001c8                IntrMain
 *.itcm*(.text .stub .text.*)
                0x01000294                        . = ALIGN (0x4)
                0x01000294                        __itcm_end = ABSOLUTE (.)

.vectors        0x01000000        0x0 load address 0x0202b56c
                0x0202b56c                        __vectors_lma = LOADADDR (.vectors)
                0x01000000                        __vectors_start = ABSOLUTE (.)
 *(.vectors .vectors.*)
                0x01000000                        . = ALIGN (0x4)
                0x01000000                        __vectors_end = ABSOLUTE (.)

.sbss           0x02ff0000        0x0
                0x02ff0000                        __sbss_start = ABSOLUTE (.)
                0x02ff0000                        __sbss_start__ = ABSOLUTE (.)
 *(.sbss)
                0x02ff0000                        . = ALIGN (0x4)
                0x02ff0000                        __sbss_end = ABSOLUTE (.)

.bss            0x0202b3d8     0x86dc
                0x0202b3d8                        __bss_start = ABSOLUTE (.)
                0x0202b3d8                        __bss_start__ = ABSOLUTE (.)
 *(EXCLUDE_FILE(*.twl*) .dynbss)
 *(EXCLUDE_FILE(*.twl*) .gnu.linkonce.b*)
 *(EXCLUDE_FILE(*.twl*) .bss*)
 .bss.completed.1
                0x0202b3d8        0x1 C:/devkitPro/devkitARM/bin/../lib/gcc/arm-none-eabi/13.2.0/crtbegin.o
 *fill*         0x0202b3d9        0x3 
 .bss.object.0  0x0202b3dc       0x18 C:/devkitPro/devkitARM/bin/../lib/gcc/arm-none-eabi/13.2.0/crtbegin.o
 .bss           0x0202b3f4       0x30 main.o
                0x0202b3f4                game