Archive member included to satisfy reference by file (symbol)

C:/devkitPro/nflib/lib\libnflib.a(nf_2d.o)
                              game.o (NF_Set2D)
C:/devkitPro/nflib/lib\libnflib.a(nf_basic.o)
                              C:/devkitPro/nflib/lib\libnflib.a(nf_2d.o) (NF_Error)
C:/devkitPro/nflib/lib\libnflib.a(nf_sprite256.o)
                              game.o (NF_InitSpriteBuffers)
C:/devkitPro/nflib/lib\libnflib.a(nf_text.o)
                              game.o (NF_InitTextSys)
C:/devkitPro/nflib/lib\libnflib.a(nf_tiledbg.o)
                              game.o (NF_InitTiledBgBuffers)
C:/devkitPro/libnds/lib\libfilesystem.a(nitrofs.o)
                              game.o (nitroFSInit)
C:/devkitPro/libnds/lib\libfat.a(libfat.o)
                              C:/devkitPro/libnds/lib\libfilesystem.a(nitrofs.o) (fatInitDefault)
C:/devkitPro/libnds/lib\libfat.a(disc.o)
                              C:/devkitPro/libnds/lib\libfat.a(libfat.o) (_FAT_disc_interfaces)
C:/devkitPro/libnds/lib\libfat.a(fatfile.o)
                              C:/devkitPro/libnds/lib\libfat.a(libfat.o) (_FAT_open_r)
C:/devkitPro/libnds/lib\libfat.a(cache.o)
                              C:/devkitPro/libnds/lib\libfat.a(fatfile.o) (_FAT_cache_readSectors)
C:/devkitPro/libnds/lib\libfat.a(fatdir.o)
                              C:/devkitPro/libnds/lib\libfat.a(libfat.o) (_FAT_stat_r)
C:/devkitPro/libnds/lib\libfat.a(directory.o)
                              C:/devkitPro/libnds/lib\libfat.a(fatfile.o) (_FAT_directory_entryGetCluster)
C:/devkitPro/libnds/lib\libfat.a(partition.o)
                              C:/devkitPro/libnds/lib\libfat.a(libfat.o) (_FAT_partition_destructor)
C:/devkitPro/libnds/lib\libfat.a(lock.o)
                              C:/devkitPro/libnds/lib\libfat.a(partition.o) (_FAT_lock_init)
C:/devkitPro/libnds/lib\libfat.a(filetime.o)
                              C:/devkitPro/libnds/lib\libfat.a(fatfile.o) (_FAT_filetime_getTimeFromRTC)
C:/devkitPro/libnds/lib\libfat.a(file_allocation_table.o)
                              C:/devkitPro/libnds/lib\libfat.a(fatfile.o) (_FAT_fat_nextCluster)
C:/devkitPro/libnds/lib\libnds9.a(video.o)
                              C:/devkitPro/nflib/lib\libnflib.a(nf_basic.o) (setBrightness)
C:/devkitPro/libnds/lib\libnds9.a(console.o)
                              C:/devkitPro/nflib/lib\libnflib.a(nf_basic.o) (consoleDemoInit)
C:/devkitPro/libnds/lib\libnds9.a(sprite.o)
                              C:/devkitPro/nflib/lib\libnflib.a(nf_sprite256.o) (oamInit)
C:/devkitPro/libnds/lib\libnds9.a(keys.o)
                              game.o (scanKeys)
C:/devkitPro/libnds/lib\libnds9.a(dldi.o)
                              C:/devkitPro/libnds/lib\libfat.a(disc.o) (dldiGetInternal)
C:/devkitPro/libnds/lib\libnds9.a(initSystem.o)
                              C:/devkitPro/devkitARM/bin/../lib/gcc/arm-none-eabi/13.2.0/../../../../arm-none-eabi/lib/ds_arm9_crt0.o (initSystem)
C:/devkitPro/libnds/lib\libnds9.a(securearea.o)
                              C:/devkitPro/devkitARM/bin/../lib/gcc/arm-none-eabi/13.2.0/../../../../arm-none-eabi/lib/ds_arm9_crt0.o (__secure_area__)
C:/devkitPro/libnds/lib\libnds9.a(interrupts.o)
                              C:/devkitPro/libnds/lib\libnds9.a(initSystem.o) (irqInit)
C:/devkitPro/libnds/lib\libnds9.a(libnds_exit.arm.o)
                              C:/devkitPro/devkitARM/bin/../lib/gcc/arm-none-eabi/13.2.0/../../../../arm-none-eabi/lib/ds_arm9_crt0.o (__libnds_exit)
C:/devkitPro/libnds/lib\libnds9.a(card.o)
                              C:/devkitPro/libnds/lib\libfilesystem.a(nitrofs.o) (cardParamCommand)
C:/devkitPro/libnds/lib\libnds9.a(fifosystem.o)
                              C:/devkitPro/libnds/lib\libnds9.a(initSystem.o) (fifoSetValue32Handler)
C:/devkitPro/libnds/lib\libnds9.a(dcache.o)
                              C:/devkitPro/nflib/lib\libnflib.a(nf_basic.o) (DC_FlushRange)
C:/devkitPro/libnds/lib\libnds9.a(dldi_stub.o)
                              C:/devkitPro/libnds/lib\libnds9.a(dldi.o) (_io_dldi_stub)
C:/devkitPro/libnds/lib\libnds9.a(mpu_setup.o)
                              C:/devkitPro/devkitARM/bin/../lib/gcc/arm-none-eabi/13.2.0/../../../../arm-none-eabi/lib/ds_arm9_crt0.o (__libnds_mpu_setup)
C:/devkitPro/libnds/lib\libnds9.a(IntrWait.o)
                              main.o (swiWaitForVBlank)
C:/devkitPro/libnds/lib\libnds9.a(cpu_clock.o)
                              C:/devkitPro/libnds/lib\libnds9.a(initSystem.o) (setCpuClock)
C:/devkitPro/libnds/lib\libnds9.a(interruptDispatcher.o)
                              C:/devkitPro/libnds/lib\libnds9.a(interrupts.o) (IntrMain)
C:/devkitPro/libnds/lib\libnds9.a(biosCalls.o)
                              C:/devkitPro/libnds/lib\libnds9.a(card.o) (swiDelay)
C:/devkitPro/libnds/lib\libnds9.a(debugprint.o)
                              C:/devkitPro/libnds/lib\libnds9.a(console.o) (nocashWrite)
C:/devkitPro/libnds/lib\libnds9.a(swiSoftReset.o)
[...]
Memory Configuration

Name             Origin             Length             Attributes
ewram            0x02000000         0x00380000
dtcm             0x02ff0000         0x00004000
vectors          0x01000000         0x00000100
itcm             0x01000100         0x00007f00
*default*        0x00000000         0xffffffff

Linker script and memory map

                0x02380000                        __ewram_end = (ORIGIN (ewram) + LENGTH (ewram))
                0x02380000                        __eheap_end = (ORIGIN (ewram) + LENGTH (ewram))
                0x02ff4000                        __dtcm_top = (ORIGIN (dtcm) + LENGTH (dtcm))
                0x02ff3ff8                        __irq_flags = (__dtcm_top - 0x8)
                0x02ff3ffc                        __irq_vector = (__dtcm_top - 0x4)
                0x02ff3f00                        __sp_svc = (__dtcm_top - 0x100)
                0x02ff3e00                        __sp_irq = (__sp_svc - 0x100)
                0x02ff3d00                        __sp_usr = (__sp_irq - 0x100)

.secure         0x02000000      0x800
 *(.secure)
 .secure        0x02000000      0x800 C:/devkitPro/libnds/lib\libnds9.a(securearea.o)
                0x02000000                __secure_area__

.crt0           0x02000800      0x300
                0x02000800                        __text_start = .
 *(.crt0)
 .crt0          0x02000800      0x300 C:/devkitPro/devkitARM/bin/../lib/gcc/arm-none-eabi/13.2.0/../../../../arm-none-eabi/lib/ds_arm9_crt0.o
                0x02000800                _start
                0x02000b00                        . = ALIGN (0x4)

.plt
 *(.plt)

.init           0x02000b00       0x18
 *(SORT_NONE(.init))
 .init          0x02000b00        0xc C:/devkitPro/devkitARM/bin/../lib/gcc/arm-none-eabi/13.2.0/crti.o
                0x02000b00                _init
 .init          0x02000b0c        0xc C:/devkitPro/devkitARM/bin/../lib/gcc/arm-none-eabi/13.2.0/crtn.o

.text           0x02000b40    0x24278
 *(EXCLUDE_FILE(*.twl* *.vectors* *.itcm*) .text)
 .text          0x02000b40      0xd20 game.o
                0x02000b40                Game::Game()
                0x02000b40                Game::Game()
                0x02000c5c                Game::Tick()
                0x02000c6c                Game::Menu_Start()
                0x02000dbc                Game::Menu_Main()
                0x02000fe0                Game::Menu_Settings()
                0x020011f0                Game::Menu_Play()
                0x02001400                Game::Menu_Collection()
                0x02001610                Game::Update()
                0x020017c4                Game::Menu_Shop()
                0x02001848                Game::Action_ShipBattle()
                0x0200184c                Game::Action_MeleeBattle()
                0x02001850                Game::Minigame_AimCannon()
                0x02001854                Game::Minigame_SteerShip()
                0x02001858                Game::Minigame_RepairWood()
                0x0200185c                Game::Minigame_ChangeSails()
 .text          0x02001860      0x1a0 player.o
                0x02001860                Player::Player()
                0x02001860                Player::Player()
                0x020018ac                Player::HandleInput(int, int, int, int, int, int, int)
                0x020019f4                Player::ResetInput()
 .text          0x02001a00      0x65c C:/devkitPro/nflib/lib\libnflib.a(nf_2d.o)
                0x02001a00                NF_Set2D
                0x02001a64                NF_ShowBg
                0x02001ad8                NF_HideBg
                0x02001b74                NF_ScrollBg
                0x02001e70                NF_SpriteFrame
                0x02001f28                NF_EnableSpriteRotScale
                0x02001f94                NF_DisableSpriteRotScale
                0x02001ff0                NF_SpriteRotScale
 .text          0x0200205c      0x588 C:/devkitPro/nflib/lib\libnflib.a(nf_basic.o)
                0x0200205c                NF_Error
                0x02002308                NF_SetRootFolder
                0x020024e4                NF_DmaMemCopy
                0x02002568                NF_FileLoad
 .text          0x020025e4      0xf88 C:/devkitPro/nflib/lib\libnflib.a(nf_sprite256.o)
                0x020025e4                NF_InitSpriteBuffers
                0x02002640                NF_ResetSpriteBuffers
                0x02002674                NF_InitSpriteSys
                0x02002884                NF_LoadSpriteGfx
                0x0200291c                NF_UnloadSpriteGfx
                0x02002980                NF_LoadSpritePal
                0x02002a00                NF_UnloadSpritePal
                0x02002a5c                NF_VramSpriteGfx
                0x02002d00                NF_VramSpriteGfxDefrag
                0x02002f1c                NF_FreeSpriteGfx
                0x02002ff8                NF_VramSpritePal
                0x020030a8                NF_CreateSprite
                0x02003274                NF_DeleteSprite
                0x020032f4                NF_SpriteOamSet
                0x020033b8                NF_SpriteSetPalColor
                0x02003438                NF_SpriteEditPalColor
                0x0200348c                NF_SpriteUpdatePalette
                0x02003514                NF_SpriteGetPalColor
 .text          0x0200356c      0x6c0 C:/devkitPro/nflib/lib\libnflib.a(nf_text.o)
                0x0200356c                NF_InitTextSys
                0x020035a0                NF_LoadTextFont
                0x02003770                NF_UnloadTextFont
                0x02003778                NF_CreateTextLayer
                0x02003804                NF_DeleteTextLayer
                0x0200383c                NF_WriteText
                0x02003b0c                NF_UpdateTextLayers
                0x02003b58                NF_ClearTextLayer
                0x02003ba4                NF_DefineTextColor
 .text          0x02003c2c     0x1510 C:/devkitPro/nflib/lib\libnflib.a(nf_tiledbg.o)
                0x02003c2c                NF_InitTiledBgBuffers
                0x02003cc0                NF_ResetTiledBgBuffers
                0x02003d1c                NF_InitTiledBgSys
                0x02003e34                NF_LoadTiledBg
                0x02003fe0                NF_LoadTilesForBg
                0x020041b4                NF_UnloadTiledBg
                0x02004250                NF_DeleteTiledBg
                0x020043e8                NF_CreateTiledBg
                0x02004954                NF_GetTileMapAddress
                0x020049dc                NF_GetTileOfMap
                0x02004a18                NF_SetTileOfMap
                0x02004a58                NF_UpdateVramMap
                0x02004b50                NF_BgSetPalColor
                0x02004be4                NF_BgEditPalColor
                0x02004c50                NF_BgUpdatePalette
                0x02004cf4                NF_BgGetPalColor
                0x02004d64                NF_GetTilePal
                0x02004d98                NF_SetTilePal
                0x02004dd8                NF_LoadExBgPal
                0x02004e38                NF_UnloadExBgPal
                0x02004e7c                NF_VramExBgPal
                0x02004f08                NF_SetExBgPal
                0x02004fc8                NF_SetTileHflip
                0x02005000                NF_SetTileVflip
                0x02005038                NF_RotateTileGfx
 *fill*         0x0200513c        0x4 ff
 .text          0x02005140     0x4000 C:/devkitPro/libnds/lib\libnds9.a(dldi_stub.o)
                0x02005140                _io_dldi_stub
 .text          0x02009140      0x114 C:/devkitPro/devkitARM/bin/../lib/gcc/arm-none-eabi/13.2.0\libgcc.a(_udivsi3.o)
                0x02009140                __aeabi_uidiv
                0x02009140                __udivsi3
                0x02009234                __aeabi_uidivmod
 .text          0x02009254      0x148 C:/devkitPro/devkitARM/bin/../lib/gcc/arm-none-eabi/13.2.0\libgcc.a(_divsi3.o)
                0x02009254                __divsi3
                0x02009254                __aeabi_idiv
                0x0200937c                __aeabi_idivmod
 .text          0x0200939c        0x4 C:/devkitPro/devkitARM/bin/../lib/gcc/arm-none-eabi/13.2.0\libgcc.a(_dvmd_tls.o)
                0x0200939c                __aeabi_idiv0
                0x0200939c                __aeabi_ldiv0
 .text          0x020093a0       0xd4 C:/devkitPro/devkitARM/bin/../lib/gcc/arm-none-eabi/13.2.0\libgcc.a(_aeabi_ldivmod.o)
                0x020093a0                __aeabi_ldivmod
 .text          0x02009474       0x28 C:/devkitPro/devkitARM/bin/../lib/gcc/arm-none-eabi/13.2.0\libgcc.a(_clzdi2.o)
                0x02009474                __clzdi2
 .text          0x0200949c       0x48 C:/devkitPro/devkitARM/bin/../lib/gcc/arm-none-eabi/13.2.0\libgcc.a(_clzsi2.o)
                0x0200949c                __clzsi2
 .text          0x020094e4      0x224 C:/devkitPro/devkitARM/bin/../lib/gcc/arm-none-eabi/13.2.0/../../../../arm-none-eabi/lib\libg.a(libc_a-strcmp.o)
                0x020094e4                strcmp
 .text          0x02009708      0x424 C:/devkitPro/devkitARM/bin/../lib/gcc/arm-none-eabi/13.2.0\libgcc.a(_arm_addsubdf3.o)
                0x02009708                __aeabi_drsub
                0x02009710                __aeabi_dsub
                0x02009710                __subdf3
                0x02009714                __aeabi_dadd
                0x02009714                __adddf3
                0x02009a24                __floatunsidf
                0x02009a24                __aeabi_ui2d
                0x02009a48                __floatsidf
                0x02009a48                __aeabi_i2d
                0x02009a70                __aeabi_f2d
                0x02009a70                __extendsfdf2
                0x02009ab8                __floatundidf
                0x02009ab8                __aeabi_ul2d
                0x02009acc                __floatdidf
                0x02009acc                __aeabi_l2d
 .text          0x02009b2c      0x49c C:/devkitPro/devkitARM/bin/../lib/gcc/arm-none-eabi/13.2.0\libgcc.a(_arm_muldivdf3.o)
                0x02009b2c                __aeabi_dmul
                0x02009b2c                __muldf3
                0x02009dbc                __divdf3
                0x02009dbc                __aeabi_ddiv
 .text          0x02009fc8      0x144 C:/devkitPro/devkitARM/bin/../lib/gcc/arm-none-eabi/13.2.0\libgcc.a(_arm_cmpdf2.o)
                0x02009fc8                __gtdf2
                0x02009fc8                __gedf2
                0x02009fd0                __ltdf2
                0x02009fd0                __ledf2
                0x02009fd8                __nedf2
                0x02009fd8                __eqdf2
                0x02009fd8                __cmpdf2
                0x0200a060                __aeabi_cdrcmple
                0x0200a07c                __aeabi_cdcmpeq
                0x0200a07c                __aeabi_cdcmple
                0x0200a094                __aeabi_dcmpeq
                0x0200a0ac                __aeabi_dcmplt
                0x0200a0c4                __aeabi_dcmple
                0x0200a0dc                __aeabi_dcmpge
                0x0200a0f4                __aeabi_dcmpgt
 .text          0x0200a10c       0x38 C:/devkitPro/devkitARM/bin/../lib/gcc/arm-none-eabi/13.2.0\libgcc.a(_arm_unorddf2.o)
                0x0200a10c                __unorddf2
                0x0200a10c                __aeabi_dcmpun
 .text          0x0200a144       0x5c C:/devkitPro/devkitARM/bin/../lib/gcc/arm-none-eabi/13.2.0\libgcc.a(_arm_fixdfsi.o)
                0x0200a144                __aeabi_d2iz
                0x0200a144                __fixdfsi
 .text          0x0200a1a0       0x3c C:/devkitPro/devkitARM/bin/../lib/gcc/arm-none-eabi/13.2.0\libgcc.a(_aeabi_uldivmod.o)
                0x0200a1a0                __aeabi_uldivmod
 *(EXCLUDE_FILE(*.twl* *.vectors* *.itcm*) .stub)
 *(EXCLUDE_FILE(*.twl* *.vectors* *.itcm*) .text.*)
 .text.__do_global_dtors_aux
                0x0200a1dc       0x40 C:/devkitPro/devkitARM/bin/../lib/gcc/arm-none-eabi/13.2.0/crtbegin.o
 .text.frame_dummy
                0x0200a21c       0x30 C:/devkitPro/devkitARM/bin/../lib/gcc/arm-none-eabi/13.2.0/crtbegin.o
 .text.startup  0x0200a24c       0x28 main.o
                0x0200a24c                main
 .text.nitroFSDirClose
                0x0200a274        0x4 C:/devkitPro/libnds/lib\libfilesystem.a(nitrofs.o)
 .text.nitroFSSeek
                0x0200a278       0x78 C:/devkitPro/libnds/lib\libfilesystem.a(nitrofs.o)
 .text.nitroFSFstat
                0x0200a2f0       0x10 C:/devkitPro/libnds/lib\libfilesystem.a(nitrofs.o)
 .text.nitroSubReadBlock
                0x0200a300       0x54 C:/devkitPro/libnds/lib\libfilesystem.a(nitrofs.o)
 .text.nitroSubReadCard
                0x0200a354       0xb0 C:/devkitPro/libnds/lib\libfilesystem.a(nitrofs.o)
 .text.nitroFSClose
                0x0200a404        0x4 C:/devkitPro/libnds/lib\libfilesystem.a(nitrofs.o)
 .text.nitroDirReset
                0x0200a408       0x9c C:/devkitPro/libnds/lib\libfilesystem.a(nitrofs.o)
 .text.nitroFSRead
                0x0200a4a4       0xbc C:/devkitPro/libnds/lib\libfilesystem.a(nitrofs.o)
 .text.nitroFSDirNext
                0x0200a560      0x30c C:/devkitPro/libnds/lib\libfilesystem.a(nitrofs.o)
 .text.nitroFSDirOpen
                0x0200a86c       0xe0 C:/devkitPro/libnds/lib\libfilesystem.a(nitrofs.o)
 .text.nitroFSChdir
                0x0200a94c       0x30 C:/devkitPro/libnds/lib\libfilesystem.a(nitrofs.o)
 .text.nitroFSOpen
                0x0200a97c       0xc4 C:/devkitPro/libnds/lib\libfilesystem.a(nitrofs.o)
 .text.nitroFSstat
                0x0200aa40       0x68 C:/devkitPro/libnds/lib\libfilesystem.a(nitrofs.o)
 .text.nitroFSInit
                0x0200aaa8      0x12c C:/devkitPro/libnds/lib\libfilesystem.a(nitrofs.o)
                0x0200aaa8                nitroFSInit
 .text.fatMount.part.0
                0x0200abd4       0xa0 C:/devkitPro/libnds/lib\libfat.a(libfat.o)
 .text.fatMount
                0x0200ac74       0x3c C:/devkitPro/libnds/lib\libfat.a(libfat.o)
                0x0200ac74                fatMount
 .text.fatInit  0x0200acb0      0x130 C:/devkitPro/libnds/lib\libfat.a(libfat.o)
                0x0200acb0                fatInit
 .text.fatInitDefault
                0x0200ade0        0xc C:/devkitPro/libnds/lib\libfat.a(libfat.o)
                0x0200ade0                fatInitDefault
 .text._FAT_check_position_for_next_cluster.part.0
                0x0200adec       0x68 C:/devkitPro/libnds/lib\libfat.a(fatfile.o)
 .text._FAT_syncToDisc.part.0
                0x0200ae54       0xd4 C:/devkitPro/libnds/lib\libfat.a(fatfile.o)
 .text._FAT_file_extend_r
                0x0200af28      0x208 C:/devkitPro/libnds/lib\libfat.a(fatfile.o)
 .text._FAT_open_r
                0x0200b130      0x2d4 C:/devkitPro/libnds/lib\libfat.a(fatfile.o)
                0x0200b130                _FAT_open_r
 .text._FAT_close_r
                0x0200b404       0x74 C:/devkitPro/libnds/lib\libfat.a(fatfile.o)
                0x0200b404                _FAT_close_r
 .text._FAT_read_r
                0x0200b478      0x398 C:/devkitPro/libnds/lib\libfat.a(fatfile.o)
                0x0200b478                _FAT_read_r
 .text._FAT_write_r
                0x0200b810      0x53c C:/devkitPro/libnds/lib\libfat.a(fatfile.o)
                0x0200b810                _FAT_write_r
 .text._FAT_seek_r
                0x0200bd4c      0x194 C:/devkitPro/libnds/lib\libfat.a(fatfile.o)
                0x0200bd4c                _FAT_seek_r
 .text._FAT_fstat_r
                0x0200bee0       0x8c C:/devkitPro/libnds/lib\libfat.a(fatfile.o)
                0x0200bee0                _FAT_fstat_r
 .text._FAT_ftruncate_r
                0x0200bf6c      0x16c C:/devkitPro/libnds/lib\libfat.a(fatfile.o)
                0x0200bf6c                _FAT_ftruncate_r
 .text._FAT_fsync_r
                0x0200c0d8       0x44 C:/devkitPro/libnds/lib\libfat.a(fatfile.o)
                0x0200c0d8                _FAT_fsync_r
 .text._FAT_cache_getPage
                0x0200c11c       0xf0 C:/devkitPro/libnds/lib\libfat.a(cache.o)
 .text._FAT_cache_constructor
                0x0200c20c       0x90 C:/devkitPro/libnds/lib\libfat.a(cache.o)
                0x0200c20c                _FAT_cache_constructor
 .text._FAT_cache_readSectors
                0x0200c29c       0x60 C:/devkitPro/libnds/lib\libfat.a(cache.o)
                0x0200c29c                _FAT_cache_readSectors
 .text._FAT_cache_readPartialSector
                0x0200c2fc       0x3c C:/devkitPro/libnds/lib\libfat.a(cache.o)
                0x0200c2fc                _FAT_cache_readPartialSector
 .text._FAT_cache_readLittleEndianValue
                0x0200c338       0x70 C:/devkitPro/libnds/lib\libfat.a(cache.o)
                0x0200c338                _FAT_cache_readLittleEndianValue
 .text._FAT_cache_writePartialSector
                0x0200c3a8       0x4c C:/devkitPro/libnds/lib\libfat.a(cache.o)
                0x0200c3a8                _FAT_cache_writePartialSector
 .text._FAT_cache_writeLittleEndianValue
                0x0200c3f4       0x8c C:/devkitPro/libnds/lib\libfat.a(cache.o)
                0x0200c3f4                _FAT_cache_writeLittleEndianValue
 .text._FAT_cache_eraseWritePartialSector
                0x0200c480       0x60 C:/devkitPro/libnds/lib\libfat.a(cache.o)
                0x0200c480                _FAT_cache_eraseWritePartialSector
 .text._FAT_cache_writeSectors
                0x0200c4e0       0x80 C:/devkitPro/libnds/lib\libfat.a(cache.o)
                0x0200c4e0                _FAT_cache_writeSectors
 .text._FAT_cache_flush
                0x0200c560       0x40 C:/devkitPro/libnds/lib\libfat.a(cache.o)
                0x0200c560                _FAT_cache_flush
 .text._FAT_stat_r
                0x0200c5a0       0x90 C:/devkitPro/libnds/lib\libfat.a(fatdir.o)
                0x0200c5a0                _FAT_stat_r
 .text._FAT_link_r
                0x0200c630        0xc C:/devkitPro/libnds/lib\libfat.a(fatdir.o)
                0x0200c630                _FAT_link_r
 .text._FAT_unlink_r
                0x0200c63c      0x184 C:/devkitPro/libnds/lib\libfat.a(fatdir.o)
                0x0200c63c                _FAT_unlink_r
 .text._FAT_chdir_r
                0x0200c7c0       0x70 C:/devkitPro/libnds/lib\libfat.a(fatdir.o)
                0x0200c7c0                _FAT_chdir_r
 .text._FAT_rename_r
                0x0200c830      0x1c4 C:/devkitPro/libnds/lib\libfat.a(fatdir.o)
                0x0200c830                _FAT_rename_r
 .text._FAT_mkdir_r
                0x0200c9f4      0x244 C:/devkitPro/libnds/lib\libfat.a(fatdir.o)
                0x0200c9f4                _FAT_mkdir_r
 .text._FAT_statvfs_r
                0x0200cc38       0x78 C:/devkitPro/libnds/lib\libfat.a(fatdir.o)
                0x0200cc38                _FAT_statvfs_r
 .text._FAT_diropen_r
                0x0200ccb0       0xb0 C:/devkitPro/libnds/lib\libfat.a(fatdir.o)
                0x0200ccb0                _FAT_diropen_r
 .text._FAT_dirreset_r
                0x0200cd60       0x4c C:/devkitPro/libnds/lib\libfat.a(fatdir.o)
                0x0200cd60                _FAT_dirreset_r
 .text._FAT_dirnext_r
                0x0200cdac       0x7c C:/devkitPro/libnds/lib\libfat.a(fatdir.o)
                0x0200cdac                _FAT_dirnext_r
 .text._FAT_dirclose_r
                0x0200ce28       0x20 C:/devkitPro/libnds/lib\libfat.a(fatdir.o)
                0x0200ce28                _FAT_dirclose_r
 .text._FAT_directory_entryGetAlias
                0x0200ce48       0xc8 C:/devkitPro/libnds/lib\libfat.a(directory.o)
 .text._FAT_directory_incrementDirEntryPosition
                0x0200cf10       0x80 C:/devkitPro/libnds/lib\libfat.a(directory.o)
 .text._FAT_directory_mbsncasecmp
                0x0200cf90       0xa8 C:/devkitPro/libnds/lib\libfat.a(directory.o)
 .text._FAT_directory_ucs2tombs.constprop.0
                0x0200d038       0x90 C:/devkitPro/libnds/lib\libfat.a(directory.o)
 .text._FAT_directory_entryGetCluster
                0x0200d0c8       0x20 C:/devkitPro/libnds/lib\libfat.a(directory.o)
                0x0200d0c8                _FAT_directory_entryGetCluster
 .text._FAT_directory_getNextEntry
                0x0200d0e8      0x23c C:/devkitPro/libnds/lib\libfat.a(directory.o)
                0x0200d0e8                _FAT_directory_getNextEntry
 .text._FAT_directory_entryExists
                0x0200d324       0x80 C:/devkitPro/libnds/lib\libfat.a(directory.o)
 .text._FAT_directory_getFirstEntry
                0x0200d3a4       0x20 C:/devkitPro/libnds/lib\libfat.a(directory.o)
                0x0200d3a4                _FAT_directory_getFirstEntry
 .text._FAT_directory_getRootEntry
                0x0200d3c4       0x60 C:/devkitPro/libnds/lib\libfat.a(directory.o)
                0x0200d3c4                _FAT_directory_getRootEntry
 .text._FAT_directory_entryFromPosition
                0x0200d424      0x150 C:/devkitPro/libnds/lib\libfat.a(directory.o)
                0x0200d424                _FAT_directory_entryFromPosition
 .text._FAT_directory_entryFromPath
                0x0200d574      0x248 C:/devkitPro/libnds/lib\libfat.a(directory.o)
                0x0200d574                _FAT_directory_entryFromPath
 .text._FAT_directory_removeEntry
                0x0200d7bc       0xd8 C:/devkitPro/libnds/lib\libfat.a(directory.o)
                0x0200d7bc                _FAT_directory_removeEntry
 .text._FAT_directory_addEntry
                0x0200d894      0x808 C:/devkitPro/libnds/lib\libfat.a(directory.o)
                0x0200d894                _FAT_directory_addEntry
 .text._FAT_directory_chdir
                0x0200e09c       0x3c C:/devkitPro/libnds/lib\libfat.a(directory.o)
                0x0200e09c                _FAT_directory_chdir
 .text._FAT_directory_entryStat
                0x0200e0d8       0xe4 C:/devkitPro/libnds/lib\libfat.a(directory.o)
                0x0200e0d8                _FAT_directory_entryStat
 .text.isValidMBR
                0x0200e1bc       0x5c C:/devkitPro/libnds/lib\libfat.a(partition.o)
 .text._FAT_updateFS_INFO
                0x0200e218       0x54 C:/devkitPro/libnds/lib\libfat.a(partition.o)
 .text.FindFirstValidPartition_buf.part.0
                0x0200e26c      0x11c C:/devkitPro/libnds/lib\libfat.a(partition.o)
 .text._FAT_partition_getPartitionFromPath
                0x0200e388       0x10 C:/devkitPro/libnds/lib\libfat.a(partition.o)
                0x0200e388                _FAT_partition_getPartitionFromPath
 .text._FAT_partition_createFSinfo
                0x0200e398       0x50 C:/devkitPro/libnds/lib\libfat.a(partition.o)
                0x0200e398                _FAT_partition_createFSinfo
 .text._FAT_partition_readFSinfo.part.0
                0x0200e3e8       0x74 C:/devkitPro/libnds/lib\libfat.a(partition.o)
 .text._FAT_partition_constructor_buf
                0x0200e45c      0x2e8 C:/devkitPro/libnds/lib\libfat.a(partition.o)
                0x0200e45c                _FAT_partition_constructor_buf
 .text._FAT_partition_constructor
                0x0200e744       0x40 C:/devkitPro/libnds/lib\libfat.a(partition.o)
                0x0200e744                _FAT_partition_constructor
 .text._FAT_partition_readFSinfo
                0x0200e784       0x10 C:/devkitPro/libnds/lib\libfat.a(partition.o)
                0x0200e784                _FAT_partition_readFSinfo
 .text._FAT_lock_init
                0x0200e794        0x4 C:/devkitPro/libnds/lib\libfat.a(lock.o)
                0x0200e794                _FAT_lock_init
 .text._FAT_lock
                0x0200e798        0x4 C:/devkitPro/libnds/lib\libfat.a(lock.o)
                0x0200e798                _FAT_lock
 .text._FAT_unlock
                0x0200e79c        0x4 C:/devkitPro/libnds/lib\libfat.a(lock.o)
                0x0200e79c                _FAT_unlock
 .text._FAT_filetime_getTimeFromRTC
                0x0200e7a0       0x44 C:/devkitPro/libnds/lib\libfat.a(filetime.o)
                0x0200e7a0                _FAT_filetime_getTimeFromRTC
 .text._FAT_filetime_getDateFromRTC
                0x0200e7e4       0x44 C:/devkitPro/libnds/lib\libfat.a(filetime.o)
                0x0200e7e4                _FAT_filetime_getDateFromRTC
 .text._FAT_filetime_to_time_t
                0x0200e828       0x38 C:/devkitPro/libnds/lib\libfat.a(filetime.o)
                0x0200e828                _FAT_filetime_to_time_t
 .text._FAT_fat_writeFatEntry.part.0.isra.0
                0x0200e860      0x12c C:/devkitPro/libnds/lib\libfat.a(file_allocation_table.o)
 .text._FAT_fat_nextCluster
                0x0200e98c      0x108 C:/devkitPro/libnds/lib\libfat.a(file_allocation_table.o)
                0x0200e98c                _FAT_fat_nextCluster
 .text._FAT_fat_linkFreeCluster
                0x0200ea94       0xac C:/devkitPro/libnds/lib\libfat.a(file_allocation_table.o)
                0x0200ea94                _FAT_fat_linkFreeCluster
 .text._FAT_fat_linkFreeClusterCleared
                0x0200eb40       0x68 C:/devkitPro/libnds/lib\libfat.a(file_allocation_table.o)
                0x0200eb40                _FAT_fat_linkFreeClusterCleared
 .text._FAT_fat_clearLinks
                0x0200eba8       0x7c C:/devkitPro/libnds/lib\libfat.a(file_allocation_table.o)
                0x0200eba8                _FAT_fat_clearLinks
 .text._FAT_fat_trimChain
                0x0200ec24       0x80 C:/devkitPro/libnds/lib\libfat.a(file_allocation_table.o)
                0x0200ec24                _FAT_fat_trimChain
 .text._FAT_fat_lastCluster
                0x0200eca4       0x34 C:/devkitPro/libnds/lib\libfat.a(file_allocation_table.o)
                0x0200eca4                _FAT_fat_lastCluster
 .text._FAT_fat_freeClusterCount
                0x0200ecd8       0x2c C:/devkitPro/libnds/lib\libfat.a(file_allocation_table.o)
                0x0200ecd8                _FAT_fat_freeClusterCount
 .text.setBrightness
                0x0200ed04       0x40 C:/devkitPro/libnds/lib\libnds9.a(video.o)
                0x0200ed04                setBrightness
 .text.vramDefault
                0x0200ed44       0xd0 C:/devkitPro/libnds/lib\libnds9.a(video.o)
                0x0200ed44                vramDefault
 .text.newRow   0x0200ee14       0xa8 C:/devkitPro/libnds/lib\libnds9.a(console.o)
 .text.consolePrintChar
                0x0200eebc       0xe0 C:/devkitPro/libnds/lib\libnds9.a(console.o)
                0x0200eebc                consolePrintChar
 .text.con_write
                0x0200ef9c      0x36c C:/devkitPro/libnds/lib\libnds9.a(console.o)
                0x0200ef9c                con_write
 .text.consoleLoadFont
                0x0200f308      0x2a0 C:/devkitPro/libnds/lib\libnds9.a(console.o)
                0x0200f308                consoleLoadFont
 .text.consoleInit
                0x0200f5a8      0x18c C:/devkitPro/libnds/lib\libnds9.a(console.o)
                0x0200f5a8                consoleInit
 .text.consoleDemoInit
                0x0200f734       0x40 C:/devkitPro/libnds/lib\libnds9.a(console.o)
                0x0200f734                consoleDemoInit
 .text.oamInit  0x0200f774      0x114 C:/devkitPro/libnds/lib\libnds9.a(sprite.o)
                0x0200f774                oamInit
 .text.oamGfxPtrToOffset
                0x0200f888       0x34 C:/devkitPro/libnds/lib\libnds9.a(sprite.o)
                0x0200f888                oamGfxPtrToOffset
 .text.oamSet   0x0200f8bc      0x104 C:/devkitPro/libnds/lib\libnds9.a(sprite.o)
                0x0200f8bc                oamSet
 .text.oamUpdate
                0x0200f9c0       0x60 C:/devkitPro/libnds/lib\libnds9.a(sprite.o)
                0x0200f9c0                oamUpdate
 .text.oamRotateScale
                0x0200fa20       0x4c C:/devkitPro/libnds/lib\libnds9.a(sprite.o)
                0x0200fa20                oamRotateScale
 .text.scanKeys
                0x0200fa6c       0x8c C:/devkitPro/libnds/lib\libnds9.a(keys.o)
                0x0200fa6c                scanKeys
 .text.keysHeld
                0x0200faf8        0xc C:/devkitPro/libnds/lib\libnds9.a(keys.o)
                0x0200faf8                keysHeld
 .text.keysDown
                0x0200fb04       0x14 C:/devkitPro/libnds/lib\libnds9.a(keys.o)
                0x0200fb04                keysDown
 .text.dldiGetInternal
                0x0200fb18       0x34 C:/devkitPro/libnds/lib\libnds9.a(dldi.o)
                0x0200fb18                dldiGetInternal
 .text.get_io_dsisd
                0x0200fb4c       0x24 C:/devkitPro/libnds/lib\libnds9.a(dldi.o)
                0x0200fb4c                get_io_dsisd
 .text.__syscall_gettod_r
                0x0200fb70       0x28 C:/devkitPro/libnds/lib\libnds9.a(initSystem.o)
                0x0200fb70                __syscall_gettod_r
 .text.__syscall_exit
                0x0200fb98        0x8 C:/devkitPro/libnds/lib\libnds9.a(initSystem.o)
                0x0200fb98                __syscall_exit
 .text.initSystem
                0x0200fba0      0x180 C:/devkitPro/libnds/lib\libnds9.a(initSystem.o)
                0x0200fba0                initSystem
 .text.irqDummy
                0x0200fd20        0x4 C:/devkitPro/libnds/lib\libnds9.a(interrupts.o)
                0x0200fd20                irqDummy
 .text.irqSet   0x0200fd24       0x6c C:/devkitPro/libnds/lib\libnds9.a(interrupts.o)
                0x0200fd24                irqSet
 .text.irqInit  0x0200fd90       0x50 C:/devkitPro/libnds/lib\libnds9.a(interrupts.o)
                0x0200fd90                irqInit
 .text.irqEnable
                0x0200fde0       0x64 C:/devkitPro/libnds/lib\libnds9.a(interrupts.o)
                0x0200fde0                irqEnable
 .text.systemErrorExit
                0x0200fe44        0x4 C:/devkitPro/libnds/lib\libnds9.a(libnds_exit.arm.o)
                0x0200fe44                systemErrorExit
 .text.__libnds_exit
                0x0200fe48       0x5c C:/devkitPro/libnds/lib\libnds9.a(libnds_exit.arm.o)
                0x0200fe48                __libnds_exit
 .text.cardPolledTransfer
                0x0200fea4       0x54 C:/devkitPro/libnds/lib\libnds9.a(card.o)
                0x0200fea4                cardPolledTransfer
 .text.cardParamCommand
                0x0200fef8       0x34 C:/devkitPro/libnds/lib\libnds9.a(card.o)
                0x0200fef8                cardParamCommand
 .text.fifo_queueBlock
                0x0200ff2c       0x44 C:/devkitPro/libnds/lib\libnds9.a(fifosystem.o)
 .text.fifo_waitBlock
                0x0200ff70       0x80 C:/devkitPro/libnds/lib\libnds9.a(fifosystem.o)
 .text.fifoInternalSend.part.0
                0x0200fff0       0xd4 C:/devkitPro/libnds/lib\libnds9.a(fifosystem.o)
 .text.fifoInternalSendInterrupt
                0x020100c4       0xb0 C:/devkitPro/libnds/lib\libnds9.a(fifosystem.o)
 .text.fifoSetValue32Handler
                0x02010174       0xd4 C:/devkitPro/libnds/lib\libnds9.a(fifosystem.o)
                0x02010174                fifoSetValue32Handler
 .text.fifoSendValue32
                0x02010248       0x4c C:/devkitPro/libnds/lib\libnds9.a(fifosystem.o)
                0x02010248                fifoSendValue32
 .text.fifoSendDatamsg
                0x02010294       0x90 C:/devkitPro/libnds/lib\libnds9.a(fifosystem.o)
                0x02010294                fifoSendDatamsg
 .text.fifoGetValue32
                0x02010324       0x70 C:/devkitPro/libnds/lib\libnds9.a(fifosystem.o)
                0x02010324                fifoGetValue32
 .text.fifoGetDatamsg
                0x02010394       0xf4 C:/devkitPro/libnds/lib\libnds9.a(fifosystem.o)
                0x02010394                fifoGetDatamsg
 .text.fifoInternalRecvInterrupt
                0x02010488      0x37c C:/devkitPro/libnds/lib\libnds9.a(fifosystem.o)
 .text.fifoSetDatamsgHandler
                0x02010804       0x9c C:/devkitPro/libnds/lib\libnds9.a(fifosystem.o)
                0x02010804                fifoSetDatamsgHandler
 .text.fifoCheckValue32
                0x020108a0       0x24 C:/devkitPro/libnds/lib\libnds9.a(fifosystem.o)
                0x020108a0                fifoCheckValue32
 .text.fifoInit
                0x020108c4      0x108 C:/devkitPro/libnds/lib\libnds9.a(fifosystem.o)
                0x020108c4                fifoInit
 .text.DC_FlushRange
                0x020109cc       0x24 C:/devkitPro/libnds/lib\libnds9.a(dcache.o)
                0x020109cc                DC_FlushRange
 .text.DC_InvalidateRange
                0x020109f0       0x2c C:/devkitPro/libnds/lib\libnds9.a(dcache.o)
                0x020109f0                DC_InvalidateRange
 .text.__libnds_mpu_setup
                0x02010a1c      0x174 C:/devkitPro/libnds/lib\libnds9.a(mpu_setup.o)
                0x02010a1c                __libnds_mpu_setup
 .text.memUncached
                0x02010b90       0x20 C:/devkitPro/libnds/lib\libnds9.a(mpu_setup.o)
                0x02010b90                memUncached
 .text.swiWaitForVBlank
                0x02010bb0        0x8 C:/devkitPro/libnds/lib\libnds9.a(IntrWait.o)
                0x02010bb0                swiWaitForVBlank
 .text.swiIntrWait
                0x02010bb8       0x70 C:/devkitPro/libnds/lib\libnds9.a(IntrWait.o)
                0x02010bb8                swiIntrWait
 .text.setCpuClock
                0x02010c28       0x50 C:/devkitPro/libnds/lib\libnds9.a(cpu_clock.o)
                0x02010c28                setCpuClock
 .text.swiDelay
                0x02010c78        0x4 C:/devkitPro/libnds/lib\libnds9.a(biosCalls.o)
                0x02010c78                swiDelay
 .text.swiSoftReset
                0x02010c7c       0x2c C:/devkitPro/libnds/lib\libnds9.a(swiSoftReset.o)
                0x02010c7c                swiSoftReset
 .text.checkIfText
                0x02010ca8       0x5c C:/devkitPro/libnds/lib\libnds9.a(background.o)
                0x02010ca8                checkIfText
 .text.bgUpdate
                0x02010d04       0xf4 C:/devkitPro/libnds/lib\libnds9.a(background.o)
                0x02010d04                bgUpdate
 .text.bgInit_call
                0x02010df8       0xc4 C:/devkitPro/libnds/lib\libnds9.a(background.o)
                0x02010df8                bgInit_call
 .text.bgInitSub_call
                0x02010ebc       0xcc C:/devkitPro/libnds/lib\libnds9.a(background.o)
                0x02010ebc                bgInitSub_call
 .text.sinLutLookup
                0x02010f88       0x4c C:/devkitPro/libnds/lib\libnds9.a(trig.o)
                0x02010f88                sinLutLookup
 .text.sinLerp  0x02010fd4       0x40 C:/devkitPro/libnds/lib\libnds9.a(trig.o)
                0x02010fd4                sinLerp
 .text.cosLerp  0x02011014       0x4c C:/devkitPro/libnds/lib\libnds9.a(trig.o)
                0x02011014                cosLerp
 .text.oamAllocReset
                0x02011060       0x1c C:/devkitPro/libnds/lib\libnds9.a(sprite_alloc.o)
                0x02011060                oamAllocReset
 .text.systemValueHandler
                0x0201107c       0x48 C:/devkitPro/libnds/lib\libnds9.a(system.o)
                0x0201107c                systemValueHandler
 .text.systemMsgHandler
                0x020110c4       0x60 C:/devkitPro/libnds/lib\libnds9.a(system.o)
                0x020110c4                systemMsgHandler
 .text.powerOn  0x02011124       0x2c C:/devkitPro/libnds/lib\libnds9.a(system.o)
                0x02011124                powerOn
 .text.__muldi3
                0x02011150       0x18 C:/devkitPro/devkitARM/bin/../lib/gcc/arm-none-eabi/13.2.0\libgcc.a(_muldi3.o)
                0x02011150                __muldi3
                0x02011150                __aeabi_lmul
 .text.__udivmoddi4
                0x02011168      0x128 C:/devkitPro/devkitARM/bin/../lib/gcc/arm-none-eabi/13.2.0\libgcc.a(_udivmoddi4.o)
                0x02011168                __udivmoddi4
 .text.towlower
                0x02011290       0x14 C:/devkitPro/devkitARM/bin/../lib/gcc/arm-none-eabi/13.2.0/../../../../arm-none-eabi/lib\libg.a(libc_a-towlower.o)
                0x02011290                towlower
 .text._mbrtowc_r
                0x020112a4       0xc0 C:/devkitPro/devkitARM/bin/../lib/gcc/arm-none-eabi/13.2.0/../../../../arm-none-eabi/lib\libg.a(libc_a-mbrtowc.o)
                0x020112a4                _mbrtowc_r
 .text.mbrtowc  0x02011364       0xc4 C:/devkitPro/devkitARM/bin/../lib/gcc/arm-none-eabi/13.2.0/../../../../arm-none-eabi/lib\libg.a(libc_a-mbrtowc.o)
                0x02011364                mbrtowc
 .text._wcrtomb_r
                0x02011428       0xac C:/devkitPro/devkitARM/bin/../lib/gcc/arm-none-eabi/13.2.0/../../../../arm-none-eabi/lib\libg.a(libc_a-wcrtomb.o)
                0x02011428                _wcrtomb_r
 .text.wcrtomb  0x020114d4       0xb4 C:/devkitPro/devkitARM/bin/../lib/gcc/arm-none-eabi/13.2.0/../../../../arm-none-eabi/lib\libg.a(libc_a-wcrtomb.o)
                0x020114d4                wcrtomb
 .text.towupper
                0x02011588       0x14 C:/devkitPro/devkitARM/bin/../lib/gcc/arm-none-eabi/13.2.0/../../../../arm-none-eabi/lib\libg.a(libc_a-towupper.o)
                0x02011588                towupper
 .text.mbsrtowcs
                0x0201159c       0x3c C:/devkitPro/devkitARM/bin/../lib/gcc/arm-none-eabi/13.2.0/../../../../arm-none-eabi/lib\libg.a(libc_a-mbsrtowcs.o)
                0x0201159c                mbsrtowcs
 .text.wctob    0x020115d8       0x88 C:/devkitPro/devkitARM/bin/../lib/gcc/arm-none-eabi/13.2.0/../../../../arm-none-eabi/lib\libg.a(libc_a-wctob.o)
                0x020115d8                wctob
 .text.rewind   0x02011660       0x30 C:/devkitPro/devkitARM/bin/../lib/gcc/arm-none-eabi/13.2.0/../../../../arm-none-eabi/lib\libg.a(libc_a-rewind.o)
                0x02011660                rewind
 .text.towctrans
                0x02011690       0x48 C:/devkitPro/devkitARM/bin/../lib/gcc/arm-none-eabi/13.2.0/../../../../arm-none-eabi/lib\libg.a(libc_a-towctrans.o)
                0x02011690                towctrans
 .text.snprintf
                0x020116d8       0xcc C:/devkitPro/devkitARM/bin/../lib/gcc/arm-none-eabi/13.2.0/../../../../arm-none-eabi/lib\libg.a(libc_a-snprintf.o)
                0x020116d8                snprintf
 .text.sprintf  0x020117a4       0x64 C:/devkitPro/devkitARM/bin/../lib/gcc/arm-none-eabi/13.2.0/../../../../arm-none-eabi/lib\libg.a(libc_a-sprintf.o)
                0x020117a4                sprintf
 .text.siscanf  0x02011808       0x74 C:/devkitPro/devkitARM/bin/../lib/gcc/arm-none-eabi/13.2.0/../../../../arm-none-eabi/lib\libg.a(libc_a-siscanf.o)
                0x02011808                siscanf
 .text.calloc   0x0201187c       0x24 C:/devkitPro/devkitARM/bin/../lib/gcc/arm-none-eabi/13.2.0/../../../../arm-none-eabi/lib\libg.a(libc_a-calloc.o)
                0x0201187c                calloc
 .text._calloc_r
                0x020118a0       0xd0 C:/devkitPro/devkitARM/bin/../lib/gcc/arm-none-eabi/13.2.0/../../../../arm-none-eabi/lib\libg.a(libc_a-callocr.o)
                0x020118a0                _calloc_r
 .text.setvbuf  0x02011970      0x25c C:/devkitPro/devkitARM/bin/../lib/gcc/arm-none-eabi/13.2.0/../../../../arm-none-eabi/lib\libg.a(libc_a-setvbuf.o)
                0x02011970                setvbuf
 .text.get_arg  0x02011bcc       0x54 C:/devkitPro/devkitARM/bin/../lib/gcc/arm-none-eabi/13.2.0/../../../../arm-none-eabi/lib\libg.a(libc_a-svfiscanf.o)
 .text._sungetc_r
                0x02011c20       0xe4 C:/devkitPro/devkitARM/bin/../lib/gcc/arm-none-eabi/13.2.0/../../../../arm-none-eabi/lib\libg.a(libc_a-svfiscanf.o)
                0x02011c20                _sungetc_r
 .text.__ssrefill_r
                0x02011d04       0x68 C:/devkitPro/devkitARM/bin/../lib/gcc/arm-none-eabi/13.2.0/../../../../arm-none-eabi/lib\libg.a(libc_a-svfiscanf.o)
                0x02011d04                __ssrefill_r
 .text._sfread_r
                0x02011d6c       0xc8 C:/devkitPro/devkitARM/bin/../lib/gcc/arm-none-eabi/13.2.0/../../../../arm-none-eabi/lib\libg.a(libc_a-svfiscanf.o)
                0x02011d6c                _sfread_r
 .text.__ssvfiscanf_r
                0x02011e34     0x22dc C:/devkitPro/devkitARM/bin/../lib/gcc/arm-none-eabi/13.2.0/../../../../arm-none-eabi/lib\libg.a(libc_a-svfiscanf.o)
                0x02011e34                __ssvfiscanf_r
 .text._malloc_trim_r
                0x02014110      0x100 C:/devkitPro/devkitARM/bin/../lib/gcc/arm-none-eabi/13.2.0/../../../../arm-none-eabi/lib\libg.a(libc_a-freer.o)
                0x02014110                _malloc_trim_r
 .text._free_r  0x02014210      0x2e8 C:/devkitPro/devkitARM/bin/../lib/gcc/arm-none-eabi/13.2.0/../../../../arm-none-eabi/lib\libg.a(libc_a-freer.o)
                0x02014210                _free_r
 .text.iprintf  0x020144f8       0x34 C:/devkitPro/devkitARM/bin/../lib/gcc/arm-none-eabi/13.2.0/../../../../arm-none-eabi/lib\libg.a(libc_a-iprintf.o)
                0x020144f8                iprintf
 .text.strchr   0x0201452c      0x13c C:/devkitPro/devkitARM/bin/../lib/gcc/arm-none-eabi/13.2.0/../../../../arm-none-eabi/lib\libg.a(libc_a-strchr.o)
                0x0201452c                strchr
 .text.memcmp   0x02014668       0xe0 C:/devkitPro/devkitARM/bin/../lib/gcc/arm-none-eabi/13.2.0/../../../../arm-none-eabi/lib\libg.a(libc_a-memcmp.o)
                0x02014668                memcmp
 .text._fclose_r
                0x02014748      0x150 C:/devkitPro/devkitARM/bin/../lib/gcc/arm-none-eabi/13.2.0/../../../../arm-none-eabi/lib\libg.a(libc_a-fclose.o)
                0x02014748                _fclose_r
 .text.fclose   0x02014898       0x18 C:/devkitPro/devkitARM/bin/../lib/gcc/arm-none-eabi/13.2.0/../../../../arm-none-eabi/lib\libg.a(libc_a-fclose.o)
                0x02014898                fclose
 .text.get_arg  0x020148b0      0x654 C:/devkitPro/devkitARM/bin/../lib/gcc/arm-none-eabi/13.2.0/../../../../arm-none-eabi/lib\libg.a(libc_a-svfprintf.o)
 .text._svfprintf_r
                0x02014f04     0x3518 C:/devkitPro/devkitARM/bin/../lib/gcc/arm-none-eabi/13.2.0/../../../../arm-none-eabi/lib\libg.a(libc_a-svfprintf.o)
                0x02014f04                _svfprintf_r
 .text.malloc   0x0201841c       0x1c C:/devkitPro/devkitARM/bin/../lib/gcc/arm-none-eabi/13.2.0/../../../../arm-none-eabi/lib\libg.a(libc_a-malloc.o)
                0x0201841c                malloc
 .text.free     0x02018438       0x1c C:/devkitPro/devkitARM/bin/../lib/gcc/arm-none-eabi/13.2.0/../../../../arm-none-eabi/lib\libg.a(libc_a-malloc.o)
                0x02018438                free
 .text._malloc_r
                0x02018454      0x7a4 C:/devkitPro/devkitARM/bin/../lib/gcc/arm-none-eabi/13.2.0/../../../../arm-none-eabi/lib\libg.a(libc_a-mallocr.o)
                0x02018454                _malloc_r
 .text.memmove  0x02018bf8      0x154 C:/devkitPro/devkitARM/bin/../lib/gcc/arm-none-eabi/13.2.0/../../../../arm-none-eabi/lib\libg.a(libc_a-memmove.o)
                0x02018bf8                memmove
 .text.memset   0x02018d4c       0xfc C:/devkitPro/devkitARM/bin/../lib/gcc/arm-none-eabi/13.2.0/../../../../arm-none-eabi/lib\libg.a(libc_a-memset.o)
                0x02018d4c                memset
 .text.__malloc_lock
                0x02018e48       0x18 C:/devkitPro/devkitARM/bin/../lib/gcc/arm-none-eabi/13.2.0/../../../../arm-none-eabi/lib\libg.a(libc_a-mlock.o)
                0x02018e48                __malloc_lock
 .text.__malloc_unlock
                0x02018e60       0x18 C:/devkitPro/devkitARM/bin/../lib/gcc/arm-none-eabi/13.2.0/../../../../arm-none-eabi/lib\libg.a(libc_a-mlock.o)
                0x02018e60                __malloc_unlock
 .text.strlen   0x02018e78       0x94 C:/devkitPro/devkitARM/bin/../lib/gcc/arm-none-eabi/13.2.0/../../../../arm-none-eabi/lib\libg.a(libc_a-strlen.o)
                0x02018e78                strlen
 .text._fopen_r
                0x02018f0c      0x138 C:/devkitPro/devkitARM/bin/../lib/gcc/arm-none-eabi/13.2.0/../../../../arm-none-eabi/lib\libg.a(libc_a-fopen.o)
                0x02018f0c                _fopen_r
 .text.fopen    0x02019044       0x20 C:/devkitPro/devkitARM/bin/../lib/gcc/arm-none-eabi/13.2.0/../../../../arm-none-eabi/lib\libg.a(libc_a-fopen.o)
                0x02019044                fopen
 .text.__sflush_r
                0x02019064      0x248 C:/devkitPro/devkitARM/bin/../lib/gcc/arm-none-eabi/13.2.0/../../../../arm-none-eabi/lib\libg.a(libc_a-fflush.o)
                0x02019064                __sflush_r
 .text._fflush_r
                0x020192ac       0x9c C:/devkitPro/devkitARM/bin/../lib/gcc/arm-none-eabi/13.2.0/../../../../arm-none-eabi/lib\libg.a(libc_a-fflush.o)
                0x020192ac                _fflush_r
 .text.strpbrk  0x02019348       0x7c C:/devkitPro/devkitARM/bin/../lib/gcc/arm-none-eabi/13.2.0/../../../../arm-none-eabi/lib\libg.a(libc_a-strpbrk.o)
                0x02019348                strpbrk
 .text.strdup   0x020193c4       0x1c C:/devkitPro/devkitARM/bin/../lib/gcc/arm-none-eabi/13.2.0/../../../../arm-none-eabi/lib\libg.a(libc_a-strdup.o)
                0x020193c4                strdup
 .text.strcasecmp
                0x020193e0       0x70 C:/devkitPro/devkitARM/bin/../lib/gcc/arm-none-eabi/13.2.0/../../../../arm-none-eabi/lib\libg.a(libc_a-strcasecmp.o)
                0x020193e0                strcasecmp
 .text.strrchr  0x02019450       0x58 C:/devkitPro/devkitARM/bin/../lib/gcc/arm-none-eabi/13.2.0/../../../../arm-none-eabi/lib\libg.a(libc_a-strrchr.o)
                0x02019450                strrchr
 .text.strncasecmp
                0x020194a8       0x8c C:/devkitPro/devkitARM/bin/../lib/gcc/arm-none-eabi/13.2.0/../../../../arm-none-eabi/lib\libg.a(libc_a-strncasecmp.o)
                0x020194a8                strncasecmp
 .text._strdup_r
                0x02019534       0x44 C:/devkitPro/devkitARM/bin/../lib/gcc/arm-none-eabi/13.2.0/../../../../arm-none-eabi/lib\libg.a(libc_a-strdup_r.o)
                0x02019534                _strdup_r
 .text.ftell    0x02019578       0x30 C:/devkitPro/devkitARM/bin/../lib/gcc/arm-none-eabi/13.2.0/../../../../arm-none-eabi/lib\libg.a(libc_a-ftell.o)
                0x02019578                ftell
 .text.strncmp  0x020195a8       0xec C:/devkitPro/devkitARM/bin/../lib/gcc/arm-none-eabi/13.2.0/../../../../arm-none-eabi/lib\libg.a(libc_a-strncmp.o)
                0x020195a8                strncmp
 .text._fwalk_sglue
                0x02019694       0x78 C:/devkitPro/devkitARM/bin/../lib/gcc/arm-none-eabi/13.2.0/../../../../arm-none-eabi/lib\libg.a(libc_a-fwalk.o)
                0x02019694                _fwalk_sglue
 .text._fread_r
                0x0201970c      0x33c C:/devkitPro/devkitARM/bin/../lib/gcc/arm-none-eabi/13.2.0/../../../../arm-none-eabi/lib\libg.a(libc_a-fread.o)
                0x0201970c                _fread_r
 .text.fread    0x02019a48       0x3c C:/devkitPro/devkitARM/bin/../lib/gcc/arm-none-eabi/13.2.0/../../../../arm-none-eabi/lib\libg.a(libc_a-fread.o)
                0x02019a48                fread
 .text.strncpy  0x02019a84       0xd0 C:/devkitPro/devkitARM/bin/../lib/gcc/arm-none-eabi/13.2.0/../../../../arm-none-eabi/lib\libg.a(libc_a-strncpy.o)
                0x02019a84                strncpy
 .text.stdio_exit_handler
                0x02019b54       0x28 C:/devkitPro/devkitARM/bin/../lib/gcc/arm-none-eabi/13.2.0/../../../../arm-none-eabi/lib\libg.a(libc_a-findfp.o)
 .text.cleanup_stdio
                0x02019b7c       0x54 C:/devkitPro/devkitARM/bin/../lib/gcc/arm-none-eabi/13.2.0/../../../../arm-none-eabi/lib\libg.a(libc_a-findfp.o)
 .text.global_stdio_init.part.0
                0x02019bd0      0x158 C:/devkitPro/devkitARM/bin/../lib/gcc/arm-none-eabi/13.2.0/../../../../arm-none-eabi/lib\libg.a(libc_a-findfp.o)
 .text.__sfp    0x02019d28      0x138 C:/devkitPro/devkitARM/bin/../lib/gcc/arm-none-eabi/13.2.0/../../../../arm-none-eabi/lib\libg.a(libc_a-findfp.o)
                0x02019d28                __sfp
 .text.__sinit  0x02019e60       0x64 C:/devkitPro/devkitARM/bin/../lib/gcc/arm-none-eabi/13.2.0/../../../../arm-none-eabi/lib\libg.a(libc_a-findfp.o)
                0x02019e60                __sinit
 .text.__sfp_lock_acquire
                0x02019ec4       0x18 C:/devkitPro/devkitARM/bin/../lib/gcc/arm-none-eabi/13.2.0/../../../../arm-none-eabi/lib\libg.a(libc_a-findfp.o)
                0x02019ec4                __sfp_lock_acquire
 .text.__sfp_lock_release
                0x02019edc       0x18 C:/devkitPro/devkitARM/bin/../lib/gcc/arm-none-eabi/13.2.0/../../../../arm-none-eabi/lib\libg.a(libc_a-findfp.o)
                0x02019edc                __sfp_lock_release
 .text.localtime_r
                0x02019ef4      0x374 C:/devkitPro/devkitARM/bin/../lib/gcc/arm-none-eabi/13.2.0/../../../../arm-none-eabi/lib\libg.a(libc_a-lcltime_r.o)
                0x02019ef4                localtime_r
 .text.strnlen  0x0201a268       0x48 C:/devkitPro/devkitARM/bin/../lib/gcc/arm-none-eabi/13.2.0/../../../../arm-none-eabi/lib\libg.a(libc_a-strnlen.o)
                0x0201a268                strnlen
 .text._tzset_unlocked
                0x0201a2b0       0x14 C:/devkitPro/devkitARM/bin/../lib/gcc/arm-none-eabi/13.2.0/../../../../arm-none-eabi/lib\libg.a(libc_a-tzset.o)
                0x0201a2b0                _tzset_unlocked
 .text.validate_structure
                0x0201a2c4      0x2e0 C:/devkitPro/devkitARM/bin/../lib/gcc/arm-none-eabi/13.2.0/../../../../arm-none-eabi/lib\libg.a(libc_a-mktime.o)
 .text.mktime   0x0201a5a4      0x4cc C:/devkitPro/devkitARM/bin/../lib/gcc/arm-none-eabi/13.2.0/../../../../arm-none-eabi/lib\libg.a(libc_a-mktime.o)
                0x0201a5a4                mktime
 .text.access   0x0201aa70       0x54 C:/devkitPro/devkitARM/bin/../lib/gcc/arm-none-eabi/13.2.0/../../../../arm-none-eabi/lib\libg.a(libc_a-access.o)
                0x0201aa70                access
 .text._fseek_r
                0x0201aac4       0x20 C:/devkitPro/devkitARM/bin/../lib/gcc/arm-none-eabi/13.2.0/../../../../arm-none-eabi/lib\libg.a(libc_a-fseek.o)
                0x0201aac4                _fseek_r
 .text.fseek    0x0201aae4       0x38 C:/devkitPro/devkitARM/bin/../lib/gcc/arm-none-eabi/13.2.0/../../../../arm-none-eabi/lib\libg.a(libc_a-fseek.o)
                0x0201aae4                fseek
 .text._tzset_unlocked_r
                0x0201ab1c      0x688 C:/devkitPro/devkitARM/bin/../lib/gcc/arm-none-eabi/13.2.0/../../../../arm-none-eabi/lib\libg.a(libc_a-tzset_r.o)
                0x0201ab1c                _tzset_unlocked_r
 .text._strtol_l.part.0
                0x0201b1a4      0x1b4 C:/devkitPro/devkitARM/bin/../lib/gcc/arm-none-eabi/13.2.0/../../../../arm-none-eabi/lib\libg.a(libc_a-strtol.o)
 .text._strtol_r
                0x0201b358       0x64 C:/devkitPro/devkitARM/bin/../lib/gcc/arm-none-eabi/13.2.0/../../../../arm-none-eabi/lib\libg.a(libc_a-strtol.o)
                0x0201b358                _strtol_r
 .text.realloc  0x0201b3bc       0x24 C:/devkitPro/devkitARM/bin/../lib/gcc/arm-none-eabi/13.2.0/../../../../arm-none-eabi/lib\libg.a(libc_a-realloc.o)
                0x0201b3bc                realloc
 .text.__gettzinfo
                0x0201b3e0        0xc C:/devkitPro/devkitARM/bin/../lib/gcc/arm-none-eabi/13.2.0/../../../../arm-none-eabi/lib\libg.a(libc_a-gettzinfo.o)
                0x0201b3e0                __gettzinfo
 .text._strtoul_l.isra.0
                0x0201b3ec      0x1dc C:/devkitPro/devkitARM/bin/../lib/gcc/arm-none-eabi/13.2.0/../../../../arm-none-eabi/lib\libg.a(libc_a-strtoul.o)
 .text._strtoul_r
                0x0201b5c8       0x30 C:/devkitPro/devkitARM/bin/../lib/gcc/arm-none-eabi/13.2.0/../../../../arm-none-eabi/lib\libg.a(libc_a-strtoul.o)
                0x0201b5c8                _strtoul_r
 .text.strtoul  0x0201b5f8       0x34 C:/devkitPro/devkitARM/bin/../lib/gcc/arm-none-eabi/13.2.0/../../../../arm-none-eabi/lib\libg.a(libc_a-strtoul.o)
                0x0201b5f8                strtoul
 .text.__locale_mb_cur_max
                0x0201b62c       0x28 C:/devkitPro/devkitARM/bin/../lib/gcc/arm-none-eabi/13.2.0/../../../../arm-none-eabi/lib\libg.a(libc_a-locale.o)
                0x0201b62c                __locale_mb_cur_max
 .text.time     0x0201b654       0x50 C:/devkitPro/devkitARM/bin/../lib/gcc/arm-none-eabi/13.2.0/../../../../arm-none-eabi/lib\libg.a(libc_a-time.o)
                0x0201b654                time
 .text._localeconv_r
                0x0201b6a4       0x28 C:/devkitPro/devkitARM/bin/../lib/gcc/arm-none-eabi/13.2.0/../../../../arm-none-eabi/lib\libg.a(libc_a-localeconv.o)
                0x0201b6a4                _localeconv_r
 .text.__tzcalc_limits
                0x0201b6cc      0x254 C:/devkitPro/devkitARM/bin/../lib/gcc/arm-none-eabi/13.2.0/../../../../arm-none-eabi/lib\libg.a(libc_a-tzcalc_limits.o)
                0x0201b6cc                __tzcalc_limits
 .text.strcpy   0x0201b920       0xf0 C:/devkitPro/devkitARM/bin/../lib/gcc/arm-none-eabi/13.2.0/../../../../arm-none-eabi/lib\libg.a(libc_a-strcpy.o)
                0x0201b920                strcpy
 .text.memchr   0x0201ba10       0xf0 C:/devkitPro/devkitARM/bin/../lib/gcc/arm-none-eabi/13.2.0/../../../../arm-none-eabi/lib\libg.a(libc_a-memchr-stub.o)
                0x0201ba10                memchr
 .text.__utf8_wctomb
                0x0201bb00       0xf4 C:/devkitPro/devkitARM/bin/../lib/gcc/arm-none-eabi/13.2.0/../../../../arm-none-eabi/lib\libg.a(libc_a-wctomb_r.o)
                0x0201bb00                __utf8_wctomb
 .text.memcpy   0x0201bbf4      0x114 C:/devkitPro/devkitARM/bin/../lib/gcc/arm-none-eabi/13.2.0/../../../../arm-none-eabi/lib\libg.a(libc_a-memcpy-stub.o)
                0x0201bbf4                memcpy
 .text.stpcpy   0x0201bd08       0x74 C:/devkitPro/devkitARM/bin/../lib/gcc/arm-none-eabi/13.2.0/../../../../arm-none-eabi/lib\libg.a(libc_a-stpcpy.o)
                0x0201bd08                stpcpy
 .text.__libc_init_array
                0x0201bd7c       0x90 C:/devkitPro/devkitARM/bin/../lib/gcc/arm-none-eabi/13.2.0/../../../../arm-none-eabi/lib\libg.a(libc_a-init.o)
                0x0201bd7c                __libc_init_array
 .text.__errno  0x0201be0c       0x10 C:/devkitPro/devkitARM/bin/../lib/gcc/arm-none-eabi/13.2.0/../../../../arm-none-eabi/lib\libg.a(libc_a-errno.o)
                0x0201be0c                __errno
 .text.lseek    0x0201be1c       0x3c C:/devkitPro/devkitARM/bin/../lib/gcc/arm-none-eabi/13.2.0/../../../../arm-none-eabi/lib\libg.a(libc_a-syslseek.o)
                0x0201be1c                lseek
 .text.open     0x0201be58       0x40 C:/devkitPro/devkitARM/bin/../lib/gcc/arm-none-eabi/13.2.0/../../../../arm-none-eabi/lib\libg.a(libc_a-sysopen.o)
                0x0201be58                open
 .text.read     0x0201be98       0x2c C:/devkitPro/devkitARM/bin/../lib/gcc/arm-none-eabi/13.2.0/../../../../arm-none-eabi/lib\libg.a(libc_a-sysread.o)
                0x0201be98                read
 .text.stat     0x0201bec4       0x24 C:/devkitPro/devkitARM/bin/../lib/gcc/arm-none-eabi/13.2.0/../../../../arm-none-eabi/lib\libg.a(libc_a-sysstat.o)
                0x0201bec4                stat
 .text.frexp    0x0201bee8       0xa4 C:/devkitPro/devkitARM/bin/../lib/gcc/arm-none-eabi/13.2.0/../../../../arm-none-eabi/lib\libg.a(libm_a-s_frexp.o)
                0x0201bee8                frexp
 .text._strtoll_l.isra.0
                0x0201bf8c      0x23c C:/devkitPro/devkitARM/bin/../lib/gcc/arm-none-eabi/13.2.0/../../../../arm-none-eabi/lib\libg.a(libc_a-strtoll.o)
 .text._strtoll_r
                0x0201c1c8       0x30 C:/devkitPro/devkitARM/bin/../lib/gcc/arm-none-eabi/13.2.0/../../../../arm-none-eabi/lib\libg.a(libc_a-strtoll.o)
                0x0201c1c8                _strtoll_r
 .text._strtoull_l.isra.0
                0x0201c1f8      0x260 C:/devkitPro/devkitARM/bin/../lib/gcc/arm-none-eabi/13.2.0/../../../../arm-none-eabi/lib\libg.a(libc_a-strtoull.o)
 .text._strtoull_r
                0x0201c458       0x30 C:/devkitPro/devkitARM/bin/../lib/gcc/arm-none-eabi/13.2.0/../../../../arm-none-eabi/lib\libg.a(libc_a-strtoull.o)
                0x0201c458                _strtoull_r
 .text.towctrans_l
                0x0201c488      0x244 C:/devkitPro/devkitARM/bin/../lib/gcc/arm-none-eabi/13.2.0/../../../../arm-none-eabi/lib\libg.a(libc_a-towctrans_l.o)
                0x0201c488                towctrans_l
 .text.iswspace
                0x0201c6cc       0x14 C:/devkitPro/devkitARM/bin/../lib/gcc/arm-none-eabi/13.2.0/../../../../arm-none-eabi/lib\libg.a(libc_a-iswspace.o)
                0x0201c6cc                iswspace
 .text.__smakebuf_r
                0x0201c6e0      0x138 C:/devkitPro/devkitARM/bin/../lib/gcc/arm-none-eabi/13.2.0/../../../../arm-none-eabi/lib\libg.a(libc_a-makebuf.o)
                0x0201c6e0                __smakebuf_r
 .text.__swhatbuf_r
                0x0201c818       0x80 C:/devkitPro/devkitARM/bin/../lib/gcc/arm-none-eabi/13.2.0/../../../../arm-none-eabi/lib\libg.a(libc_a-makebuf.o)
                0x0201c818                __swhatbuf_r
 .text.iswspace_l
                0x0201c898       0x40 C:/devkitPro/devkitARM/bin/../lib/gcc/arm-none-eabi/13.2.0/../../../../arm-none-eabi/lib\libg.a(libc_a-iswspace_l.o)
                0x0201c898                iswspace_l
 .text._mbsnrtowcs_r
                0x0201c8d8      0x104 C:/devkitPro/devkitARM/bin/../lib/gcc/arm-none-eabi/13.2.0/../../../../arm-none-eabi/lib\libg.a(libc_a-mbsnrtowcs.o)
                0x0201c8d8                _mbsnrtowcs_r
 .text._wcsrtombs_r
                0x0201c9dc       0x2c C:/devkitPro/devkitARM/bin/../lib/gcc/arm-none-eabi/13.2.0/../../../../arm-none-eabi/lib\libg.a(libc_a-wcsrtombs.o)
                0x0201c9dc                _wcsrtombs_r
 .text.__sccl   0x0201ca08       0xe4 C:/devkitPro/devkitARM/bin/../lib/gcc/arm-none-eabi/13.2.0/../../../../arm-none-eabi/lib\libg.a(libc_a-sccl.o)
                0x0201ca08                __sccl
 .text.lflush   0x0201caec       0x3c C:/devkitPro/devkitARM/bin/../lib/gcc/arm-none-eabi/13.2.0/../../../../arm-none-eabi/lib\libg.a(libc_a-refill.o)
 .text.__srefill_r
                0x0201cb28      0x19c C:/devkitPro/devkitARM/bin/../lib/gcc/arm-none-eabi/13.2.0/../../../../arm-none-eabi/lib\libg.a(libc_a-refill.o)
                0x0201cb28                __srefill_r
 .text.__submore
                0x0201ccc4       0xa8 C:/devkitPro/devkitARM/bin/../lib/gcc/arm-none-eabi/13.2.0/../../../../arm-none-eabi/lib\libg.a(libc_a-ungetc.o)
                0x0201ccc4                __submore
 .text.__sread  0x0201cd6c       0x4c C:/devkitPro/devkitARM/bin/../lib/gcc/arm-none-eabi/13.2.0/../../../../arm-none-eabi/lib\libg.a(libc_a-stdio.o)
                0x0201cd6c                __sread
 .text.__seofread
                0x0201cdb8        0x8 C:/devkitPro/devkitARM/bin/../lib/gcc/arm-none-eabi/13.2.0/../../../../arm-none-eabi/lib\libg.a(libc_a-stdio.o)
                0x0201cdb8                __seofread
 .text.__swrite
                0x0201cdc0       0x6c C:/devkitPro/devkitARM/bin/../lib/gcc/arm-none-eabi/13.2.0/../../../../arm-none-eabi/lib\libg.a(libc_a-stdio.o)
                0x0201cdc0                __swrite
 .text.__sseek  0x0201ce2c       0x48 C:/devkitPro/devkitARM/bin/../lib/gcc/arm-none-eabi/13.2.0/../../../../arm-none-eabi/lib\libg.a(libc_a-stdio.o)
                0x0201ce2c                __sseek
 .text.__sclose
                0x0201ce74       0x14 C:/devkitPro/devkitARM/bin/../lib/gcc/arm-none-eabi/13.2.0/../../../../arm-none-eabi/lib\libg.a(libc_a-stdio.o)
                0x0201ce74                __sclose
 .text.category
                0x0201ce88       0x98 C:/devkitPro/devkitARM/bin/../lib/gcc/arm-none-eabi/13.2.0/../../../../arm-none-eabi/lib\libg.a(libc_a-categories.o)
                0x0201ce88                category
 .text.get_arg  0x0201cf20      0x654 C:/devkitPro/devkitARM/bin/../lib/gcc/arm-none-eabi/13.2.0/../../../../arm-none-eabi/lib\libg.a(libc_a-vfiprintf.o)
 .text.__sprint_r
                0x0201d574       0x34 C:/devkitPro/devkitARM/bin/../lib/gcc/arm-none-eabi/13.2.0/../../../../arm-none-eabi/lib\libg.a(libc_a-vfiprintf.o)
                0x0201d574                __sprint_r
 .text._vfiprintf_r
                0x0201d5a8     0x2334 C:/devkitPro/devkitARM/bin/../lib/gcc/arm-none-eabi/13.2.0/../../../../arm-none-eabi/lib\libg.a(libc_a-vfiprintf.o)
                0x0201d5a8                _vfiprintf_r
 .text.__sbprintf
                0x0201f8dc       0xbc C:/devkitPro/devkitARM/bin/../lib/gcc/arm-none-eabi/13.2.0/../../../../arm-none-eabi/lib\libg.a(libc_a-vfiprintf.o)
 .text.__ssprint_r
                0x0201f998      0x190 C:/devkitPro/devkitARM/bin/../lib/gcc/arm-none-eabi/13.2.0/../../../../arm-none-eabi/lib\libg.a(libc_a-svfiprintf.o)
                0x0201f998                __ssprint_r
 .text.div      0x0201fb28       0x2c C:/devkitPro/devkitARM/bin/../lib/gcc/arm-none-eabi/13.2.0/../../../../arm-none-eabi/lib\libg.a(libc_a-div.o)
                0x0201fb28                div
 .text.__swsetup_r
                0x0201fb54      0x144 C:/devkitPro/devkitARM/bin/../lib/gcc/arm-none-eabi/13.2.0/../../../../arm-none-eabi/lib\libg.a(libc_a-wsetup.o)
                0x0201fb54                __swsetup_r
 .text.quorem   0x0201fc98      0x1d8 C:/devkitPro/devkitARM/bin/../lib/gcc/arm-none-eabi/13.2.0/../../../../arm-none-eabi/lib\libg.a(libc_a-dtoa.o)
 .text._dtoa_r  0x0201fe70     0x16cc C:/devkitPro/devkitARM/bin/../lib/gcc/arm-none-eabi/13.2.0/../../../../arm-none-eabi/lib\libg.a(libc_a-dtoa.o)
                0x0201fe70                _dtoa_r
 .text._fseeko_r
                0x0202153c      0x5a4 C:/devkitPro/devkitARM/bin/../lib/gcc/arm-none-eabi/13.2.0/../../../../arm-none-eabi/lib\libg.a(libc_a-fseeko.o)
                0x0202153c                _fseeko_r
 .text._findenv_r
                0x02021ae0       0xd0 C:/devkitPro/devkitARM/bin/../lib/gcc/arm-none-eabi/13.2.0/../../../../arm-none-eabi/lib\libg.a(libc_a-getenv_r.o)
                0x02021ae0                _findenv_r
 .text._getenv_r
                0x02021bb0       0x1c C:/devkitPro/devkitARM/bin/../lib/gcc/arm-none-eabi/13.2.0/../../../../arm-none-eabi/lib\libg.a(libc_a-getenv_r.o)
                0x02021bb0                _getenv_r
 .text._ftello_r
                0x02021bcc      0x1c0 C:/devkitPro/devkitARM/bin/../lib/gcc/arm-none-eabi/13.2.0/../../../../arm-none-eabi/lib\libg.a(libc_a-ftello.o)
                0x02021bcc                _ftello_r
 .text.__sflags
                0x02021d8c       0xbc C:/devkitPro/devkitARM/bin/../lib/gcc/arm-none-eabi/13.2.0/../../../../arm-none-eabi/lib\libg.a(libc_a-flags.o)
                0x02021d8c                __sflags
 .text._Balloc  0x02021e48       0x8c C:/devkitPro/devkitARM/bin/../lib/gcc/arm-none-eabi/13.2.0/../../../../arm-none-eabi/lib\libg.a(libc_a-mprec.o)
                0x02021e48                _Balloc
 .text._Bfree   0x02021ed4       0x1c C:/devkitPro/devkitARM/bin/../lib/gcc/arm-none-eabi/13.2.0/../../../../arm-none-eabi/lib\libg.a(libc_a-mprec.o)
                0x02021ed4                _Bfree
 .text.__multadd
                0x02021ef0      0x100 C:/devkitPro/devkitARM/bin/../lib/gcc/arm-none-eabi/13.2.0/../../../../arm-none-eabi/lib\libg.a(libc_a-mprec.o)
                0x02021ef0                __multadd
 .text.__hi0bits
                0x02021ff0       0x60 C:/devkitPro/devkitARM/bin/../lib/gcc/arm-none-eabi/13.2.0/../../../../arm-none-eabi/lib\libg.a(libc_a-mprec.o)
                0x02021ff0                __hi0bits
 .text.__lo0bits
                0x02022050       0xa0 C:/devkitPro/devkitARM/bin/../lib/gcc/arm-none-eabi/13.2.0/../../../../arm-none-eabi/lib\libg.a(libc_a-mprec.o)
                0x02022050                __lo0bits
 .text.__i2b    0x020220f0       0xac C:/devkitPro/devkitARM/bin/../lib/gcc/arm-none-eabi/13.2.0/../../../../arm-none-eabi/lib\libg.a(libc_a-mprec.o)
                0x020220f0                __i2b
 .text.__multiply
                0x0202219c      0x218 C:/devkitPro/devkitARM/bin/../lib/gcc/arm-none-eabi/13.2.0/../../../../arm-none-eabi/lib\libg.a(libc_a-mprec.o)
                0x0202219c                __multiply
 .text.__pow5mult
                0x020223b4      0x12c C:/devkitPro/devkitARM/bin/../lib/gcc/arm-none-eabi/13.2.0/../../../../arm-none-eabi/lib\libg.a(libc_a-mprec.o)
                0x020223b4                __pow5mult
 .text.__lshift
                0x020224e0      0x144 C:/devkitPro/devkitARM/bin/../lib/gcc/arm-none-eabi/13.2.0/../../../../arm-none-eabi/lib\libg.a(libc_a-mprec.o)
                0x020224e0                __lshift
 .text.__mcmp   0x02022624       0x54 C:/devkitPro/devkitARM/bin/../lib/gcc/arm-none-eabi/13.2.0/../../../../arm-none-eabi/lib\libg.a(libc_a-mprec.o)
                0x02022624                __mcmp
 .text.__mdiff  0x02022678      0x214 C:/devkitPro/devkitARM/bin/../lib/gcc/arm-none-eabi/13.2.0/../../../../arm-none-eabi/lib\libg.a(libc_a-mprec.o)
                0x02022678                __mdiff
 .text.__d2b    0x0202288c      0x128 C:/devkitPro/devkitARM/bin/../lib/gcc/arm-none-eabi/13.2.0/../../../../arm-none-eabi/lib\libg.a(libc_a-mprec.o)
                0x0202288c                __d2b
 .text.__sfvwrite_r
                0x020229b4      0x4c8 C:/devkitPro/devkitARM/bin/../lib/gcc/arm-none-eabi/13.2.0/../../../../arm-none-eabi/lib\libg.a(libc_a-fvwrite.o)
                0x020229b4                __sfvwrite_r
 .text.gmtime_r
                0x02022e7c      0x26c C:/devkitPro/devkitARM/bin/../lib/gcc/arm-none-eabi/13.2.0/../../../../arm-none-eabi/lib\libg.a(libc_a-gmtime_r.o)
                0x02022e7c                gmtime_r
 .text._realloc_r
                0x020230e8      0x4b8 C:/devkitPro/devkitARM/bin/../lib/gcc/arm-none-eabi/13.2.0/../../../../arm-none-eabi/lib\libg.a(libc_a-reallocr.o)
                0x020230e8                _realloc_r
 .text.__tz_lock
                0x020235a0       0x18 C:/devkitPro/devkitARM/bin/../lib/gcc/arm-none-eabi/13.2.0/../../../../arm-none-eabi/lib\libg.a(libc_a-tzlock.o)
                0x020235a0                __tz_lock
 .text.__tz_unlock
                0x020235b8       0x18 C:/devkitPro/devkitARM/bin/../lib/gcc/arm-none-eabi/13.2.0/../../../../arm-none-eabi/lib\libg.a(libc_a-tzlock.o)
                0x020235b8                __tz_unlock
 .text.__utf8_mbtowc
                0x020235d0      0x308 C:/devkitPro/devkitARM/bin/../lib/gcc/arm-none-eabi/13.2.0/../../../../arm-none-eabi/lib\libg.a(libc_a-mbtowc_r.o)
                0x020235d0                __utf8_mbtowc
 .text._wcsnrtombs_l
                0x020238d8      0x198 C:/devkitPro/devkitARM/bin/../lib/gcc/arm-none-eabi/13.2.0/../../../../arm-none-eabi/lib\libg.a(libc_a-wcsnrtombs.o)
                0x020238d8                _wcsnrtombs_l
 .text._wcsnrtombs_r
                0x02023a70       0x68 C:/devkitPro/devkitARM/bin/../lib/gcc/arm-none-eabi/13.2.0/../../../../arm-none-eabi/lib\libg.a(libc_a-wcsnrtombs.o)
                0x02023a70                _wcsnrtombs_r
 .text.__env_lock
                0x02023ad8       0x18 C:/devkitPro/devkitARM/bin/../lib/gcc/arm-none-eabi/13.2.0/../../../../arm-none-eabi/lib\libg.a(libc_a-envlock.o)
                0x02023ad8                __env_lock
 .text.__env_unlock
                0x02023af0       0x18 C:/devkitPro/devkitARM/bin/../lib/gcc/arm-none-eabi/13.2.0/../../../../arm-none-eabi/lib\libg.a(libc_a-envlock.o)
                0x02023af0                __env_unlock
 .text.__assert_func
                0x02023b08       0x5c C:/devkitPro/devkitARM/bin/../lib/gcc/arm-none-eabi/13.2.0/../../../../arm-none-eabi/lib\libg.a(libc_a-assert.o)
                0x02023b08                __assert_func
 .text.fiprintf
                0x02023b64       0x3c C:/devkitPro/devkitARM/bin/../lib/gcc/arm-none-eabi/13.2.0/../../../../arm-none-eabi/lib\libg.a(libc_a-fiprintf.o)
                0x02023b64                fiprintf
 .text.abort    0x02023ba0       0x14 C:/devkitPro/devkitARM/bin/../lib/gcc/arm-none-eabi/13.2.0/../../../../arm-none-eabi/lib\libg.a(libc_a-abort.o)
                0x02023ba0                abort
 .text._raise_r
                0x02023bb4       0x94 C:/devkitPro/devkitARM/bin/../lib/gcc/arm-none-eabi/13.2.0/../../../../arm-none-eabi/lib\libg.a(libc_a-signal.o)
                0x02023bb4                _raise_r
 .text.raise    0x02023c48       0x18 C:/devkitPro/devkitARM/bin/../lib/gcc/arm-none-eabi/13.2.0/../../../../arm-none-eabi/lib\libg.a(libc_a-signal.o)
                0x02023c48                raise
 .text._exit    0x02023c60       0x20 C:/devkitPro/devkitARM/bin/../lib/gcc/arm-none-eabi/13.2.0/../../../../arm-none-eabi/lib\libsysbase.a(libsysbase_libsysbase_a-_exit.o)
                0x02023c60                _exit
 .text.build_argv
                0x02023c80       0x90 C:/devkitPro/devkitARM/bin/../lib/gcc/arm-none-eabi/13.2.0/../../../../arm-none-eabi/lib\libsysbase.a(libsysbase_libsysbase_a-build_argv.o)
                0x02023c80                build_argv
 .text.chdir    0x02023d10      0x144 C:/devkitPro/devkitARM/bin/../lib/gcc/arm-none-eabi/13.2.0/../../../../arm-none-eabi/lib\libsysbase.a(libsysbase_libsysbase_a-chdir.o)
                0x02023d10                chdir
 .text.getcwd   0x02023e54       0x8c C:/devkitPro/devkitARM/bin/../lib/gcc/arm-none-eabi/13.2.0/../../../../arm-none-eabi/lib\libsysbase.a(libsysbase_libsysbase_a-chdir.o)
                0x02023e54                getcwd
 .text._concatenate_path
                0x02023ee0      0x1d4 C:/devkitPro/devkitARM/bin/../lib/gcc/arm-none-eabi/13.2.0/../../../../arm-none-eabi/lib\libsysbase.a(libsysbase_libsysbase_a-concatenate.o)
                0x02023ee0                _concatenate_path
 .text._fstat_r
                0x020240b4       0x7c C:/devkitPro/devkitARM/bin/../lib/gcc/arm-none-eabi/13.2.0/../../../../arm-none-eabi/lib\libsysbase.a(libsysbase_libsysbase_a-fstat.o)
                0x020240b4                _fstat_r
 .text._getpid_r
                0x02024130       0x14 C:/devkitPro/devkitARM/bin/../lib/gcc/arm-none-eabi/13.2.0/../../../../arm-none-eabi/lib\libsysbase.a(libsysbase_libsysbase_a-getpid.o)
                0x02024130                _getpid_r
 .text.__getreent
                0x02024144       0x30 C:/devkitPro/devkitARM/bin/../lib/gcc/arm-none-eabi/13.2.0/../../../../arm-none-eabi/lib\libsysbase.a(libsysbase_libsysbase_a-getreent.o)
                0x02024144                __getreent
 .text._gettimeofday_r
                0x02024174       0x34 C:/devkitPro/devkitARM/bin/../lib/gcc/arm-none-eabi/13.2.0/../../../../arm-none-eabi/lib\libsysbase.a(libsysbase_libsysbase_a-gettod.o)
                0x02024174                _gettimeofday_r
 .text.__release_handle
                0x020241a8       0x90 C:/devkitPro/devkitARM/bin/../lib/gcc/arm-none-eabi/13.2.0/../../../../arm-none-eabi/lib\libsysbase.a(libsysbase_libsysbase_a-handle_manager.o)
                0x020241a8                __release_handle
 .text.__alloc_handle
                0x02024238       0xb4 C:/devkitPro/devkitARM/bin/../lib/gcc/arm-none-eabi/13.2.0/../../../../arm-none-eabi/lib\libsysbase.a(libsysbase_libsysbase_a-handle_manager.o)
                0x02024238                __alloc_handle
 .text.__get_handle
                0x020242ec       0x40 C:/devkitPro/devkitARM/bin/../lib/gcc/arm-none-eabi/13.2.0/../../../../arm-none-eabi/lib\libsysbase.a(libsysbase_libsysbase_a-handle_manager.o)
                0x020242ec                __get_handle
 .text._close_r
                0x0202432c       0xfc C:/devkitPro/devkitARM/bin/../lib/gcc/arm-none-eabi/13.2.0/../../../../arm-none-eabi/lib\libsysbase.a(libsysbase_libsysbase_a-handle_manager.o)
                0x0202432c                _close_r
 .text.null_write
                0x02024428        0x8 C:/devkitPro/devkitARM/bin/../lib/gcc/arm-none-eabi/13.2.0/../../../../arm-none-eabi/lib\libsysbase.a(libsysbase_libsysbase_a-iosupport.o)
 .text.setDefaultDevice
                0x02024430       0x18 C:/devkitPro/devkitARM/bin/../lib/gcc/arm-none-eabi/13.2.0/../../../../arm-none-eabi/lib\libsysbase.a(libsysbase_libsysbase_a-iosupport.o)
                0x02024430                setDefaultDevice
 .text.FindDevice
                0x02024448       0xd4 C:/devkitPro/devkitARM/bin/../lib/gcc/arm-none-eabi/13.2.0/../../../../arm-none-eabi/lib\libsysbase.a(libsysbase_libsysbase_a-iosupport.o)
                0x02024448                FindDevice
 .text.AddDevice
                0x0202451c       0xa4 C:/devkitPro/devkitARM/bin/../lib/gcc/arm-none-eabi/13.2.0/../../../../arm-none-eabi/lib\libsysbase.a(libsysbase_libsysbase_a-iosupport.o)
                0x0202451c                AddDevice
 .text.GetDeviceOpTab
                0x020245c0       0x24 C:/devkitPro/devkitARM/bin/../lib/gcc/arm-none-eabi/13.2.0/../../../../arm-none-eabi/lib\libsysbase.a(libsysbase_libsysbase_a-iosupport.o)
                0x020245c0                GetDeviceOpTab
 .text._isatty_r
                0x020245e4        0x8 C:/devkitPro/devkitARM/bin/../lib/gcc/arm-none-eabi/13.2.0/../../../../arm-none-eabi/lib\libsysbase.a(libsysbase_libsysbase_a-isatty.o)
                0x020245e4                _isatty_r
 .text._kill_r  0x020245ec       0x14 C:/devkitPro/devkitARM/bin/../lib/gcc/arm-none-eabi/13.2.0/../../../../arm-none-eabi/lib\libsysbase.a(libsysbase_libsysbase_a-kill.o)
                0x020245ec                _kill_r
 .text._lseek_r
                0x02024600       0x88 C:/devkitPro/devkitARM/bin/../lib/gcc/arm-none-eabi/13.2.0/../../../../arm-none-eabi/lib\libsysbase.a(libsysbase_libsysbase_a-lseek.o)
                0x02024600                _lseek_r
 .text._open_r  0x02024688       0xc4 C:/devkitPro/devkitARM/bin/../lib/gcc/arm-none-eabi/13.2.0/../../../../arm-none-eabi/lib\libsysbase.a(libsysbase_libsysbase_a-open.o)
                0x02024688                _open_r
 .text._read_r  0x0202474c       0x84 C:/devkitPro/devkitARM/bin/../lib/gcc/arm-none-eabi/13.2.0/../../../../arm-none-eabi/lib\libsysbase.a(libsysbase_libsysbase_a-read.o)
                0x0202474c                _read_r
 .text._sbrk_r  0x020247d0       0x7c C:/devkitPro/devkitARM/bin/../lib/gcc/arm-none-eabi/13.2.0/../../../../arm-none-eabi/lib\libsysbase.a(libsysbase_libsysbase_a-sbrk.o)
                0x020247d0                _sbrk_r
 .text._stat_r  0x0202484c       0x74 C:/devkitPro/devkitARM/bin/../lib/gcc/arm-none-eabi/13.2.0/../../../../arm-none-eabi/lib\libsysbase.a(libsysbase_libsysbase_a-stat.o)
                0x0202484c                _stat_r
 .text.__libc_lock_acquire
                0x020248c0       0x20 C:/devkitPro/devkitARM/bin/../lib/gcc/arm-none-eabi/13.2.0/../../../../arm-none-eabi/lib\libsysbase.a(libsysbase_libsysbase_a-syscall_support.o)
                0x020248c0                __libc_lock_acquire
 .text.__libc_lock_release
                0x020248e0       0x20 C:/devkitPro/devkitARM/bin/../lib/gcc/arm-none-eabi/13.2.0/../../../../arm-none-eabi/lib\libsysbase.a(libsysbase_libsysbase_a-syscall_support.o)
                0x020248e0                __libc_lock_release
 .text.__libc_lock_acquire_recursive
                0x02024900       0x20 C:/devkitPro/devkitARM/bin/../lib/gcc/arm-none-eabi/13.2.0/../../../../arm-none-eabi/lib\libsysbase.a(libsysbase_libsysbase_a-syscall_support.o)
                0x02024900                __libc_lock_acquire_recursive
 .text.__libc_lock_release_recursive
                0x02024920       0x20 C:/devkitPro/devkitARM/bin/../lib/gcc/arm-none-eabi/13.2.0/../../../../arm-none-eabi/lib\libsysbase.a(libsysbase_libsysbase_a-syscall_support.o)
                0x02024920                __libc_lock_release_recursive
 .text._write_r
                0x02024940       0x84 C:/devkitPro/devkitARM/bin/../lib/gcc/arm-none-eabi/13.2.0/../../../../arm-none-eabi/lib\libsysbase.a(libsysbase_libsysbase_a-write.o)
                0x02024940                _write_r
 *fill*         0x020249c4        0x4 ff
 .text._write_r.__stub
                0x020249c8      0x374 linker stubs
 *(EXCLUDE_FILE(*.twl*) .gnu.warning)
 *(EXCLUDE_FILE(*.twl*) .gnu.linkonce.t*)
 *(.glue_7)
 .glue_7        0x02024db8        0x0 linker stubs
 *(.glue_7t)
 .glue_7t       0x02024db8        0x0 linker stubs
                0x02024db8                        . = ALIGN (0x4)

.vfp11_veneer   0x02024db8        0x0
 .vfp11_veneer  0x02024db8        0x0 linker stubs

.v4_bx          0x02024db8        0x0
 .v4_bx         0x02024db8        0x0 linker stubs

.iplt           0x02024db8        0x0
 .iplt          0x02024db8        0x0 C:/devkitPro/devkitARM/bin/../lib/gcc/arm-none-eabi/13.2.0/../../../../arm-none-eabi/lib/ds_arm9_crt0.o

.fini           0x02024db8       0x18
 *(.fini)
 .fini          0x02024db8        0xc C:/devkitPro/devkitARM/bin/../lib/gcc/arm-none-eabi/13.2.0/crti.o
                0x02024db8                _fini
 .fini          0x02024dc4        0xc C:/devkitPro/devkitARM/bin/../lib/gcc/arm-none-eabi/13.2.0/crtn.o
                0x02024dd0                        __text_end = .

.rodata         0x02024dd0     0x6aa8
 *(EXCLUDE_FILE(*.twl*) .rodata)
 .rodata        0x02024dd0       0x50 C:/devkitPro/nflib/lib\libnflib.a(nf_basic.o)
 .rodata        0x02024e20       0x90 C:/devkitPro/nflib/lib\libnflib.a(nf_sprite256.o)
 .rodata        0x02024eb0      0x170 C:/devkitPro/nflib/lib\libnflib.a(nf_text.o)
 *all.rodata*(*)
 *(EXCLUDE_FILE(*.twl*) .roda)
 *(EXCLUDE_FILE(*.twl*) .rodata.*)
 .rodata.str1.4
                0x02025020      0xa48 game.o
                                 0xe8 (size before relaxing)
 .rodata.str1.4
                0x02025a68       0x27 C:/devkitPro/nflib/lib\libnflib.a(nf_2d.o)
 .rodata.str1.4
                0x02025a68      0x667 C:/devkitPro/nflib/lib\libnflib.a(nf_basic.o)
 .rodata.str1.4
                0x02025a68       0x87 C:/devkitPro/nflib/lib\libnflib.a(nf_sprite256.o)
 .rodata.str1.4
                0x02025a68       0x41 C:/devkitPro/nflib/lib\libnflib.a(nf_text.o)
 .rodata.str1.4
                0x02025a68       0x70 C:/devkitPro/nflib/lib\libnflib.a(nf_tiledbg.o)
 .rodata.nitroFSInit.str1.4
                0x02025a68        0x8 C:/devkitPro/libnds/lib\libfilesystem.a(nitrofs.o)
 .rodata.str1.4
                0x02025a68        0xe C:/devkitPro/libnds/lib\libfilesystem.a(nitrofs.o)
 .rodata.fatMount.part.0.str1.4
                0x02025a68        0x2 C:/devkitPro/libnds/lib\libfat.a(libfat.o)
 .rodata.fatInit.str1.4
                0x02025a68        0x3 C:/devkitPro/libnds/lib\libfat.a(libfat.o)
 .rodata.str1.4
                0x02025a68        0x4 C:/devkitPro/libnds/lib\libfat.a(libfat.o)
 .rodata.dotab_fat
                0x02025a68       0x70 C:/devkitPro/libnds/lib\libfat.a(libfat.o)
 .rodata.str1.4
                0x02025ad8        0x8 C:/devkitPro/libnds/lib\libfat.a(disc.o)
 .rodata._FAT_disc_interfaces
                0x02025ad8       0x18 C:/devkitPro/libnds/lib\libfat.a(disc.o)
                0x02025ad8                _FAT_disc_interfaces
 .rodata._FAT_directory_entryFromPath.str1.4
                0x02025af0        0x7 C:/devkitPro/libnds/lib\libfat.a(directory.o)
 .rodata.ILLEGAL_ALIAS_CHARACTERS
                0x02025af0       0x12 C:/devkitPro/libnds/lib\libfat.a(directory.o)
 *fill*         0x02025b02        0x2 ff
 .rodata.ILLEGAL_LFN_CHARACTERS
                0x02025b04        0xa C:/devkitPro/libnds/lib\libfat.a(directory.o)
 *fill*         0x02025b0e        0x2 ff
 .rodata.LFN_offset_table
                0x02025b10       0x34 C:/devkitPro/libnds/lib\libfat.a(directory.o)
 .rodata.FAT_SIG
                0x02025b44        0x3 C:/devkitPro/libnds/lib\libfat.a(partition.o)
 *fill*         0x02025b47        0x1 ff
 .rodata.FS_TWL_SIG
                0x02025b48        0x8 C:/devkitPro/libnds/lib\libfat.a(partition.o)
 .rodata.con_write.str1.4
                0x02025b50       0x30 C:/devkitPro/libnds/lib\libnds9.a(console.o)
 .rodata.con_write
                0x02025b50       0xd4 C:/devkitPro/libnds/lib\libnds9.a(console.o)
 .rodata.str1.4
                0x02025c24       0x14 C:/devkitPro/libnds/lib\libnds9.a(console.o)
 .rodata.dotab_stdout
                0x02025c24       0x70 C:/devkitPro/libnds/lib\libnds9.a(console.o)
 .rodata.default_font_bin
                0x02025c94     0x2000 C:/devkitPro/libnds/lib\libnds9.a(default_font.bin.o)
                0x02025c94                default_font_bin
                0x02027c94                default_font_bin_end
 .rodata.SIN_LUT
                0x02027c94      0x102 C:/devkitPro/libnds/lib\libnds9.a(trig.o)
                0x02027c94                SIN_LUT
 .rodata._mbrtowc_r.str1.4
                0x02027d96        0x1 C:/devkitPro/devkitARM/bin/../lib/gcc/arm-none-eabi/13.2.0/../../../../arm-none-eabi/lib\libg.a(libc_a-mbrtowc.o)
 *fill*         0x02027d96        0x2 ff
 .rodata._ctype_
                0x02027d98      0x101 C:/devkitPro/devkitARM/bin/../lib/gcc/arm-none-eabi/13.2.0/../../../../arm-none-eabi/lib\libg.a(libc_a-ctype_.o)
                0x02027d98                _ctype_
 *fill*         0x02027e99        0x3 ff
 .rodata.basefix.0
                0x02027e9c       0x22 C:/devkitPro/devkitARM/bin/../lib/gcc/arm-none-eabi/13.2.0/../../../../arm-none-eabi/lib\libg.a(libc_a-svfiscanf.o)
 .rodata._svfprintf_r.str1.1
                0x02027ebe       0x3b C:/devkitPro/devkitARM/bin/../lib/gcc/arm-none-eabi/13.2.0/../../../../arm-none-eabi/lib\libg.a(libc_a-svfprintf.o)
 *fill*         0x02027ef9        0x3 ff
 .rodata.zeroes.0
                0x02027efc       0x10 C:/devkitPro/devkitARM/bin/../lib/gcc/arm-none-eabi/13.2.0/../../../../arm-none-eabi/lib\libg.a(libc_a-svfprintf.o)
 .rodata.blanks.1
                0x02027f0c       0x10 C:/devkitPro/devkitARM/bin/../lib/gcc/arm-none-eabi/13.2.0/../../../../arm-none-eabi/lib\libg.a(libc_a-svfprintf.o)
 .rodata._DAYS_BEFORE_MONTH
                0x02027f1c       0x30 C:/devkitPro/devkitARM/bin/../lib/gcc/arm-none-eabi/13.2.0/../../../../arm-none-eabi/lib\libg.a(libc_a-mktime.o)
 .rodata.DAYS_IN_MONTH
                0x02027f4c       0x30 C:/devkitPro/devkitARM/bin/../lib/gcc/arm-none-eabi/13.2.0/../../../../arm-none-eabi/lib\libg.a(libc_a-mktime.o)
 .rodata._tzset_unlocked_r.str1.4
                0x02027f7c       0x6b C:/devkitPro/devkitARM/bin/../lib/gcc/arm-none-eabi/13.2.0/../../../../arm-none-eabi/lib\libg.a(libc_a-tzset_r.o)
 .rodata.__month_lengths
                0x02027f7c       0x60 C:/devkitPro/devkitARM/bin/../lib/gcc/arm-none-eabi/13.2.0/../../../../arm-none-eabi/lib\libg.a(libc_a-month_lengths.o)
                0x02027f7c                __month_lengths
 .rodata.str1.4
                0x02027fdc        0x4 C:/devkitPro/devkitARM/bin/../lib/gcc/arm-none-eabi/13.2.0/../../../../arm-none-eabi/lib\libg.a(libc_a-tzvars.o)
 .rodata.str1.4
                0x02027fdc       0x4c C:/devkitPro/devkitARM/bin/../lib/gcc/arm-none-eabi/13.2.0/../../../../arm-none-eabi/lib\libg.a(libc_a-locale.o)
 .rodata.categories
                0x02027fdc     0x3528 C:/devkitPro/devkitARM/bin/../lib/gcc/arm-none-eabi/13.2.0/../../../../arm-none-eabi/lib\libg.a(libc_a-categories.o)
 .rodata._vfiprintf_r.str1.1
                0x0202b504       0x29 C:/devkitPro/devkitARM/bin/../lib/gcc/arm-none-eabi/13.2.0/../../../../arm-none-eabi/lib\libg.a(libc_a-vfiprintf.o)
 .rodata.zeroes.0
                0x0202b504       0x10 C:/devkitPro/devkitARM/bin/../lib/gcc/arm-none-eabi/13.2.0/../../../../arm-none-eabi/lib\libg.a(libc_a-vfiprintf.o)
 .rodata.blanks.1
                0x0202b514       0x10 C:/devkitPro/devkitARM/bin/../lib/gcc/arm-none-eabi/13.2.0/../../../../arm-none-eabi/lib\libg.a(libc_a-vfiprintf.o)
 .rodata.__action_table
                0x0202b524       0x6c C:/devkitPro/devkitARM/bin/../lib/gcc/arm-none-eabi/13.2.0/../../../../arm-none-eabi/lib\libg.a(libc_a-svfiprintf.o)
                0x0202b524                __action_table
 .rodata.__state_table
                0x0202b590       0x6c C:/devkitPro/devkitARM/bin/../lib/gcc/arm-none-eabi/13.2.0/../../../../arm-none-eabi/lib\libg.a(libc_a-svfiprintf.o)
                0x0202b590                __state_table
 .rodata.__chclass
                0x0202b5fc      0x100 C:/devkitPro/devkitARM/bin/../lib/gcc/arm-none-eabi/13.2.0/../../../../arm-none-eabi/lib\libg.a(libc_a-svfiprintf.o)
                0x0202b5fc                __chclass
 .rodata._dtoa_r.str1.4
                0x0202b6fc       0x64 C:/devkitPro/devkitARM/bin/../lib/gcc/arm-none-eabi/13.2.0/../../../../arm-none-eabi/lib\libg.a(libc_a-dtoa.o)
 .rodata.__multadd.str1.4
                0x0202b6fc       0x51 C:/devkitPro/devkitARM/bin/../lib/gcc/arm-none-eabi/13.2.0/../../../../arm-none-eabi/lib\libg.a(libc_a-mprec.o)
 .rodata.p05.0  0x0202b6fc        0xc C:/devkitPro/devkitARM/bin/../lib/gcc/arm-none-eabi/13.2.0/../../../../arm-none-eabi/lib\libg.a(libc_a-mprec.o)
 .rodata.__mprec_bigtens
                0x0202b708       0x28 C:/devkitPro/devkitARM/bin/../lib/gcc/arm-none-eabi/13.2.0/../../../../arm-none-eabi/lib\libg.a(libc_a-mprec.o)
                0x0202b708                __mprec_bigtens
 .rodata.__mprec_tens
                0x0202b730       0xc8 C:/devkitPro/devkitARM/bin/../lib/gcc/arm-none-eabi/13.2.0/../../../../arm-none-eabi/lib\libg.a(libc_a-mprec.o)
                0x0202b730                __mprec_tens
 .rodata.__assert_func.str1.4
                0x0202b7f8       0x43 C:/devkitPro/devkitARM/bin/../lib/gcc/arm-none-eabi/13.2.0/../../../../arm-none-eabi/lib\libg.a(libc_a-assert.o)
 .rodata.AddDevice.str1.4
                0x0202b7f8        0x8 C:/devkitPro/devkitARM/bin/../lib/gcc/arm-none-eabi/13.2.0/../../../../arm-none-eabi/lib\libsysbase.a(libsysbase_libsysbase_a-iosupport.o)
 .rodata.dotab_stdnull
                0x0202b7f8       0x80 C:/devkitPro/devkitARM/bin/../lib/gcc/arm-none-eabi/13.2.0/../../../../arm-none-eabi/lib\libsysbase.a(libsysbase_libsysbase_a-iosupport.o)
                0x0202b7f8                dotab_stdnull
 *(EXCLUDE_FILE(*.twl*) .gnu.linkonce.r*)
                0x0202b878                        . = ALIGN (0x4)

.ARM.extab
 *(.ARM.extab* .gnu.linkonce.armextab.*)
                0x0202b878                        __exidx_start = .

ARM.exidx
 *(.ARM.exidx* .gnu.linkonce.armexidx.*)
                0x0202b878                        __exidx_end = .
                0x0202b878                        . = ALIGN (0x4)
                0x0202b878                        PROVIDE (__preinit_array_start = .)

.preinit_array
 *(.preinit_array)
                0x0202b878                        PROVIDE (__preinit_array_end = .)
                0x0202b878                        PROVIDE (__init_array_start = .)

.init_array     0x0202b878        0x4
 *(SORT_BY_NAME(.init_array.*))
 *(.init_array)
 .init_array    0x0202b878        0x4 C:/devkitPro/devkitARM/bin/../lib/gcc/arm-none-eabi/13.2.0/crtbegin.o
                0x0202b87c                        PROVIDE (__init_array_end = .)
                [!provide]                        PROVIDE (__fini_array_start = .)

.fini_array     0x0202b87c        0x4
 *(.fini_array)
 .fini_array    0x0202b87c        0x4 C:/devkitPro/devkitARM/bin/../lib/gcc/arm-none-eabi/13.2.0/crtbegin.o
 *(SORT_BY_NAME(.fini_array.*))
                [!provide]                        PROVIDE (__fini_array_end = .)

.ctors          0x0202b880        0x0
 *crtbegin.o(.ctors)
 *(EXCLUDE_FILE(*crtend.o) .ctors)
 *(SORT_BY_NAME(.ctors.*))
 *(.ctors)
                0x0202b880                        . = ALIGN (0x4)

.dtors          0x0202b880        0x0
 *crtbegin.o(.dtors)
 *(EXCLUDE_FILE(*crtend.o) .dtors)
 *(SORT_BY_NAME(.dtors.*))
 *(.dtors)
                0x0202b880                        . = ALIGN (0x4)

.eh_frame       0x0202b880        0x4
 *(.eh_frame)
 .eh_frame      0x0202b880        0x0 C:/devkitPro/devkitARM/bin/../lib/gcc/arm-none-eabi/13.2.0/crtbegin.o
 .eh_frame      0x0202b880        0x4 C:/devkitPro/devkitARM/bin/../lib/gcc/arm-none-eabi/13.2.0/crtend.o
                0x0202b884                        . = ALIGN (0x4)

.gcc_except_table
                0x0202b884        0x0
 *(.gcc_except_table)
                0x0202b884                        . = ALIGN (0x4)

.jcr
 *(.jcr)

.got
 *(.got.plt)
 *(.got)
 *(.rel.got)

.ewram          0x0202b884        0x0
                0x0202b884                        __ewram_start = ABSOLUTE (.)
 *(.ewram)
 *ewram.*(.text)
                0x0202b884                        . = ALIGN (0x4)

.data           0x0202b884     0x2524
                0x0202b884                        __data_start = ABSOLUTE (.)
 *(EXCLUDE_FILE(*.twl*) .data)
 .data          0x0202b884       0x28 C:/devkitPro/libnds/lib\libnds9.a(mpu_setup.o)
 *(EXCLUDE_FILE(*.twl*) .data.*)
 .data.ndsFileFD
                0x0202b8ac        0x4 C:/devkitPro/libnds/lib\libfilesystem.a(nitrofs.o)
 .data.nitroFSdevoptab
                0x0202b8b0       0x70 C:/devkitPro/libnds/lib\libfilesystem.a(nitrofs.o)
                0x0202b8b0                nitroFSdevoptab
 .data.syspaths
                0x0202b920        0x8 C:/devkitPro/libnds/lib\libfilesystem.a(nitrofs.o)
                0x0202b920                syspaths
 .data.currentConsole
                0x0202b928        0x4 C:/devkitPro/libnds/lib\libnds9.a(console.o)
                0x0202b928                currentConsole
 .data.defaultConsole
                0x0202b92c       0x5c C:/devkitPro/libnds/lib\libnds9.a(console.o)
                0x0202b92c                defaultConsole
 .data.firstConsoleInit.0
                0x0202b988        0x1 C:/devkitPro/libnds/lib\libnds9.a(console.o)
 *fill*         0x0202b989        0x3 ff
 .data.oamMain  0x0202b98c       0x18 C:/devkitPro/libnds/lib\libnds9.a(sprite.o)
                0x0202b98c                oamMain
 .data.oamSub   0x0202b9a4       0x18 C:/devkitPro/libnds/lib\libnds9.a(sprite.o)
                0x0202b9a4                oamSub
 .data.count    0x0202b9bc        0x1 C:/devkitPro/libnds/lib\libnds9.a(keys.o)
 .data.delay    0x0202b9bd        0x1 C:/devkitPro/libnds/lib\libnds9.a(keys.o)
 .data.repeat   0x0202b9be        0x1 C:/devkitPro/libnds/lib\libnds9.a(keys.o)
 *fill*         0x0202b9bf        0x1 ff
 .data.fifo_buffer_free
                0x0202b9c0        0x4 C:/devkitPro/libnds/lib\libnds9.a(fifosystem.o)
                0x0202b9c0                fifo_buffer_free
 .data.fifo_freewords
                0x0202b9c4        0x4 C:/devkitPro/libnds/lib\libnds9.a(fifosystem.o)
                0x0202b9c4                fifo_freewords
 .data.fifo_receive_queue
                0x0202b9c8        0x4 C:/devkitPro/libnds/lib\libnds9.a(fifosystem.o)
                0x0202b9c8                fifo_receive_queue
 .data.fifo_send_queue
                0x0202b9cc        0x4 C:/devkitPro/libnds/lib\libnds9.a(fifosystem.o)
                0x0202b9cc                fifo_send_queue
 .data.bgControl
                0x0202b9d0       0x20 C:/devkitPro/libnds/lib\libnds9.a(background.o)
                0x0202b9d0                bgControl
 .data.bgScrollTable
                0x0202b9f0       0x20 C:/devkitPro/libnds/lib\libnds9.a(background.o)
                0x0202b9f0                bgScrollTable
 .data.bgTransform
                0x0202ba10       0x20 C:/devkitPro/libnds/lib\libnds9.a(background.o)
                0x0202ba10                bgTransform
 .data.__malloc_sbrk_base
                0x0202ba30        0x4 C:/devkitPro/devkitARM/bin/../lib/gcc/arm-none-eabi/13.2.0/../../../../arm-none-eabi/lib\libg.a(libc_a-mallocr.o)
                0x0202ba30                __malloc_sbrk_base
 .data.__malloc_trim_threshold
                0x0202ba34        0x4 C:/devkitPro/devkitARM/bin/../lib/gcc/arm-none-eabi/13.2.0/../../../../arm-none-eabi/lib\libg.a(libc_a-mallocr.o)
                0x0202ba34                __malloc_trim_threshold
 .data.__malloc_av_
                0x0202ba38      0x408 C:/devkitPro/devkitARM/bin/../lib/gcc/arm-none-eabi/13.2.0/../../../../arm-none-eabi/lib\libg.a(libc_a-mallocr.o)
                0x0202ba38                __malloc_av_
 .data.__sglue  0x0202be40        0xc C:/devkitPro/devkitARM/bin/../lib/gcc/arm-none-eabi/13.2.0/../../../../arm-none-eabi/lib\libg.a(libc_a-findfp.o)
                0x0202be40                __sglue
 .data._tzname  0x0202be4c        0x8 C:/devkitPro/devkitARM/bin/../lib/gcc/arm-none-eabi/13.2.0/../../../../arm-none-eabi/lib\libg.a(libc_a-tzvars.o)
                0x0202be4c                _tzname
 *fill*         0x0202be54        0x4 ff
 .data.tzinfo   0x0202be58       0x58 C:/devkitPro/devkitARM/bin/../lib/gcc/arm-none-eabi/13.2.0/../../../../arm-none-eabi/lib\libg.a(libc_a-gettzinfo.o)
 .data.__global_locale
                0x0202beb0      0x16c C:/devkitPro/devkitARM/bin/../lib/gcc/arm-none-eabi/13.2.0/../../../../arm-none-eabi/lib\libg.a(libc_a-locale.o)
                0x0202beb0                __global_locale
 .data._impure_ptr
                0x0202c01c        0x4 C:/devkitPro/devkitARM/bin/../lib/gcc/arm-none-eabi/13.2.0/../../../../arm-none-eabi/lib\libg.a(libc_a-impure.o)
                0x0202c01c                _impure_ptr
 .data._impure_data
                0x0202c020      0x120 C:/devkitPro/devkitARM/bin/../lib/gcc/arm-none-eabi/13.2.0/../../../../arm-none-eabi/lib\libg.a(libc_a-impure.o)
                0x0202c020                _impure_data
 .data.caseconv_table
                0x0202c140      0x7b0 C:/devkitPro/devkitARM/bin/../lib/gcc/arm-none-eabi/13.2.0/../../../../arm-none-eabi/lib\libg.a(libc_a-towctrans_l.o)
 .data.environ  0x0202c8f0        0x4 C:/devkitPro/devkitARM/bin/../lib/gcc/arm-none-eabi/13.2.0/../../../../arm-none-eabi/lib\libg.a(libc_a-environ.o)
                0x0202c8f0                environ
 .data._current_working_directory
                0x0202c8f4      0x400 C:/devkitPro/devkitARM/bin/../lib/gcc/arm-none-eabi/13.2.0/../../../../arm-none-eabi/lib\libsysbase.a(libsysbase_libsysbase_a-chdir.o)
 .data.handles  0x0202ccf4     0x1000 C:/devkitPro/devkitARM/bin/../lib/gcc/arm-none-eabi/13.2.0/../../../../arm-none-eabi/lib\libsysbase.a(libsysbase_libsysbase_a-handle_manager.o)
 .data.__stderr_handle
                0x0202dcf4        0xc C:/devkitPro/devkitARM/bin/../lib/gcc/arm-none-eabi/13.2.0/../../../../arm-none-eabi/lib\libsysbase.a(libsysbase_libsysbase_a-handle_manager.o)
 .data.__stdout_handle
                0x0202dd00        0xc C:/devkitPro/devkitARM/bin/../lib/gcc/arm-none-eabi/13.2.0/../../../../arm-none-eabi/lib\libsysbase.a(libsysbase_libsysbase_a-handle_manager.o)
 .data.__stdin_handle
                0x0202dd0c        0xc C:/devkitPro/devkitARM/bin/../lib/gcc/arm-none-eabi/13.2.0/../../../../arm-none-eabi/lib\libsysbase.a(libsysbase_libsysbase_a-handle_manager.o)
 .data.devoptab_list