Archive member included to satisfy reference by file (symbol)

C:/devkitPro/libnds/lib\libnds9.a(console.o)
                              game.o (consoleDemoInit)
C:/devkitPro/libnds/lib\libnds9.a(keys.o)
                              game.o (scanKeys)
C:/devkitPro/libnds/lib\libnds9.a(initSystem.o)
                              C:/devkitPro/devkitARM/bin/../lib/gcc/arm-none-eabi/13.2.0/../../../../arm-none-eabi/lib/thumb/ds_arm9_crt0.o (initSystem)
C:/devkitPro/libnds/lib\libnds9.a(securearea.o)
                              C:/devkitPro/devkitARM/bin/../lib/gcc/arm-none-eabi/13.2.0/../../../../arm-none-eabi/lib/thumb/ds_arm9_crt0.o (__secure_area__)
C:/devkitPro/libnds/lib\libnds9.a(interrupts.o)
                              C:/devkitPro/libnds/lib\libnds9.a(initSystem.o) (irqInit)
C:/devkitPro/libnds/lib\libnds9.a(libnds_exit.arm.o)
                              C:/devkitPro/devkitARM/bin/../lib/gcc/arm-none-eabi/13.2.0/../../../../arm-none-eabi/lib/thumb/ds_arm9_crt0.o (__libnds_exit)
C:/devkitPro/libnds/lib\libnds9.a(fifosystem.o)
                              C:/devkitPro/libnds/lib\libnds9.a(initSystem.o) (fifoSetValue32Handler)
C:/devkitPro/libnds/lib\libnds9.a(mpu_setup.o)
                              C:/devkitPro/devkitARM/bin/../lib/gcc/arm-none-eabi/13.2.0/../../../../arm-none-eabi/lib/thumb/ds_arm9_crt0.o (__libnds_mpu_setup)
C:/devkitPro/libnds/lib\libnds9.a(IntrWait.o)
                              main.o (swiWaitForVBlank)
C:/devkitPro/libnds/lib\libnds9.a(cpu_clock.o)
                              C:/devkitPro/libnds/lib\libnds9.a(initSystem.o) (setCpuClock)
C:/devkitPro/libnds/lib\libnds9.a(interruptDispatcher.o)
                              C:/devkitPro/libnds/lib\libnds9.a(interrupts.o) (IntrMain)
C:/devkitPro/libnds/lib\libnds9.a(debugprint.o)
                              C:/devkitPro/libnds/lib\libnds9.a(console.o) (nocashWrite)
C:/devkitPro/libnds/lib\libnds9.a(swiSoftReset.o)
                              C:/devkitPro/libnds/lib\libnds9.a(fifosystem.o) (swiSoftReset)
C:/devkitPro/libnds/lib\libnds9.a(default_font.bin.o)
                              C:/devkitPro/libnds/lib\libnds9.a(console.o) (default_font_bin)
C:/devkitPro/libnds/lib\libnds9.a(background.o)
                              C:/devkitPro/libnds/lib\libnds9.a(console.o) (bgState)
C:/devkitPro/libnds/lib\libnds9.a(trig.o)
                              C:/devkitPro/libnds/lib\libnds9.a(background.o) (sinLerp)
C:/devkitPro/libnds/lib\libnds9.a(video.o)
                              C:/devkitPro/libnds/lib\libnds9.a(initSystem.o) (vramDefault)
C:/devkitPro/libnds/lib\libnds9.a(system.o)
                              C:/devkitPro/libnds/lib\libnds9.a(initSystem.o) (systemValueHandler)
C:/devkitPro/libnds/lib\libnds9.a(biosCalls.o)
                              C:/devkitPro/libnds/lib\libnds9.a(system.o) (swiDelay)
C:/devkitPro/devkitARM/bin/../lib/gcc/arm-none-eabi/13.2.0/thumb\libgcc.a(_divsi3.o)
                              C:/devkitPro/libnds/lib\libnds9.a(console.o) (__aeabi_idivmod)
C:/devkitPro/devkitARM/bin/../lib/gcc/arm-none-eabi/13.2.0/thumb\libgcc.a(_dvmd_tls.o)
                              C:/devkitPro/devkitARM/bin/../lib/gcc/arm-none-eabi/13.2.0/thumb\libgcc.a(_divsi3.o) (__aeabi_idiv0)
C:/devkitPro/devkitARM/bin/../lib/gcc/arm-none-eabi/13.2.0/../../../../arm-none-eabi/lib/thumb\libg.a(libc_a-bsearch.o)
                              C:/devkitPro/libnds/lib\libnds9.a(trig.o) (bsearch)
C:/devkitPro/devkitARM/bin/../lib/gcc/arm-none-eabi/13.2.0/../../../../arm-none-eabi/lib/thumb\libg.a(libc_a-siscanf.o)
                              C:/devkitPro/libnds/lib\libnds9.a(console.o) (siscanf)
C:/devkitPro/devkitARM/bin/../lib/gcc/arm-none-eabi/13.2.0/../../../../arm-none-eabi/lib/thumb\libg.a(libc_a-setvbuf.o)
                              C:/devkitPro/libnds/lib\libnds9.a(console.o) (setvbuf)
C:/devkitPro/devkitARM/bin/../lib/gcc/arm-none-eabi/13.2.0/../../../../arm-none-eabi/lib/thumb\libg.a(libc_a-svfiscanf.o)
                              C:/devkitPro/devkitARM/bin/../lib/gcc/arm-none-eabi/13.2.0/../../../../arm-none-eabi/lib/thumb\libg.a(libc_a-siscanf.o) (__ssvfiscanf_r)
C:/devkitPro/devkitARM/bin/../lib/gcc/arm-none-eabi/13.2.0/../../../../arm-none-eabi/lib/thumb\libg.a(libc_a-freer.o)
                              C:/devkitPro/devkitARM/bin/../lib/gcc/arm-none-eabi/13.2.0/../../../../arm-none-eabi/lib/thumb\libg.a(libc_a-setvbuf.o) (_free_r)
C:/devkitPro/devkitARM/bin/../lib/gcc/arm-none-eabi/13.2.0/../../../../arm-none-eabi/lib/thumb\libg.a(libc_a-iprintf.o)
                              game.o (iprintf)
C:/devkitPro/devkitARM/bin/../lib/gcc/arm-none-eabi/13.2.0/../../../../arm-none-eabi/lib/thumb\libg.a(libc_a-malloc.o)
                              C:/devkitPro/devkitARM/bin/../lib/gcc/arm-none-eabi/13.2.0/../../../../arm-none-eabi/lib/thumb\libg.a(libc_a-setvbuf.o) (malloc)
C:/devkitPro/devkitARM/bin/../lib/gcc/arm-none-eabi/13.2.0/../../../../arm-none-eabi/lib/thumb\libg.a(libc_a-mallocr.o)
[...]
Memory Configuration

Name             Origin             Length             Attributes
ewram            0x02000000         0x00380000
dtcm             0x02ff0000         0x00004000
vectors          0x01000000         0x00000100
itcm             0x01000100         0x00007f00
*default*        0x00000000         0xffffffff

Linker script and memory map

                0x02380000                        __ewram_end = (ORIGIN (ewram) + LENGTH (ewram))
                0x02380000                        __eheap_end = (ORIGIN (ewram) + LENGTH (ewram))
                0x02ff4000                        __dtcm_top = (ORIGIN (dtcm) + LENGTH (dtcm))
                0x02ff3ff8                        __irq_flags = (__dtcm_top - 0x8)
                0x02ff3ffc                        __irq_vector = (__dtcm_top - 0x4)
                0x02ff3f00                        __sp_svc = (__dtcm_top - 0x100)
                0x02ff3e00                        __sp_irq = (__sp_svc - 0x100)
                0x02ff3d00                        __sp_usr = (__sp_irq - 0x100)

.secure         0x02000000      0x800
 *(.secure)
 .secure        0x02000000      0x800 C:/devkitPro/libnds/lib\libnds9.a(securearea.o)
                0x02000000                __secure_area__

.crt0           0x02000800      0x300
                0x02000800                        __text_start = .
 *(.crt0)
 .crt0          0x02000800      0x300 C:/devkitPro/devkitARM/bin/../lib/gcc/arm-none-eabi/13.2.0/../../../../arm-none-eabi/lib/thumb/ds_arm9_crt0.o
                0x02000800                _start
                0x02000b00                        . = ALIGN (0x4)

.plt
 *(.plt)

.init           0x02000b00        0xc
 *(SORT_NONE(.init))
 .init          0x02000b00        0x4 C:/devkitPro/devkitARM/bin/../lib/gcc/arm-none-eabi/13.2.0/thumb/crti.o
                0x02000b00                _init
 .init          0x02000b04        0x8 C:/devkitPro/devkitARM/bin/../lib/gcc/arm-none-eabi/13.2.0/thumb/crtn.o

.text           0x02000b10     0x8c80
 *(EXCLUDE_FILE(*.twl* *.vectors* *.itcm*) .text)
 .text          0x02000b10       0x94 game.o
                0x02000b10                Game::Game()
                0x02000b10                Game::Game()
                0x02000b2c                Game::Tick()
                0x02000b34                Game::Update()
                0x02000b94                Game::StartMenuScreen()
                0x02000b98                Game::StartGame1Screen()
                0x02000b9c                Game::StartGame2Screen()
                0x02000ba0                Game::StartMinigameScreen(int)
 .text          0x02000ba4      0x150 C:/devkitPro/devkitARM/bin/../lib/gcc/arm-none-eabi/13.2.0/thumb\libgcc.a(_divsi3.o)
                0x02000ba4                __divsi3
                0x02000ba4                __aeabi_idiv
                0x02000cd4                __aeabi_idivmod
 .text          0x02000cf4        0x4 C:/devkitPro/devkitARM/bin/../lib/gcc/arm-none-eabi/13.2.0/thumb\libgcc.a(_dvmd_tls.o)
                0x02000cf4                __aeabi_idiv0
                0x02000cf4                __aeabi_ldiv0
 .text          0x02000cf8       0x14 C:/devkitPro/devkitARM/bin/../lib/gcc/arm-none-eabi/13.2.0/thumb\libgcc.a(_thumb1_case_uqi.o)
                0x02000cf8                __gnu_thumb1_case_uqi
 .text          0x02000d0c       0x14 C:/devkitPro/devkitARM/bin/../lib/gcc/arm-none-eabi/13.2.0/thumb\libgcc.a(_thumb1_case_uhi.o)
                0x02000d0c                __gnu_thumb1_case_uhi
 .text          0x02000d20      0x11c C:/devkitPro/devkitARM/bin/../lib/gcc/arm-none-eabi/13.2.0/thumb\libgcc.a(_udivsi3.o)
                0x02000d20                __aeabi_uidiv
                0x02000d20                __udivsi3
                0x02000e1c                __aeabi_uidivmod
 .text          0x02000e3c       0x3c C:/devkitPro/devkitARM/bin/../lib/gcc/arm-none-eabi/13.2.0/thumb\libgcc.a(_aeabi_uldivmod.o)
                0x02000e3c                __aeabi_uldivmod
 .text          0x02000e78       0x28 C:/devkitPro/devkitARM/bin/../lib/gcc/arm-none-eabi/13.2.0/thumb\libgcc.a(_clzdi2.o)
                0x02000e78                __clzdi2
 .text          0x02000ea0       0x48 C:/devkitPro/devkitARM/bin/../lib/gcc/arm-none-eabi/13.2.0/thumb\libgcc.a(_clzsi2.o)
                0x02000ea0                __clzsi2
 *(EXCLUDE_FILE(*.twl* *.vectors* *.itcm*) .stub)
 *(EXCLUDE_FILE(*.twl* *.vectors* *.itcm*) .text.*)
 .text.__do_global_dtors_aux
                0x02000ee8       0x2c C:/devkitPro/devkitARM/bin/../lib/gcc/arm-none-eabi/13.2.0/thumb/crtbegin.o
 .text.frame_dummy
                0x02000f14       0x24 C:/devkitPro/devkitARM/bin/../lib/gcc/arm-none-eabi/13.2.0/thumb/crtbegin.o
 .text.startup  0x02000f38       0x30 main.o
                0x02000f38                main
 .text.newRow   0x02000f68       0xa8 C:/devkitPro/libnds/lib\libnds9.a(console.o)
 .text.consolePrintChar
                0x02001010       0xe0 C:/devkitPro/libnds/lib\libnds9.a(console.o)
                0x02001010                consolePrintChar
 .text.con_write
                0x020010f0      0x36c C:/devkitPro/libnds/lib\libnds9.a(console.o)
                0x020010f0                con_write
 .text.consoleLoadFont
                0x0200145c      0x2a0 C:/devkitPro/libnds/lib\libnds9.a(console.o)
                0x0200145c                consoleLoadFont
 .text.consoleInit
                0x020016fc      0x18c C:/devkitPro/libnds/lib\libnds9.a(console.o)
                0x020016fc                consoleInit
 .text.consoleDemoInit
                0x02001888       0x40 C:/devkitPro/libnds/lib\libnds9.a(console.o)
                0x02001888                consoleDemoInit
 .text.consoleClear
                0x020018c8       0x10 C:/devkitPro/libnds/lib\libnds9.a(console.o)
                0x020018c8                consoleClear
 .text.scanKeys
                0x020018d8       0x8c C:/devkitPro/libnds/lib\libnds9.a(keys.o)
                0x020018d8                scanKeys
 .text.keysHeld
                0x02001964        0xc C:/devkitPro/libnds/lib\libnds9.a(keys.o)
                0x02001964                keysHeld
 .text.keysDown
                0x02001970       0x14 C:/devkitPro/libnds/lib\libnds9.a(keys.o)
                0x02001970                keysDown
 .text.initSystem
                0x02001984      0x180 C:/devkitPro/libnds/lib\libnds9.a(initSystem.o)
                0x02001984                initSystem
 .text.irqDummy
                0x02001b04        0x4 C:/devkitPro/libnds/lib\libnds9.a(interrupts.o)
                0x02001b04                irqDummy
 .text.irqSet   0x02001b08       0x6c C:/devkitPro/libnds/lib\libnds9.a(interrupts.o)
                0x02001b08                irqSet
 .text.irqInit  0x02001b74       0x50 C:/devkitPro/libnds/lib\libnds9.a(interrupts.o)
                0x02001b74                irqInit
 .text.irqEnable
                0x02001bc4       0x64 C:/devkitPro/libnds/lib\libnds9.a(interrupts.o)
                0x02001bc4                irqEnable
 .text.systemErrorExit
                0x02001c28        0x4 C:/devkitPro/libnds/lib\libnds9.a(libnds_exit.arm.o)
                0x02001c28                systemErrorExit
 .text.__libnds_exit
                0x02001c2c       0x5c C:/devkitPro/libnds/lib\libnds9.a(libnds_exit.arm.o)
                0x02001c2c                __libnds_exit
 .text.fifo_queueBlock
                0x02001c88       0x44 C:/devkitPro/libnds/lib\libnds9.a(fifosystem.o)
 .text.fifo_waitBlock
                0x02001ccc       0x80 C:/devkitPro/libnds/lib\libnds9.a(fifosystem.o)
 .text.fifoInternalSend.part.0
                0x02001d4c       0xd4 C:/devkitPro/libnds/lib\libnds9.a(fifosystem.o)
 .text.fifoInternalSendInterrupt
                0x02001e20       0xb0 C:/devkitPro/libnds/lib\libnds9.a(fifosystem.o)
 .text.fifoSetValue32Handler
                0x02001ed0       0xd4 C:/devkitPro/libnds/lib\libnds9.a(fifosystem.o)
                0x02001ed0                fifoSetValue32Handler
 .text.fifoSendValue32
                0x02001fa4       0x4c C:/devkitPro/libnds/lib\libnds9.a(fifosystem.o)
                0x02001fa4                fifoSendValue32
 .text.fifoGetDatamsg
                0x02001ff0       0xf4 C:/devkitPro/libnds/lib\libnds9.a(fifosystem.o)
                0x02001ff0                fifoGetDatamsg
 .text.fifoInternalRecvInterrupt
                0x020020e4      0x37c C:/devkitPro/libnds/lib\libnds9.a(fifosystem.o)
 .text.fifoSetDatamsgHandler
                0x02002460       0x9c C:/devkitPro/libnds/lib\libnds9.a(fifosystem.o)
                0x02002460                fifoSetDatamsgHandler
 .text.fifoInit
                0x020024fc      0x108 C:/devkitPro/libnds/lib\libnds9.a(fifosystem.o)
                0x020024fc                fifoInit
 .text.__libnds_mpu_setup
                0x02002604      0x174 C:/devkitPro/libnds/lib\libnds9.a(mpu_setup.o)
                0x02002604                __libnds_mpu_setup
 .text.memUncached
                0x02002778       0x20 C:/devkitPro/libnds/lib\libnds9.a(mpu_setup.o)
                0x02002778                memUncached
 .text.swiWaitForVBlank
                0x02002798        0x8 C:/devkitPro/libnds/lib\libnds9.a(IntrWait.o)
                0x02002798                swiWaitForVBlank
 .text.swiIntrWait
                0x020027a0       0x70 C:/devkitPro/libnds/lib\libnds9.a(IntrWait.o)
                0x020027a0                swiIntrWait
 .text.setCpuClock
                0x02002810       0x50 C:/devkitPro/libnds/lib\libnds9.a(cpu_clock.o)
                0x02002810                setCpuClock
 .text.swiSoftReset
                0x02002860       0x2c C:/devkitPro/libnds/lib\libnds9.a(swiSoftReset.o)
                0x02002860                swiSoftReset
 .text.checkIfText
                0x0200288c       0x5c C:/devkitPro/libnds/lib\libnds9.a(background.o)
                0x0200288c                checkIfText
 .text.bgUpdate
                0x020028e8       0xf4 C:/devkitPro/libnds/lib\libnds9.a(background.o)
                0x020028e8                bgUpdate
 .text.bgInit_call
                0x020029dc       0xc4 C:/devkitPro/libnds/lib\libnds9.a(background.o)
                0x020029dc                bgInit_call
 .text.bgInitSub_call
                0x02002aa0       0xcc C:/devkitPro/libnds/lib\libnds9.a(background.o)
                0x02002aa0                bgInitSub_call
 .text.sinLutLookup
                0x02002b6c       0x4c C:/devkitPro/libnds/lib\libnds9.a(trig.o)
                0x02002b6c                sinLutLookup
 .text.sinLerp  0x02002bb8       0x40 C:/devkitPro/libnds/lib\libnds9.a(trig.o)
                0x02002bb8                sinLerp
 .text.cosLerp  0x02002bf8       0x4c C:/devkitPro/libnds/lib\libnds9.a(trig.o)
                0x02002bf8                cosLerp
 .text.vramDefault
                0x02002c44       0xd0 C:/devkitPro/libnds/lib\libnds9.a(video.o)
                0x02002c44                vramDefault
 .text.systemValueHandler
                0x02002d14       0x48 C:/devkitPro/libnds/lib\libnds9.a(system.o)
                0x02002d14                systemValueHandler
 .text.systemMsgHandler
                0x02002d5c       0x60 C:/devkitPro/libnds/lib\libnds9.a(system.o)
                0x02002d5c                systemMsgHandler
 .text.powerOn  0x02002dbc       0x2c C:/devkitPro/libnds/lib\libnds9.a(system.o)
                0x02002dbc                powerOn
 .text.swiDelay
                0x02002de8        0x4 C:/devkitPro/libnds/lib\libnds9.a(biosCalls.o)
                0x02002de8                swiDelay
 .text.siscanf  0x02002dec       0x4c C:/devkitPro/devkitARM/bin/../lib/gcc/arm-none-eabi/13.2.0/../../../../arm-none-eabi/lib/thumb\libg.a(libc_a-siscanf.o)
                0x02002dec                siscanf
 .text.setvbuf  0x02002e38      0x1a4 C:/devkitPro/devkitARM/bin/../lib/gcc/arm-none-eabi/13.2.0/../../../../arm-none-eabi/lib/thumb\libg.a(libc_a-setvbuf.o)
                0x02002e38                setvbuf
 .text.get_arg  0x02002fdc       0x3e C:/devkitPro/devkitARM/bin/../lib/gcc/arm-none-eabi/13.2.0/../../../../arm-none-eabi/lib/thumb\libg.a(libc_a-svfiscanf.o)
 .text._sungetc_r
                0x0200301a       0x7e C:/devkitPro/devkitARM/bin/../lib/gcc/arm-none-eabi/13.2.0/../../../../arm-none-eabi/lib/thumb\libg.a(libc_a-svfiscanf.o)
                0x0200301a                _sungetc_r
 .text.__ssrefill_r
                0x02003098       0x42 C:/devkitPro/devkitARM/bin/../lib/gcc/arm-none-eabi/13.2.0/../../../../arm-none-eabi/lib/thumb\libg.a(libc_a-svfiscanf.o)
                0x02003098                __ssrefill_r
 .text._sfread_r
                0x020030da       0x88 C:/devkitPro/devkitARM/bin/../lib/gcc/arm-none-eabi/13.2.0/../../../../arm-none-eabi/lib/thumb\libg.a(libc_a-svfiscanf.o)
                0x020030da                _sfread_r
 *fill*         0x02003162        0x2 ff
 .text.__ssvfiscanf_r
                0x02003164     0x1ac4 C:/devkitPro/devkitARM/bin/../lib/gcc/arm-none-eabi/13.2.0/../../../../arm-none-eabi/lib/thumb\libg.a(libc_a-svfiscanf.o)
                0x02003164                __ssvfiscanf_r
 .text._malloc_trim_r
                0x02004c28       0xac C:/devkitPro/devkitARM/bin/../lib/gcc/arm-none-eabi/13.2.0/../../../../arm-none-eabi/lib/thumb\libg.a(libc_a-freer.o)
                0x02004c28                _malloc_trim_r
 .text._free_r  0x02004cd4      0x1d8 C:/devkitPro/devkitARM/bin/../lib/gcc/arm-none-eabi/13.2.0/../../../../arm-none-eabi/lib/thumb\libg.a(libc_a-freer.o)
                0x02004cd4                _free_r
 .text.iprintf  0x02004eac       0x24 C:/devkitPro/devkitARM/bin/../lib/gcc/arm-none-eabi/13.2.0/../../../../arm-none-eabi/lib/thumb\libg.a(libc_a-iprintf.o)
                0x02004eac                iprintf
 .text.malloc   0x02004ed0       0x14 C:/devkitPro/devkitARM/bin/../lib/gcc/arm-none-eabi/13.2.0/../../../../arm-none-eabi/lib/thumb\libg.a(libc_a-malloc.o)
                0x02004ed0                malloc
 .text.free     0x02004ee4       0x14 C:/devkitPro/devkitARM/bin/../lib/gcc/arm-none-eabi/13.2.0/../../../../arm-none-eabi/lib/thumb\libg.a(libc_a-malloc.o)
                0x02004ee4                free
 .text._malloc_r
                0x02004ef8      0x558 C:/devkitPro/devkitARM/bin/../lib/gcc/arm-none-eabi/13.2.0/../../../../arm-none-eabi/lib/thumb\libg.a(libc_a-mallocr.o)
                0x02004ef8                _malloc_r
 .text.memset   0x02005450       0xb0 C:/devkitPro/devkitARM/bin/../lib/gcc/arm-none-eabi/13.2.0/../../../../arm-none-eabi/lib/thumb\libg.a(libc_a-memset.o)
                0x02005450                memset
 .text.__malloc_lock
                0x02005500       0x14 C:/devkitPro/devkitARM/bin/../lib/gcc/arm-none-eabi/13.2.0/../../../../arm-none-eabi/lib/thumb\libg.a(libc_a-mlock.o)
                0x02005500                __malloc_lock
 .text.__malloc_unlock
                0x02005514       0x14 C:/devkitPro/devkitARM/bin/../lib/gcc/arm-none-eabi/13.2.0/../../../../arm-none-eabi/lib/thumb\libg.a(libc_a-mlock.o)
                0x02005514                __malloc_unlock
 .text.strlen   0x02005528       0x60 C:/devkitPro/devkitARM/bin/../lib/gcc/arm-none-eabi/13.2.0/../../../../arm-none-eabi/lib/thumb\libg.a(libc_a-strlen.o)
                0x02005528                strlen
 .text.__sflush_r
                0x02005588      0x188 C:/devkitPro/devkitARM/bin/../lib/gcc/arm-none-eabi/13.2.0/../../../../arm-none-eabi/lib/thumb\libg.a(libc_a-fflush.o)
                0x02005588                __sflush_r
 .text._fflush_r
                0x02005710       0x70 C:/devkitPro/devkitARM/bin/../lib/gcc/arm-none-eabi/13.2.0/../../../../arm-none-eabi/lib/thumb\libg.a(libc_a-fflush.o)
                0x02005710                _fflush_r
 .text._fwalk_sglue
                0x02005780       0x4c C:/devkitPro/devkitARM/bin/../lib/gcc/arm-none-eabi/13.2.0/../../../../arm-none-eabi/lib/thumb\libg.a(libc_a-fwalk.o)
                0x02005780                _fwalk_sglue
 .text.stdio_exit_handler
                0x020057cc       0x20 C:/devkitPro/devkitARM/bin/../lib/gcc/arm-none-eabi/13.2.0/../../../../arm-none-eabi/lib/thumb\libg.a(libc_a-findfp.o)
 .text.cleanup_stdio
                0x020057ec       0x40 C:/devkitPro/devkitARM/bin/../lib/gcc/arm-none-eabi/13.2.0/../../../../arm-none-eabi/lib/thumb\libg.a(libc_a-findfp.o)
 .text.global_stdio_init.part.0
                0x0200582c      0x128 C:/devkitPro/devkitARM/bin/../lib/gcc/arm-none-eabi/13.2.0/../../../../arm-none-eabi/lib/thumb\libg.a(libc_a-findfp.o)
 .text.__sinit  0x02005954       0x3c C:/devkitPro/devkitARM/bin/../lib/gcc/arm-none-eabi/13.2.0/../../../../arm-none-eabi/lib/thumb\libg.a(libc_a-findfp.o)
                0x02005954                __sinit
 .text.__sfp_lock_acquire
                0x02005990       0x14 C:/devkitPro/devkitARM/bin/../lib/gcc/arm-none-eabi/13.2.0/../../../../arm-none-eabi/lib/thumb\libg.a(libc_a-findfp.o)
                0x02005990                __sfp_lock_acquire
 .text.__sfp_lock_release
                0x020059a4       0x14 C:/devkitPro/devkitARM/bin/../lib/gcc/arm-none-eabi/13.2.0/../../../../arm-none-eabi/lib/thumb\libg.a(libc_a-findfp.o)
                0x020059a4                __sfp_lock_release
 .text._strtol_l.part.0
                0x020059b8      0x13c C:/devkitPro/devkitARM/bin/../lib/gcc/arm-none-eabi/13.2.0/../../../../arm-none-eabi/lib/thumb\libg.a(libc_a-strtol.o)
 .text._strtol_r
                0x02005af4       0x34 C:/devkitPro/devkitARM/bin/../lib/gcc/arm-none-eabi/13.2.0/../../../../arm-none-eabi/lib/thumb\libg.a(libc_a-strtol.o)
                0x02005af4                _strtol_r
 .text.realloc  0x02005b28       0x18 C:/devkitPro/devkitARM/bin/../lib/gcc/arm-none-eabi/13.2.0/../../../../arm-none-eabi/lib/thumb\libg.a(libc_a-realloc.o)
                0x02005b28                realloc
 .text._strtoul_l.isra.0
                0x02005b40      0x144 C:/devkitPro/devkitARM/bin/../lib/gcc/arm-none-eabi/13.2.0/../../../../arm-none-eabi/lib/thumb\libg.a(libc_a-strtoul.o)
 .text._strtoul_r
                0x02005c84       0x20 C:/devkitPro/devkitARM/bin/../lib/gcc/arm-none-eabi/13.2.0/../../../../arm-none-eabi/lib/thumb\libg.a(libc_a-strtoul.o)
                0x02005c84                _strtoul_r
 .text.__locale_mb_cur_max
                0x02005ca4       0x20 C:/devkitPro/devkitARM/bin/../lib/gcc/arm-none-eabi/13.2.0/../../../../arm-none-eabi/lib/thumb\libg.a(libc_a-locale.o)
                0x02005ca4                __locale_mb_cur_max
 .text.__utf8_wctomb
                0x02005cc4       0xb4 C:/devkitPro/devkitARM/bin/../lib/gcc/arm-none-eabi/13.2.0/../../../../arm-none-eabi/lib/thumb\libg.a(libc_a-wctomb_r.o)
                0x02005cc4                __utf8_wctomb
 .text.memcpy   0x02005d78       0x90 C:/devkitPro/devkitARM/bin/../lib/gcc/arm-none-eabi/13.2.0/../../../../arm-none-eabi/lib/thumb\libg.a(libc_a-memcpy-stub.o)
                0x02005d78                memcpy
 .text.__libc_init_array
                0x02005e08       0x54 C:/devkitPro/devkitARM/bin/../lib/gcc/arm-none-eabi/13.2.0/../../../../arm-none-eabi/lib/thumb\libg.a(libc_a-init.o)
                0x02005e08                __libc_init_array
 .text.__errno  0x02005e5c        0xc C:/devkitPro/devkitARM/bin/../lib/gcc/arm-none-eabi/13.2.0/../../../../arm-none-eabi/lib/thumb\libg.a(libc_a-errno.o)
                0x02005e5c                __errno
 .text._strtoll_l.isra.0
                0x02005e68      0x19c C:/devkitPro/devkitARM/bin/../lib/gcc/arm-none-eabi/13.2.0/../../../../arm-none-eabi/lib/thumb\libg.a(libc_a-strtoll.o)
 .text._strtoll_r
                0x02006004       0x20 C:/devkitPro/devkitARM/bin/../lib/gcc/arm-none-eabi/13.2.0/../../../../arm-none-eabi/lib/thumb\libg.a(libc_a-strtoll.o)
                0x02006004                _strtoll_r
 .text._strtoull_l.isra.0
                0x02006024      0x1c4 C:/devkitPro/devkitARM/bin/../lib/gcc/arm-none-eabi/13.2.0/../../../../arm-none-eabi/lib/thumb\libg.a(libc_a-strtoull.o)
 .text._strtoull_r
                0x020061e8       0x20 C:/devkitPro/devkitARM/bin/../lib/gcc/arm-none-eabi/13.2.0/../../../../arm-none-eabi/lib/thumb\libg.a(libc_a-strtoull.o)
                0x020061e8                _strtoull_r
 .text.iswspace
                0x02006208       0x10 C:/devkitPro/devkitARM/bin/../lib/gcc/arm-none-eabi/13.2.0/../../../../arm-none-eabi/lib/thumb\libg.a(libc_a-iswspace.o)
                0x02006208                iswspace
 .text._mbrtowc_r
                0x02006218       0x90 C:/devkitPro/devkitARM/bin/../lib/gcc/arm-none-eabi/13.2.0/../../../../arm-none-eabi/lib/thumb\libg.a(libc_a-mbrtowc.o)
                0x02006218                _mbrtowc_r
 .text.__smakebuf_r
                0x020062a8       0xe8 C:/devkitPro/devkitARM/bin/../lib/gcc/arm-none-eabi/13.2.0/../../../../arm-none-eabi/lib/thumb\libg.a(libc_a-makebuf.o)
                0x020062a8                __smakebuf_r
 .text.__swhatbuf_r
                0x02006390       0x5c C:/devkitPro/devkitARM/bin/../lib/gcc/arm-none-eabi/13.2.0/../../../../arm-none-eabi/lib/thumb\libg.a(libc_a-makebuf.o)
                0x02006390                __swhatbuf_r
 .text.iswspace_l
                0x020063ec       0x28 C:/devkitPro/devkitARM/bin/../lib/gcc/arm-none-eabi/13.2.0/../../../../arm-none-eabi/lib/thumb\libg.a(libc_a-iswspace_l.o)
                0x020063ec                iswspace_l
 .text.__sccl   0x02006414       0xa0 C:/devkitPro/devkitARM/bin/../lib/gcc/arm-none-eabi/13.2.0/../../../../arm-none-eabi/lib/thumb\libg.a(libc_a-sccl.o)
                0x02006414                __sccl
 .text.__submore
                0x020064b4       0x88 C:/devkitPro/devkitARM/bin/../lib/gcc/arm-none-eabi/13.2.0/../../../../arm-none-eabi/lib/thumb\libg.a(libc_a-ungetc.o)
                0x020064b4                __submore
 .text.__sread  0x0200653c       0x34 C:/devkitPro/devkitARM/bin/../lib/gcc/arm-none-eabi/13.2.0/../../../../arm-none-eabi/lib/thumb\libg.a(libc_a-stdio.o)
                0x0200653c                __sread
 .text.__seofread
                0x02006570        0x4 C:/devkitPro/devkitARM/bin/../lib/gcc/arm-none-eabi/13.2.0/../../../../arm-none-eabi/lib/thumb\libg.a(libc_a-stdio.o)
                0x02006570                __seofread
 .text.__swrite
                0x02006574       0x4c C:/devkitPro/devkitARM/bin/../lib/gcc/arm-none-eabi/13.2.0/../../../../arm-none-eabi/lib/thumb\libg.a(libc_a-stdio.o)
                0x02006574                __swrite
 .text.__sseek  0x020065c0       0x44 C:/devkitPro/devkitARM/bin/../lib/gcc/arm-none-eabi/13.2.0/../../../../arm-none-eabi/lib/thumb\libg.a(libc_a-stdio.o)
                0x020065c0                __sseek
 .text.__sclose
                0x02006604       0x10 C:/devkitPro/devkitARM/bin/../lib/gcc/arm-none-eabi/13.2.0/../../../../arm-none-eabi/lib/thumb\libg.a(libc_a-stdio.o)
                0x02006604                __sclose
 .text.category
                0x02006614       0x58 C:/devkitPro/devkitARM/bin/../lib/gcc/arm-none-eabi/13.2.0/../../../../arm-none-eabi/lib/thumb\libg.a(libc_a-categories.o)
                0x02006614                category
 .text.get_arg  0x0200666c      0x434 C:/devkitPro/devkitARM/bin/../lib/gcc/arm-none-eabi/13.2.0/../../../../arm-none-eabi/lib/thumb\libg.a(libc_a-vfiprintf.o)
 .text.__sprint_r
                0x02006aa0       0x24 C:/devkitPro/devkitARM/bin/../lib/gcc/arm-none-eabi/13.2.0/../../../../arm-none-eabi/lib/thumb\libg.a(libc_a-vfiprintf.o)
                0x02006aa0                __sprint_r
 .text._vfiprintf_r
                0x02006ac4     0x17cc C:/devkitPro/devkitARM/bin/../lib/gcc/arm-none-eabi/13.2.0/../../../../arm-none-eabi/lib/thumb\libg.a(libc_a-vfiprintf.o)
                0x02006ac4                _vfiprintf_r
 .text.__sbprintf
                0x02008290       0x7c C:/devkitPro/devkitARM/bin/../lib/gcc/arm-none-eabi/13.2.0/../../../../arm-none-eabi/lib/thumb\libg.a(libc_a-vfiprintf.o)
 .text.__swsetup_r
                0x0200830c       0xcc C:/devkitPro/devkitARM/bin/../lib/gcc/arm-none-eabi/13.2.0/../../../../arm-none-eabi/lib/thumb\libg.a(libc_a-wsetup.o)
                0x0200830c                __swsetup_r
 .text._fclose_r
                0x020083d8       0xd8 C:/devkitPro/devkitARM/bin/../lib/gcc/arm-none-eabi/13.2.0/../../../../arm-none-eabi/lib/thumb\libg.a(libc_a-fclose.o)
                0x020083d8                _fclose_r
 .text.memmove  0x020084b0       0xbc C:/devkitPro/devkitARM/bin/../lib/gcc/arm-none-eabi/13.2.0/../../../../arm-none-eabi/lib/thumb\libg.a(libc_a-memmove.o)
                0x020084b0                memmove
 .text.__sfvwrite_r
                0x0200856c      0x330 C:/devkitPro/devkitARM/bin/../lib/gcc/arm-none-eabi/13.2.0/../../../../arm-none-eabi/lib/thumb\libg.a(libc_a-fvwrite.o)
                0x0200856c                __sfvwrite_r
 .text._realloc_r
                0x0200889c      0x384 C:/devkitPro/devkitARM/bin/../lib/gcc/arm-none-eabi/13.2.0/../../../../arm-none-eabi/lib/thumb\libg.a(libc_a-reallocr.o)
                0x0200889c                _realloc_r
 .text.strncpy  0x02008c20       0x68 C:/devkitPro/devkitARM/bin/../lib/gcc/arm-none-eabi/13.2.0/../../../../arm-none-eabi/lib/thumb\libg.a(libc_a-strncpy.o)
                0x02008c20                strncpy
 .text.__utf8_mbtowc
                0x02008c88      0x27c C:/devkitPro/devkitARM/bin/../lib/gcc/arm-none-eabi/13.2.0/../../../../arm-none-eabi/lib/thumb\libg.a(libc_a-mbtowc_r.o)
                0x02008c88                __utf8_mbtowc
 .text._localeconv_r
                0x02008f04       0x1c C:/devkitPro/devkitARM/bin/../lib/gcc/arm-none-eabi/13.2.0/../../../../arm-none-eabi/lib/thumb\libg.a(libc_a-localeconv.o)
                0x02008f04                _localeconv_r
 .text.memchr   0x02008f20       0x78 C:/devkitPro/devkitARM/bin/../lib/gcc/arm-none-eabi/13.2.0/../../../../arm-none-eabi/lib/thumb\libg.a(libc_a-memchr-stub.o)
                0x02008f20                memchr
 .text._wcrtomb_r
                0x02008f98       0x84 C:/devkitPro/devkitARM/bin/../lib/gcc/arm-none-eabi/13.2.0/../../../../arm-none-eabi/lib/thumb\libg.a(libc_a-wcrtomb.o)
                0x02008f98                _wcrtomb_r
 .text._wcsrtombs_r
                0x0200901c       0x1c C:/devkitPro/devkitARM/bin/../lib/gcc/arm-none-eabi/13.2.0/../../../../arm-none-eabi/lib/thumb\libg.a(libc_a-wcsrtombs.o)
                0x0200901c                _wcsrtombs_r
 .text._wcsnrtombs_l
                0x02009038      0x11c C:/devkitPro/devkitARM/bin/../lib/gcc/arm-none-eabi/13.2.0/../../../../arm-none-eabi/lib/thumb\libg.a(libc_a-wcsnrtombs.o)
                0x02009038                _wcsnrtombs_l
 .text._wcsnrtombs_r
                0x02009154       0x40 C:/devkitPro/devkitARM/bin/../lib/gcc/arm-none-eabi/13.2.0/../../../../arm-none-eabi/lib/thumb\libg.a(libc_a-wcsnrtombs.o)
                0x02009154                _wcsnrtombs_r
 .text.build_argv
                0x02009194       0x54 C:/devkitPro/devkitARM/bin/../lib/gcc/arm-none-eabi/13.2.0/../../../../arm-none-eabi/lib/thumb\libsysbase.a(libsysbase_libsysbase_a-build_argv.o)
                0x02009194                build_argv
 .text._fstat_r
                0x020091e8       0x4c C:/devkitPro/devkitARM/bin/../lib/gcc/arm-none-eabi/13.2.0/../../../../arm-none-eabi/lib/thumb\libsysbase.a(libsysbase_libsysbase_a-fstat.o)
                0x020091e8                _fstat_r
 .text.__getreent
                0x02009234       0x20 C:/devkitPro/devkitARM/bin/../lib/gcc/arm-none-eabi/13.2.0/../../../../arm-none-eabi/lib/thumb\libsysbase.a(libsysbase_libsysbase_a-getreent.o)
                0x02009234                __getreent
 .text.__get_handle
                0x02009254       0x34 C:/devkitPro/devkitARM/bin/../lib/gcc/arm-none-eabi/13.2.0/../../../../arm-none-eabi/lib/thumb\libsysbase.a(libsysbase_libsysbase_a-handle_manager.o)
                0x02009254                __get_handle
 .text._close_r
                0x02009288       0xb8 C:/devkitPro/devkitARM/bin/../lib/gcc/arm-none-eabi/13.2.0/../../../../arm-none-eabi/lib/thumb\libsysbase.a(libsysbase_libsysbase_a-handle_manager.o)
                0x02009288                _close_r
 .text.null_write
                0x02009340        0x4 C:/devkitPro/devkitARM/bin/../lib/gcc/arm-none-eabi/13.2.0/../../../../arm-none-eabi/lib/thumb\libsysbase.a(libsysbase_libsysbase_a-iosupport.o)
 .text._isatty_r
                0x02009344        0x4 C:/devkitPro/devkitARM/bin/../lib/gcc/arm-none-eabi/13.2.0/../../../../arm-none-eabi/lib/thumb\libsysbase.a(libsysbase_libsysbase_a-isatty.o)
                0x02009344                _isatty_r
 .text._lseek_r
                0x02009348       0x5c C:/devkitPro/devkitARM/bin/../lib/gcc/arm-none-eabi/13.2.0/../../../../arm-none-eabi/lib/thumb\libsysbase.a(libsysbase_libsysbase_a-lseek.o)
                0x02009348                _lseek_r
 .text._read_r  0x020093a4       0x50 C:/devkitPro/devkitARM/bin/../lib/gcc/arm-none-eabi/13.2.0/../../../../arm-none-eabi/lib/thumb\libsysbase.a(libsysbase_libsysbase_a-read.o)
                0x020093a4                _read_r
 .text._sbrk_r  0x020093f4       0x54 C:/devkitPro/devkitARM/bin/../lib/gcc/arm-none-eabi/13.2.0/../../../../arm-none-eabi/lib/thumb\libsysbase.a(libsysbase_libsysbase_a-sbrk.o)
                0x020093f4                _sbrk_r
 .text.__libc_lock_acquire
                0x02009448       0x18 C:/devkitPro/devkitARM/bin/../lib/gcc/arm-none-eabi/13.2.0/../../../../arm-none-eabi/lib/thumb\libsysbase.a(libsysbase_libsysbase_a-syscall_support.o)
                0x02009448                __libc_lock_acquire
 .text.__libc_lock_release
                0x02009460       0x18 C:/devkitPro/devkitARM/bin/../lib/gcc/arm-none-eabi/13.2.0/../../../../arm-none-eabi/lib/thumb\libsysbase.a(libsysbase_libsysbase_a-syscall_support.o)
                0x02009460                __libc_lock_release
 .text.__libc_lock_acquire_recursive
                0x02009478       0x18 C:/devkitPro/devkitARM/bin/../lib/gcc/arm-none-eabi/13.2.0/../../../../arm-none-eabi/lib/thumb\libsysbase.a(libsysbase_libsysbase_a-syscall_support.o)
                0x02009478                __libc_lock_acquire_recursive
 .text.__libc_lock_release_recursive
                0x02009490       0x18 C:/devkitPro/devkitARM/bin/../lib/gcc/arm-none-eabi/13.2.0/../../../../arm-none-eabi/lib/thumb\libsysbase.a(libsysbase_libsysbase_a-syscall_support.o)
                0x02009490                __libc_lock_release_recursive
 .text._write_r
                0x020094a8       0x50 C:/devkitPro/devkitARM/bin/../lib/gcc/arm-none-eabi/13.2.0/../../../../arm-none-eabi/lib/thumb\libsysbase.a(libsysbase_libsysbase_a-write.o)
                0x020094a8                _write_r
 .text.__muldi3
                0x020094f8       0x64 C:/devkitPro/devkitARM/bin/../lib/gcc/arm-none-eabi/13.2.0/thumb\libgcc.a(_muldi3.o)
                0x020094f8                __muldi3
                0x020094f8                __aeabi_lmul
 .text.__udivmoddi4
                0x0200955c      0x19c C:/devkitPro/devkitARM/bin/../lib/gcc/arm-none-eabi/13.2.0/thumb\libgcc.a(_udivmoddi4.o)
                0x0200955c                __udivmoddi4
 .text.__udivmoddi4.__stub
                0x020096f8       0x88 linker stubs
 *(EXCLUDE_FILE(*.twl*) .gnu.warning)
 *(EXCLUDE_FILE(*.twl*) .gnu.linkonce.t*)
 *(.glue_7)
 .glue_7        0x02009790        0x0 linker stubs
 *(.glue_7t)
 .glue_7t       0x02009790        0x0 linker stubs
                0x02009790                        . = ALIGN (0x4)

.vfp11_veneer   0x02009790        0x0
 .vfp11_veneer  0x02009790        0x0 linker stubs

.v4_bx          0x02009790        0x0
 .v4_bx         0x02009790        0x0 linker stubs

.iplt           0x02009790        0x0
 .iplt          0x02009790        0x0 C:/devkitPro/devkitARM/bin/../lib/gcc/arm-none-eabi/13.2.0/../../../../arm-none-eabi/lib/thumb/ds_arm9_crt0.o

.fini           0x02009790        0xc
 *(.fini)
 .fini          0x02009790        0x4 C:/devkitPro/devkitARM/bin/../lib/gcc/arm-none-eabi/13.2.0/thumb/crti.o
                0x02009790                _fini
 .fini          0x02009794        0x8 C:/devkitPro/devkitARM/bin/../lib/gcc/arm-none-eabi/13.2.0/thumb/crtn.o
                0x0200979c                        __text_end = .

.rodata         0x0200979c     0x5bfc
 *(EXCLUDE_FILE(*.twl*) .rodata)
 *all.rodata*(*)
 *(EXCLUDE_FILE(*.twl*) .roda)
 *(EXCLUDE_FILE(*.twl*) .rodata.*)
 .rodata.str1.4
                0x0200979c       0xc0 game.o
                                 0x24 (size before relaxing)
 .rodata.con_write.str1.4
                0x0200985c       0x30 C:/devkitPro/libnds/lib\libnds9.a(console.o)
 .rodata.con_write
                0x0200985c       0xd4 C:/devkitPro/libnds/lib\libnds9.a(console.o)
 .rodata.consoleClear.str1.4
                0x02009930        0x5 C:/devkitPro/libnds/lib\libnds9.a(console.o)
 .rodata.str1.4
                0x02009930       0x14 C:/devkitPro/libnds/lib\libnds9.a(console.o)
 .rodata.dotab_stdout
                0x02009930       0x70 C:/devkitPro/libnds/lib\libnds9.a(console.o)
 .rodata.default_font_bin
                0x020099a0     0x2000 C:/devkitPro/libnds/lib\libnds9.a(default_font.bin.o)
                0x020099a0                default_font_bin
                0x0200b9a0                default_font_bin_end
 .rodata.SIN_LUT
                0x0200b9a0      0x102 C:/devkitPro/libnds/lib\libnds9.a(trig.o)
                0x0200b9a0                SIN_LUT
 *fill*         0x0200baa2        0x2 ff
 .rodata.basefix.0
                0x0200baa4       0x22 C:/devkitPro/devkitARM/bin/../lib/gcc/arm-none-eabi/13.2.0/../../../../arm-none-eabi/lib/thumb\libg.a(libc_a-svfiscanf.o)
 .rodata.str1.4
                0x0200bac6       0x4c C:/devkitPro/devkitARM/bin/../lib/gcc/arm-none-eabi/13.2.0/../../../../arm-none-eabi/lib/thumb\libg.a(libc_a-locale.o)
 .rodata._mbrtowc_r.str1.4
                0x0200bac6        0x1 C:/devkitPro/devkitARM/bin/../lib/gcc/arm-none-eabi/13.2.0/../../../../arm-none-eabi/lib/thumb\libg.a(libc_a-mbrtowc.o)
 *fill*         0x0200bac6        0x2 ff
 .rodata._ctype_
                0x0200bac8      0x101 C:/devkitPro/devkitARM/bin/../lib/gcc/arm-none-eabi/13.2.0/../../../../arm-none-eabi/lib/thumb\libg.a(libc_a-ctype_.o)
                0x0200bac8                _ctype_
 *fill*         0x0200bbc9        0x3 ff
 .rodata.categories
                0x0200bbcc     0x3528 C:/devkitPro/devkitARM/bin/../lib/gcc/arm-none-eabi/13.2.0/../../../../arm-none-eabi/lib/thumb\libg.a(libc_a-categories.o)
 .rodata._vfiprintf_r.str1.1
                0x0200f0f4       0x29 C:/devkitPro/devkitARM/bin/../lib/gcc/arm-none-eabi/13.2.0/../../../../arm-none-eabi/lib/thumb\libg.a(libc_a-vfiprintf.o)
 *fill*         0x0200f11d        0x3 ff
 .rodata.zeroes.0
                0x0200f120       0x10 C:/devkitPro/devkitARM/bin/../lib/gcc/arm-none-eabi/13.2.0/../../../../arm-none-eabi/lib/thumb\libg.a(libc_a-vfiprintf.o)
 .rodata.blanks.1
                0x0200f130       0x10 C:/devkitPro/devkitARM/bin/../lib/gcc/arm-none-eabi/13.2.0/../../../../arm-none-eabi/lib/thumb\libg.a(libc_a-vfiprintf.o)
 .rodata.__action_table
                0x0200f140       0x6c C:/devkitPro/devkitARM/bin/../lib/gcc/arm-none-eabi/13.2.0/../../../../arm-none-eabi/lib/thumb\libg.a(libc_a-svfiprintf.o)
                0x0200f140                __action_table
 .rodata.__state_table
                0x0200f1ac       0x6c C:/devkitPro/devkitARM/bin/../lib/gcc/arm-none-eabi/13.2.0/../../../../arm-none-eabi/lib/thumb\libg.a(libc_a-svfiprintf.o)
                0x0200f1ac                __state_table
 .rodata.__chclass
                0x0200f218      0x100 C:/devkitPro/devkitARM/bin/../lib/gcc/arm-none-eabi/13.2.0/../../../../arm-none-eabi/lib/thumb\libg.a(libc_a-svfiprintf.o)
                0x0200f218                __chclass
 .rodata.AddDevice.str1.4
                0x0200f318        0x8 C:/devkitPro/devkitARM/bin/../lib/gcc/arm-none-eabi/13.2.0/../../../../arm-none-eabi/lib/thumb\libsysbase.a(libsysbase_libsysbase_a-iosupport.o)
 .rodata.dotab_stdnull
                0x0200f318       0x80 C:/devkitPro/devkitARM/bin/../lib/gcc/arm-none-eabi/13.2.0/../../../../arm-none-eabi/lib/thumb\libsysbase.a(libsysbase_libsysbase_a-iosupport.o)
                0x0200f318                dotab_stdnull
 *(EXCLUDE_FILE(*.twl*) .gnu.linkonce.r*)
                0x0200f398                        . = ALIGN (0x4)

.ARM.extab
 *(.ARM.extab* .gnu.linkonce.armextab.*)
                0x0200f398                        __exidx_start = .

ARM.exidx
 *(.ARM.exidx* .gnu.linkonce.armexidx.*)
                0x0200f398                        __exidx_end = .
                0x0200f398                        . = ALIGN (0x4)
                0x0200f398                        PROVIDE (__preinit_array_start = .)

.preinit_array
 *(.preinit_array)
                0x0200f398                        PROVIDE (__preinit_array_end = .)
                0x0200f398                        PROVIDE (__init_array_start = .)

.init_array     0x0200f398        0x8
 *(SORT_BY_NAME(.init_array.*))
 *(.init_array)
 .init_array    0x0200f398        0x4 C:/devkitPro/devkitARM/bin/../lib/gcc/arm-none-eabi/13.2.0/thumb/crtbegin.o
 .init_array    0x0200f39c        0x4 main.o
                0x0200f3a0                        PROVIDE (__init_array_end = .)
                [!provide]                        PROVIDE (__fini_array_start = .)

.fini_array     0x0200f3a0        0x4
 *(.fini_array)
 .fini_array    0x0200f3a0        0x4 C:/devkitPro/devkitARM/bin/../lib/gcc/arm-none-eabi/13.2.0/thumb/crtbegin.o
 *(SORT_BY_NAME(.fini_array.*))
                [!provide]                        PROVIDE (__fini_array_end = .)

.ctors          0x0200f3a4        0x0
 *crtbegin.o(.ctors)
 *(EXCLUDE_FILE(*crtend.o) .ctors)
 *(SORT_BY_NAME(.ctors.*))
 *(.ctors)
                0x0200f3a4                        . = ALIGN (0x4)

.dtors          0x0200f3a4        0x0
 *crtbegin.o(.dtors)
 *(EXCLUDE_FILE(*crtend.o) .dtors)
 *(SORT_BY_NAME(.dtors.*))
 *(.dtors)
                0x0200f3a4                        . = ALIGN (0x4)

.eh_frame       0x0200f3a4        0x4
 *(.eh_frame)
 .eh_frame      0x0200f3a4        0x0 C:/devkitPro/devkitARM/bin/../lib/gcc/arm-none-eabi/13.2.0/thumb/crtbegin.o
 .eh_frame      0x0200f3a4        0x4 C:/devkitPro/devkitARM/bin/../lib/gcc/arm-none-eabi/13.2.0/thumb/crtend.o
                0x0200f3a8                        . = ALIGN (0x4)

.rel.dyn        0x0200f3a8        0x0
 .rel.iplt      0x0200f3a8        0x0 C:/devkitPro/devkitARM/bin/../lib/gcc/arm-none-eabi/13.2.0/../../../../arm-none-eabi/lib/thumb/ds_arm9_crt0.o

.gcc_except_table
                0x0200f3a8        0x0
 *(.gcc_except_table)
                0x0200f3a8                        . = ALIGN (0x4)

.jcr
 *(.jcr)

.got
 *(.got.plt)
 *(.got)
 *(.rel.got)

.ewram          0x0200f3a8        0x0
                0x0200f3a8                        __ewram_start = ABSOLUTE (.)
 *(.ewram)
 *ewram.*(.text)
                0x0200f3a8                        . = ALIGN (0x4)

.data           0x0200f3a8     0x1860
                0x0200f3a8                        __data_start = ABSOLUTE (.)
 *(EXCLUDE_FILE(*.twl*) .data)
 .data          0x0200f3a8       0x28 C:/devkitPro/libnds/lib\libnds9.a(mpu_setup.o)
 *(EXCLUDE_FILE(*.twl*) .data.*)
 .data.currentConsole
                0x0200f3d0        0x4 C:/devkitPro/libnds/lib\libnds9.a(console.o)
                0x0200f3d0                currentConsole
 .data.defaultConsole
                0x0200f3d4       0x5c C:/devkitPro/libnds/lib\libnds9.a(console.o)
                0x0200f3d4                defaultConsole
 .data.firstConsoleInit.0
                0x0200f430        0x1 C:/devkitPro/libnds/lib\libnds9.a(console.o)
 .data.count    0x0200f431        0x1 C:/devkitPro/libnds/lib\libnds9.a(keys.o)
 .data.delay    0x0200f432        0x1 C:/devkitPro/libnds/lib\libnds9.a(keys.o)
 .data.repeat   0x0200f433        0x1 C:/devkitPro/libnds/lib\libnds9.a(keys.o)
 .data.fifo_buffer_free
                0x0200f434        0x4 C:/devkitPro/libnds/lib\libnds9.a(fifosystem.o)
                0x0200f434                fifo_buffer_free
 .data.fifo_freewords
                0x0200f438        0x4 C:/devkitPro/libnds/lib\libnds9.a(fifosystem.o)
                0x0200f438                fifo_freewords
 .data.fifo_receive_queue
                0x0200f43c        0x4 C:/devkitPro/libnds/lib\libnds9.a(fifosystem.o)
                0x0200f43c                fifo_receive_queue
 .data.fifo_send_queue
                0x0200f440        0x4 C:/devkitPro/libnds/lib\libnds9.a(fifosystem.o)
                0x0200f440                fifo_send_queue
 .data.bgControl
                0x0200f444       0x20 C:/devkitPro/libnds/lib\libnds9.a(background.o)
                0x0200f444                bgControl
 .data.bgScrollTable
                0x0200f464       0x20 C:/devkitPro/libnds/lib\libnds9.a(background.o)
                0x0200f464                bgScrollTable
 .data.bgTransform
                0x0200f484       0x20 C:/devkitPro/libnds/lib\libnds9.a(background.o)
                0x0200f484                bgTransform
 .data.__malloc_sbrk_base
                0x0200f4a4        0x4 C:/devkitPro/devkitARM/bin/../lib/gcc/arm-none-eabi/13.2.0/../../../../arm-none-eabi/lib/thumb\libg.a(libc_a-mallocr.o)
                0x0200f4a4                __malloc_sbrk_base
 .data.__malloc_trim_threshold
                0x0200f4a8        0x4 C:/devkitPro/devkitARM/bin/../lib/gcc/arm-none-eabi/13.2.0/../../../../arm-none-eabi/lib/thumb\libg.a(libc_a-mallocr.o)
                0x0200f4a8                __malloc_trim_threshold
 *fill*         0x0200f4ac        0x4 ff
 .data.__malloc_av_
                0x0200f4b0      0x408 C:/devkitPro/devkitARM/bin/../lib/gcc/arm-none-eabi/13.2.0/../../../../arm-none-eabi/lib/thumb\libg.a(libc_a-mallocr.o)
                0x0200f4b0                __malloc_av_
 .data.__sglue  0x0200f8b8        0xc C:/devkitPro/devkitARM/bin/../lib/gcc/arm-none-eabi/13.2.0/../../../../arm-none-eabi/lib/thumb\libg.a(libc_a-findfp.o)
                0x0200f8b8                __sglue
 .data.__global_locale
                0x0200f8c4      0x16c C:/devkitPro/devkitARM/bin/../lib/gcc/arm-none-eabi/13.2.0/../../../../arm-none-eabi/lib/thumb\libg.a(libc_a-locale.o)
                0x0200f8c4                __global_locale
 .data._impure_ptr
                0x0200fa30        0x4 C:/devkitPro/devkitARM/bin/../lib/gcc/arm-none-eabi/13.2.0/../../../../arm-none-eabi/lib/thumb\libg.a(libc_a-impure.o)
                0x0200fa30                _impure_ptr
 *fill*         0x0200fa34        0x4 ff
 .data._impure_data
                0x0200fa38      0x120 C:/devkitPro/devkitARM/bin/../lib/gcc/arm-none-eabi/13.2.0/../../../../arm-none-eabi/lib/thumb\libg.a(libc_a-impure.o)
                0x0200fa38                _impure_data
 .data.handles  0x0200fb58     0x1000 C:/devkitPro/devkitARM/bin/../lib/gcc/arm-none-eabi/13.2.0/../../../../arm-none-eabi/lib/thumb\libsysbase.a(libsysbase_libsysbase_a-handle_manager.o)
 .data.__stderr_handle
                0x02010b58        0xc C:/devkitPro/devkitARM/bin/../lib/gcc/arm-none-eabi/13.2.0/../../../../arm-none-eabi/lib/thumb\libsysbase.a(libsysbase_libsysbase_a-handle_manager.o)
 .data.__stdout_handle
                0x02010b64        0xc C:/devkitPro/devkitARM/bin/../lib/gcc/arm-none-eabi/13.2.0/../../../../arm-none-eabi/lib/thumb\libsysbase.a(libsysbase_libsysbase_a-handle_manager.o)
 .data.__stdin_handle
                0x02010b70        0xc C:/devkitPro/devkitARM/bin/../lib/gcc/arm-none-eabi/13.2.0/../../../../arm-none-eabi/lib/thumb\libsysbase.a(libsysbase_libsysbase_a-handle_manager.o)
 .data.devoptab_list
                0x02010b7c       0x8c C:/devkitPro/devkitARM/bin/../lib/gcc/arm-none-eabi/13.2.0/../../../../arm-none-eabi/lib/thumb\libsysbase.a(libsysbase_libsysbase_a-iosupport.o)
                0x02010b7c                devoptab_list
 *(EXCLUDE_FILE(*.twl*) .gnu.linkonce.d*)
                0x02010c08                        . = ALIGN (0x4)
                0x02010c08                        __data_end = ABSOLUTE (.)
                0x02010c08                        __bss_vma = .

.igot.plt       0x02010c08        0x0
 .igot.plt      0x02010c08        0x0 C:/devkitPro/devkitARM/bin/../lib/gcc/arm-none-eabi/13.2.0/../../../../arm-none-eabi/lib/thumb/ds_arm9_crt0.o

.dtcm           0x02ff0000        0x0 load address 0x02010c08
                0x02010c08                        __dtcm_lma = LOADADDR (.dtcm)
                0x02ff0000                        __dtcm_start = ABSOLUTE (.)
 *(.dtcm)
 *(.dtcm.*)
                0x02ff0000                        . = ALIGN (0x4)
                0x02ff0000                        __dtcm_end = ABSOLUTE (.)

.itcm           0x01000100      0x194 load address 0x02010c08
                0x02010c08                        __itcm_lma = LOADADDR (.itcm)
                0x01000100                        __itcm_start = ABSOLUTE (.)
 *(.itcm)
 .itcm          0x01000100       0xc8 C:/devkitPro/libnds/lib\libnds9.a(interrupts.o)
                0x01000100                irqTable
 .itcm          0x010001c8       0xcc C:/devkitPro/libnds/lib\libnds9.a(interruptDispatcher.o)
                0x010001c8                IntrMain
 *.itcm*(.text .stub .text.*)
                0x01000294                        . = ALIGN (0x4)
                0x01000294                        __itcm_end = ABSOLUTE (.)

.vectors        0x01000000        0x0 load address 0x02010d9c
                0x02010d9c                        __vectors_lma = LOADADDR (.vectors)
                0x01000000                        __vectors_start = ABSOLUTE (.)
 *(.vectors .vectors.*)
                0x01000000                        . = ALIGN (0x4)
                0x01000000                        __vectors_end = ABSOLUTE (.)

.sbss           0x02ff0000        0x0
                0x02ff0000                        __sbss_start = ABSOLUTE (.)
                0x02ff0000                        __sbss_start__ = ABSOLUTE (.)
 *(.sbss)
                0x02ff0000                        . = ALIGN (0x4)
                0x02ff0000                        __sbss_end = ABSOLUTE (.)

.bss            0x02010c08      0xe0c
                0x02010c08                        __bss_start = ABSOLUTE (.)
                0x02010c08                        __bss_start__ = ABSOLUTE (.)
 *(EXCLUDE_FILE(*.twl*) .dynbss)
 *(EXCLUDE_FILE(*.twl*) .gnu.linkonce.b*)
 *(EXCLUDE_FILE(*.twl*) .bss*)
 .bss.completed.1
                0x02010c08        0x1 C:/devkitPro/devkitARM/bin/../lib/gcc/arm-none-eabi/13.2.0/thumb/crtbegin.o
 *fill*         0x02010c09        0x3 
 .bss.object.0  0x02010c0c       0x18 C:/devkitPro/devkitARM/bin/../lib/gcc/arm-none-eabi/13.2.0/thumb/crtbegin.o
 .bss           0x02010c24       0x2c main.o
                0x02010c24                game
 .bss.currentCopy
                0x02010c50       0x5c C:/devkitPro/libnds/lib\libnds9.a(console.o)
                0x02010c50                currentCopy
 .bss.keys      0x02010cac        0x2 C:/devkitPro/libnds/lib\libnds9.a(keys.o)
 .bss.keysold   0x02010cae        0x2 C:/devkitPro/libnds/lib\libnds9.a(keys.o)
 .bss.keysrepeat
                0x02010cb0        0x2 C:/devkitPro/libnds/lib\libnds9.a(keys.o)
 .bss.__dsimode
                0x02010cb2        0x1 C:/devkitPro/libnds/lib\libnds9.a(initSystem.o)
                0x02010cb2                __dsimode
 *fill*         0x02010cb3        0x1 
 .bss.punixTime
                0x02010cb4        0x4 C:/devkitPro/libnds/lib\libnds9.a(initSystem.o)
                0x02010cb4                punixTime
 .bss.fifo_address_data
                0x02010cb8       0x40 C:/devkitPro/libnds/lib\libnds9.a(fifosystem.o)
                0x02010cb8                fifo_address_data
 .bss.fifo_address_func
                0x02010cf8       0x40 C:/devkitPro/libnds/lib\libnds9.a(fifosystem.o)
                0x02010cf8                fifo_address_func
 .bss.fifo_address_queue
                0x02010d38       0x40 C:/devkitPro/libnds/lib\libnds9.a(fifosystem.o)
                0x02010d38                fifo_address_queue
 .bss.fifo_buffer
                0x02010d78      0x800 C:/devkitPro/libnds/lib\libnds9.a(fifosystem.o)
                0x02010d78                fifo_buffer
 .bss.fifo_data_queue
                0x02011578       0x40 C:/devkitPro/libnds/lib\libnds9.a(fifosystem.o)
                0x02011578                fifo_data_queue
 .bss.fifo_datamsg_data
                0x020115b8       0x40 C:/devkitPro/libnds/lib\libnds9.a(fifosystem.o)
                0x020115b8                fifo_datamsg_data
 .bss.fifo_datamsg_func
                0x020115f8       0x40 C:/devkitPro/libnds/lib\libnds9.a(fifosystem.o)
                0x020115f8                fifo_datamsg_func
 .bss.fifo_value32_data
                0x02011638       0x40 C:/devkitPro/libnds/lib\libnds9.a(fifosystem.o)
                0x02011638                fifo_value32_data
 .bss.fifo_value32_func
                0x02011678       0x40 C:/devkitPro/libnds/lib\libnds9.a(fifosystem.o)
                0x02011678                fifo_value32_func
 .bss.fifo_value32_queue
                0x020116b8       0x40 C:/devkitPro/libnds/lib\libnds9.a(fifosystem.o)
                0x020116b8                fifo_value32_queue
 .bss.processing
                0x020116f8        0x4 C:/devkitPro/libnds/lib\libnds9.a(fifosystem.o)
                0x020116f8                processing
 .bss.bgIsTextLut
                0x020116fc        0x8 C:/devkitPro/libnds/lib\libnds9.a(background.o)
                0x020116fc                bgIsTextLut
 .bss.bgState   0x02011704      0x140 C:/devkitPro/libnds/lib\libnds9.a(background.o)
                0x02011704                bgState
 .bss.SDcallback
                0x02011844        0x4 C:/devkitPro/libnds/lib\libnds9.a(system.o)
 .bss.__malloc_current_mallinfo
                0x02011848       0x28 C:/devkitPro/devkitARM/bin/../lib/gcc/arm-none-eabi/13.2.0/../../../../arm-none-eabi/lib/thumb\libg.a(libc_a-mallocr.o)
                0x02011848                __malloc_current_mallinfo
 .bss.__malloc_max_total_mem
                0x02011870        0x4 C:/devkitPro/devkitARM/bin/../lib/gcc/arm-none-eabi/13.2.0/../../../../arm-none-eabi/lib/thumb\libg.a(libc_a-mallocr.o)
                0x02011870                __malloc_max_total_mem
 .bss.__malloc_max_sbrked_mem
                0x02011874        0x4 C:/devkitPro/devkitARM/bin/../lib/gcc/arm-none-eabi/13.2.0/../../../../arm-none-eabi/lib/thumb\libg.a(libc_a-mallocr.o)
                0x02011874                __malloc_max_sbrked_mem
 .bss.__malloc_top_pad
                0x02011878        0x4 C:/devkitPro/devkitARM/bin/../lib/gcc/arm-none-eabi/13.2.0/../../../../arm-none-eabi/lib/thumb\libg.a(libc_a-mallocr.o)
                0x02011878                __malloc_top_pad
 .bss.__malloc_recursive_mutex
                0x0201187c        0xc C:/devkitPro/devkitARM/bin/../lib/gcc/arm-none-eabi/13.2.0/../../../../arm-none-eabi/lib/thumb\libg.a(libc_a-mlock.o)
 .bss.__sfp_recursive_mutex
                0x02011888        0xc C:/devkitPro/devkitARM/bin/../lib/gcc/arm-none-eabi/13.2.0/../../../../arm-none-eabi/lib/thumb\libg.a(libc_a-findfp.o)
 *fill*         0x02011894        0x4 
 .bss.__sf      0x02011898      0x168 C:/devkitPro/devkitARM/bin/../lib/gcc/arm-none-eabi/13.2.0/../../../../arm-none-eabi/lib/thumb\libg.a(libc_a-findfp.o)
                0x02011898                __sf
 .bss.__stdio_exit_handler
                0x02011a00        0x4 C:/devkitPro/devkitARM/bin/../lib/gcc/arm-none-eabi/13.2.0/../../../../arm-none-eabi/lib/thumb\libg.a(libc_a-findfp.o)
                0x02011a00                __stdio_exit_handler
 .bss.__hndl_lock
                0x02011a04        0x4 C:/devkitPro/devkitARM/bin/../lib/gcc/arm-none-eabi/13.2.0/../../../../arm-none-eabi/lib/thumb\libsysbase.a(libsysbase_libsysbase_a-handle_manager.o)
 .bss.fake_heap_start
                0x02011a08        0x4 C:/devkitPro/devkitARM/bin/../lib/gcc/arm-none-eabi/13.2.0/../../../../arm-none-eabi/lib/thumb\libsysbase.a(libsysbase_libsysbase_a-malloc_vars.o)
                0x02011a08                fake_heap_start
 .bss.fake_heap_end
                0x02011a0c        0x4 C:/devkitPro/devkitARM/bin/../lib/gcc/arm-none-eabi/13.2.0/../../../../arm-none-eabi/lib/thumb\libsysbase.a(libsysbase_libsysbase_a-malloc_vars.o)
                0x02011a0c                fake_heap_end
 .bss.heap_start.0
                0x02011a10        0x4 C:/devkitPro/devkitARM/bin/../lib/gcc/arm-none-eabi/13.2.0/../../../../arm-none-eabi/lib/thumb\libsysbase.a(libsysbase_libsysbase_a-sbrk.o)
 *(EXCLUDE_FILE(*.twl*) COMMON)
                0x02011a14                        . = ALIGN (0x4)
                0x02011a14                        __bss_end__ = ABSOLUTE (.)
                0x02011a14                        __end__ = ABSOLUTE (.)

.twl            0x02011a14        0x0 load address 0x02400000
                0x02400000                        __arm9i_lma__ = LOADADDR (.twl)
                0x02011a14                        __arm9i_start__ = ABSOLUTE (.)
 *(.twl)
 *.twl*(.text .stub .text.* .gnu.linkonce.t.*)
 *.twl*(.rodata)
 *.twl*(.roda)
 *.twl*(.rodata.*)
 *.twl*(.data)
 *.twl*(.data.*)
 *.twl*(.gnu.linkonce.d*)
                0x02011a14                        __arm9i_end__ = ABSOLUTE (.)

.twl_bss        0x02011a14        0x0
                0x02011a14                        __twl_bss_start__ = ABSOLUTE (.)
 *(.twl_bss)
 *.twl*(.dynbss)
 *.twl*(.gnu.linkonce.b*)
 *.twl*(.bss*)
 *.twl*(COMMON)
                0x02011a14                        . = ALIGN (0x4)
                0x02011a14                        __twl_bss_end__ = ABSOLUTE (.)
                0x02011a14                        __twl_end__ = ABSOLUTE (.)

.stab
 *(.stab)

.stabstr
 *(.stabstr)

.stab.excl
 *(.stab.excl)

.stab.exclstr
 *(.stab.exclstr)

.stab.index
 *(.stab.index)

.stab.indexstr
 *(.stab.indexstr)

.comment        0x00000000       0x46
 *(.comment)
 .comment       0x00000000       0x46 C:/devkitPro/devkitARM/bin/../lib/gcc/arm-none-eabi/13.2.0/thumb/crtbegin.o
                                 0x24 (size before relaxing)
 .comment       0x00000046       0x24 game.o
 .comment       0x00000046       0x24 main.o
 .comment       0x00000046       0x24 C:/devkitPro/libnds/lib\libnds9.a(console.o)
 .comment       0x00000046       0x24 C:/devkitPro/libnds/lib\libnds9.a(keys.o)
 .comment       0x00000046       0x24 C:/devkitPro/libnds/lib\libnds9.a(initSystem.o)
 .comment       0x00000046       0x24 C:/devkitPro/libnds/lib\libnds9.a(securearea.o)
 .comment       0x00000046       0x24 C:/devkitPro/libnds/lib\libnds9.a(interrupts.o)
 .comment       0x00000046       0x24 C:/devkitPro/libnds/lib\libnds9.a(libnds_exit.arm.o)
 .comment       0x00000046       0x24 C:/devkitPro/libnds/lib\libnds9.a(fifosystem.o)
 .comment       0x00000046       0x24 C:/devkitPro/libnds/lib\libnds9.a(background.o)
 .comment       0x00000046       0x24 C:/devkitPro/libnds/lib\libnds9.a(trig.o)
 .comment       0x00000046       0x24 C:/devkitPro/libnds/lib\libnds9.a(video.o)
 .comment       0x00000046       0x24 C:/devkitPro/libnds/lib\libnds9.a(system.o)
 .comment       0x00000046       0x24 C:/devkitPro/devkitARM/bin/../lib/gcc/arm-none-eabi/13.2.0/../../../../arm-none-eabi/lib/thumb\libg.a(libc_a-siscanf.o)
 .comment       0x00000046       0x24 C:/devkitPro/devkitARM/bin/../lib/gcc/arm-none-eabi/13.2.0/../../../../arm-none-eabi/lib/thumb\libg.a(libc_a-setvbuf.o)
 .comment       0x00000046       0x24 C:/devkitPro/devkitARM/bin/../lib/gcc/arm-none-eabi/13.2.0/../../../../arm-none-eabi/lib/thumb\libg.a(libc_a-svfiscanf.o)
 .comment       0x00000046       0x24 C:/devkitPro/devkitARM/bin/../lib/gcc/arm-none-eabi/13.2.0/../../../../arm-none-eabi/lib/thumb\libg.a(libc_a-freer.o)
 .comment       0x00000046       0x24 C:/devkitPro/devkitARM/bin/../lib/gcc/arm-none-eabi/13.2.0/../../../../arm-none-eabi/lib/thumb\libg.a(libc_a-iprintf.o)
 .comment       0x00000046       0x24 C:/devkitPro/devkitARM/bin/../lib/gcc/arm-none-eabi/13.2.0/../../../../arm-none-eabi/lib/thumb\libg.a(libc_a-malloc.o)
 .comment       0x00000046       0x24 C:/devkitPro/devkitARM/bin/../lib/gcc/arm-none-eabi/13.2.0/../../../../arm-none-eabi/lib/thumb\libg.a(libc_a-mallocr.o)
 .comment       0x00000046       0x24 C:/devkitPro/devkitARM/bin/../lib/gcc/arm-none-eabi/13.2.0/../../../../arm-none-eabi/lib/thumb\libg.a(libc_a-memset.o)
 .comment       0x00000046       0x24 C:/devkitPro/devkitARM/bin/../lib/gcc/arm-none-eabi/13.2.0/../../../../arm-none-eabi/lib/thumb\libg.a(libc_a-mlock.o)
 .comment       0x00000046       0x24 C:/devkitPro/devkitARM/bin/../lib/gcc/arm-none-eabi/13.2.0/../../../../arm-none-eabi/lib/thumb\libg.a(libc_a-strlen.o)
 .comment       0x00000046       0x24 C:/devkitPro/devkitARM/bin/../lib/gcc/arm-none-eabi/13.2.0/../../../../arm-none-eabi/lib/thumb\libg.a(libc_a-fflush.o)
 .comment       0x00000046       0x24 C:/devkitPro/devkitARM/bin/../lib/gcc/arm-none-eabi/13.2.0/../../../../arm-none-eabi/lib/thumb\libg.a(libc_a-fwalk.o)
 .comment       0x00000046       0x24 C:/devkitPro/devkitARM/bin/../lib/gcc/arm-none-eabi/13.2.0/../../../../arm-none-eabi/lib/thumb\libg.a(libc_a-findfp.o)
 .comment       0x00000046       0x24 C:/devkitPro/devkitARM/bin/../lib/gcc/arm-none-eabi/13.2.0/../../../../arm-none-eabi/lib/thumb\libg.a(libc_a-strtol.o)
 .comment       0x00000046       0x24 C:/devkitPro/devkitARM/bin/../lib/gcc/arm-none-eabi/13.2.0/../../../../arm-none-eabi/lib/thumb\libg.a(libc_a-realloc.o)
 .comment       0x00000046       0x24 C:/devkitPro/devkitARM/bin/../lib/gcc/arm-none-eabi/13.2.0/../../../../arm-none-eabi/lib/thumb\libg.a(libc_a-strtoul.o)
 .comment       0x00000046       0x24 C:/devkitPro/devkitARM/bin/../lib/gcc/arm-none-eabi/13.2.0/../../../../arm-none-eabi/lib/thumb\libg.a(libc_a-locale.o)
 .comment       0x00000046       0x24 C:/devkitPro/devkitARM/bin/../lib/gcc/arm-none-eabi/13.2.0/../../../../arm-none-eabi/lib/thumb\libg.a(libc_a-wctomb_r.o)
 .comment       0x00000046       0x24 C:/devkitPro/devkitARM/bin/../lib/gcc/arm-none-eabi/13.2.0/../../../../arm-none-eabi/lib/thumb\libg.a(libc_a-memcpy-stub.o)
 .comment       0x00000046       0x24 C:/devkitPro/devkitARM/bin/../lib/gcc/arm-none-eabi/13.2.0/../../../../arm-none-eabi/lib/thumb\libg.a(libc_a-impure.o)
 .comment       0x00000046       0x24 C:/devkitPro/devkitARM/bin/../lib/gcc/arm-none-eabi/13.2.0/../../../../arm-none-eabi/lib/thumb\libg.a(libc_a-init.o)
 .comment       0x00000046       0x24 C:/devkitPro/devkitARM/bin/../lib/gcc/arm-none-eabi/13.2.0/../../../../arm-none-eabi/lib/thumb\libg.a(libc_a-errno.o)
 .comment       0x00000046       0x24 C:/devkitPro/devkitARM/bin/../lib/gcc/arm-none-eabi/13.2.0/../../../../arm-none-eabi/lib/thumb\libg.a(libc_a-strtoll.o)
 .comment       0x00000046       0x24 C:/devkitPro/devkitARM/bin/../lib/gcc/arm-none-eabi/13.2.0/../../../../arm-none-eabi/lib/thumb\libg.a(libc_a-strtoull.o)
 .comment       0x00000046       0x24 C:/devkitPro/devkitARM/bin/../lib/gcc/arm-none-eabi/13.2.0/../../../../arm-none-eabi/lib/thumb\libg.a(libc_a-iswspace.o)
 .comment       0x00000046       0x24 C:/devkitPro/devkitARM/bin/../lib/gcc/arm-none-eabi/13.2.0/../../../../arm-none-eabi/lib/thumb\libg.a(libc_a-mbrtowc.o)
 .comment       0x00000046       0x24 C:/devkitPro/devkitARM/bin/../lib/gcc/arm-none-eabi/13.2.0/../../../../arm-none-eabi/lib/thumb\libg.a(libc_a-makebuf.o)
 .comment       0x00000046       0x24 C:/devkitPro/devkitARM/bin/../lib/gcc/arm-none-eabi/13.2.0/../../../../arm-none-eabi/lib/thumb\libg.a(libc_a-iswspace_l.o)
 .comment       0x00000046       0x24 C:/devkitPro/devkitARM/bin/../lib/gcc/arm-none-eabi/13.2.0/../../../../arm-none-eabi/lib/thumb\libg.a(libc_a-ctype_.o)
 .comment       0x00000046       0x24 C:/devkitPro/devkitARM/bin/../lib/gcc/arm-none-eabi/13.2.0/../../../../arm-none-eabi/lib/thumb\libg.a(libc_a-sccl.o)
 .comment       0x00000046       0x24 C:/devkitPro/devkitARM/bin/../lib/gcc/arm-none-eabi/13.2.0/../../../../arm-none-eabi/lib/thumb\libg.a(libc_a-ungetc.o)
 .comment       0x00000046       0x24 C:/devkitPro/devkitARM/bin/../lib/gcc/arm-none-eabi/13.2.0/../../../../arm-none-eabi/lib/thumb\libg.a(libc_a-stdio.o)
 .comment       0x00000046       0x24 C:/devkitPro/devkitARM/bin/../lib/gcc/arm-none-eabi/13.2.0/../../../../arm-none-eabi/lib/thumb\libg.a(libc_a-categories.o)
 .comment       0x00000046       0x24 C:/devkitPro/devkitARM/bin/../lib/gcc/arm-none-eabi/13.2.0/../../../../arm-none-eabi/lib/thumb\libg.a(libc_a-vfiprintf.o)
 .comment       0x00000046       0x24 C:/devkitPro/devkitARM/bin/../lib/gcc/arm-none-eabi/13.2.0/../../../../arm-none-eabi/lib/thumb\libg.a(libc_a-svfiprintf.o)
 .comment       0x00000046       0x24 C:/devkitPro/devkitARM/bin/../lib/gcc/arm-none-eabi/13.2.0/../../../../arm-none-eabi/lib/thumb\libg.a(libc_a-wsetup.o)
 .comment       0x00000046       0x24 C:/devkitPro/devkitARM/bin/../lib/gcc/arm-none-eabi/13.2.0/../../../../arm-none-eabi/lib/thumb\libg.a(libc_a-fclose.o)
 .comment       0x00000046       0x24 C:/devkitPro/devkitARM/bin/../lib/gcc/arm-none-eabi/13.2.0/../../../../arm-none-eabi/lib/thumb\libg.a(libc_a-memmove.o)
 .comment       0x00000046       0x24 C:/devkitPro/devkitARM/bin/../lib/gcc/arm-none-eabi/13.2.0/../../../../arm-none-eabi/lib/thumb\libg.a(libc_a-fvwrite.o)
 .comment       0x00000046       0x24 C:/devkitPro/devkitARM/bin/../lib/gcc/arm-none-eabi/13.2.0/../../../../arm-none-eabi/lib/thumb\libg.a(libc_a-reallocr.o)
 .comment       0x00000046       0x24 C:/devkitPro/devkitARM/bin/../lib/gcc/arm-none-eabi/13.2.0/../../../../arm-none-eabi/lib/thumb\libg.a(libc_a-strncpy.o)
 .comment       0x00000046       0x24 C:/devkitPro/devkitARM/bin/../lib/gcc/arm-none-eabi/13.2.0/../../../../arm-none-eabi/lib/thumb\libg.a(libc_a-mbtowc_r.o)
 .comment       0x00000046       0x24 C:/devkitPro/devkitARM/bin/../lib/gcc/arm-none-eabi/13.2.0/../../../../arm-none-eabi/lib/thumb\libg.a(libc_a-localeconv.o)
 .comment       0x00000046       0x24 C:/devkitPro/devkitARM/bin/../lib/gcc/arm-none-eabi/13.2.0/../../../../arm-none-eabi/lib/thumb\libg.a(libc_a-memchr-stub.o)
 .comment       0x00000046       0x24 C:/devkitPro/devkitARM/bin/../lib/gcc/arm-none-eabi/13.2.0/../../../../arm-none-eabi/lib/thumb\libg.a(libc_a-wcrtomb.o)
 .comment       0x00000046       0x24 C:/devkitPro/devkitARM/bin/../lib/gcc/arm-none-eabi/13.2.0/../../../../arm-none-eabi/lib/thumb\libg.a(libc_a-wcsrtombs.o)
 .comment       0x00000046       0x24 C:/devkitPro/devkitARM/bin/../lib/gcc/arm-none-eabi/13.2.0/../../../../arm-none-eabi/lib/thumb\libg.a(libc_a-wcsnrtombs.o)
 .comment       0x00000046       0x24 C:/devkitPro/devkitARM/bin/../lib/gcc/arm-none-eabi/13.2.0/../../../../arm-none-eabi/lib/thumb\libsysbase.a(libsysbase_libsysbase_a-build_argv.o)
 .comment       0x00000046       0x24 C:/devkitPro/devkitARM/bin/../lib/gcc/arm-none-eabi/13.2.0/../../../../arm-none-eabi/lib/thumb\libsysbase.a(libsysbase_libsysbase_a-fstat.o)
 .comment       0x00000046       0x24 C:/devkitPro/devkitARM/bin/../lib/gcc/arm-none-eabi/13.2.0/../../../../arm-none-eabi/lib/thumb\libsysbase.a(libsysbase_libsysbase_a-getreent.o)
 .comment       0x00000046       0x24 C:/devkitPro/devkitARM/bin/../lib/gcc/arm-none-eabi/13.2.0/../../../../arm-none-eabi/lib/thumb\libsysbase.a(libsysbase_libsysbase_a-handle_manager.o)
 .comment       0x00000046       0x24 C:/devkitPro/devkitARM/bin/../lib/gcc/arm-none-eabi/13.2.0/../../../../arm-none-eabi/lib/thumb\libsysbase.a(libsysbase_libsysbase_a-iosupport.o)
 .comment       0x00000046       0x24 C:/devkitPro/devkitARM/bin/../lib/gcc/arm-none-eabi/13.2.0/../../../../arm-none-eabi/lib/thumb\libsysbase.a(libsysbase_libsysbase_a-isatty.o)
 .comment       0x00000046       0x24 C:/devkitPro/devkitARM/bin/../lib/gcc/arm-none-eabi/13.2.0/../../../../arm-none-eabi/lib/thumb\libsysbase.a(libsysbase_libsysbase_a-lseek.o)
 .comment       0x00000046       0x24 C:/devkitPro/devkitARM/bin/../lib/gcc/arm-none-eabi/13.2.0/../../../../arm-none-eabi/lib/thumb\libsysbase.a(libsysbase_libsysbase_a-malloc_vars.o)
 .comment       0x00000046       0x24 C:/devkitPro/devkitARM/bin/../lib/gcc/arm-none-eabi/13.2.0/../../../../arm-none-eabi/lib/thumb\libsysbase.a(libsysbase_libsysbase_a-read.o)
 .comment       0x00000046       0x24 C:/devkitPro/devkitARM/bin/../lib/gcc/arm-none-eabi/13.2.0/../../../../arm-none-eabi/lib/thumb\libsysbase.a(libsysbase_libsysbase_a-sbrk.o)
 .comment       0x00000046       0x24 C:/devkitPro/devkitARM/bin/../lib/gcc/arm-none-eabi/13.2.0/../../../../arm-none-eabi/lib/thumb\libsysbase.a(libsysbase_libsysbase_a-syscall_support.o)
 .comment       0x00000046       0x24 C:/devkitPro/devkitARM/bin/../lib/gcc/arm-none-eabi/13.2.0/../../../../arm-none-eabi/lib/thumb\libsysbase.a(libsysbase_libsysbase_a-write.o)
 .comment       0x00000046       0x24 C:/devkitPro/devkitARM/bin/../lib/gcc/arm-none-eabi/13.2.0/thumb\libgcc.a(_muldi3.o)
 .comment       0x00000046       0x24 C:/devkitPro/devkitARM/bin/../lib/gcc/arm-none-eabi/13.2.0/thumb\libgcc.a(_udivmoddi4.o)
 .comment       0x00000046       0x24 C:/devkitPro/devkitARM/bin/../lib/gcc/arm-none-eabi/13.2.0/thumb/crtend.o

.ARM.attributes
                0x00000000       0x2d
 .ARM.attributes
                0x00000000       0x21 C:/devkitPro/devkitARM/bin/../lib/gcc/arm-none-eabi/13.2.0/../../../../arm-none-eabi/lib/thumb/ds_arm9_crt0.o
 .ARM.attributes
                0x00000021       0x1c C:/devkitPro/devkitARM/bin/../lib/gcc/arm-none-eabi/13.2.0/thumb/crti.o
 .ARM.attributes
                0x0000003d       0x2a C:/devkitPro/devkitARM/bin/../lib/gcc/arm-none-eabi/13.2.0/thumb/crtbegin.o
 .ARM.attributes
                0x00000067       0x2b game.o
 .ARM.attributes
                0x00000092       0x2b main.o
 .ARM.attributes
                0x000000bd       0x2b C:/devkitPro/libnds/lib\libnds9.a(console.o)
 .ARM.attributes
                0x000000e8       0x2b C:/devkitPro/libnds/lib\libnds9.a(keys.o)
 .ARM.attributes
                0x00000113       0x2b C:/devkitPro/libnds/lib\libnds9.a(initSystem.o)
 .ARM.attributes
                0x0000013e       0x2b C:/devkitPro/libnds/lib\libnds9.a(securearea.o)
 .ARM.attributes
                0x00000169       0x2b C:/devkitPro/libnds/lib\libnds9.a(interrupts.o)
 .ARM.attributes
                0x00000194       0x2b C:/devkitPro/libnds/lib\libnds9.a(libnds_exit.arm.o)
 .ARM.attributes
                0x000001bf       0x2b C:/devkitPro/libnds/lib\libnds9.a(fifosystem.o)
 .ARM.attributes
                0x000001ea       0x21 C:/devkitPro/libnds/lib\libnds9.a(mpu_setup.o)
 .ARM.attributes
                0x0000020b       0x21 C:/devkitPro/libnds/lib\libnds9.a(IntrWait.o)
 .ARM.attributes
                0x0000022c       0x21 C:/devkitPro/libnds/lib\libnds9.a(cpu_clock.o)
 .ARM.attributes
                0x0000024d       0x1b C:/devkitPro/libnds/lib\libnds9.a(interruptDispatcher.o)
 .ARM.attributes
                0x00000268       0x21 C:/devkitPro/libnds/lib\libnds9.a(swiSoftReset.o)
 .ARM.attributes
                0x00000289       0x14 C:/devkitPro/libnds/lib\libnds9.a(default_font.bin.o)
 .ARM.attributes
                0x0000029d       0x2b C:/devkitPro/libnds/lib\libnds9.a(background.o)
 .ARM.attributes
                0x000002c8       0x2b C:/devkitPro/libnds/lib\libnds9.a(trig.o)
 .ARM.attributes
                0x000002f3       0x2b C:/devkitPro/libnds/lib\libnds9.a(video.o)
 .ARM.attributes
                0x0000031e       0x2b C:/devkitPro/libnds/lib\libnds9.a(system.o)
 .ARM.attributes
                0x00000349       0x1b C:/devkitPro/libnds/lib\libnds9.a(biosCalls.o)
 .ARM.attributes
                0x00000364       0x1c C:/devkitPro/devkitARM/bin/../lib/gcc/arm-none-eabi/13.2.0/thumb\libgcc.a(_divsi3.o)
 .ARM.attributes
                0x00000380       0x1c C:/devkitPro/devkitARM/bin/../lib/gcc/arm-none-eabi/13.2.0/thumb\libgcc.a(_dvmd_tls.o)
 .ARM.attributes
                0x0000039c       0x2a C:/devkitPro/devkitARM/bin/../lib/gcc/arm-none-eabi/13.2.0/../../../../arm-none-eabi/lib/thumb\libg.a(libc_a-siscanf.o)
 .ARM.attributes
                0x000003c6       0x2a C:/devkitPro/devkitARM/bin/../lib/gcc/arm-none-eabi/13.2.0/../../../../arm-none-eabi/lib/thumb\libg.a(libc_a-setvbuf.o)
 .ARM.attributes
                0x000003f0       0x2a C:/devkitPro/devkitARM/bin/../lib/gcc/arm-none-eabi/13.2.0/../../../../arm-none-eabi/lib/thumb\libg.a(libc_a-svfiscanf.o)
 .ARM.attributes
                0x0000041a       0x2a C:/devkitPro/devkitARM/bin/../lib/gcc/arm-none-eabi/13.2.0/../../../../arm-none-eabi/lib/thumb\libg.a(libc_a-freer.o)
 .ARM.attributes
                0x00000444       0x2a C:/devkitPro/devkitARM/bin/../lib/gcc/arm-none-eabi/13.2.0/../../../../arm-none-eabi/lib/thumb\libg.a(libc_a-iprintf.o)
 .ARM.attributes
                0x0000046e       0x2a C:/devkitPro/devkitARM/bin/../lib/gcc/arm-none-eabi/13.2.0/../../../../arm-none-eabi/lib/thumb\libg.a(libc_a-malloc.o)
 .ARM.attributes
                0x00000498       0x2a C:/devkitPro/devkitARM/bin/../lib/gcc/arm-none-eabi/13.2.0/../../../../arm-none-eabi/lib/thumb\libg.a(libc_a-mallocr.o)
 .ARM.attributes
                0x000004c2       0x2a C:/devkitPro/devkitARM/bin/../lib/gcc/arm-none-eabi/13.2.0/../../../../arm-none-eabi/lib/thumb\libg.a(libc_a-memset.o)
 .ARM.attributes
                0x000004ec       0x2a C:/devkitPro/devkitARM/bin/../lib/gcc/arm-none-eabi/13.2.0/../../../../arm-none-eabi/lib/thumb\libg.a(libc_a-mlock.o)
 .ARM.attributes
                0x00000516       0x2a C:/devkitPro/devkitARM/bin/../lib/gcc/arm-none-eabi/13.2.0/../../../../arm-none-eabi/lib/thumb\libg.a(libc_a-strlen.o)
 .ARM.attributes
                0x00000540       0x2a C:/devkitPro/devkitARM/bin/../lib/gcc/arm-none-eabi/13.2.0/../../../../arm-none-eabi/lib/thumb\libg.a(libc_a-fflush.o)
 .ARM.attributes
                0x0000056a       0x2a C:/devkitPro/devkitARM/bin/../lib/gcc/arm-none-eabi/13.2.0/../../../../arm-none-eabi/lib/thumb\libg.a(libc_a-fwalk.o)
 .ARM.attributes
                0x00000594       0x2a C:/devkitPro/devkitARM/bin/../lib/gcc/arm-none-eabi/13.2.0/../../../../arm-none-eabi/lib/thumb\libg.a(libc_a-findfp.o)
 .ARM.attributes
                0x000005be       0x2a C:/devkitPro/devkitARM/bin/../lib/gcc/arm-none-eabi/13.2.0/../../../../arm-none-eabi/lib/thumb\libg.a(libc_a-strtol.o)
 .ARM.attributes
                0x000005e8       0x2a C:/devkitPro/devkitARM/bin/../lib/gcc/arm-none-eabi/13.2.0/../../../../arm-none-eabi/lib/thumb\libg.a(libc_a-realloc.o)
 .ARM.attributes
                0x00000612       0x2a C:/devkitPro/devkitARM/bin/../lib/gcc/arm-none-eabi/13.2.0/../../../../arm-none-eabi/lib/thumb\libg.a(libc_a-strtoul.o)
 .ARM.attributes
                0x0000063c       0x2a C:/devkitPro/devkitARM/bin/../lib/gcc/arm-none-eabi/13.2.0/../../../../arm-none-eabi/lib/thumb\libg.a(libc_a-locale.o)
 .ARM.attributes
                0x00000666       0x2a C:/devkitPro/devkitARM/bin/../lib/gcc/arm-none-eabi/13.2.0/../../../../arm-none-eabi/lib/thumb\libg.a(libc_a-wctomb_r.o)
 .ARM.attributes
                0x00000690       0x2a C:/devkitPro/devkitARM/bin/../lib/gcc/arm-none-eabi/13.2.0/../../../../arm-none-eabi/lib/thumb\libg.a(libc_a-memcpy-stub.o)
 .ARM.attributes
                0x000006ba       0x2a C:/devkitPro/devkitARM/bin/../lib/gcc/arm-none-eabi/13.2.0/../../../../arm-none-eabi/lib/thumb\libg.a(libc_a-impure.o)
 .ARM.attributes
                0x000006e4       0x2a C:/devkitPro/devkitARM/bin/../lib/gcc/arm-none-eabi/13.2.0/../../../../arm-none-eabi/lib/thumb\libg.a(libc_a-init.o)
 .ARM.attributes
                0x0000070e       0x2a C:/devkitPro/devkitARM/bin/../lib/gcc/arm-none-eabi/13.2.0/../../../../arm-none-eabi/lib/thumb\libg.a(libc_a-errno.o)
 .ARM.attributes
                0x00000738       0x2a C:/devkitPro/devkitARM/bin/../lib/gcc/arm-none-eabi/13.2.0/../../../../arm-none-eabi/lib/thumb\libg.a(libc_a-strtoll.o)
 .ARM.attributes
                0x00000762       0x2a C:/devkitPro/devkitARM/bin/../lib/gcc/arm-none-eabi/13.2.0/../../../../arm-none-eabi/lib/thumb\libg.a(libc_a-strtoull.o)
 .ARM.attributes
                0x0000078c       0x2a C:/devkitPro/devkitARM/bin/../lib/gcc/arm-none-eabi/13.2.0/../../../../arm-none-eabi/lib/thumb\libg.a(libc_a-iswspace.o)
 .ARM.attributes
                0x000007b6       0x2a C:/devkitPro/devkitARM/bin/../lib/gcc/arm-none-eabi/13.2.0/../../../../arm-none-eabi/lib/thumb\libg.a(libc_a-mbrtowc.o)
 .ARM.attributes
                0x000007e0       0x2a C:/devkitPro/devkitARM/bin/../lib/gcc/arm-none-eabi/13.2.0/../../../../arm-none-eabi/lib/thumb\libg.a(libc_a-makebuf.o)
 .ARM.attributes
                0x0000080a       0x2a C:/devkitPro/devkitARM/bin/../lib/gcc/arm-none-eabi/13.2.0/../../../../arm-none-eabi/lib/thumb\libg.a(libc_a-iswspace_l.o)
 .ARM.attributes
                0x00000834       0x2a C:/devkitPro/devkitARM/bin/../lib/gcc/arm-none-eabi/13.2.0/../../../../arm-none-eabi/lib/thumb\libg.a(libc_a-ctype_.o)
 .ARM.attributes
                0x0000085e       0x2a C:/devkitPro/devkitARM/bin/../lib/gcc/arm-none-eabi/13.2.0/../../../../arm-none-eabi/lib/thumb\libg.a(libc_a-sccl.o)
 .ARM.attributes
                0x00000888       0x2a C:/devkitPro/devkitARM/bin/../lib/gcc/arm-none-eabi/13.2.0/../../../../arm-none-eabi/lib/thumb\libg.a(libc_a-ungetc.o)
 .ARM.attributes
                0x000008b2       0x2a C:/devkitPro/devkitARM/bin/../lib/gcc/arm-none-eabi/13.2.0/../../../../arm-none-eabi/lib/thumb\libg.a(libc_a-stdio.o)
 .ARM.attributes
                0x000008dc       0x2a C:/devkitPro/devkitARM/bin/../lib/gcc/arm-none-eabi/13.2.0/../../../../arm-none-eabi/lib/thumb\libg.a(libc_a-categories.o)
 .ARM.attributes
                0x00000906       0x2a C:/devkitPro/devkitARM/bin/../lib/gcc/arm-none-eabi/13.2.0/../../../../arm-none-eabi/lib/thumb\libg.a(libc_a-vfiprintf.o)
 .ARM.attributes
                0x00000930       0x2a C:/devkitPro/devkitARM/bin/../lib/gcc/arm-none-eabi/13.2.0/../../../../arm-none-eabi/lib/thumb\libg.a(libc_a-svfiprintf.o)
 .ARM.attributes
                0x0000095a       0x2a C:/devkitPro/devkitARM/bin/../lib/gcc/arm-none-eabi/13.2.0/../../../../arm-none-eabi/lib/thumb\libg.a(libc_a-wsetup.o)
 .ARM.attributes
                0x00000984       0x2a C:/devkitPro/devkitARM/bin/../lib/gcc/arm-none-eabi/13.2.0/../../../../arm-none-eabi/lib/thumb\libg.a(libc_a-fclose.o)
 .ARM.attributes
                0x000009ae       0x2a C:/devkitPro/devkitARM/bin/../lib/gcc/arm-none-eabi/13.2.0/../../../../arm-none-eabi/lib/thumb\libg.a(libc_a-memmove.o)
 .ARM.attributes
                0x000009d8       0x2a C:/devkitPro/devkitARM/bin/../lib/gcc/arm-none-eabi/13.2.0/../../../../arm-none-eabi/lib/thumb\libg.a(libc_a-fvwrite.o)
 .ARM.attributes
                0x00000a02       0x2a C:/devkitPro/devkitARM/bin/../lib/gcc/arm-none-eabi/13.2.0/../../../../arm-none-eabi/lib/thumb\libg.a(libc_a-reallocr.o)
 .ARM.attributes
                0x00000a2c       0x2a C:/devkitPro/devkitARM/bin/../lib/gcc/arm-none-eabi/13.2.0/../../../../arm-none-eabi/lib/thumb\libg.a(libc_a-strncpy.o)
 .ARM.attributes
                0x00000a56       0x2a C:/devkitPro/devkitARM/bin/../lib/gcc/arm-none-eabi/13.2.0/../../../../arm-none-eabi/lib/thumb\libg.a(libc_a-mbtowc_r.o)
 .ARM.attributes
                0x00000a80       0x2a C:/devkitPro/devkitARM/bin/../lib/gcc/arm-none-eabi/13.2.0/../../../../arm-none-eabi/lib/thumb\libg.a(libc_a-localeconv.o)
 .ARM.attributes
                0x00000aaa       0x2a C:/devkitPro/devkitARM/bin/../lib/gcc/arm-none-eabi/13.2.0/../../../../arm-none-eabi/lib/thumb\libg.a(libc_a-memchr-stub.o)
 .ARM.attributes
                0x00000ad4       0x2a C:/devkitPro/devkitARM/bin/../lib/gcc/arm-none-eabi/13.2.0/../../../../arm-none-eabi/lib/thumb\libg.a(libc_a-wcrtomb.o)
 .ARM.attributes
                0x00000afe       0x2a C:/devkitPro/devkitARM/bin/../lib/gcc/arm-none-eabi/13.2.0/../../../../arm-none-eabi/lib/thumb\libg.a(libc_a-wcsrtombs.o)
 .ARM.attributes
                0x00000b28       0x2a C:/devkitPro/devkitARM/bin/../lib/gcc/arm-none-eabi/13.2.0/../../../../arm-none-eabi/lib/thumb\libg.a(libc_a-wcsnrtombs.o)
 .ARM.attributes
                0x00000b52       0x2a C:/devkitPro/devkitARM/bin/../lib/gcc/arm-none-eabi/13.2.0/../../../../arm-none-eabi/lib/thumb\libsysbase.a(libsysbase_libsysbase_a-build_argv.o)
 .ARM.attributes
                0x00000b7c       0x2a C:/devkitPro/devkitARM/bin/../lib/gcc/arm-none-eabi/13.2.0/../../../../arm-none-eabi/lib/thumb\libsysbase.a(libsysbase_libsysbase_a-fstat.o)
 .ARM.attributes
                0x00000ba6       0x2a C:/devkitPro/devkitARM/bin/../lib/gcc/arm-none-eabi/13.2.0/../../../../arm-none-eabi/lib/thumb\libsysbase.a(libsysbase_libsysbase_a-getreent.o)
 .ARM.attributes
                0x00000bd0       0x2a C:/devkitPro/devkitARM/bin/../lib/gcc/arm-none-eabi/13.2.0/../../../../arm-none-eabi/lib/thumb\libsysbase.a(libsysbase_libsysbase_a-handle_manager.o)
 .ARM.attributes
                0x00000bfa       0x2a C:/devkitPro/devkitARM/bin/../lib/gcc/arm-none-eabi/13.2.0/../../../../arm-none-eabi/lib/thumb\libsysbase.a(libsysbase_libsysbase_a-iosupport.o)
 .ARM.attributes
                0x00000c24       0x2a C:/devkitPro/devkitARM/bin/../lib/gcc/arm-none-eabi/13.2.0/../../../../arm-none-eabi/lib/thumb\libsysbase.a(libsysbase_libsysbase_a-isatty.o)
 .ARM.attributes
                0x00000c4e       0x2a C:/devkitPro/devkitARM/bin/../lib/gcc/arm-none-eabi/13.2.0/../../../../arm-none-eabi/lib/thumb\libsysbase.a(libsysbase_libsysbase_a-lseek.o)
 .ARM.attributes
                0x00000c78       0x2a C:/devkitPro/devkitARM/bin/../lib/gcc/arm-none-eabi/13.2.0/../../../../arm-none-eabi/lib/thumb\libsysbase.a(libsysbase_libsysbase_a-malloc_vars.o)
 .ARM.attributes
                0x00000ca2       0x2a C:/devkitPro/devkitARM/bin/../lib/gcc/arm-none-eabi/13.2.0/../../../../arm-none-eabi/lib/thumb\libsysbase.a(libsysbase_libsysbase_a-read.o)
 .ARM.attributes
                0x00000ccc       0x2a C:/devkitPro/devkitARM/bin/../lib/gcc/arm-none-eabi/13.2.0/../../../../arm-none-eabi/lib/thumb\libsysbase.a(libsysbase_libsysbase_a-sbrk.o)
 .ARM.attributes
                0x00000cf6       0x2a C:/devkitPro/devkitARM/bin/../lib/gcc/arm-none-eabi/13.2.0/../../../../arm-none-eabi/lib/thumb\libsysbase.a(libsysbase_libsysbase_a-syscall_support.o)
 .ARM.attributes
                0x00000d20       0x2a C:/devkitPro/devkitARM/bin/../lib/gcc/arm-none-eabi/13.2.0/../../../../arm-none-eabi/lib/thumb\libsysbase.a(libsysbase_libsysbase_a-write.o)
 .ARM.attributes
                0x00000d4a       0x1c C:/devkitPro/devkitARM/bin/../lib/gcc/arm-none-eabi/13.2.0/thumb\libgcc.a(_thumb1_case_uqi.o)
 .ARM.attributes
                0x00000d66       0x1c C:/devkitPro/devkitARM/bin/../lib/gcc/arm-none-eabi/13.2.0/thumb\libgcc.a(_thumb1_case_uhi.o)
 .ARM.attributes
                0x00000d82       0x1c C:/devkitPro/devkitARM/bin/../lib/gcc/arm-none-eabi/13.2.0/thumb\libgcc.a(_udivsi3.o)
 .ARM.attributes
                0x00000d9e       0x1c C:/devkitPro/devkitARM/bin/../lib/gcc/arm-none-eabi/13.2.0/thumb\libgcc.a(_aeabi_uldivmod.o)
 .ARM.attributes
                0x00000dba       0x2a C:/devkitPro/devkitARM/bin/../lib/gcc/arm-none-eabi/13.2.0/thumb\libgcc.a(_muldi3.o)
 .ARM.attributes
                0x00000de4       0x2a C:/devkitPro/devkitARM/bin/../lib/gcc/arm-none-eabi/13.2.0/thumb\libgcc.a(_udivmoddi4.o)
 .ARM.attributes
                0x00000e0e       0x1c C:/devkitPro/devkitARM/bin/../lib/gcc/arm-none-eabi/13.2.0/thumb\libgcc.a(_clzdi2.o)
 .ARM.attributes
                0x00000e2a       0x1c C:/devkitPro/devkitARM/bin/../lib/gcc/arm-none-eabi/13.2.0/thumb\libgcc.a(_clzsi2.o)
 .ARM.attributes
                0x00000e46       0x2a C:/devkitPro/devkitARM/bin/../lib/gcc/arm-none-eabi/13.2.0/thumb/crtend.o
 .ARM.attributes
                0x00000e70       0x1c C:/devkitPro/devkitARM/bin/../lib/gcc/arm-none-eabi/13.2.0/thumb/crtn.o

.debug
 *(.debug)

.line
 *(.line)

.debug_srcinfo
 *(.debug_srcinfo)

.debug_sfnames
 *(.debug_sfnames)

.debug_aranges  0x00000000      0x558
 *(.debug_aranges)
 .debug_aranges
                0x00000000       0x20 game.o
 .debug_aranges
                0x00000020       0x28 main.o
 .debug_aranges
                0x00000048       0x80 C:/devkitPro/libnds/lib\libnds9.a(console.o)
 .debug_aranges
                0x000000c8       0x50 C:/devkitPro/libnds/lib\libnds9.a(keys.o)
 .debug_aranges
                0x00000118       0x30 C:/devkitPro/libnds/lib\libnds9.a(initSystem.o)
 .debug_aranges
                0x00000148       0x18 C:/devkitPro/libnds/lib\libnds9.a(securearea.o)
 .debug_aranges
                0x00000160       0x50 C:/devkitPro/libnds/lib\libnds9.a(interrupts.o)
 .debug_aranges
                0x000001b0       0x28 C:/devkitPro/libnds/lib\libnds9.a(libnds_exit.arm.o)
 .debug_aranges
                0x000001d8       0xb0 C:/devkitPro/libnds/lib\libnds9.a(fifosystem.o)
 .debug_aranges
                0x00000288       0x30 C:/devkitPro/libnds/lib\libnds9.a(mpu_setup.o)
 .debug_aranges
                0x000002b8       0x28 C:/devkitPro/libnds/lib\libnds9.a(IntrWait.o)
 .debug_aranges
                0x000002e0       0x20 C:/devkitPro/libnds/lib\libnds9.a(cpu_clock.o)
 .debug_aranges
                0x00000300       0x20 C:/devkitPro/libnds/lib\libnds9.a(interruptDispatcher.o)
 .debug_aranges
                0x00000320       0x20 C:/devkitPro/libnds/lib\libnds9.a(swiSoftReset.o)
 .debug_aranges
                0x00000340       0x40 C:/devkitPro/libnds/lib\libnds9.a(background.o)
 .debug_aranges
                0x00000380       0x60 C:/devkitPro/libnds/lib\libnds9.a(trig.o)
 .debug_aranges
                0x000003e0       0x48 C:/devkitPro/libnds/lib\libnds9.a(video.o)
 .debug_aranges
                0x00000428       0x68 C:/devkitPro/libnds/lib\libnds9.a(system.o)
 .debug_aranges
                0x00000490       0xc8 C:/devkitPro/libnds/lib\libnds9.a(biosCalls.o)

.debug_pubnames
 *(.debug_pubnames)

.debug_info     0x00000000     0xd72d
 *(.debug_info)
 .debug_info    0x00000000     0x2ae0 game.o
 .debug_info    0x00002ae0     0x2890 main.o
 .debug_info    0x00005370     0x26ac C:/devkitPro/libnds/lib\libnds9.a(console.o)
 .debug_info    0x00007a1c      0x43b C:/devkitPro/libnds/lib\libnds9.a(keys.o)
 .debug_info    0x00007e57     0x113e C:/devkitPro/libnds/lib\libnds9.a(initSystem.o)
 .debug_info    0x00008f95       0x5a C:/devkitPro/libnds/lib\libnds9.a(securearea.o)
 .debug_info    0x00008fef      0x68d C:/devkitPro/libnds/lib\libnds9.a(interrupts.o)
 .debug_info    0x0000967c      0x367 C:/devkitPro/libnds/lib\libnds9.a(libnds_exit.arm.o)
 .debug_info    0x000099e3     0x183f C:/devkitPro/libnds/lib\libnds9.a(fifosystem.o)
 .debug_info    0x0000b222       0x23 C:/devkitPro/libnds/lib\libnds9.a(mpu_setup.o)
 .debug_info    0x0000b245       0x23 C:/devkitPro/libnds/lib\libnds9.a(IntrWait.o)
 .debug_info    0x0000b268       0x24 C:/devkitPro/libnds/lib\libnds9.a(cpu_clock.o)
 .debug_info    0x0000b28c       0x25 C:/devkitPro/libnds/lib\libnds9.a(interruptDispatcher.o)
 .debug_info    0x0000b2b1       0x24 C:/devkitPro/libnds/lib\libnds9.a(swiSoftReset.o)
 .debug_info    0x0000b2d5      0xa9c C:/devkitPro/libnds/lib\libnds9.a(background.o)
 .debug_info    0x0000bd71      0x793 C:/devkitPro/libnds/lib\libnds9.a(trig.o)
 .debug_info    0x0000c504      0x790 C:/devkitPro/libnds/lib\libnds9.a(video.o)
 .debug_info    0x0000cc94      0xa76 C:/devkitPro/libnds/lib\libnds9.a(system.o)
 .debug_info    0x0000d70a       0x23 C:/devkitPro/libnds/lib\libnds9.a(biosCalls.o)

.debug_abbrev   0x00000000     0x2c48
 *(.debug_abbrev)
 .debug_abbrev  0x00000000      0x5f0 game.o
 .debug_abbrev  0x000005f0      0x5e3 main.o
 .debug_abbrev  0x00000bd3      0x5b3 C:/devkitPro/libnds/lib\libnds9.a(console.o)
 .debug_abbrev  0x00001186      0x1a7 C:/devkitPro/libnds/lib\libnds9.a(keys.o)
 .debug_abbrev  0x0000132d      0x3e1 C:/devkitPro/libnds/lib\libnds9.a(initSystem.o)
 .debug_abbrev  0x0000170e       0x47 C:/devkitPro/libnds/lib\libnds9.a(securearea.o)
 .debug_abbrev  0x00001755      0x2da C:/devkitPro/libnds/lib\libnds9.a(interrupts.o)
 .debug_abbrev  0x00001a2f      0x1ad C:/devkitPro/libnds/lib\libnds9.a(libnds_exit.arm.o)
 .debug_abbrev  0x00001bdc      0x4bb C:/devkitPro/libnds/lib\libnds9.a(fifosystem.o)
 .debug_abbrev  0x00002097       0x12 C:/devkitPro/libnds/lib\libnds9.a(mpu_setup.o)
 .debug_abbrev  0x000020a9       0x12 C:/devkitPro/libnds/lib\libnds9.a(IntrWait.o)
 .debug_abbrev  0x000020bb       0x14 C:/devkitPro/libnds/lib\libnds9.a(cpu_clock.o)
 .debug_abbrev  0x000020cf       0x14 C:/devkitPro/libnds/lib\libnds9.a(interruptDispatcher.o)
 .debug_abbrev  0x000020e3       0x14 C:/devkitPro/libnds/lib\libnds9.a(swiSoftReset.o)
 .debug_abbrev  0x000020f7      0x366 C:/devkitPro/libnds/lib\libnds9.a(background.o)
 .debug_abbrev  0x0000245d      0x26e C:/devkitPro/libnds/lib\libnds9.a(trig.o)
 .debug_abbrev  0x000026cb      0x24c C:/devkitPro/libnds/lib\libnds9.a(video.o)
 .debug_abbrev  0x00002917      0x31f C:/devkitPro/libnds/lib\libnds9.a(system.o)
 .debug_abbrev  0x00002c36       0x12 C:/devkitPro/libnds/lib\libnds9.a(biosCalls.o)

.debug_line     0x00000000     0x6320
 *(.debug_line)
 .debug_line    0x00000000      0x60b game.o
 .debug_line    0x0000060b      0x59a main.o
 .debug_line    0x00000ba5     0x1414 C:/devkitPro/libnds/lib\libnds9.a(console.o)
 .debug_line    0x00001fb9      0x399 C:/devkitPro/libnds/lib\libnds9.a(keys.o)
 .debug_line    0x00002352      0x597 C:/devkitPro/libnds/lib\libnds9.a(initSystem.o)
 .debug_line    0x000028e9       0x8f C:/devkitPro/libnds/lib\libnds9.a(securearea.o)
 .debug_line    0x00002978      0x54c C:/devkitPro/libnds/lib\libnds9.a(interrupts.o)
 .debug_line    0x00002ec4      0x23b C:/devkitPro/libnds/lib\libnds9.a(libnds_exit.arm.o)
 .debug_line    0x000030ff     0x14f5 C:/devkitPro/libnds/lib\libnds9.a(fifosystem.o)
 .debug_line    0x000045f4       0xe8 C:/devkitPro/libnds/lib\libnds9.a(mpu_setup.o)
 .debug_line    0x000046dc       0x74 C:/devkitPro/libnds/lib\libnds9.a(IntrWait.o)
 .debug_line    0x00004750       0x5c C:/devkitPro/libnds/lib\libnds9.a(cpu_clock.o)
 .debug_line    0x000047ac       0x80 C:/devkitPro/libnds/lib\libnds9.a(interruptDispatcher.o)
 .debug_line    0x0000482c       0x57 C:/devkitPro/libnds/lib\libnds9.a(swiSoftReset.o)
 .debug_line    0x00004883      0x725 C:/devkitPro/libnds/lib\libnds9.a(background.o)
 .debug_line    0x00004fa8      0x837 C:/devkitPro/libnds/lib\libnds9.a(trig.o)
 .debug_line    0x000057df      0x4b5 C:/devkitPro/libnds/lib\libnds9.a(video.o)
 .debug_line    0x00005c94      0x4dc C:/devkitPro/libnds/lib\libnds9.a(system.o)
 .debug_line    0x00006170      0x1b0 C:/devkitPro/libnds/lib\libnds9.a(biosCalls.o)

.debug_frame    0x00000000      0x9e4
 *(.debug_frame)
 .debug_frame   0x00000000       0x88 game.o
 .debug_frame   0x00000088       0x40 main.o
 .debug_frame   0x000000c8      0x180 C:/devkitPro/libnds/lib\libnds9.a(console.o)
 .debug_frame   0x00000248       0x8c C:/devkitPro/libnds/lib\libnds9.a(keys.o)
 .debug_frame   0x000002d4       0x5c C:/devkitPro/libnds/lib\libnds9.a(initSystem.o)
 .debug_frame   0x00000330       0xa4 C:/devkitPro/libnds/lib\libnds9.a(interrupts.o)
 .debug_frame   0x000003d4       0x38 C:/devkitPro/libnds/lib\libnds9.a(libnds_exit.arm.o)
 .debug_frame   0x0000040c      0x294 C:/devkitPro/libnds/lib\libnds9.a(fifosystem.o)
 .debug_frame   0x000006a0       0xb8 C:/devkitPro/libnds/lib\libnds9.a(background.o)
 .debug_frame   0x00000758       0xd8 C:/devkitPro/libnds/lib\libnds9.a(trig.o)
 .debug_frame   0x00000830       0xbc C:/devkitPro/libnds/lib\libnds9.a(video.o)
 .debug_frame   0x000008ec       0xf8 C:/devkitPro/libnds/lib\libnds9.a(system.o)

.debug_str      0x00000000     0x40cd
 *(.debug_str)
 .debug_str     0x00000000     0x40cd game.o
                               0x16e1 (size before relaxing)
 .debug_str     0x000040cd     0x16b1 main.o
 .debug_str     0x000040cd     0x1282 C:/devkitPro/libnds/lib\libnds9.a(console.o)
 .debug_str     0x000040cd      0x420 C:/devkitPro/libnds/lib\libnds9.a(keys.o)
 .debug_str     0x000040cd      0xb81 C:/devkitPro/libnds/lib\libnds9.a(initSystem.o)
 .debug_str     0x000040cd      0x16e C:/devkitPro/libnds/lib\libnds9.a(securearea.o)
 .debug_str     0x000040cd      0x496 C:/devkitPro/libnds/lib\libnds9.a(interrupts.o)
 .debug_str     0x000040cd      0x3e5 C:/devkitPro/libnds/lib\libnds9.a(libnds_exit.arm.o)
 .debug_str     0x000040cd      0x8a9 C:/devkitPro/libnds/lib\libnds9.a(fifosystem.o)
 .debug_str     0x000040cd       0x6c C:/devkitPro/libnds/lib\libnds9.a(mpu_setup.o)
 .debug_str     0x000040cd       0x6b C:/devkitPro/libnds/lib\libnds9.a(IntrWait.o)
 .debug_str     0x000040cd       0x6c C:/devkitPro/libnds/lib\libnds9.a(cpu_clock.o)
 .debug_str     0x000040cd       0x76 C:/devkitPro/libnds/lib\libnds9.a(interruptDispatcher.o)
 .debug_str     0x000040cd       0x6f C:/devkitPro/libnds/lib\libnds9.a(swiSoftReset.o)
 .debug_str     0x000040cd      0x7a2 C:/devkitPro/libnds/lib\libnds9.a(background.o)
 .debug_str     0x000040cd      0x2fc C:/devkitPro/libnds/lib\libnds9.a(trig.o)
 .debug_str     0x000040cd      0xc53 C:/devkitPro/libnds/lib\libnds9.a(video.o)
 .debug_str     0x000040cd      0x798 C:/devkitPro/libnds/lib\libnds9.a(system.o)
 .debug_str     0x000040cd       0x6c C:/devkitPro/libnds/lib\libnds9.a(biosCalls.o)

.debug_loc
 *(.debug_loc)

.debug_macinfo
 *(.debug_macinfo)

.debug_weaknames
 *(.debug_weaknames)

.debug_funcnames
 *(.debug_funcnames)

.debug_typenames
 *(.debug_typenames)

.debug_varnames
 *(.debug_varnames)

.stack          0x00080000        0x0
                0x00080000                        _stack = .
 *(.stack)
LOAD C:/devkitPro/devkitARM/bin/../lib/gcc/arm-none-eabi/13.2.0/../../../../arm-none-eabi/lib/thumb/ds_arm9_crt0.o
LOAD C:/devkitPro/devkitARM/bin/../lib/gcc/arm-none-eabi/13.2.0/thumb/crti.o
LOAD C:/devkitPro/devkitARM/bin/../lib/gcc/arm-none-eabi/13.2.0/thumb/crtbegin.o
LOAD game.o
LOAD main.o
LOAD player.o
LOAD C:/devkitPro/libnds/lib\libnds9.a
LOAD C:/devkitPro/devkitARM/bin/../lib/gcc/arm-none-eabi/13.2.0/../../../../arm-none-eabi/lib/thumb\libstdc++.a
LOAD C:/devkitPro/devkitARM/bin/../lib/gcc/arm-none-eabi/13.2.0/../../../../arm-none-eabi/lib/thumb\libm.a
START GROUP
LOAD C:/devkitPro/devkitARM/bin/../lib/gcc/arm-none-eabi/13.2.0/thumb\libgcc.a
LOAD C:/devkitPro/devkitARM/bin/../lib/gcc/arm-none-eabi/13.2.0/../../../../arm-none-eabi/lib/thumb\libg.a
LOAD C:/devkitPro/devkitARM/bin/../lib/gcc/arm-none-eabi/13.2.0/../../../../arm-none-eabi/lib/thumb\libc.a
LOAD C:/devkitPro/devkitARM/bin/../lib/gcc/arm-none-eabi/13.2.0/../../../../arm-none-eabi/lib/thumb\libsysbase.a
END GROUP
LOAD C:/devkitPro/devkitARM/bin/../lib/gcc/arm-none-eabi/13.2.0/thumb/crtend.o
LOAD C:/devkitPro/devkitARM/bin/../lib/gcc/arm-none-eabi/13.2.0/thumb/crtn.o
OUTPUT(C:/devkitPro/examples/nds/MYTESTGAME/MYTESTGAME.elf elf32-littlearm)
LOAD linker stubs

.debug_loclists
                0x00000000     0x2db8
 .debug_loclists
                0x00000000       0x33 game.o
 .debug_loclists
                0x00000033      0xf6c C:/devkitPro/libnds/lib\libnds9.a(console.o)
 .debug_loclists
                0x00000f9f       0x17 C:/devkitPro/libnds/lib\libnds9.a(keys.o)
 .debug_loclists
                0x00000fb6       0xc5 C:/devkitPro/libnds/lib\libnds9.a(initSystem.o)
 .debug_loclists
                0x0000107b      0x1a5 C:/devkitPro/libnds/lib\libnds9.a(interrupts.o)
 .debug_loclists
                0x00001220       0x48 C:/devkitPro/libnds/lib\libnds9.a(libnds_exit.arm.o)
 .debug_loclists
                0x00001268      0xe1a C:/devkitPro/libnds/lib\libnds9.a(fifosystem.o)
 .debug_loclists
                0x00002082      0x2a3 C:/devkitPro/libnds/lib\libnds9.a(background.o)
 .debug_loclists
                0x00002325      0x779 C:/devkitPro/libnds/lib\libnds9.a(trig.o)
 .debug_loclists
                0x00002a9e      0x1da C:/devkitPro/libnds/lib\libnds9.a(video.o)
 .debug_loclists
                0x00002c78      0x140 C:/devkitPro/libnds/lib\libnds9.a(system.o)

.debug_rnglists
                0x00000000      0x849
 .debug_rnglists
                0x00000000       0x25 main.o
 .debug_rnglists
                0x00000025      0x20e C:/devkitPro/libnds/lib\libnds9.a(console.o)
 .debug_rnglists
                0x00000233       0x44 C:/devkitPro/libnds/lib\libnds9.a(keys.o)
 .debug_rnglists
                0x00000277       0x20 C:/devkitPro/libnds/lib\libnds9.a(initSystem.o)
 .debug_rnglists
                0x00000297       0x8b C:/devkitPro/libnds/lib\libnds9.a(interrupts.o)
 .debug_rnglists
                0x00000322       0x19 C:/devkitPro/libnds/lib\libnds9.a(libnds_exit.arm.o)
 .debug_rnglists
                0x0000033b      0x2a4 C:/devkitPro/libnds/lib\libnds9.a(fifosystem.o)
 .debug_rnglists
                0x000005df       0x20 C:/devkitPro/libnds/lib\libnds9.a(mpu_setup.o)
 .debug_rnglists
                0x000005ff       0x19 C:/devkitPro/libnds/lib\libnds9.a(IntrWait.o)
 .debug_rnglists
                0x00000618       0x7c C:/devkitPro/libnds/lib\libnds9.a(background.o)
 .debug_rnglists
                0x00000694       0x9d C:/devkitPro/libnds/lib\libnds9.a(trig.o)
 .debug_rnglists
                0x00000731       0x3e C:/devkitPro/libnds/lib\libnds9.a(video.o)
 .debug_rnglists
                0x0000076f       0x49 C:/devkitPro/libnds/lib\libnds9.a(system.o)
 .debug_rnglists
                0x000007b8       0x91 C:/devkitPro/libnds/lib\libnds9.a(biosCalls.o)

.debug_line_str
                0x00000000      0x113
 .debug_line_str
                0x00000000      0x113 C:/devkitPro/libnds/lib\libnds9.a(mpu_setup.o)
                                 0xdc (size before relaxing)
 .debug_line_str
                0x00000113       0xda C:/devkitPro/libnds/lib\libnds9.a(IntrWait.o)
 .debug_line_str
                0x00000113       0xdc C:/devkitPro/libnds/lib\libnds9.a(cpu_clock.o)
 .debug_line_str
                0x00000113       0xe6 C:/devkitPro/libnds/lib\libnds9.a(interruptDispatcher.o)
 .debug_line_str
                0x00000113       0xd8 C:/devkitPro/libnds/lib\libnds9.a(swiSoftReset.o)
 .debug_line_str
                0x00000113       0xd2 C:/devkitPro/libnds/lib\libnds9.a(biosCalls.o)