Archive member included to satisfy reference by file (symbol)

C:/devkitPro/nflib/lib\libnflib.a(nf_2d.o)
                              game.o (NF_Set2D)
C:/devkitPro/nflib/lib\libnflib.a(nf_basic.o)
                              C:/devkitPro/nflib/lib\libnflib.a(nf_2d.o) (NF_Error)
C:/devkitPro/nflib/lib\libnflib.a(nf_sprite256.o)
                              game.o (NF_InitSpriteBuffers)
C:/devkitPro/nflib/lib\libnflib.a(nf_tiledbg.o)
                              game.o (NF_InitTiledBgBuffers)
C:/devkitPro/libnds/lib\libfilesystem.a(nitrofs.o)
                              game.o (nitroFSInit)
C:/devkitPro/libnds/lib\libfat.a(libfat.o)
                              C:/devkitPro/libnds/lib\libfilesystem.a(nitrofs.o) (fatInitDefault)
C:/devkitPro/libnds/lib\libfat.a(disc.o)
                              C:/devkitPro/libnds/lib\libfat.a(libfat.o) (_FAT_disc_interfaces)
C:/devkitPro/libnds/lib\libfat.a(fatfile.o)
                              C:/devkitPro/libnds/lib\libfat.a(libfat.o) (_FAT_open_r)
C:/devkitPro/libnds/lib\libfat.a(cache.o)
                              C:/devkitPro/libnds/lib\libfat.a(fatfile.o) (_FAT_cache_readSectors)
C:/devkitPro/libnds/lib\libfat.a(fatdir.o)
                              C:/devkitPro/libnds/lib\libfat.a(libfat.o) (_FAT_stat_r)
C:/devkitPro/libnds/lib\libfat.a(directory.o)
                              C:/devkitPro/libnds/lib\libfat.a(fatfile.o) (_FAT_directory_entryGetCluster)
C:/devkitPro/libnds/lib\libfat.a(partition.o)
                              C:/devkitPro/libnds/lib\libfat.a(libfat.o) (_FAT_partition_destructor)
C:/devkitPro/libnds/lib\libfat.a(lock.o)
                              C:/devkitPro/libnds/lib\libfat.a(partition.o) (_FAT_lock_init)
C:/devkitPro/libnds/lib\libfat.a(filetime.o)
                              C:/devkitPro/libnds/lib\libfat.a(fatfile.o) (_FAT_filetime_getTimeFromRTC)
C:/devkitPro/libnds/lib\libfat.a(file_allocation_table.o)
                              C:/devkitPro/libnds/lib\libfat.a(fatfile.o) (_FAT_fat_nextCluster)
C:/devkitPro/libnds/lib\libnds9.a(video.o)
                              C:/devkitPro/nflib/lib\libnflib.a(nf_basic.o) (setBrightness)
C:/devkitPro/libnds/lib\libnds9.a(console.o)
                              C:/devkitPro/nflib/lib\libnflib.a(nf_basic.o) (consoleDemoInit)
C:/devkitPro/libnds/lib\libnds9.a(sprite.o)
                              C:/devkitPro/nflib/lib\libnflib.a(nf_sprite256.o) (oamInit)
C:/devkitPro/libnds/lib\libnds9.a(keys.o)
                              game.o (scanKeys)
C:/devkitPro/libnds/lib\libnds9.a(dldi.o)
                              C:/devkitPro/libnds/lib\libfat.a(disc.o) (dldiGetInternal)
C:/devkitPro/libnds/lib\libnds9.a(initSystem.o)
                              C:/devkitPro/devkitARM/bin/../lib/gcc/arm-none-eabi/13.2.0/../../../../arm-none-eabi/lib/ds_arm9_crt0.o (initSystem)
C:/devkitPro/libnds/lib\libnds9.a(securearea.o)
                              C:/devkitPro/devkitARM/bin/../lib/gcc/arm-none-eabi/13.2.0/../../../../arm-none-eabi/lib/ds_arm9_crt0.o (__secure_area__)
C:/devkitPro/libnds/lib\libnds9.a(interrupts.o)
                              C:/devkitPro/libnds/lib\libnds9.a(initSystem.o) (irqInit)
C:/devkitPro/libnds/lib\libnds9.a(libnds_exit.arm.o)
                              C:/devkitPro/devkitARM/bin/../lib/gcc/arm-none-eabi/13.2.0/../../../../arm-none-eabi/lib/ds_arm9_crt0.o (__libnds_exit)
C:/devkitPro/libnds/lib\libnds9.a(card.o)
                              C:/devkitPro/libnds/lib\libfilesystem.a(nitrofs.o) (cardParamCommand)
C:/devkitPro/libnds/lib\libnds9.a(fifosystem.o)
                              C:/devkitPro/libnds/lib\libnds9.a(initSystem.o) (fifoSetValue32Handler)
C:/devkitPro/libnds/lib\libnds9.a(dcache.o)
                              C:/devkitPro/nflib/lib\libnflib.a(nf_basic.o) (DC_FlushRange)
C:/devkitPro/libnds/lib\libnds9.a(dldi_stub.o)
                              C:/devkitPro/libnds/lib\libnds9.a(dldi.o) (_io_dldi_stub)
C:/devkitPro/libnds/lib\libnds9.a(mpu_setup.o)
                              C:/devkitPro/devkitARM/bin/../lib/gcc/arm-none-eabi/13.2.0/../../../../arm-none-eabi/lib/ds_arm9_crt0.o (__libnds_mpu_setup)
C:/devkitPro/libnds/lib\libnds9.a(IntrWait.o)
                              main.o (swiWaitForVBlank)
C:/devkitPro/libnds/lib\libnds9.a(cpu_clock.o)
                              C:/devkitPro/libnds/lib\libnds9.a(initSystem.o) (setCpuClock)
C:/devkitPro/libnds/lib\libnds9.a(interruptDispatcher.o)
                              C:/devkitPro/libnds/lib\libnds9.a(interrupts.o) (IntrMain)
C:/devkitPro/libnds/lib\libnds9.a(biosCalls.o)
                              C:/devkitPro/libnds/lib\libnds9.a(card.o) (swiDelay)
C:/devkitPro/libnds/lib\libnds9.a(debugprint.o)
                              C:/devkitPro/libnds/lib\libnds9.a(console.o) (nocashWrite)
C:/devkitPro/libnds/lib\libnds9.a(swiSoftReset.o)
                              C:/devkitPro/libnds/lib\libnds9.a(fifosystem.o) (swiSoftReset)
[...]
Memory Configuration

Name             Origin             Length             Attributes
ewram            0x02000000         0x00380000
dtcm             0x02ff0000         0x00004000
vectors          0x01000000         0x00000100
itcm             0x01000100         0x00007f00
*default*        0x00000000         0xffffffff

Linker script and memory map

                0x02380000                        __ewram_end = (ORIGIN (ewram) + LENGTH (ewram))
                0x02380000                        __eheap_end = (ORIGIN (ewram) + LENGTH (ewram))
                0x02ff4000                        __dtcm_top = (ORIGIN (dtcm) + LENGTH (dtcm))
                0x02ff3ff8                        __irq_flags = (__dtcm_top - 0x8)
                0x02ff3ffc                        __irq_vector = (__dtcm_top - 0x4)
                0x02ff3f00                        __sp_svc = (__dtcm_top - 0x100)
                0x02ff3e00                        __sp_irq = (__sp_svc - 0x100)
                0x02ff3d00                        __sp_usr = (__sp_irq - 0x100)

.secure         0x02000000      0x800
 *(.secure)
 .secure        0x02000000      0x800 C:/devkitPro/libnds/lib\libnds9.a(securearea.o)
                0x02000000                __secure_area__

.crt0           0x02000800      0x300
                0x02000800                        __text_start = .
 *(.crt0)
 .crt0          0x02000800      0x300 C:/devkitPro/devkitARM/bin/../lib/gcc/arm-none-eabi/13.2.0/../../../../arm-none-eabi/lib/ds_arm9_crt0.o
                0x02000800                _start
                0x02000b00                        . = ALIGN (0x4)

.plt
 *(.plt)

.init           0x02000b00       0x18
 *(SORT_NONE(.init))
 .init          0x02000b00        0xc C:/devkitPro/devkitARM/bin/../lib/gcc/arm-none-eabi/13.2.0/crti.o
                0x02000b00                _init
 .init          0x02000b0c        0xc C:/devkitPro/devkitARM/bin/../lib/gcc/arm-none-eabi/13.2.0/crtn.o

.text           0x02000b40    0x23608
 *(EXCLUDE_FILE(*.twl* *.vectors* *.itcm*) .text)
 .text          0x02000b40      0x834 game.o
                0x02000b40                Game::Game()
                0x02000b40                Game::Game()
                0x02000bf0                Game::Tick()
                0x02000c00                Game::Menu_Start()
                0x02000d5c                Game::Menu_Main()
                0x02000ed4                Game::Update()
                0x0200115c                Game::Menu_Settings()
                0x020011dc                Game::Menu_Play()
                0x0200125c                Game::Menu_Collection()
                0x020012dc                Game::Menu_Shop()
                0x0200135c                Game::Action_ShipBattle()
                0x02001360                Game::Action_MeleeBattle()
                0x02001364                Game::Minigame_AimCannon()
                0x02001368                Game::Minigame_SteerShip()
                0x0200136c                Game::Minigame_RepairWood()
                0x02001370                Game::Minigame_ChangeSails()
 .text          0x02001374      0x174 player.o
                0x02001374                Player::Player()
                0x02001374                Player::Player()
                0x020013c0                Player::HandleInput(int, int, int, int, int, int, int)
                0x020014dc                Player::ResetInput()
 .text          0x020014e8      0x65c C:/devkitPro/nflib/lib\libnflib.a(nf_2d.o)
                0x020014e8                NF_Set2D
                0x0200154c                NF_ShowBg
                0x020015c0                NF_HideBg
                0x0200165c                NF_ScrollBg
                0x02001958                NF_SpriteFrame
                0x02001a10                NF_EnableSpriteRotScale
                0x02001a7c                NF_DisableSpriteRotScale
                0x02001ad8                NF_SpriteRotScale
 .text          0x02001b44      0x588 C:/devkitPro/nflib/lib\libnflib.a(nf_basic.o)
                0x02001b44                NF_Error
                0x02001df0                NF_SetRootFolder
                0x02001fcc                NF_DmaMemCopy
                0x02002050                NF_FileLoad
 .text          0x020020cc      0xf88 C:/devkitPro/nflib/lib\libnflib.a(nf_sprite256.o)
                0x020020cc                NF_InitSpriteBuffers
                0x02002128                NF_ResetSpriteBuffers
                0x0200215c                NF_InitSpriteSys
                0x0200236c                NF_LoadSpriteGfx
                0x02002404                NF_UnloadSpriteGfx
                0x02002468                NF_LoadSpritePal
                0x020024e8                NF_UnloadSpritePal
                0x02002544                NF_VramSpriteGfx
                0x020027e8                NF_VramSpriteGfxDefrag
                0x02002a04                NF_FreeSpriteGfx
                0x02002ae0                NF_VramSpritePal
                0x02002b90                NF_CreateSprite
                0x02002d5c                NF_DeleteSprite
                0x02002ddc                NF_SpriteOamSet
                0x02002ea0                NF_SpriteSetPalColor
                0x02002f20                NF_SpriteEditPalColor
                0x02002f74                NF_SpriteUpdatePalette
                0x02002ffc                NF_SpriteGetPalColor
 .text          0x02003054     0x1510 C:/devkitPro/nflib/lib\libnflib.a(nf_tiledbg.o)
                0x02003054                NF_InitTiledBgBuffers
                0x020030e8                NF_ResetTiledBgBuffers
                0x02003144                NF_InitTiledBgSys
                0x0200325c                NF_LoadTiledBg
                0x02003408                NF_LoadTilesForBg
                0x020035dc                NF_UnloadTiledBg
                0x02003678                NF_DeleteTiledBg
                0x02003810                NF_CreateTiledBg
                0x02003d7c                NF_GetTileMapAddress
                0x02003e04                NF_GetTileOfMap
                0x02003e40                NF_SetTileOfMap
                0x02003e80                NF_UpdateVramMap
                0x02003f78                NF_BgSetPalColor
                0x0200400c                NF_BgEditPalColor
                0x02004078                NF_BgUpdatePalette
                0x0200411c                NF_BgGetPalColor
                0x0200418c                NF_GetTilePal
                0x020041c0                NF_SetTilePal
                0x02004200                NF_LoadExBgPal
                0x02004260                NF_UnloadExBgPal
                0x020042a4                NF_VramExBgPal
                0x02004330                NF_SetExBgPal
                0x020043f0                NF_SetTileHflip
                0x02004428                NF_SetTileVflip
                0x02004460                NF_RotateTileGfx
 *fill*         0x02004564       0x1c ff
 .text          0x02004580     0x4000 C:/devkitPro/libnds/lib\libnds9.a(dldi_stub.o)
                0x02004580                _io_dldi_stub
 .text          0x02008580      0x114 C:/devkitPro/devkitARM/bin/../lib/gcc/arm-none-eabi/13.2.0\libgcc.a(_udivsi3.o)
                0x02008580                __aeabi_uidiv
                0x02008580                __udivsi3
                0x02008674                __aeabi_uidivmod
 .text          0x02008694      0x148 C:/devkitPro/devkitARM/bin/../lib/gcc/arm-none-eabi/13.2.0\libgcc.a(_divsi3.o)
                0x02008694                __divsi3
                0x02008694                __aeabi_idiv
                0x020087bc                __aeabi_idivmod
 .text          0x020087dc        0x4 C:/devkitPro/devkitARM/bin/../lib/gcc/arm-none-eabi/13.2.0\libgcc.a(_dvmd_tls.o)
                0x020087dc                __aeabi_idiv0
                0x020087dc                __aeabi_ldiv0
 .text          0x020087e0       0xd4 C:/devkitPro/devkitARM/bin/../lib/gcc/arm-none-eabi/13.2.0\libgcc.a(_aeabi_ldivmod.o)
                0x020087e0                __aeabi_ldivmod
 .text          0x020088b4       0x28 C:/devkitPro/devkitARM/bin/../lib/gcc/arm-none-eabi/13.2.0\libgcc.a(_clzdi2.o)
                0x020088b4                __clzdi2
 .text          0x020088dc       0x48 C:/devkitPro/devkitARM/bin/../lib/gcc/arm-none-eabi/13.2.0\libgcc.a(_clzsi2.o)
                0x020088dc                __clzsi2
 .text          0x02008924      0x224 C:/devkitPro/devkitARM/bin/../lib/gcc/arm-none-eabi/13.2.0/../../../../arm-none-eabi/lib\libg.a(libc_a-strcmp.o)
                0x02008924                strcmp
 .text          0x02008b48      0x424 C:/devkitPro/devkitARM/bin/../lib/gcc/arm-none-eabi/13.2.0\libgcc.a(_arm_addsubdf3.o)
                0x02008b48                __aeabi_drsub
                0x02008b50                __aeabi_dsub
                0x02008b50                __subdf3
                0x02008b54                __aeabi_dadd
                0x02008b54                __adddf3
                0x02008e64                __floatunsidf
                0x02008e64                __aeabi_ui2d
                0x02008e88                __floatsidf
                0x02008e88                __aeabi_i2d
                0x02008eb0                __aeabi_f2d
                0x02008eb0                __extendsfdf2
                0x02008ef8                __floatundidf
                0x02008ef8                __aeabi_ul2d
                0x02008f0c                __floatdidf
                0x02008f0c                __aeabi_l2d
 .text          0x02008f6c      0x49c C:/devkitPro/devkitARM/bin/../lib/gcc/arm-none-eabi/13.2.0\libgcc.a(_arm_muldivdf3.o)
                0x02008f6c                __aeabi_dmul
                0x02008f6c                __muldf3
                0x020091fc                __divdf3
                0x020091fc                __aeabi_ddiv
 .text          0x02009408      0x144 C:/devkitPro/devkitARM/bin/../lib/gcc/arm-none-eabi/13.2.0\libgcc.a(_arm_cmpdf2.o)
                0x02009408                __gtdf2
                0x02009408                __gedf2
                0x02009410                __ltdf2
                0x02009410                __ledf2
                0x02009418                __nedf2
                0x02009418                __eqdf2
                0x02009418                __cmpdf2
                0x020094a0                __aeabi_cdrcmple
                0x020094bc                __aeabi_cdcmpeq
                0x020094bc                __aeabi_cdcmple
                0x020094d4                __aeabi_dcmpeq
                0x020094ec                __aeabi_dcmplt
                0x02009504                __aeabi_dcmple
                0x0200951c                __aeabi_dcmpge
                0x02009534                __aeabi_dcmpgt
 .text          0x0200954c       0x38 C:/devkitPro/devkitARM/bin/../lib/gcc/arm-none-eabi/13.2.0\libgcc.a(_arm_unorddf2.o)
                0x0200954c                __unorddf2
                0x0200954c                __aeabi_dcmpun
 .text          0x02009584       0x5c C:/devkitPro/devkitARM/bin/../lib/gcc/arm-none-eabi/13.2.0\libgcc.a(_arm_fixdfsi.o)
                0x02009584                __aeabi_d2iz
                0x02009584                __fixdfsi
 .text          0x020095e0       0x3c C:/devkitPro/devkitARM/bin/../lib/gcc/arm-none-eabi/13.2.0\libgcc.a(_aeabi_uldivmod.o)
                0x020095e0                __aeabi_uldivmod
 *(EXCLUDE_FILE(*.twl* *.vectors* *.itcm*) .stub)
 *(EXCLUDE_FILE(*.twl* *.vectors* *.itcm*) .text.*)
 .text.__do_global_dtors_aux
                0x0200961c       0x40 C:/devkitPro/devkitARM/bin/../lib/gcc/arm-none-eabi/13.2.0/crtbegin.o
 .text.frame_dummy
                0x0200965c       0x30 C:/devkitPro/devkitARM/bin/../lib/gcc/arm-none-eabi/13.2.0/crtbegin.o
 .text.startup  0x0200968c       0x28 main.o
                0x0200968c                main
 .text.nitroFSDirClose
                0x020096b4        0x4 C:/devkitPro/libnds/lib\libfilesystem.a(nitrofs.o)
 .text.nitroFSSeek
                0x020096b8       0x78 C:/devkitPro/libnds/lib\libfilesystem.a(nitrofs.o)
 .text.nitroFSFstat
                0x02009730       0x10 C:/devkitPro/libnds/lib\libfilesystem.a(nitrofs.o)
 .text.nitroSubReadBlock
                0x02009740       0x54 C:/devkitPro/libnds/lib\libfilesystem.a(nitrofs.o)
 .text.nitroSubReadCard
                0x02009794       0xb0 C:/devkitPro/libnds/lib\libfilesystem.a(nitrofs.o)
 .text.nitroFSClose
                0x02009844        0x4 C:/devkitPro/libnds/lib\libfilesystem.a(nitrofs.o)
 .text.nitroDirReset
                0x02009848       0x9c C:/devkitPro/libnds/lib\libfilesystem.a(nitrofs.o)
 .text.nitroFSRead
                0x020098e4       0xbc C:/devkitPro/libnds/lib\libfilesystem.a(nitrofs.o)
 .text.nitroFSDirNext
                0x020099a0      0x30c C:/devkitPro/libnds/lib\libfilesystem.a(nitrofs.o)
 .text.nitroFSDirOpen
                0x02009cac       0xe0 C:/devkitPro/libnds/lib\libfilesystem.a(nitrofs.o)
 .text.nitroFSChdir
                0x02009d8c       0x30 C:/devkitPro/libnds/lib\libfilesystem.a(nitrofs.o)
 .text.nitroFSOpen
                0x02009dbc       0xc4 C:/devkitPro/libnds/lib\libfilesystem.a(nitrofs.o)
 .text.nitroFSstat
                0x02009e80       0x68 C:/devkitPro/libnds/lib\libfilesystem.a(nitrofs.o)
 .text.nitroFSInit
                0x02009ee8      0x12c C:/devkitPro/libnds/lib\libfilesystem.a(nitrofs.o)
                0x02009ee8                nitroFSInit
 .text.fatMount.part.0
                0x0200a014       0xa0 C:/devkitPro/libnds/lib\libfat.a(libfat.o)
 .text.fatMount
                0x0200a0b4       0x3c C:/devkitPro/libnds/lib\libfat.a(libfat.o)
                0x0200a0b4                fatMount
 .text.fatInit  0x0200a0f0      0x130 C:/devkitPro/libnds/lib\libfat.a(libfat.o)
                0x0200a0f0                fatInit
 .text.fatInitDefault
                0x0200a220        0xc C:/devkitPro/libnds/lib\libfat.a(libfat.o)
                0x0200a220                fatInitDefault
 .text._FAT_check_position_for_next_cluster.part.0
                0x0200a22c       0x68 C:/devkitPro/libnds/lib\libfat.a(fatfile.o)
 .text._FAT_syncToDisc.part.0
                0x0200a294       0xd4 C:/devkitPro/libnds/lib\libfat.a(fatfile.o)
 .text._FAT_file_extend_r
                0x0200a368      0x208 C:/devkitPro/libnds/lib\libfat.a(fatfile.o)
 .text._FAT_open_r
                0x0200a570      0x2d4 C:/devkitPro/libnds/lib\libfat.a(fatfile.o)
                0x0200a570                _FAT_open_r
 .text._FAT_close_r
                0x0200a844       0x74 C:/devkitPro/libnds/lib\libfat.a(fatfile.o)
                0x0200a844                _FAT_close_r
 .text._FAT_read_r
                0x0200a8b8      0x398 C:/devkitPro/libnds/lib\libfat.a(fatfile.o)
                0x0200a8b8                _FAT_read_r
 .text._FAT_write_r
                0x0200ac50      0x53c C:/devkitPro/libnds/lib\libfat.a(fatfile.o)
                0x0200ac50                _FAT_write_r
 .text._FAT_seek_r
                0x0200b18c      0x194 C:/devkitPro/libnds/lib\libfat.a(fatfile.o)
                0x0200b18c                _FAT_seek_r
 .text._FAT_fstat_r
                0x0200b320       0x8c C:/devkitPro/libnds/lib\libfat.a(fatfile.o)
                0x0200b320                _FAT_fstat_r
 .text._FAT_ftruncate_r
                0x0200b3ac      0x16c C:/devkitPro/libnds/lib\libfat.a(fatfile.o)
                0x0200b3ac                _FAT_ftruncate_r
 .text._FAT_fsync_r
                0x0200b518       0x44 C:/devkitPro/libnds/lib\libfat.a(fatfile.o)
                0x0200b518                _FAT_fsync_r
 .text._FAT_cache_getPage
                0x0200b55c       0xf0 C:/devkitPro/libnds/lib\libfat.a(cache.o)
 .text._FAT_cache_constructor
                0x0200b64c       0x90 C:/devkitPro/libnds/lib\libfat.a(cache.o)
                0x0200b64c                _FAT_cache_constructor
 .text._FAT_cache_readSectors
                0x0200b6dc       0x60 C:/devkitPro/libnds/lib\libfat.a(cache.o)
                0x0200b6dc                _FAT_cache_readSectors
 .text._FAT_cache_readPartialSector
                0x0200b73c       0x3c C:/devkitPro/libnds/lib\libfat.a(cache.o)
                0x0200b73c                _FAT_cache_readPartialSector
 .text._FAT_cache_readLittleEndianValue
                0x0200b778       0x70 C:/devkitPro/libnds/lib\libfat.a(cache.o)
                0x0200b778                _FAT_cache_readLittleEndianValue
 .text._FAT_cache_writePartialSector
                0x0200b7e8       0x4c C:/devkitPro/libnds/lib\libfat.a(cache.o)
                0x0200b7e8                _FAT_cache_writePartialSector
 .text._FAT_cache_writeLittleEndianValue
                0x0200b834       0x8c C:/devkitPro/libnds/lib\libfat.a(cache.o)
                0x0200b834                _FAT_cache_writeLittleEndianValue
 .text._FAT_cache_eraseWritePartialSector
                0x0200b8c0       0x60 C:/devkitPro/libnds/lib\libfat.a(cache.o)
                0x0200b8c0                _FAT_cache_eraseWritePartialSector
 .text._FAT_cache_writeSectors
                0x0200b920       0x80 C:/devkitPro/libnds/lib\libfat.a(cache.o)
                0x0200b920                _FAT_cache_writeSectors
 .text._FAT_cache_flush
                0x0200b9a0       0x40 C:/devkitPro/libnds/lib\libfat.a(cache.o)
                0x0200b9a0                _FAT_cache_flush
 .text._FAT_stat_r
                0x0200b9e0       0x90 C:/devkitPro/libnds/lib\libfat.a(fatdir.o)
                0x0200b9e0                _FAT_stat_r
 .text._FAT_link_r
                0x0200ba70        0xc C:/devkitPro/libnds/lib\libfat.a(fatdir.o)
                0x0200ba70                _FAT_link_r
 .text._FAT_unlink_r
                0x0200ba7c      0x184 C:/devkitPro/libnds/lib\libfat.a(fatdir.o)
                0x0200ba7c                _FAT_unlink_r
 .text._FAT_chdir_r
                0x0200bc00       0x70 C:/devkitPro/libnds/lib\libfat.a(fatdir.o)
                0x0200bc00                _FAT_chdir_r
 .text._FAT_rename_r
                0x0200bc70      0x1c4 C:/devkitPro/libnds/lib\libfat.a(fatdir.o)
                0x0200bc70                _FAT_rename_r
 .text._FAT_mkdir_r
                0x0200be34      0x244 C:/devkitPro/libnds/lib\libfat.a(fatdir.o)
                0x0200be34                _FAT_mkdir_r
 .text._FAT_statvfs_r
                0x0200c078       0x78 C:/devkitPro/libnds/lib\libfat.a(fatdir.o)
                0x0200c078                _FAT_statvfs_r
 .text._FAT_diropen_r
                0x0200c0f0       0xb0 C:/devkitPro/libnds/lib\libfat.a(fatdir.o)
                0x0200c0f0                _FAT_diropen_r
 .text._FAT_dirreset_r
                0x0200c1a0       0x4c C:/devkitPro/libnds/lib\libfat.a(fatdir.o)
                0x0200c1a0                _FAT_dirreset_r
 .text._FAT_dirnext_r
                0x0200c1ec       0x7c C:/devkitPro/libnds/lib\libfat.a(fatdir.o)
                0x0200c1ec                _FAT_dirnext_r
 .text._FAT_dirclose_r
                0x0200c268       0x20 C:/devkitPro/libnds/lib\libfat.a(fatdir.o)
                0x0200c268                _FAT_dirclose_r
 .text._FAT_directory_entryGetAlias
                0x0200c288       0xc8 C:/devkitPro/libnds/lib\libfat.a(directory.o)
 .text._FAT_directory_incrementDirEntryPosition
                0x0200c350       0x80 C:/devkitPro/libnds/lib\libfat.a(directory.o)
 .text._FAT_directory_mbsncasecmp
                0x0200c3d0       0xa8 C:/devkitPro/libnds/lib\libfat.a(directory.o)
 .text._FAT_directory_ucs2tombs.constprop.0
                0x0200c478       0x90 C:/devkitPro/libnds/lib\libfat.a(directory.o)
 .text._FAT_directory_entryGetCluster
                0x0200c508       0x20 C:/devkitPro/libnds/lib\libfat.a(directory.o)
                0x0200c508                _FAT_directory_entryGetCluster
 .text._FAT_directory_getNextEntry
                0x0200c528      0x23c C:/devkitPro/libnds/lib\libfat.a(directory.o)
                0x0200c528                _FAT_directory_getNextEntry
 .text._FAT_directory_entryExists
                0x0200c764       0x80 C:/devkitPro/libnds/lib\libfat.a(directory.o)
 .text._FAT_directory_getFirstEntry
                0x0200c7e4       0x20 C:/devkitPro/libnds/lib\libfat.a(directory.o)
                0x0200c7e4                _FAT_directory_getFirstEntry
 .text._FAT_directory_getRootEntry
                0x0200c804       0x60 C:/devkitPro/libnds/lib\libfat.a(directory.o)
                0x0200c804                _FAT_directory_getRootEntry
 .text._FAT_directory_entryFromPosition
                0x0200c864      0x150 C:/devkitPro/libnds/lib\libfat.a(directory.o)
                0x0200c864                _FAT_directory_entryFromPosition
 .text._FAT_directory_entryFromPath
                0x0200c9b4      0x248 C:/devkitPro/libnds/lib\libfat.a(directory.o)
                0x0200c9b4                _FAT_directory_entryFromPath
 .text._FAT_directory_removeEntry
                0x0200cbfc       0xd8 C:/devkitPro/libnds/lib\libfat.a(directory.o)
                0x0200cbfc                _FAT_directory_removeEntry
 .text._FAT_directory_addEntry
                0x0200ccd4      0x808 C:/devkitPro/libnds/lib\libfat.a(directory.o)
                0x0200ccd4                _FAT_directory_addEntry
 .text._FAT_directory_chdir
                0x0200d4dc       0x3c C:/devkitPro/libnds/lib\libfat.a(directory.o)
                0x0200d4dc                _FAT_directory_chdir
 .text._FAT_directory_entryStat
                0x0200d518       0xe4 C:/devkitPro/libnds/lib\libfat.a(directory.o)
                0x0200d518                _FAT_directory_entryStat
 .text.isValidMBR
                0x0200d5fc       0x5c C:/devkitPro/libnds/lib\libfat.a(partition.o)
 .text._FAT_updateFS_INFO
                0x0200d658       0x54 C:/devkitPro/libnds/lib\libfat.a(partition.o)
 .text.FindFirstValidPartition_buf.part.0
                0x0200d6ac      0x11c C:/devkitPro/libnds/lib\libfat.a(partition.o)
 .text._FAT_partition_getPartitionFromPath
                0x0200d7c8       0x10 C:/devkitPro/libnds/lib\libfat.a(partition.o)
                0x0200d7c8                _FAT_partition_getPartitionFromPath
 .text._FAT_partition_createFSinfo
                0x0200d7d8       0x50 C:/devkitPro/libnds/lib\libfat.a(partition.o)
                0x0200d7d8                _FAT_partition_createFSinfo
 .text._FAT_partition_readFSinfo.part.0
                0x0200d828       0x74 C:/devkitPro/libnds/lib\libfat.a(partition.o)
 .text._FAT_partition_constructor_buf
                0x0200d89c      0x2e8 C:/devkitPro/libnds/lib\libfat.a(partition.o)
                0x0200d89c                _FAT_partition_constructor_buf
 .text._FAT_partition_constructor
                0x0200db84       0x40 C:/devkitPro/libnds/lib\libfat.a(partition.o)
                0x0200db84                _FAT_partition_constructor
 .text._FAT_partition_readFSinfo
                0x0200dbc4       0x10 C:/devkitPro/libnds/lib\libfat.a(partition.o)
                0x0200dbc4                _FAT_partition_readFSinfo
 .text._FAT_lock_init
                0x0200dbd4        0x4 C:/devkitPro/libnds/lib\libfat.a(lock.o)
                0x0200dbd4                _FAT_lock_init
 .text._FAT_lock
                0x0200dbd8        0x4 C:/devkitPro/libnds/lib\libfat.a(lock.o)
                0x0200dbd8                _FAT_lock
 .text._FAT_unlock
                0x0200dbdc        0x4 C:/devkitPro/libnds/lib\libfat.a(lock.o)
                0x0200dbdc                _FAT_unlock
 .text._FAT_filetime_getTimeFromRTC
                0x0200dbe0       0x44 C:/devkitPro/libnds/lib\libfat.a(filetime.o)
                0x0200dbe0                _FAT_filetime_getTimeFromRTC
 .text._FAT_filetime_getDateFromRTC
                0x0200dc24       0x44 C:/devkitPro/libnds/lib\libfat.a(filetime.o)
                0x0200dc24                _FAT_filetime_getDateFromRTC
 .text._FAT_filetime_to_time_t
                0x0200dc68       0x38 C:/devkitPro/libnds/lib\libfat.a(filetime.o)
                0x0200dc68                _FAT_filetime_to_time_t
 .text._FAT_fat_writeFatEntry.part.0.isra.0
                0x0200dca0      0x12c C:/devkitPro/libnds/lib\libfat.a(file_allocation_table.o)
 .text._FAT_fat_nextCluster
                0x0200ddcc      0x108 C:/devkitPro/libnds/lib\libfat.a(file_allocation_table.o)
                0x0200ddcc                _FAT_fat_nextCluster
 .text._FAT_fat_linkFreeCluster
                0x0200ded4       0xac C:/devkitPro/libnds/lib\libfat.a(file_allocation_table.o)
                0x0200ded4                _FAT_fat_linkFreeCluster
 .text._FAT_fat_linkFreeClusterCleared
                0x0200df80       0x68 C:/devkitPro/libnds/lib\libfat.a(file_allocation_table.o)
                0x0200df80                _FAT_fat_linkFreeClusterCleared
 .text._FAT_fat_clearLinks
                0x0200dfe8       0x7c C:/devkitPro/libnds/lib\libfat.a(file_allocation_table.o)
                0x0200dfe8                _FAT_fat_clearLinks
 .text._FAT_fat_trimChain
                0x0200e064       0x80 C:/devkitPro/libnds/lib\libfat.a(file_allocation_table.o)
                0x0200e064                _FAT_fat_trimChain
 .text._FAT_fat_lastCluster
                0x0200e0e4       0x34 C:/devkitPro/libnds/lib\libfat.a(file_allocation_table.o)
                0x0200e0e4                _FAT_fat_lastCluster
 .text._FAT_fat_freeClusterCount
                0x0200e118       0x2c C:/devkitPro/libnds/lib\libfat.a(file_allocation_table.o)
                0x0200e118                _FAT_fat_freeClusterCount
 .text.setBrightness
                0x0200e144       0x40 C:/devkitPro/libnds/lib\libnds9.a(video.o)
                0x0200e144                setBrightness
 .text.vramDefault
                0x0200e184       0xd0 C:/devkitPro/libnds/lib\libnds9.a(video.o)
                0x0200e184                vramDefault
 .text.newRow   0x0200e254       0xa8 C:/devkitPro/libnds/lib\libnds9.a(console.o)
 .text.consolePrintChar
                0x0200e2fc       0xe0 C:/devkitPro/libnds/lib\libnds9.a(console.o)
                0x0200e2fc                consolePrintChar
 .text.con_write
                0x0200e3dc      0x36c C:/devkitPro/libnds/lib\libnds9.a(console.o)
                0x0200e3dc                con_write
 .text.consoleLoadFont
                0x0200e748      0x2a0 C:/devkitPro/libnds/lib\libnds9.a(console.o)
                0x0200e748                consoleLoadFont
 .text.consoleInit
                0x0200e9e8      0x18c C:/devkitPro/libnds/lib\libnds9.a(console.o)
                0x0200e9e8                consoleInit
 .text.consoleDemoInit
                0x0200eb74       0x40 C:/devkitPro/libnds/lib\libnds9.a(console.o)
                0x0200eb74                consoleDemoInit
 .text.oamInit  0x0200ebb4      0x114 C:/devkitPro/libnds/lib\libnds9.a(sprite.o)
                0x0200ebb4                oamInit
 .text.oamGfxPtrToOffset
                0x0200ecc8       0x34 C:/devkitPro/libnds/lib\libnds9.a(sprite.o)
                0x0200ecc8                oamGfxPtrToOffset
 .text.oamSet   0x0200ecfc      0x104 C:/devkitPro/libnds/lib\libnds9.a(sprite.o)
                0x0200ecfc                oamSet
 .text.oamUpdate
                0x0200ee00       0x60 C:/devkitPro/libnds/lib\libnds9.a(sprite.o)
                0x0200ee00                oamUpdate
 .text.oamRotateScale
                0x0200ee60       0x4c C:/devkitPro/libnds/lib\libnds9.a(sprite.o)
                0x0200ee60                oamRotateScale
 .text.scanKeys
                0x0200eeac       0x8c C:/devkitPro/libnds/lib\libnds9.a(keys.o)
                0x0200eeac                scanKeys
 .text.keysHeld
                0x0200ef38        0xc C:/devkitPro/libnds/lib\libnds9.a(keys.o)
                0x0200ef38                keysHeld
 .text.keysDown
                0x0200ef44       0x14 C:/devkitPro/libnds/lib\libnds9.a(keys.o)
                0x0200ef44                keysDown
 .text.dldiGetInternal
                0x0200ef58       0x34 C:/devkitPro/libnds/lib\libnds9.a(dldi.o)
                0x0200ef58                dldiGetInternal
 .text.get_io_dsisd
                0x0200ef8c       0x24 C:/devkitPro/libnds/lib\libnds9.a(dldi.o)
                0x0200ef8c                get_io_dsisd
 .text.__syscall_gettod_r
                0x0200efb0       0x28 C:/devkitPro/libnds/lib\libnds9.a(initSystem.o)
                0x0200efb0                __syscall_gettod_r
 .text.__syscall_exit
                0x0200efd8        0x8 C:/devkitPro/libnds/lib\libnds9.a(initSystem.o)
                0x0200efd8                __syscall_exit
 .text.initSystem
                0x0200efe0      0x180 C:/devkitPro/libnds/lib\libnds9.a(initSystem.o)
                0x0200efe0                initSystem
 .text.irqDummy
                0x0200f160        0x4 C:/devkitPro/libnds/lib\libnds9.a(interrupts.o)
                0x0200f160                irqDummy
 .text.irqSet   0x0200f164       0x6c C:/devkitPro/libnds/lib\libnds9.a(interrupts.o)
                0x0200f164                irqSet
 .text.irqInit  0x0200f1d0       0x50 C:/devkitPro/libnds/lib\libnds9.a(interrupts.o)
                0x0200f1d0                irqInit
 .text.irqEnable
                0x0200f220       0x64 C:/devkitPro/libnds/lib\libnds9.a(interrupts.o)
                0x0200f220                irqEnable
 .text.systemErrorExit
                0x0200f284        0x4 C:/devkitPro/libnds/lib\libnds9.a(libnds_exit.arm.o)
                0x0200f284                systemErrorExit
 .text.__libnds_exit
                0x0200f288       0x5c C:/devkitPro/libnds/lib\libnds9.a(libnds_exit.arm.o)
                0x0200f288                __libnds_exit
 .text.cardPolledTransfer
                0x0200f2e4       0x54 C:/devkitPro/libnds/lib\libnds9.a(card.o)
                0x0200f2e4                cardPolledTransfer
 .text.cardParamCommand
                0x0200f338       0x34 C:/devkitPro/libnds/lib\libnds9.a(card.o)
                0x0200f338                cardParamCommand
 .text.fifo_queueBlock
                0x0200f36c       0x44 C:/devkitPro/libnds/lib\libnds9.a(fifosystem.o)
 .text.fifo_waitBlock
                0x0200f3b0       0x80 C:/devkitPro/libnds/lib\libnds9.a(fifosystem.o)
 .text.fifoInternalSend.part.0
                0x0200f430       0xd4 C:/devkitPro/libnds/lib\libnds9.a(fifosystem.o)
 .text.fifoInternalSendInterrupt
                0x0200f504       0xb0 C:/devkitPro/libnds/lib\libnds9.a(fifosystem.o)
 .text.fifoSetValue32Handler
                0x0200f5b4       0xd4 C:/devkitPro/libnds/lib\libnds9.a(fifosystem.o)
                0x0200f5b4                fifoSetValue32Handler
 .text.fifoSendValue32
                0x0200f688       0x4c C:/devkitPro/libnds/lib\libnds9.a(fifosystem.o)
                0x0200f688                fifoSendValue32
 .text.fifoSendDatamsg
                0x0200f6d4       0x90 C:/devkitPro/libnds/lib\libnds9.a(fifosystem.o)
                0x0200f6d4                fifoSendDatamsg
 .text.fifoGetValue32
                0x0200f764       0x70 C:/devkitPro/libnds/lib\libnds9.a(fifosystem.o)
                0x0200f764                fifoGetValue32
 .text.fifoGetDatamsg
                0x0200f7d4       0xf4 C:/devkitPro/libnds/lib\libnds9.a(fifosystem.o)
                0x0200f7d4                fifoGetDatamsg
 .text.fifoInternalRecvInterrupt
                0x0200f8c8      0x37c C:/devkitPro/libnds/lib\libnds9.a(fifosystem.o)
 .text.fifoSetDatamsgHandler
                0x0200fc44       0x9c C:/devkitPro/libnds/lib\libnds9.a(fifosystem.o)
                0x0200fc44                fifoSetDatamsgHandler
 .text.fifoCheckValue32
                0x0200fce0       0x24 C:/devkitPro/libnds/lib\libnds9.a(fifosystem.o)
                0x0200fce0                fifoCheckValue32
 .text.fifoInit
                0x0200fd04      0x108 C:/devkitPro/libnds/lib\libnds9.a(fifosystem.o)
                0x0200fd04                fifoInit
 .text.DC_FlushRange
                0x0200fe0c       0x24 C:/devkitPro/libnds/lib\libnds9.a(dcache.o)
                0x0200fe0c                DC_FlushRange
 .text.DC_InvalidateRange
                0x0200fe30       0x2c C:/devkitPro/libnds/lib\libnds9.a(dcache.o)
                0x0200fe30                DC_InvalidateRange
 .text.__libnds_mpu_setup
                0x0200fe5c      0x174 C:/devkitPro/libnds/lib\libnds9.a(mpu_setup.o)
                0x0200fe5c                __libnds_mpu_setup
 .text.memUncached
                0x0200ffd0       0x20 C:/devkitPro/libnds/lib\libnds9.a(mpu_setup.o)
                0x0200ffd0                memUncached
 .text.swiWaitForVBlank
                0x0200fff0        0x8 C:/devkitPro/libnds/lib\libnds9.a(IntrWait.o)
                0x0200fff0                swiWaitForVBlank
 .text.swiIntrWait
                0x0200fff8       0x70 C:/devkitPro/libnds/lib\libnds9.a(IntrWait.o)
                0x0200fff8                swiIntrWait
 .text.setCpuClock
                0x02010068       0x50 C:/devkitPro/libnds/lib\libnds9.a(cpu_clock.o)
                0x02010068                setCpuClock
 .text.swiDelay
                0x020100b8        0x4 C:/devkitPro/libnds/lib\libnds9.a(biosCalls.o)
                0x020100b8                swiDelay
 .text.swiSoftReset
                0x020100bc       0x2c C:/devkitPro/libnds/lib\libnds9.a(swiSoftReset.o)
                0x020100bc                swiSoftReset
 .text.checkIfText
                0x020100e8       0x5c C:/devkitPro/libnds/lib\libnds9.a(background.o)
                0x020100e8                checkIfText
 .text.bgUpdate
                0x02010144       0xf4 C:/devkitPro/libnds/lib\libnds9.a(background.o)
                0x02010144                bgUpdate
 .text.bgInit_call
                0x02010238       0xc4 C:/devkitPro/libnds/lib\libnds9.a(background.o)
                0x02010238                bgInit_call
 .text.bgInitSub_call
                0x020102fc       0xcc C:/devkitPro/libnds/lib\libnds9.a(background.o)
                0x020102fc                bgInitSub_call
 .text.sinLutLookup
                0x020103c8       0x4c C:/devkitPro/libnds/lib\libnds9.a(trig.o)
                0x020103c8                sinLutLookup
 .text.sinLerp  0x02010414       0x40 C:/devkitPro/libnds/lib\libnds9.a(trig.o)
                0x02010414                sinLerp
 .text.cosLerp  0x02010454       0x4c C:/devkitPro/libnds/lib\libnds9.a(trig.o)
                0x02010454                cosLerp
 .text.oamAllocReset
                0x020104a0       0x1c C:/devkitPro/libnds/lib\libnds9.a(sprite_alloc.o)
                0x020104a0                oamAllocReset
 .text.systemValueHandler
                0x020104bc       0x48 C:/devkitPro/libnds/lib\libnds9.a(system.o)
                0x020104bc                systemValueHandler
 .text.systemMsgHandler
                0x02010504       0x60 C:/devkitPro/libnds/lib\libnds9.a(system.o)
                0x02010504                systemMsgHandler
 .text.powerOn  0x02010564       0x2c C:/devkitPro/libnds/lib\libnds9.a(system.o)
                0x02010564                powerOn
 .text.__muldi3
                0x02010590       0x18 C:/devkitPro/devkitARM/bin/../lib/gcc/arm-none-eabi/13.2.0\libgcc.a(_muldi3.o)
                0x02010590                __muldi3
                0x02010590                __aeabi_lmul
 .text.__udivmoddi4
                0x020105a8      0x128 C:/devkitPro/devkitARM/bin/../lib/gcc/arm-none-eabi/13.2.0\libgcc.a(_udivmoddi4.o)
                0x020105a8                __udivmoddi4
 .text.towlower
                0x020106d0       0x14 C:/devkitPro/devkitARM/bin/../lib/gcc/arm-none-eabi/13.2.0/../../../../arm-none-eabi/lib\libg.a(libc_a-towlower.o)
                0x020106d0                towlower
 .text._mbrtowc_r
                0x020106e4       0xc0 C:/devkitPro/devkitARM/bin/../lib/gcc/arm-none-eabi/13.2.0/../../../../arm-none-eabi/lib\libg.a(libc_a-mbrtowc.o)
                0x020106e4                _mbrtowc_r
 .text.mbrtowc  0x020107a4       0xc4 C:/devkitPro/devkitARM/bin/../lib/gcc/arm-none-eabi/13.2.0/../../../../arm-none-eabi/lib\libg.a(libc_a-mbrtowc.o)
                0x020107a4                mbrtowc
 .text._wcrtomb_r
                0x02010868       0xac C:/devkitPro/devkitARM/bin/../lib/gcc/arm-none-eabi/13.2.0/../../../../arm-none-eabi/lib\libg.a(libc_a-wcrtomb.o)
                0x02010868                _wcrtomb_r
 .text.wcrtomb  0x02010914       0xb4 C:/devkitPro/devkitARM/bin/../lib/gcc/arm-none-eabi/13.2.0/../../../../arm-none-eabi/lib\libg.a(libc_a-wcrtomb.o)
                0x02010914                wcrtomb
 .text.towupper
                0x020109c8       0x14 C:/devkitPro/devkitARM/bin/../lib/gcc/arm-none-eabi/13.2.0/../../../../arm-none-eabi/lib\libg.a(libc_a-towupper.o)
                0x020109c8                towupper
 .text.mbsrtowcs
                0x020109dc       0x3c C:/devkitPro/devkitARM/bin/../lib/gcc/arm-none-eabi/13.2.0/../../../../arm-none-eabi/lib\libg.a(libc_a-mbsrtowcs.o)
                0x020109dc                mbsrtowcs
 .text.wctob    0x02010a18       0x88 C:/devkitPro/devkitARM/bin/../lib/gcc/arm-none-eabi/13.2.0/../../../../arm-none-eabi/lib\libg.a(libc_a-wctob.o)
                0x02010a18                wctob
 .text.rewind   0x02010aa0       0x30 C:/devkitPro/devkitARM/bin/../lib/gcc/arm-none-eabi/13.2.0/../../../../arm-none-eabi/lib\libg.a(libc_a-rewind.o)
                0x02010aa0                rewind
 .text.towctrans
                0x02010ad0       0x48 C:/devkitPro/devkitARM/bin/../lib/gcc/arm-none-eabi/13.2.0/../../../../arm-none-eabi/lib\libg.a(libc_a-towctrans.o)
                0x02010ad0                towctrans
 .text.snprintf
                0x02010b18       0xcc C:/devkitPro/devkitARM/bin/../lib/gcc/arm-none-eabi/13.2.0/../../../../arm-none-eabi/lib\libg.a(libc_a-snprintf.o)
                0x02010b18                snprintf
 .text.siscanf  0x02010be4       0x74 C:/devkitPro/devkitARM/bin/../lib/gcc/arm-none-eabi/13.2.0/../../../../arm-none-eabi/lib\libg.a(libc_a-siscanf.o)
                0x02010be4                siscanf
 .text.calloc   0x02010c58       0x24 C:/devkitPro/devkitARM/bin/../lib/gcc/arm-none-eabi/13.2.0/../../../../arm-none-eabi/lib\libg.a(libc_a-calloc.o)
                0x02010c58                calloc
 .text._calloc_r
                0x02010c7c       0xd0 C:/devkitPro/devkitARM/bin/../lib/gcc/arm-none-eabi/13.2.0/../../../../arm-none-eabi/lib\libg.a(libc_a-callocr.o)
                0x02010c7c                _calloc_r
 .text.setvbuf  0x02010d4c      0x25c C:/devkitPro/devkitARM/bin/../lib/gcc/arm-none-eabi/13.2.0/../../../../arm-none-eabi/lib\libg.a(libc_a-setvbuf.o)
                0x02010d4c                setvbuf
 .text.get_arg  0x02010fa8       0x54 C:/devkitPro/devkitARM/bin/../lib/gcc/arm-none-eabi/13.2.0/../../../../arm-none-eabi/lib\libg.a(libc_a-svfiscanf.o)
 .text._sungetc_r
                0x02010ffc       0xe4 C:/devkitPro/devkitARM/bin/../lib/gcc/arm-none-eabi/13.2.0/../../../../arm-none-eabi/lib\libg.a(libc_a-svfiscanf.o)
                0x02010ffc                _sungetc_r
 .text.__ssrefill_r
                0x020110e0       0x68 C:/devkitPro/devkitARM/bin/../lib/gcc/arm-none-eabi/13.2.0/../../../../arm-none-eabi/lib\libg.a(libc_a-svfiscanf.o)
                0x020110e0                __ssrefill_r
 .text._sfread_r
                0x02011148       0xc8 C:/devkitPro/devkitARM/bin/../lib/gcc/arm-none-eabi/13.2.0/../../../../arm-none-eabi/lib\libg.a(libc_a-svfiscanf.o)
                0x02011148                _sfread_r
 .text.__ssvfiscanf_r
                0x02011210     0x22dc C:/devkitPro/devkitARM/bin/../lib/gcc/arm-none-eabi/13.2.0/../../../../arm-none-eabi/lib\libg.a(libc_a-svfiscanf.o)
                0x02011210                __ssvfiscanf_r
 .text._malloc_trim_r
                0x020134ec      0x100 C:/devkitPro/devkitARM/bin/../lib/gcc/arm-none-eabi/13.2.0/../../../../arm-none-eabi/lib\libg.a(libc_a-freer.o)
                0x020134ec                _malloc_trim_r
 .text._free_r  0x020135ec      0x2e8 C:/devkitPro/devkitARM/bin/../lib/gcc/arm-none-eabi/13.2.0/../../../../arm-none-eabi/lib\libg.a(libc_a-freer.o)
                0x020135ec                _free_r
 .text.iprintf  0x020138d4       0x34 C:/devkitPro/devkitARM/bin/../lib/gcc/arm-none-eabi/13.2.0/../../../../arm-none-eabi/lib\libg.a(libc_a-iprintf.o)
                0x020138d4                iprintf
 .text.strchr   0x02013908      0x13c C:/devkitPro/devkitARM/bin/../lib/gcc/arm-none-eabi/13.2.0/../../../../arm-none-eabi/lib\libg.a(libc_a-strchr.o)
                0x02013908                strchr
 .text.memcmp   0x02013a44       0xe0 C:/devkitPro/devkitARM/bin/../lib/gcc/arm-none-eabi/13.2.0/../../../../arm-none-eabi/lib\libg.a(libc_a-memcmp.o)
                0x02013a44                memcmp
 .text._fclose_r
                0x02013b24      0x150 C:/devkitPro/devkitARM/bin/../lib/gcc/arm-none-eabi/13.2.0/../../../../arm-none-eabi/lib\libg.a(libc_a-fclose.o)
                0x02013b24                _fclose_r
 .text.fclose   0x02013c74       0x18 C:/devkitPro/devkitARM/bin/../lib/gcc/arm-none-eabi/13.2.0/../../../../arm-none-eabi/lib\libg.a(libc_a-fclose.o)
                0x02013c74                fclose
 .text.get_arg  0x02013c8c      0x654 C:/devkitPro/devkitARM/bin/../lib/gcc/arm-none-eabi/13.2.0/../../../../arm-none-eabi/lib\libg.a(libc_a-svfprintf.o)
 .text._svfprintf_r
                0x020142e0     0x3518 C:/devkitPro/devkitARM/bin/../lib/gcc/arm-none-eabi/13.2.0/../../../../arm-none-eabi/lib\libg.a(libc_a-svfprintf.o)
                0x020142e0                _svfprintf_r
 .text.malloc   0x020177f8       0x1c C:/devkitPro/devkitARM/bin/../lib/gcc/arm-none-eabi/13.2.0/../../../../arm-none-eabi/lib\libg.a(libc_a-malloc.o)
                0x020177f8                malloc
 .text.free     0x02017814       0x1c C:/devkitPro/devkitARM/bin/../lib/gcc/arm-none-eabi/13.2.0/../../../../arm-none-eabi/lib\libg.a(libc_a-malloc.o)
                0x02017814                free
 .text._malloc_r
                0x02017830      0x7a4 C:/devkitPro/devkitARM/bin/../lib/gcc/arm-none-eabi/13.2.0/../../../../arm-none-eabi/lib\libg.a(libc_a-mallocr.o)
                0x02017830                _malloc_r
 .text.memmove  0x02017fd4      0x154 C:/devkitPro/devkitARM/bin/../lib/gcc/arm-none-eabi/13.2.0/../../../../arm-none-eabi/lib\libg.a(libc_a-memmove.o)
                0x02017fd4                memmove
 .text.memset   0x02018128       0xfc C:/devkitPro/devkitARM/bin/../lib/gcc/arm-none-eabi/13.2.0/../../../../arm-none-eabi/lib\libg.a(libc_a-memset.o)
                0x02018128                memset
 .text.__malloc_lock
                0x02018224       0x18 C:/devkitPro/devkitARM/bin/../lib/gcc/arm-none-eabi/13.2.0/../../../../arm-none-eabi/lib\libg.a(libc_a-mlock.o)
                0x02018224                __malloc_lock
 .text.__malloc_unlock
                0x0201823c       0x18 C:/devkitPro/devkitARM/bin/../lib/gcc/arm-none-eabi/13.2.0/../../../../arm-none-eabi/lib\libg.a(libc_a-mlock.o)
                0x0201823c                __malloc_unlock
 .text.strlen   0x02018254       0x94 C:/devkitPro/devkitARM/bin/../lib/gcc/arm-none-eabi/13.2.0/../../../../arm-none-eabi/lib\libg.a(libc_a-strlen.o)
                0x02018254                strlen
 .text._fopen_r
                0x020182e8      0x138 C:/devkitPro/devkitARM/bin/../lib/gcc/arm-none-eabi/13.2.0/../../../../arm-none-eabi/lib\libg.a(libc_a-fopen.o)
                0x020182e8                _fopen_r
 .text.fopen    0x02018420       0x20 C:/devkitPro/devkitARM/bin/../lib/gcc/arm-none-eabi/13.2.0/../../../../arm-none-eabi/lib\libg.a(libc_a-fopen.o)
                0x02018420                fopen
 .text.__sflush_r
                0x02018440      0x248 C:/devkitPro/devkitARM/bin/../lib/gcc/arm-none-eabi/13.2.0/../../../../arm-none-eabi/lib\libg.a(libc_a-fflush.o)
                0x02018440                __sflush_r
 .text._fflush_r
                0x02018688       0x9c C:/devkitPro/devkitARM/bin/../lib/gcc/arm-none-eabi/13.2.0/../../../../arm-none-eabi/lib\libg.a(libc_a-fflush.o)
                0x02018688                _fflush_r
 .text.strpbrk  0x02018724       0x7c C:/devkitPro/devkitARM/bin/../lib/gcc/arm-none-eabi/13.2.0/../../../../arm-none-eabi/lib\libg.a(libc_a-strpbrk.o)
                0x02018724                strpbrk
 .text.strdup   0x020187a0       0x1c C:/devkitPro/devkitARM/bin/../lib/gcc/arm-none-eabi/13.2.0/../../../../arm-none-eabi/lib\libg.a(libc_a-strdup.o)
                0x020187a0                strdup
 .text.strcasecmp
                0x020187bc       0x70 C:/devkitPro/devkitARM/bin/../lib/gcc/arm-none-eabi/13.2.0/../../../../arm-none-eabi/lib\libg.a(libc_a-strcasecmp.o)
                0x020187bc                strcasecmp
 .text.strrchr  0x0201882c       0x58 C:/devkitPro/devkitARM/bin/../lib/gcc/arm-none-eabi/13.2.0/../../../../arm-none-eabi/lib\libg.a(libc_a-strrchr.o)
                0x0201882c                strrchr
 .text.strncasecmp
                0x02018884       0x8c C:/devkitPro/devkitARM/bin/../lib/gcc/arm-none-eabi/13.2.0/../../../../arm-none-eabi/lib\libg.a(libc_a-strncasecmp.o)
                0x02018884                strncasecmp
 .text._strdup_r
                0x02018910       0x44 C:/devkitPro/devkitARM/bin/../lib/gcc/arm-none-eabi/13.2.0/../../../../arm-none-eabi/lib\libg.a(libc_a-strdup_r.o)
                0x02018910                _strdup_r
 .text.ftell    0x02018954       0x30 C:/devkitPro/devkitARM/bin/../lib/gcc/arm-none-eabi/13.2.0/../../../../arm-none-eabi/lib\libg.a(libc_a-ftell.o)
                0x02018954                ftell
 .text.strncmp  0x02018984       0xec C:/devkitPro/devkitARM/bin/../lib/gcc/arm-none-eabi/13.2.0/../../../../arm-none-eabi/lib\libg.a(libc_a-strncmp.o)
                0x02018984                strncmp
 .text._fwalk_sglue
                0x02018a70       0x78 C:/devkitPro/devkitARM/bin/../lib/gcc/arm-none-eabi/13.2.0/../../../../arm-none-eabi/lib\libg.a(libc_a-fwalk.o)
                0x02018a70                _fwalk_sglue
 .text._fread_r
                0x02018ae8      0x33c C:/devkitPro/devkitARM/bin/../lib/gcc/arm-none-eabi/13.2.0/../../../../arm-none-eabi/lib\libg.a(libc_a-fread.o)
                0x02018ae8                _fread_r
 .text.fread    0x02018e24       0x3c C:/devkitPro/devkitARM/bin/../lib/gcc/arm-none-eabi/13.2.0/../../../../arm-none-eabi/lib\libg.a(libc_a-fread.o)
                0x02018e24                fread
 .text.strncpy  0x02018e60       0xd0 C:/devkitPro/devkitARM/bin/../lib/gcc/arm-none-eabi/13.2.0/../../../../arm-none-eabi/lib\libg.a(libc_a-strncpy.o)
                0x02018e60                strncpy
 .text.stdio_exit_handler
                0x02018f30       0x28 C:/devkitPro/devkitARM/bin/../lib/gcc/arm-none-eabi/13.2.0/../../../../arm-none-eabi/lib\libg.a(libc_a-findfp.o)
 .text.cleanup_stdio
                0x02018f58       0x54 C:/devkitPro/devkitARM/bin/../lib/gcc/arm-none-eabi/13.2.0/../../../../arm-none-eabi/lib\libg.a(libc_a-findfp.o)
 .text.global_stdio_init.part.0
                0x02018fac      0x158 C:/devkitPro/devkitARM/bin/../lib/gcc/arm-none-eabi/13.2.0/../../../../arm-none-eabi/lib\libg.a(libc_a-findfp.o)
 .text.__sfp    0x02019104      0x138 C:/devkitPro/devkitARM/bin/../lib/gcc/arm-none-eabi/13.2.0/../../../../arm-none-eabi/lib\libg.a(libc_a-findfp.o)
                0x02019104                __sfp
 .text.__sinit  0x0201923c       0x64 C:/devkitPro/devkitARM/bin/../lib/gcc/arm-none-eabi/13.2.0/../../../../arm-none-eabi/lib\libg.a(libc_a-findfp.o)
                0x0201923c                __sinit
 .text.__sfp_lock_acquire
                0x020192a0       0x18 C:/devkitPro/devkitARM/bin/../lib/gcc/arm-none-eabi/13.2.0/../../../../arm-none-eabi/lib\libg.a(libc_a-findfp.o)
                0x020192a0                __sfp_lock_acquire
 .text.__sfp_lock_release
                0x020192b8       0x18 C:/devkitPro/devkitARM/bin/../lib/gcc/arm-none-eabi/13.2.0/../../../../arm-none-eabi/lib\libg.a(libc_a-findfp.o)
                0x020192b8                __sfp_lock_release
 .text.localtime_r
                0x020192d0      0x374 C:/devkitPro/devkitARM/bin/../lib/gcc/arm-none-eabi/13.2.0/../../../../arm-none-eabi/lib\libg.a(libc_a-lcltime_r.o)
                0x020192d0                localtime_r
 .text.strnlen  0x02019644       0x48 C:/devkitPro/devkitARM/bin/../lib/gcc/arm-none-eabi/13.2.0/../../../../arm-none-eabi/lib\libg.a(libc_a-strnlen.o)
                0x02019644                strnlen
 .text._tzset_unlocked
                0x0201968c       0x14 C:/devkitPro/devkitARM/bin/../lib/gcc/arm-none-eabi/13.2.0/../../../../arm-none-eabi/lib\libg.a(libc_a-tzset.o)
                0x0201968c                _tzset_unlocked
 .text.validate_structure
                0x020196a0      0x2e0 C:/devkitPro/devkitARM/bin/../lib/gcc/arm-none-eabi/13.2.0/../../../../arm-none-eabi/lib\libg.a(libc_a-mktime.o)
 .text.mktime   0x02019980      0x4cc C:/devkitPro/devkitARM/bin/../lib/gcc/arm-none-eabi/13.2.0/../../../../arm-none-eabi/lib\libg.a(libc_a-mktime.o)
                0x02019980                mktime
 .text.access   0x02019e4c       0x54 C:/devkitPro/devkitARM/bin/../lib/gcc/arm-none-eabi/13.2.0/../../../../arm-none-eabi/lib\libg.a(libc_a-access.o)
                0x02019e4c                access
 .text._fseek_r
                0x02019ea0       0x20 C:/devkitPro/devkitARM/bin/../lib/gcc/arm-none-eabi/13.2.0/../../../../arm-none-eabi/lib\libg.a(libc_a-fseek.o)
                0x02019ea0                _fseek_r
 .text.fseek    0x02019ec0       0x38 C:/devkitPro/devkitARM/bin/../lib/gcc/arm-none-eabi/13.2.0/../../../../arm-none-eabi/lib\libg.a(libc_a-fseek.o)
                0x02019ec0                fseek
 .text._tzset_unlocked_r
                0x02019ef8      0x688 C:/devkitPro/devkitARM/bin/../lib/gcc/arm-none-eabi/13.2.0/../../../../arm-none-eabi/lib\libg.a(libc_a-tzset_r.o)
                0x02019ef8                _tzset_unlocked_r
 .text._strtol_l.part.0
                0x0201a580      0x1b4 C:/devkitPro/devkitARM/bin/../lib/gcc/arm-none-eabi/13.2.0/../../../../arm-none-eabi/lib\libg.a(libc_a-strtol.o)
 .text._strtol_r
                0x0201a734       0x64 C:/devkitPro/devkitARM/bin/../lib/gcc/arm-none-eabi/13.2.0/../../../../arm-none-eabi/lib\libg.a(libc_a-strtol.o)
                0x0201a734                _strtol_r
 .text.realloc  0x0201a798       0x24 C:/devkitPro/devkitARM/bin/../lib/gcc/arm-none-eabi/13.2.0/../../../../arm-none-eabi/lib\libg.a(libc_a-realloc.o)
                0x0201a798                realloc
 .text.__gettzinfo
                0x0201a7bc        0xc C:/devkitPro/devkitARM/bin/../lib/gcc/arm-none-eabi/13.2.0/../../../../arm-none-eabi/lib\libg.a(libc_a-gettzinfo.o)
                0x0201a7bc                __gettzinfo
 .text._strtoul_l.isra.0
                0x0201a7c8      0x1dc C:/devkitPro/devkitARM/bin/../lib/gcc/arm-none-eabi/13.2.0/../../../../arm-none-eabi/lib\libg.a(libc_a-strtoul.o)
 .text._strtoul_r
                0x0201a9a4       0x30 C:/devkitPro/devkitARM/bin/../lib/gcc/arm-none-eabi/13.2.0/../../../../arm-none-eabi/lib\libg.a(libc_a-strtoul.o)
                0x0201a9a4                _strtoul_r
 .text.strtoul  0x0201a9d4       0x34 C:/devkitPro/devkitARM/bin/../lib/gcc/arm-none-eabi/13.2.0/../../../../arm-none-eabi/lib\libg.a(libc_a-strtoul.o)
                0x0201a9d4                strtoul
 .text.__locale_mb_cur_max
                0x0201aa08       0x28 C:/devkitPro/devkitARM/bin/../lib/gcc/arm-none-eabi/13.2.0/../../../../arm-none-eabi/lib\libg.a(libc_a-locale.o)
                0x0201aa08                __locale_mb_cur_max
 .text.time     0x0201aa30       0x50 C:/devkitPro/devkitARM/bin/../lib/gcc/arm-none-eabi/13.2.0/../../../../arm-none-eabi/lib\libg.a(libc_a-time.o)
                0x0201aa30                time
 .text._localeconv_r
                0x0201aa80       0x28 C:/devkitPro/devkitARM/bin/../lib/gcc/arm-none-eabi/13.2.0/../../../../arm-none-eabi/lib\libg.a(libc_a-localeconv.o)
                0x0201aa80                _localeconv_r
 .text.__tzcalc_limits
                0x0201aaa8      0x254 C:/devkitPro/devkitARM/bin/../lib/gcc/arm-none-eabi/13.2.0/../../../../arm-none-eabi/lib\libg.a(libc_a-tzcalc_limits.o)
                0x0201aaa8                __tzcalc_limits
 .text.strcpy   0x0201acfc       0xf0 C:/devkitPro/devkitARM/bin/../lib/gcc/arm-none-eabi/13.2.0/../../../../arm-none-eabi/lib\libg.a(libc_a-strcpy.o)
                0x0201acfc                strcpy
 .text.memchr   0x0201adec       0xf0 C:/devkitPro/devkitARM/bin/../lib/gcc/arm-none-eabi/13.2.0/../../../../arm-none-eabi/lib\libg.a(libc_a-memchr-stub.o)
                0x0201adec                memchr
 .text.__utf8_wctomb
                0x0201aedc       0xf4 C:/devkitPro/devkitARM/bin/../lib/gcc/arm-none-eabi/13.2.0/../../../../arm-none-eabi/lib\libg.a(libc_a-wctomb_r.o)
                0x0201aedc                __utf8_wctomb
 .text.memcpy   0x0201afd0      0x114 C:/devkitPro/devkitARM/bin/../lib/gcc/arm-none-eabi/13.2.0/../../../../arm-none-eabi/lib\libg.a(libc_a-memcpy-stub.o)
                0x0201afd0                memcpy
 .text.stpcpy   0x0201b0e4       0x74 C:/devkitPro/devkitARM/bin/../lib/gcc/arm-none-eabi/13.2.0/../../../../arm-none-eabi/lib\libg.a(libc_a-stpcpy.o)
                0x0201b0e4                stpcpy
 .text.__libc_init_array
                0x0201b158       0x90 C:/devkitPro/devkitARM/bin/../lib/gcc/arm-none-eabi/13.2.0/../../../../arm-none-eabi/lib\libg.a(libc_a-init.o)
                0x0201b158                __libc_init_array
 .text.__errno  0x0201b1e8       0x10 C:/devkitPro/devkitARM/bin/../lib/gcc/arm-none-eabi/13.2.0/../../../../arm-none-eabi/lib\libg.a(libc_a-errno.o)
                0x0201b1e8                __errno
 .text.lseek    0x0201b1f8       0x3c C:/devkitPro/devkitARM/bin/../lib/gcc/arm-none-eabi/13.2.0/../../../../arm-none-eabi/lib\libg.a(libc_a-syslseek.o)
                0x0201b1f8                lseek
 .text.open     0x0201b234       0x40 C:/devkitPro/devkitARM/bin/../lib/gcc/arm-none-eabi/13.2.0/../../../../arm-none-eabi/lib\libg.a(libc_a-sysopen.o)
                0x0201b234                open
 .text.read     0x0201b274       0x2c C:/devkitPro/devkitARM/bin/../lib/gcc/arm-none-eabi/13.2.0/../../../../arm-none-eabi/lib\libg.a(libc_a-sysread.o)
                0x0201b274                read
 .text.stat     0x0201b2a0       0x24 C:/devkitPro/devkitARM/bin/../lib/gcc/arm-none-eabi/13.2.0/../../../../arm-none-eabi/lib\libg.a(libc_a-sysstat.o)
                0x0201b2a0                stat
 .text.frexp    0x0201b2c4       0xa4 C:/devkitPro/devkitARM/bin/../lib/gcc/arm-none-eabi/13.2.0/../../../../arm-none-eabi/lib\libg.a(libm_a-s_frexp.o)
                0x0201b2c4                frexp
 .text._strtoll_l.isra.0
                0x0201b368      0x23c C:/devkitPro/devkitARM/bin/../lib/gcc/arm-none-eabi/13.2.0/../../../../arm-none-eabi/lib\libg.a(libc_a-strtoll.o)
 .text._strtoll_r
                0x0201b5a4       0x30 C:/devkitPro/devkitARM/bin/../lib/gcc/arm-none-eabi/13.2.0/../../../../arm-none-eabi/lib\libg.a(libc_a-strtoll.o)
                0x0201b5a4                _strtoll_r
 .text._strtoull_l.isra.0
                0x0201b5d4      0x260 C:/devkitPro/devkitARM/bin/../lib/gcc/arm-none-eabi/13.2.0/../../../../arm-none-eabi/lib\libg.a(libc_a-strtoull.o)
 .text._strtoull_r
                0x0201b834       0x30 C:/devkitPro/devkitARM/bin/../lib/gcc/arm-none-eabi/13.2.0/../../../../arm-none-eabi/lib\libg.a(libc_a-strtoull.o)
                0x0201b834                _strtoull_r
 .text.towctrans_l
                0x0201b864      0x244 C:/devkitPro/devkitARM/bin/../lib/gcc/arm-none-eabi/13.2.0/../../../../arm-none-eabi/lib\libg.a(libc_a-towctrans_l.o)
                0x0201b864                towctrans_l
 .text.iswspace
                0x0201baa8       0x14 C:/devkitPro/devkitARM/bin/../lib/gcc/arm-none-eabi/13.2.0/../../../../arm-none-eabi/lib\libg.a(libc_a-iswspace.o)
                0x0201baa8                iswspace
 .text.__smakebuf_r
                0x0201babc      0x138 C:/devkitPro/devkitARM/bin/../lib/gcc/arm-none-eabi/13.2.0/../../../../arm-none-eabi/lib\libg.a(libc_a-makebuf.o)
                0x0201babc                __smakebuf_r
 .text.__swhatbuf_r
                0x0201bbf4       0x80 C:/devkitPro/devkitARM/bin/../lib/gcc/arm-none-eabi/13.2.0/../../../../arm-none-eabi/lib\libg.a(libc_a-makebuf.o)
                0x0201bbf4                __swhatbuf_r
 .text.iswspace_l
                0x0201bc74       0x40 C:/devkitPro/devkitARM/bin/../lib/gcc/arm-none-eabi/13.2.0/../../../../arm-none-eabi/lib\libg.a(libc_a-iswspace_l.o)
                0x0201bc74                iswspace_l
 .text._mbsnrtowcs_r
                0x0201bcb4      0x104 C:/devkitPro/devkitARM/bin/../lib/gcc/arm-none-eabi/13.2.0/../../../../arm-none-eabi/lib\libg.a(libc_a-mbsnrtowcs.o)
                0x0201bcb4                _mbsnrtowcs_r
 .text._wcsrtombs_r
                0x0201bdb8       0x2c C:/devkitPro/devkitARM/bin/../lib/gcc/arm-none-eabi/13.2.0/../../../../arm-none-eabi/lib\libg.a(libc_a-wcsrtombs.o)
                0x0201bdb8                _wcsrtombs_r
 .text.__sccl   0x0201bde4       0xe4 C:/devkitPro/devkitARM/bin/../lib/gcc/arm-none-eabi/13.2.0/../../../../arm-none-eabi/lib\libg.a(libc_a-sccl.o)
                0x0201bde4                __sccl
 .text.lflush   0x0201bec8       0x3c C:/devkitPro/devkitARM/bin/../lib/gcc/arm-none-eabi/13.2.0/../../../../arm-none-eabi/lib\libg.a(libc_a-refill.o)
 .text.__srefill_r
                0x0201bf04      0x19c C:/devkitPro/devkitARM/bin/../lib/gcc/arm-none-eabi/13.2.0/../../../../arm-none-eabi/lib\libg.a(libc_a-refill.o)
                0x0201bf04                __srefill_r
 .text.__submore
                0x0201c0a0       0xa8 C:/devkitPro/devkitARM/bin/../lib/gcc/arm-none-eabi/13.2.0/../../../../arm-none-eabi/lib\libg.a(libc_a-ungetc.o)
                0x0201c0a0                __submore
 .text.__sread  0x0201c148       0x4c C:/devkitPro/devkitARM/bin/../lib/gcc/arm-none-eabi/13.2.0/../../../../arm-none-eabi/lib\libg.a(libc_a-stdio.o)
                0x0201c148                __sread
 .text.__seofread
                0x0201c194        0x8 C:/devkitPro/devkitARM/bin/../lib/gcc/arm-none-eabi/13.2.0/../../../../arm-none-eabi/lib\libg.a(libc_a-stdio.o)
                0x0201c194                __seofread
 .text.__swrite
                0x0201c19c       0x6c C:/devkitPro/devkitARM/bin/../lib/gcc/arm-none-eabi/13.2.0/../../../../arm-none-eabi/lib\libg.a(libc_a-stdio.o)
                0x0201c19c                __swrite
 .text.__sseek  0x0201c208       0x48 C:/devkitPro/devkitARM/bin/../lib/gcc/arm-none-eabi/13.2.0/../../../../arm-none-eabi/lib\libg.a(libc_a-stdio.o)
                0x0201c208                __sseek
 .text.__sclose
                0x0201c250       0x14 C:/devkitPro/devkitARM/bin/../lib/gcc/arm-none-eabi/13.2.0/../../../../arm-none-eabi/lib\libg.a(libc_a-stdio.o)
                0x0201c250                __sclose
 .text.category
                0x0201c264       0x98 C:/devkitPro/devkitARM/bin/../lib/gcc/arm-none-eabi/13.2.0/../../../../arm-none-eabi/lib\libg.a(libc_a-categories.o)
                0x0201c264                category
 .text.get_arg  0x0201c2fc      0x654 C:/devkitPro/devkitARM/bin/../lib/gcc/arm-none-eabi/13.2.0/../../../../arm-none-eabi/lib\libg.a(libc_a-vfiprintf.o)
 .text.__sprint_r
                0x0201c950       0x34 C:/devkitPro/devkitARM/bin/../lib/gcc/arm-none-eabi/13.2.0/../../../../arm-none-eabi/lib\libg.a(libc_a-vfiprintf.o)
                0x0201c950                __sprint_r
 .text._vfiprintf_r
                0x0201c984     0x2334 C:/devkitPro/devkitARM/bin/../lib/gcc/arm-none-eabi/13.2.0/../../../../arm-none-eabi/lib\libg.a(libc_a-vfiprintf.o)
                0x0201c984                _vfiprintf_r
 .text.__sbprintf
                0x0201ecb8       0xbc C:/devkitPro/devkitARM/bin/../lib/gcc/arm-none-eabi/13.2.0/../../../../arm-none-eabi/lib\libg.a(libc_a-vfiprintf.o)
 .text.__ssprint_r
                0x0201ed74      0x190 C:/devkitPro/devkitARM/bin/../lib/gcc/arm-none-eabi/13.2.0/../../../../arm-none-eabi/lib\libg.a(libc_a-svfiprintf.o)
                0x0201ed74                __ssprint_r
 .text.div      0x0201ef04       0x2c C:/devkitPro/devkitARM/bin/../lib/gcc/arm-none-eabi/13.2.0/../../../../arm-none-eabi/lib\libg.a(libc_a-div.o)
                0x0201ef04                div
 .text.__swsetup_r
                0x0201ef30      0x144 C:/devkitPro/devkitARM/bin/../lib/gcc/arm-none-eabi/13.2.0/../../../../arm-none-eabi/lib\libg.a(libc_a-wsetup.o)
                0x0201ef30                __swsetup_r
 .text.quorem   0x0201f074      0x1d8 C:/devkitPro/devkitARM/bin/../lib/gcc/arm-none-eabi/13.2.0/../../../../arm-none-eabi/lib\libg.a(libc_a-dtoa.o)
 *fill*         0x0201f24c        0x4 ff
 .text._dtoa_r  0x0201f250     0x16cc C:/devkitPro/devkitARM/bin/../lib/gcc/arm-none-eabi/13.2.0/../../../../arm-none-eabi/lib\libg.a(libc_a-dtoa.o)
                0x0201f250                _dtoa_r
 .text._fseeko_r
                0x0202091c      0x5a4 C:/devkitPro/devkitARM/bin/../lib/gcc/arm-none-eabi/13.2.0/../../../../arm-none-eabi/lib\libg.a(libc_a-fseeko.o)
                0x0202091c                _fseeko_r
 .text._findenv_r
                0x02020ec0       0xd0 C:/devkitPro/devkitARM/bin/../lib/gcc/arm-none-eabi/13.2.0/../../../../arm-none-eabi/lib\libg.a(libc_a-getenv_r.o)
                0x02020ec0                _findenv_r
 .text._getenv_r
                0x02020f90       0x1c C:/devkitPro/devkitARM/bin/../lib/gcc/arm-none-eabi/13.2.0/../../../../arm-none-eabi/lib\libg.a(libc_a-getenv_r.o)
                0x02020f90                _getenv_r
 .text._ftello_r
                0x02020fac      0x1c0 C:/devkitPro/devkitARM/bin/../lib/gcc/arm-none-eabi/13.2.0/../../../../arm-none-eabi/lib\libg.a(libc_a-ftello.o)
                0x02020fac                _ftello_r
 .text.__sflags
                0x0202116c       0xbc C:/devkitPro/devkitARM/bin/../lib/gcc/arm-none-eabi/13.2.0/../../../../arm-none-eabi/lib\libg.a(libc_a-flags.o)
                0x0202116c                __sflags
 .text._Balloc  0x02021228       0x8c C:/devkitPro/devkitARM/bin/../lib/gcc/arm-none-eabi/13.2.0/../../../../arm-none-eabi/lib\libg.a(libc_a-mprec.o)
                0x02021228                _Balloc
 .text._Bfree   0x020212b4       0x1c C:/devkitPro/devkitARM/bin/../lib/gcc/arm-none-eabi/13.2.0/../../../../arm-none-eabi/lib\libg.a(libc_a-mprec.o)
                0x020212b4                _Bfree
 .text.__multadd
                0x020212d0      0x100 C:/devkitPro/devkitARM/bin/../lib/gcc/arm-none-eabi/13.2.0/../../../../arm-none-eabi/lib\libg.a(libc_a-mprec.o)
                0x020212d0                __multadd
 .text.__hi0bits
                0x020213d0       0x60 C:/devkitPro/devkitARM/bin/../lib/gcc/arm-none-eabi/13.2.0/../../../../arm-none-eabi/lib\libg.a(libc_a-mprec.o)
                0x020213d0                __hi0bits
 .text.__lo0bits
                0x02021430       0xa0 C:/devkitPro/devkitARM/bin/../lib/gcc/arm-none-eabi/13.2.0/../../../../arm-none-eabi/lib\libg.a(libc_a-mprec.o)
                0x02021430                __lo0bits
 .text.__i2b    0x020214d0       0xac C:/devkitPro/devkitARM/bin/../lib/gcc/arm-none-eabi/13.2.0/../../../../arm-none-eabi/lib\libg.a(libc_a-mprec.o)
                0x020214d0                __i2b
 .text.__multiply
                0x0202157c      0x218 C:/devkitPro/devkitARM/bin/../lib/gcc/arm-none-eabi/13.2.0/../../../../arm-none-eabi/lib\libg.a(libc_a-mprec.o)
                0x0202157c                __multiply
 .text.__pow5mult
                0x02021794      0x12c C:/devkitPro/devkitARM/bin/../lib/gcc/arm-none-eabi/13.2.0/../../../../arm-none-eabi/lib\libg.a(libc_a-mprec.o)
                0x02021794                __pow5mult
 .text.__lshift
                0x020218c0      0x144 C:/devkitPro/devkitARM/bin/../lib/gcc/arm-none-eabi/13.2.0/../../../../arm-none-eabi/lib\libg.a(libc_a-mprec.o)
                0x020218c0                __lshift
 .text.__mcmp   0x02021a04       0x54 C:/devkitPro/devkitARM/bin/../lib/gcc/arm-none-eabi/13.2.0/../../../../arm-none-eabi/lib\libg.a(libc_a-mprec.o)
                0x02021a04                __mcmp
 .text.__mdiff  0x02021a58      0x214 C:/devkitPro/devkitARM/bin/../lib/gcc/arm-none-eabi/13.2.0/../../../../arm-none-eabi/lib\libg.a(libc_a-mprec.o)
                0x02021a58                __mdiff
 .text.__d2b    0x02021c6c      0x128 C:/devkitPro/devkitARM/bin/../lib/gcc/arm-none-eabi/13.2.0/../../../../arm-none-eabi/lib\libg.a(libc_a-mprec.o)
                0x02021c6c                __d2b
 .text.__sfvwrite_r
                0x02021d94      0x4c8 C:/devkitPro/devkitARM/bin/../lib/gcc/arm-none-eabi/13.2.0/../../../../arm-none-eabi/lib\libg.a(libc_a-fvwrite.o)
                0x02021d94                __sfvwrite_r
 .text.gmtime_r
                0x0202225c      0x26c C:/devkitPro/devkitARM/bin/../lib/gcc/arm-none-eabi/13.2.0/../../../../arm-none-eabi/lib\libg.a(libc_a-gmtime_r.o)
                0x0202225c                gmtime_r
 .text._realloc_r
                0x020224c8      0x4b8 C:/devkitPro/devkitARM/bin/../lib/gcc/arm-none-eabi/13.2.0/../../../../arm-none-eabi/lib\libg.a(libc_a-reallocr.o)
                0x020224c8                _realloc_r
 .text.__tz_lock
                0x02022980       0x18 C:/devkitPro/devkitARM/bin/../lib/gcc/arm-none-eabi/13.2.0/../../../../arm-none-eabi/lib\libg.a(libc_a-tzlock.o)
                0x02022980                __tz_lock
 .text.__tz_unlock
                0x02022998       0x18 C:/devkitPro/devkitARM/bin/../lib/gcc/arm-none-eabi/13.2.0/../../../../arm-none-eabi/lib\libg.a(libc_a-tzlock.o)
                0x02022998                __tz_unlock
 .text.__utf8_mbtowc
                0x020229b0      0x308 C:/devkitPro/devkitARM/bin/../lib/gcc/arm-none-eabi/13.2.0/../../../../arm-none-eabi/lib\libg.a(libc_a-mbtowc_r.o)
                0x020229b0                __utf8_mbtowc
 .text._wcsnrtombs_l
                0x02022cb8      0x198 C:/devkitPro/devkitARM/bin/../lib/gcc/arm-none-eabi/13.2.0/../../../../arm-none-eabi/lib\libg.a(libc_a-wcsnrtombs.o)
                0x02022cb8                _wcsnrtombs_l
 .text._wcsnrtombs_r
                0x02022e50       0x68 C:/devkitPro/devkitARM/bin/../lib/gcc/arm-none-eabi/13.2.0/../../../../arm-none-eabi/lib\libg.a(libc_a-wcsnrtombs.o)
                0x02022e50                _wcsnrtombs_r
 .text.__env_lock
                0x02022eb8       0x18 C:/devkitPro/devkitARM/bin/../lib/gcc/arm-none-eabi/13.2.0/../../../../arm-none-eabi/lib\libg.a(libc_a-envlock.o)
                0x02022eb8                __env_lock
 .text.__env_unlock
                0x02022ed0       0x18 C:/devkitPro/devkitARM/bin/../lib/gcc/arm-none-eabi/13.2.0/../../../../arm-none-eabi/lib\libg.a(libc_a-envlock.o)
                0x02022ed0                __env_unlock
 .text.__assert_func
                0x02022ee8       0x5c C:/devkitPro/devkitARM/bin/../lib/gcc/arm-none-eabi/13.2.0/../../../../arm-none-eabi/lib\libg.a(libc_a-assert.o)
                0x02022ee8                __assert_func
 .text.fiprintf
                0x02022f44       0x3c C:/devkitPro/devkitARM/bin/../lib/gcc/arm-none-eabi/13.2.0/../../../../arm-none-eabi/lib\libg.a(libc_a-fiprintf.o)
                0x02022f44                fiprintf
 .text.abort    0x02022f80       0x14 C:/devkitPro/devkitARM/bin/../lib/gcc/arm-none-eabi/13.2.0/../../../../arm-none-eabi/lib\libg.a(libc_a-abort.o)
                0x02022f80                abort
 .text._raise_r
                0x02022f94       0x94 C:/devkitPro/devkitARM/bin/../lib/gcc/arm-none-eabi/13.2.0/../../../../arm-none-eabi/lib\libg.a(libc_a-signal.o)
                0x02022f94                _raise_r
 .text.raise    0x02023028       0x18 C:/devkitPro/devkitARM/bin/../lib/gcc/arm-none-eabi/13.2.0/../../../../arm-none-eabi/lib\libg.a(libc_a-signal.o)
                0x02023028                raise
 .text._exit    0x02023040       0x20 C:/devkitPro/devkitARM/bin/../lib/gcc/arm-none-eabi/13.2.0/../../../../arm-none-eabi/lib\libsysbase.a(libsysbase_libsysbase_a-_exit.o)
                0x02023040                _exit
 .text.build_argv
                0x02023060       0x90 C:/devkitPro/devkitARM/bin/../lib/gcc/arm-none-eabi/13.2.0/../../../../arm-none-eabi/lib\libsysbase.a(libsysbase_libsysbase_a-build_argv.o)
                0x02023060                build_argv
 .text.chdir    0x020230f0      0x144 C:/devkitPro/devkitARM/bin/../lib/gcc/arm-none-eabi/13.2.0/../../../../arm-none-eabi/lib\libsysbase.a(libsysbase_libsysbase_a-chdir.o)
                0x020230f0                chdir
 .text.getcwd   0x02023234       0x8c C:/devkitPro/devkitARM/bin/../lib/gcc/arm-none-eabi/13.2.0/../../../../arm-none-eabi/lib\libsysbase.a(libsysbase_libsysbase_a-chdir.o)
                0x02023234                getcwd
 .text._concatenate_path
                0x020232c0      0x1d4 C:/devkitPro/devkitARM/bin/../lib/gcc/arm-none-eabi/13.2.0/../../../../arm-none-eabi/lib\libsysbase.a(libsysbase_libsysbase_a-concatenate.o)
                0x020232c0                _concatenate_path
 .text._fstat_r
                0x02023494       0x7c C:/devkitPro/devkitARM/bin/../lib/gcc/arm-none-eabi/13.2.0/../../../../arm-none-eabi/lib\libsysbase.a(libsysbase_libsysbase_a-fstat.o)
                0x02023494                _fstat_r
 .text._getpid_r
                0x02023510       0x14 C:/devkitPro/devkitARM/bin/../lib/gcc/arm-none-eabi/13.2.0/../../../../arm-none-eabi/lib\libsysbase.a(libsysbase_libsysbase_a-getpid.o)
                0x02023510                _getpid_r
 .text.__getreent
                0x02023524       0x30 C:/devkitPro/devkitARM/bin/../lib/gcc/arm-none-eabi/13.2.0/../../../../arm-none-eabi/lib\libsysbase.a(libsysbase_libsysbase_a-getreent.o)
                0x02023524                __getreent
 .text._gettimeofday_r
                0x02023554       0x34 C:/devkitPro/devkitARM/bin/../lib/gcc/arm-none-eabi/13.2.0/../../../../arm-none-eabi/lib\libsysbase.a(libsysbase_libsysbase_a-gettod.o)
                0x02023554                _gettimeofday_r
 .text.__release_handle
                0x02023588       0x90 C:/devkitPro/devkitARM/bin/../lib/gcc/arm-none-eabi/13.2.0/../../../../arm-none-eabi/lib\libsysbase.a(libsysbase_libsysbase_a-handle_manager.o)
                0x02023588                __release_handle
 .text.__alloc_handle
                0x02023618       0xb4 C:/devkitPro/devkitARM/bin/../lib/gcc/arm-none-eabi/13.2.0/../../../../arm-none-eabi/lib\libsysbase.a(libsysbase_libsysbase_a-handle_manager.o)
                0x02023618                __alloc_handle
 .text.__get_handle
                0x020236cc       0x40 C:/devkitPro/devkitARM/bin/../lib/gcc/arm-none-eabi/13.2.0/../../../../arm-none-eabi/lib\libsysbase.a(libsysbase_libsysbase_a-handle_manager.o)
                0x020236cc                __get_handle
 .text._close_r
                0x0202370c       0xfc C:/devkitPro/devkitARM/bin/../lib/gcc/arm-none-eabi/13.2.0/../../../../arm-none-eabi/lib\libsysbase.a(libsysbase_libsysbase_a-handle_manager.o)
                0x0202370c                _close_r
 .text.null_write
                0x02023808        0x8 C:/devkitPro/devkitARM/bin/../lib/gcc/arm-none-eabi/13.2.0/../../../../arm-none-eabi/lib\libsysbase.a(libsysbase_libsysbase_a-iosupport.o)
 .text.setDefaultDevice
                0x02023810       0x18 C:/devkitPro/devkitARM/bin/../lib/gcc/arm-none-eabi/13.2.0/../../../../arm-none-eabi/lib\libsysbase.a(libsysbase_libsysbase_a-iosupport.o)
                0x02023810                setDefaultDevice
 .text.FindDevice
                0x02023828       0xd4 C:/devkitPro/devkitARM/bin/../lib/gcc/arm-none-eabi/13.2.0/../../../../arm-none-eabi/lib\libsysbase.a(libsysbase_libsysbase_a-iosupport.o)
                0x02023828                FindDevice
 .text.AddDevice
                0x020238fc       0xa4 C:/devkitPro/devkitARM/bin/../lib/gcc/arm-none-eabi/13.2.0/../../../../arm-none-eabi/lib\libsysbase.a(libsysbase_libsysbase_a-iosupport.o)
                0x020238fc                AddDevice
 .text.GetDeviceOpTab
                0x020239a0       0x24 C:/devkitPro/devkitARM/bin/../lib/gcc/arm-none-eabi/13.2.0/../../../../arm-none-eabi/lib\libsysbase.a(libsysbase_libsysbase_a-iosupport.o)
                0x020239a0                GetDeviceOpTab
 .text._isatty_r
                0x020239c4        0x8 C:/devkitPro/devkitARM/bin/../lib/gcc/arm-none-eabi/13.2.0/../../../../arm-none-eabi/lib\libsysbase.a(libsysbase_libsysbase_a-isatty.o)
                0x020239c4                _isatty_r
 .text._kill_r  0x020239cc       0x14 C:/devkitPro/devkitARM/bin/../lib/gcc/arm-none-eabi/13.2.0/../../../../arm-none-eabi/lib\libsysbase.a(libsysbase_libsysbase_a-kill.o)
                0x020239cc                _kill_r
 .text._lseek_r
                0x020239e0       0x88 C:/devkitPro/devkitARM/bin/../lib/gcc/arm-none-eabi/13.2.0/../../../../arm-none-eabi/lib\libsysbase.a(libsysbase_libsysbase_a-lseek.o)
                0x020239e0                _lseek_r
 .text._open_r  0x02023a68       0xc4 C:/devkitPro/devkitARM/bin/../lib/gcc/arm-none-eabi/13.2.0/../../../../arm-none-eabi/lib\libsysbase.a(libsysbase_libsysbase_a-open.o)
                0x02023a68                _open_r
 .text._read_r  0x02023b2c       0x84 C:/devkitPro/devkitARM/bin/../lib/gcc/arm-none-eabi/13.2.0/../../../../arm-none-eabi/lib\libsysbase.a(libsysbase_libsysbase_a-read.o)
                0x02023b2c                _read_r
 .text._sbrk_r  0x02023bb0       0x7c C:/devkitPro/devkitARM/bin/../lib/gcc/arm-none-eabi/13.2.0/../../../../arm-none-eabi/lib\libsysbase.a(libsysbase_libsysbase_a-sbrk.o)
                0x02023bb0                _sbrk_r
 .text._stat_r  0x02023c2c       0x74 C:/devkitPro/devkitARM/bin/../lib/gcc/arm-none-eabi/13.2.0/../../../../arm-none-eabi/lib\libsysbase.a(libsysbase_libsysbase_a-stat.o)
                0x02023c2c                _stat_r
 .text.__libc_lock_acquire
                0x02023ca0       0x20 C:/devkitPro/devkitARM/bin/../lib/gcc/arm-none-eabi/13.2.0/../../../../arm-none-eabi/lib\libsysbase.a(libsysbase_libsysbase_a-syscall_support.o)
                0x02023ca0                __libc_lock_acquire
 .text.__libc_lock_release
                0x02023cc0       0x20 C:/devkitPro/devkitARM/bin/../lib/gcc/arm-none-eabi/13.2.0/../../../../arm-none-eabi/lib\libsysbase.a(libsysbase_libsysbase_a-syscall_support.o)
                0x02023cc0                __libc_lock_release
 .text.__libc_lock_acquire_recursive
                0x02023ce0       0x20 C:/devkitPro/devkitARM/bin/../lib/gcc/arm-none-eabi/13.2.0/../../../../arm-none-eabi/lib\libsysbase.a(libsysbase_libsysbase_a-syscall_support.o)
                0x02023ce0                __libc_lock_acquire_recursive
 .text.__libc_lock_release_recursive
                0x02023d00       0x20 C:/devkitPro/devkitARM/bin/../lib/gcc/arm-none-eabi/13.2.0/../../../../arm-none-eabi/lib\libsysbase.a(libsysbase_libsysbase_a-syscall_support.o)
                0x02023d00                __libc_lock_release_recursive
 .text._write_r
                0x02023d20       0x84 C:/devkitPro/devkitARM/bin/../lib/gcc/arm-none-eabi/13.2.0/../../../../arm-none-eabi/lib\libsysbase.a(libsysbase_libsysbase_a-write.o)
                0x02023d20                _write_r
 *fill*         0x02023da4        0x4 ff
 .text._write_r.__stub
                0x02023da8      0x338 linker stubs
 *(EXCLUDE_FILE(*.twl*) .gnu.warning)
 *(EXCLUDE_FILE(*.twl*) .gnu.linkonce.t*)
 *(.glue_7)
 .glue_7        0x02024148        0x0 linker stubs
 *(.glue_7t)
 .glue_7t       0x02024148        0x0 linker stubs
                0x02024148                        . = ALIGN (0x4)

.vfp11_veneer   0x02024148        0x0
 .vfp11_veneer  0x02024148        0x0 linker stubs

.v4_bx          0x02024148        0x0
 .v4_bx         0x02024148        0x0 linker stubs

.iplt           0x02024148        0x0
 .iplt          0x02024148        0x0 C:/devkitPro/devkitARM/bin/../lib/gcc/arm-none-eabi/13.2.0/../../../../arm-none-eabi/lib/ds_arm9_crt0.o

.fini           0x02024148       0x18
 *(.fini)
 .fini          0x02024148        0xc C:/devkitPro/devkitARM/bin/../lib/gcc/arm-none-eabi/13.2.0/crti.o
                0x02024148                _fini
 .fini          0x02024154        0xc C:/devkitPro/devkitARM/bin/../lib/gcc/arm-none-eabi/13.2.0/crtn.o
                0x02024160                        __text_end = .

.rodata         0x02024160     0x68a8
 *(EXCLUDE_FILE(*.twl*) .rodata)
 .rodata        0x02024160       0x50 C:/devkitPro/nflib/lib\libnflib.a(nf_basic.o)
 .rodata        0x020241b0       0x90 C:/devkitPro/nflib/lib\libnflib.a(nf_sprite256.o)
 *all.rodata*(*)
 *(EXCLUDE_FILE(*.twl*) .roda)
 *(EXCLUDE_FILE(*.twl*) .rodata.*)
 .rodata.str1.4
                0x02024240      0x9b4 game.o
                                 0x69 (size before relaxing)
 .rodata.str1.4
                0x02024bf4       0x27 C:/devkitPro/nflib/lib\libnflib.a(nf_2d.o)
 .rodata.str1.4
                0x02024bf4      0x667 C:/devkitPro/nflib/lib\libnflib.a(nf_basic.o)
 .rodata.str1.4
                0x02024bf4       0x87 C:/devkitPro/nflib/lib\libnflib.a(nf_sprite256.o)
 .rodata.str1.4
                0x02024bf4       0x70 C:/devkitPro/nflib/lib\libnflib.a(nf_tiledbg.o)
 .rodata.nitroFSInit.str1.4
                0x02024bf4        0x8 C:/devkitPro/libnds/lib\libfilesystem.a(nitrofs.o)
 .rodata.str1.4
                0x02024bf4        0xe C:/devkitPro/libnds/lib\libfilesystem.a(nitrofs.o)
 .rodata.fatMount.part.0.str1.4
                0x02024bf4        0x2 C:/devkitPro/libnds/lib\libfat.a(libfat.o)
 .rodata.fatInit.str1.4
                0x02024bf4        0x3 C:/devkitPro/libnds/lib\libfat.a(libfat.o)
 .rodata.str1.4
                0x02024bf4        0x4 C:/devkitPro/libnds/lib\libfat.a(libfat.o)
 .rodata.dotab_fat
                0x02024bf4       0x70 C:/devkitPro/libnds/lib\libfat.a(libfat.o)
 .rodata.str1.4
                0x02024c64        0x8 C:/devkitPro/libnds/lib\libfat.a(disc.o)
 .rodata._FAT_disc_interfaces
                0x02024c64       0x18 C:/devkitPro/libnds/lib\libfat.a(disc.o)
                0x02024c64                _FAT_disc_interfaces
 .rodata._FAT_directory_entryFromPath.str1.4
                0x02024c7c        0x7 C:/devkitPro/libnds/lib\libfat.a(directory.o)
 .rodata.ILLEGAL_ALIAS_CHARACTERS
                0x02024c7c       0x12 C:/devkitPro/libnds/lib\libfat.a(directory.o)
 *fill*         0x02024c8e        0x2 ff
 .rodata.ILLEGAL_LFN_CHARACTERS
                0x02024c90        0xa C:/devkitPro/libnds/lib\libfat.a(directory.o)
 *fill*         0x02024c9a        0x2 ff
 .rodata.LFN_offset_table
                0x02024c9c       0x34 C:/devkitPro/libnds/lib\libfat.a(directory.o)
 .rodata.FAT_SIG
                0x02024cd0        0x3 C:/devkitPro/libnds/lib\libfat.a(partition.o)
 *fill*         0x02024cd3        0x1 ff
 .rodata.FS_TWL_SIG
                0x02024cd4        0x8 C:/devkitPro/libnds/lib\libfat.a(partition.o)
 .rodata.con_write.str1.4
                0x02024cdc       0x30 C:/devkitPro/libnds/lib\libnds9.a(console.o)
 .rodata.con_write
                0x02024cdc       0xd4 C:/devkitPro/libnds/lib\libnds9.a(console.o)
 .rodata.str1.4
                0x02024db0       0x14 C:/devkitPro/libnds/lib\libnds9.a(console.o)
 .rodata.dotab_stdout
                0x02024db0       0x70 C:/devkitPro/libnds/lib\libnds9.a(console.o)
 .rodata.default_font_bin
                0x02024e20     0x2000 C:/devkitPro/libnds/lib\libnds9.a(default_font.bin.o)
                0x02024e20                default_font_bin
                0x02026e20                default_font_bin_end
 .rodata.SIN_LUT
                0x02026e20      0x102 C:/devkitPro/libnds/lib\libnds9.a(trig.o)
                0x02026e20                SIN_LUT
 .rodata._mbrtowc_r.str1.4
                0x02026f22        0x1 C:/devkitPro/devkitARM/bin/../lib/gcc/arm-none-eabi/13.2.0/../../../../arm-none-eabi/lib\libg.a(libc_a-mbrtowc.o)
 *fill*         0x02026f22        0x2 ff
 .rodata._ctype_
                0x02026f24      0x101 C:/devkitPro/devkitARM/bin/../lib/gcc/arm-none-eabi/13.2.0/../../../../arm-none-eabi/lib\libg.a(libc_a-ctype_.o)
                0x02026f24                _ctype_
 *fill*         0x02027025        0x3 ff
 .rodata.basefix.0
                0x02027028       0x22 C:/devkitPro/devkitARM/bin/../lib/gcc/arm-none-eabi/13.2.0/../../../../arm-none-eabi/lib\libg.a(libc_a-svfiscanf.o)
 .rodata._svfprintf_r.str1.1
                0x0202704a       0x3b C:/devkitPro/devkitARM/bin/../lib/gcc/arm-none-eabi/13.2.0/../../../../arm-none-eabi/lib\libg.a(libc_a-svfprintf.o)
 *fill*         0x02027085        0x3 ff
 .rodata.zeroes.0
                0x02027088       0x10 C:/devkitPro/devkitARM/bin/../lib/gcc/arm-none-eabi/13.2.0/../../../../arm-none-eabi/lib\libg.a(libc_a-svfprintf.o)
 .rodata.blanks.1
                0x02027098       0x10 C:/devkitPro/devkitARM/bin/../lib/gcc/arm-none-eabi/13.2.0/../../../../arm-none-eabi/lib\libg.a(libc_a-svfprintf.o)
 .rodata._DAYS_BEFORE_MONTH
                0x020270a8       0x30 C:/devkitPro/devkitARM/bin/../lib/gcc/arm-none-eabi/13.2.0/../../../../arm-none-eabi/lib\libg.a(libc_a-mktime.o)
 .rodata.DAYS_IN_MONTH
                0x020270d8       0x30 C:/devkitPro/devkitARM/bin/../lib/gcc/arm-none-eabi/13.2.0/../../../../arm-none-eabi/lib\libg.a(libc_a-mktime.o)
 .rodata._tzset_unlocked_r.str1.4
                0x02027108       0x6b C:/devkitPro/devkitARM/bin/../lib/gcc/arm-none-eabi/13.2.0/../../../../arm-none-eabi/lib\libg.a(libc_a-tzset_r.o)
 .rodata.__month_lengths
                0x02027108       0x60 C:/devkitPro/devkitARM/bin/../lib/gcc/arm-none-eabi/13.2.0/../../../../arm-none-eabi/lib\libg.a(libc_a-month_lengths.o)
                0x02027108                __month_lengths
 .rodata.str1.4
                0x02027168        0x4 C:/devkitPro/devkitARM/bin/../lib/gcc/arm-none-eabi/13.2.0/../../../../arm-none-eabi/lib\libg.a(libc_a-tzvars.o)
 .rodata.str1.4
                0x02027168       0x4c C:/devkitPro/devkitARM/bin/../lib/gcc/arm-none-eabi/13.2.0/../../../../arm-none-eabi/lib\libg.a(libc_a-locale.o)
 .rodata.categories
                0x02027168     0x3528 C:/devkitPro/devkitARM/bin/../lib/gcc/arm-none-eabi/13.2.0/../../../../arm-none-eabi/lib\libg.a(libc_a-categories.o)
 .rodata._vfiprintf_r.str1.1
                0x0202a690       0x29 C:/devkitPro/devkitARM/bin/../lib/gcc/arm-none-eabi/13.2.0/../../../../arm-none-eabi/lib\libg.a(libc_a-vfiprintf.o)
 .rodata.zeroes.0
                0x0202a690       0x10 C:/devkitPro/devkitARM/bin/../lib/gcc/arm-none-eabi/13.2.0/../../../../arm-none-eabi/lib\libg.a(libc_a-vfiprintf.o)
 .rodata.blanks.1
                0x0202a6a0       0x10 C:/devkitPro/devkitARM/bin/../lib/gcc/arm-none-eabi/13.2.0/../../../../arm-none-eabi/lib\libg.a(libc_a-vfiprintf.o)
 .rodata.__action_table
                0x0202a6b0       0x6c C:/devkitPro/devkitARM/bin/../lib/gcc/arm-none-eabi/13.2.0/../../../../arm-none-eabi/lib\libg.a(libc_a-svfiprintf.o)
                0x0202a6b0                __action_table
 .rodata.__state_table
                0x0202a71c       0x6c C:/devkitPro/devkitARM/bin/../lib/gcc/arm-none-eabi/13.2.0/../../../../arm-none-eabi/lib\libg.a(libc_a-svfiprintf.o)
                0x0202a71c                __state_table
 .rodata.__chclass
                0x0202a788      0x100 C:/devkitPro/devkitARM/bin/../lib/gcc/arm-none-eabi/13.2.0/../../../../arm-none-eabi/lib\libg.a(libc_a-svfiprintf.o)
                0x0202a788                __chclass
 .rodata._dtoa_r.str1.4
                0x0202a888       0x64 C:/devkitPro/devkitARM/bin/../lib/gcc/arm-none-eabi/13.2.0/../../../../arm-none-eabi/lib\libg.a(libc_a-dtoa.o)
 .rodata.__multadd.str1.4
                0x0202a888       0x51 C:/devkitPro/devkitARM/bin/../lib/gcc/arm-none-eabi/13.2.0/../../../../arm-none-eabi/lib\libg.a(libc_a-mprec.o)
 .rodata.p05.0  0x0202a888        0xc C:/devkitPro/devkitARM/bin/../lib/gcc/arm-none-eabi/13.2.0/../../../../arm-none-eabi/lib\libg.a(libc_a-mprec.o)
 *fill*         0x0202a894        0x4 ff
 .rodata.__mprec_bigtens
                0x0202a898       0x28 C:/devkitPro/devkitARM/bin/../lib/gcc/arm-none-eabi/13.2.0/../../../../arm-none-eabi/lib\libg.a(libc_a-mprec.o)
                0x0202a898                __mprec_bigtens
 .rodata.__mprec_tens
                0x0202a8c0       0xc8 C:/devkitPro/devkitARM/bin/../lib/gcc/arm-none-eabi/13.2.0/../../../../arm-none-eabi/lib\libg.a(libc_a-mprec.o)
                0x0202a8c0                __mprec_tens
 .rodata.__assert_func.str1.4
                0x0202a988       0x43 C:/devkitPro/devkitARM/bin/../lib/gcc/arm-none-eabi/13.2.0/../../../../arm-none-eabi/lib\libg.a(libc_a-assert.o)
 .rodata.AddDevice.str1.4
                0x0202a988        0x8 C:/devkitPro/devkitARM/bin/../lib/gcc/arm-none-eabi/13.2.0/../../../../arm-none-eabi/lib\libsysbase.a(libsysbase_libsysbase_a-iosupport.o)
 .rodata.dotab_stdnull
                0x0202a988       0x80 C:/devkitPro/devkitARM/bin/../lib/gcc/arm-none-eabi/13.2.0/../../../../arm-none-eabi/lib\libsysbase.a(libsysbase_libsysbase_a-iosupport.o)
                0x0202a988                dotab_stdnull
 *(EXCLUDE_FILE(*.twl*) .gnu.linkonce.r*)
                0x0202aa08                        . = ALIGN (0x4)

.ARM.extab
 *(.ARM.extab* .gnu.linkonce.armextab.*)
                0x0202aa08                        __exidx_start = .

ARM.exidx
 *(.ARM.exidx* .gnu.linkonce.armexidx.*)
                0x0202aa08                        __exidx_end = .
                0x0202aa08                        . = ALIGN (0x4)
                0x0202aa08                        PROVIDE (__preinit_array_start = .)

.preinit_array
 *(.preinit_array)
                0x0202aa08                        PROVIDE (__preinit_array_end = .)
                0x0202aa08                        PROVIDE (__init_array_start = .)

.init_array     0x0202aa08        0x4
 *(SORT_BY_NAME(.init_array.*))
 *(.init_array)
 .init_array    0x0202aa08        0x4 C:/devkitPro/devkitARM/bin/../lib/gcc/arm-none-eabi/13.2.0/crtbegin.o
                0x0202aa0c                        PROVIDE (__init_array_end = .)
                [!provide]                        PROVIDE (__fini_array_start = .)

.fini_array     0x0202aa0c        0x4
 *(.fini_array)
 .fini_array    0x0202aa0c        0x4 C:/devkitPro/devkitARM/bin/../lib/gcc/arm-none-eabi/13.2.0/crtbegin.o
 *(SORT_BY_NAME(.fini_array.*))
                [!provide]                        PROVIDE (__fini_array_end = .)

.ctors          0x0202aa10        0x0
 *crtbegin.o(.ctors)
 *(EXCLUDE_FILE(*crtend.o) .ctors)
 *(SORT_BY_NAME(.ctors.*))
 *(.ctors)
                0x0202aa10                        . = ALIGN (0x4)

.dtors          0x0202aa10        0x0
 *crtbegin.o(.dtors)
 *(EXCLUDE_FILE(*crtend.o) .dtors)
 *(SORT_BY_NAME(.dtors.*))
 *(.dtors)
                0x0202aa10                        . = ALIGN (0x4)

.eh_frame       0x0202aa10        0x4
 *(.eh_frame)
 .eh_frame      0x0202aa10        0x0 C:/devkitPro/devkitARM/bin/../lib/gcc/arm-none-eabi/13.2.0/crtbegin.o
 .eh_frame      0x0202aa10        0x4 C:/devkitPro/devkitARM/bin/../lib/gcc/arm-none-eabi/13.2.0/crtend.o
                0x0202aa14                        . = ALIGN (0x4)

.gcc_except_table
                0x0202aa14        0x0
 *(.gcc_except_table)
                0x0202aa14                        . = ALIGN (0x4)

.jcr
 *(.jcr)

.got
 *(.got.plt)
 *(.got)
 *(.rel.got)

.ewram          0x0202aa14        0x0
                0x0202aa14                        __ewram_start = ABSOLUTE (.)
 *(.ewram)
 *ewram.*(.text)
                0x0202aa14                        . = ALIGN (0x4)

.data           0x0202aa14     0x2524
                0x0202aa14                        __data_start = ABSOLUTE (.)
 *(EXCLUDE_FILE(*.twl*) .data)
 .data          0x0202aa14       0x28 C:/devkitPro/libnds/lib\libnds9.a(mpu_setup.o)
 *(EXCLUDE_FILE(*.twl*) .data.*)
 .data.ndsFileFD
                0x0202aa3c        0x4 C:/devkitPro/libnds/lib\libfilesystem.a(nitrofs.o)
 .data.nitroFSdevoptab
                0x0202aa40       0x70 C:/devkitPro/libnds/lib\libfilesystem.a(nitrofs.o)
                0x0202aa40                nitroFSdevoptab
 .data.syspaths
                0x0202aab0        0x8 C:/devkitPro/libnds/lib\libfilesystem.a(nitrofs.o)
                0x0202aab0                syspaths
 .data.currentConsole
                0x0202aab8        0x4 C:/devkitPro/libnds/lib\libnds9.a(console.o)
                0x0202aab8                currentConsole
 .data.defaultConsole
                0x0202aabc       0x5c C:/devkitPro/libnds/lib\libnds9.a(console.o)
                0x0202aabc                defaultConsole
 .data.firstConsoleInit.0
                0x0202ab18        0x1 C:/devkitPro/libnds/lib\libnds9.a(console.o)
 *fill*         0x0202ab19        0x3 ff
 .data.oamMain  0x0202ab1c       0x18 C:/devkitPro/libnds/lib\libnds9.a(sprite.o)
                0x0202ab1c                oamMain
 .data.oamSub   0x0202ab34       0x18 C:/devkitPro/libnds/lib\libnds9.a(sprite.o)
                0x0202ab34                oamSub
 .data.count    0x0202ab4c        0x1 C:/devkitPro/libnds/lib\libnds9.a(keys.o)
 .data.delay    0x0202ab4d        0x1 C:/devkitPro/libnds/lib\libnds9.a(keys.o)
 .data.repeat   0x0202ab4e        0x1 C:/devkitPro/libnds/lib\libnds9.a(keys.o)
 *fill*         0x0202ab4f        0x1 ff
 .data.fifo_buffer_free
                0x0202ab50        0x4 C:/devkitPro/libnds/lib\libnds9.a(fifosystem.o)
                0x0202ab50                fifo_buffer_free
 .data.fifo_freewords
                0x0202ab54        0x4 C:/devkitPro/libnds/lib\libnds9.a(fifosystem.o)
                0x0202ab54                fifo_freewords
 .data.fifo_receive_queue
                0x0202ab58        0x4 C:/devkitPro/libnds/lib\libnds9.a(fifosystem.o)
                0x0202ab58                fifo_receive_queue
 .data.fifo_send_queue
                0x0202ab5c        0x4 C:/devkitPro/libnds/lib\libnds9.a(fifosystem.o)
                0x0202ab5c                fifo_send_queue
 .data.bgControl
                0x0202ab60       0x20 C:/devkitPro/libnds/lib\libnds9.a(background.o)
                0x0202ab60                bgControl
 .data.bgScrollTable
                0x0202ab80       0x20 C:/devkitPro/libnds/lib\libnds9.a(background.o)
                0x0202ab80                bgScrollTable
 .data.bgTransform
                0x0202aba0       0x20 C:/devkitPro/libnds/lib\libnds9.a(background.o)
                0x0202aba0                bgTransform
 .data.__malloc_sbrk_base
                0x0202abc0        0x4 C:/devkitPro/devkitARM/bin/../lib/gcc/arm-none-eabi/13.2.0/../../../../arm-none-eabi/lib\libg.a(libc_a-mallocr.o)
                0x0202abc0                __malloc_sbrk_base
 .data.__malloc_trim_threshold
                0x0202abc4        0x4 C:/devkitPro/devkitARM/bin/../lib/gcc/arm-none-eabi/13.2.0/../../../../arm-none-eabi/lib\libg.a(libc_a-mallocr.o)
                0x0202abc4                __malloc_trim_threshold
 .data.__malloc_av_
                0x0202abc8      0x408 C:/devkitPro/devkitARM/bin/../lib/gcc/arm-none-eabi/13.2.0/../../../../arm-none-eabi/lib\libg.a(libc_a-mallocr.o)
                0x0202abc8                __malloc_av_
 .data.__sglue  0x0202afd0        0xc C:/devkitPro/devkitARM/bin/../lib/gcc/arm-none-eabi/13.2.0/../../../../arm-none-eabi/lib\libg.a(libc_a-findfp.o)
                0x0202afd0                __sglue
 .data._tzname  0x0202afdc        0x8 C:/devkitPro/devkitARM/bin/../lib/gcc/arm-none-eabi/13.2.0/../../../../arm-none-eabi/lib\libg.a(libc_a-tzvars.o)
                0x0202afdc                _tzname
 *fill*         0x0202afe4        0x4 ff
 .data.tzinfo   0x0202afe8       0x58 C:/devkitPro/devkitARM/bin/../lib/gcc/arm-none-eabi/13.2.0/../../../../arm-none-eabi/lib\libg.a(libc_a-gettzinfo.o)
 .data.__global_locale
                0x0202b040      0x16c C:/devkitPro/devkitARM/bin/../lib/gcc/arm-none-eabi/13.2.0/../../../../arm-none-eabi/lib\libg.a(libc_a-locale.o)
                0x0202b040                __global_locale
 .data._impure_ptr
                0x0202b1ac        0x4 C:/devkitPro/devkitARM/bin/../lib/gcc/arm-none-eabi/13.2.0/../../../../arm-none-eabi/lib\libg.a(libc_a-impure.o)
                0x0202b1ac                _impure_ptr
 .data._impure_data
                0x0202b1b0      0x120 C:/devkitPro/devkitARM/bin/../lib/gcc/arm-none-eabi/13.2.0/../../../../arm-none-eabi/lib\libg.a(libc_a-impure.o)
                0x0202b1b0                _impure_data
 .data.caseconv_table
                0x0202b2d0      0x7b0 C:/devkitPro/devkitARM/bin/../lib/gcc/arm-none-eabi/13.2.0/../../../../arm-none-eabi/lib\libg.a(libc_a-towctrans_l.o)
 .data.environ  0x0202ba80        0x4 C:/devkitPro/devkitARM/bin/../lib/gcc/arm-none-eabi/13.2.0/../../../../arm-none-eabi/lib\libg.a(libc_a-environ.o)
                0x0202ba80                environ
 .data._current_working_directory
                0x0202ba84      0x400 C:/devkitPro/devkitARM/bin/../lib/gcc/arm-none-eabi/13.2.0/../../../../arm-none-eabi/lib\libsysbase.a(libsysbase_libsysbase_a-chdir.o)
 .data.handles  0x0202be84     0x1000 C:/devkitPro/devkitARM/bin/../lib/gcc/arm-none-eabi/13.2.0/../../../../arm-none-eabi/lib\libsysbase.a(libsysbase_libsysbase_a-handle_manager.o)
 .data.__stderr_handle
                0x0202ce84        0xc C:/devkitPro/devkitARM/bin/../lib/gcc/arm-none-eabi/13.2.0/../../../../arm-none-eabi/lib\libsysbase.a(libsysbase_libsysbase_a-handle_manager.o)
 .data.__stdout_handle
                0x0202ce90        0xc C:/devkitPro/devkitARM/bin/../lib/gcc/arm-none-eabi/13.2.0/../../../../arm-none-eabi/lib\libsysbase.a(libsysbase_libsysbase_a-handle_manager.o)
 .data.__stdin_handle
                0x0202ce9c        0xc C:/devkitPro/devkitARM/bin/../lib/gcc/arm-none-eabi/13.2.0/../../../../arm-none-eabi/lib\libsysbase.a(libsysbase_libsysbase_a-handle_manager.o)
 .data.devoptab_list
                0x0202cea8       0x8c C:/devkitPro/devkitARM/bin/../lib/gcc/arm-none-eabi/13.2.0/../../../../arm-none-eabi/lib\libsysbase.a(libsysbase_libsysbase_a-iosupport.o)
                0x0202cea8                devoptab_list
 .data.defaultDevice
                0x0202cf34        0x4 C:/devkitPro/devkitARM/bin/../lib/gcc/arm-none-eabi/13.2.0/../../../../arm-none-eabi/lib\libsysbase.a(libsysbase_libsysbase_a-iosupport.o)
 *(EXCLUDE_FILE(*.twl*) .gnu.linkonce.d*)
                0x0202cf38                        . = ALIGN (0x4)
                0x0202cf38                        __data_end = ABSOLUTE (.)
                0x0202cf38                        __bss_vma = .

.igot.plt       0x0202cf38        0x0
 .igot.plt      0x0202cf38        0x0 C:/devkitPro/devkitARM/bin/../lib/gcc/arm-none-eabi/13.2.0/../../../../arm-none-eabi/lib/ds_arm9_crt0.o

.dtcm           0x02ff0000        0x0 load address 0x0202cf38