Archive member included to satisfy reference by file (symbol)

C:/devkitPro/nflib/lib\libnflib.a(nf_2d.o)
                              game.o (NF_Set2D)
C:/devkitPro/nflib/lib\libnflib.a(nf_basic.o)
                              C:/devkitPro/nflib/lib\libnflib.a(nf_2d.o) (NF_Error)
C:/devkitPro/nflib/lib\libnflib.a(nf_sprite256.o)
                              game.o (NF_InitSpriteBuffers)
C:/devkitPro/nflib/lib\libnflib.a(nf_text.o)
                              game.o (NF_InitTextSys)
C:/devkitPro/nflib/lib\libnflib.a(nf_tiledbg.o)
                              game.o (NF_InitTiledBgBuffers)
C:/devkitPro/libnds/lib\libfilesystem.a(nitrofs.o)
                              game.o (nitroFSInit)
C:/devkitPro/libnds/lib\libfat.a(libfat.o)
                              C:/devkitPro/libnds/lib\libfilesystem.a(nitrofs.o) (fatInitDefault)
C:/devkitPro/libnds/lib\libfat.a(disc.o)
                              C:/devkitPro/libnds/lib\libfat.a(libfat.o) (_FAT_disc_interfaces)
C:/devkitPro/libnds/lib\libfat.a(fatfile.o)
                              C:/devkitPro/libnds/lib\libfat.a(libfat.o) (_FAT_open_r)
C:/devkitPro/libnds/lib\libfat.a(cache.o)
                              C:/devkitPro/libnds/lib\libfat.a(fatfile.o) (_FAT_cache_readSectors)
C:/devkitPro/libnds/lib\libfat.a(fatdir.o)
                              C:/devkitPro/libnds/lib\libfat.a(libfat.o) (_FAT_stat_r)
C:/devkitPro/libnds/lib\libfat.a(directory.o)
                              C:/devkitPro/libnds/lib\libfat.a(fatfile.o) (_FAT_directory_entryGetCluster)
C:/devkitPro/libnds/lib\libfat.a(partition.o)
                              C:/devkitPro/libnds/lib\libfat.a(libfat.o) (_FAT_partition_destructor)
C:/devkitPro/libnds/lib\libfat.a(lock.o)
                              C:/devkitPro/libnds/lib\libfat.a(partition.o) (_FAT_lock_init)
C:/devkitPro/libnds/lib\libfat.a(filetime.o)
                              C:/devkitPro/libnds/lib\libfat.a(fatfile.o) (_FAT_filetime_getTimeFromRTC)
C:/devkitPro/libnds/lib\libfat.a(file_allocation_table.o)
                              C:/devkitPro/libnds/lib\libfat.a(fatfile.o) (_FAT_fat_nextCluster)
C:/devkitPro/libnds/lib\libnds9.a(video.o)
                              C:/devkitPro/nflib/lib\libnflib.a(nf_basic.o) (setBrightness)
C:/devkitPro/libnds/lib\libnds9.a(console.o)
                              C:/devkitPro/nflib/lib\libnflib.a(nf_basic.o) (consoleDemoInit)
C:/devkitPro/libnds/lib\libnds9.a(sprite.o)
                              C:/devkitPro/nflib/lib\libnflib.a(nf_sprite256.o) (oamInit)
C:/devkitPro/libnds/lib\libnds9.a(keys.o)
                              game.o (scanKeys)
C:/devkitPro/libnds/lib\libnds9.a(dldi.o)
                              C:/devkitPro/libnds/lib\libfat.a(disc.o) (dldiGetInternal)
C:/devkitPro/libnds/lib\libnds9.a(initSystem.o)
                              C:/devkitPro/devkitARM/bin/../lib/gcc/arm-none-eabi/13.2.0/../../../../arm-none-eabi/lib/ds_arm9_crt0.o (initSystem)
C:/devkitPro/libnds/lib\libnds9.a(securearea.o)
                              C:/devkitPro/devkitARM/bin/../lib/gcc/arm-none-eabi/13.2.0/../../../../arm-none-eabi/lib/ds_arm9_crt0.o (__secure_area__)
C:/devkitPro/libnds/lib\libnds9.a(interrupts.o)
                              C:/devkitPro/libnds/lib\libnds9.a(initSystem.o) (irqInit)
C:/devkitPro/libnds/lib\libnds9.a(libnds_exit.arm.o)
                              C:/devkitPro/devkitARM/bin/../lib/gcc/arm-none-eabi/13.2.0/../../../../arm-none-eabi/lib/ds_arm9_crt0.o (__libnds_exit)
C:/devkitPro/libnds/lib\libnds9.a(card.o)
                              C:/devkitPro/libnds/lib\libfilesystem.a(nitrofs.o) (cardParamCommand)
C:/devkitPro/libnds/lib\libnds9.a(fifosystem.o)
                              C:/devkitPro/libnds/lib\libnds9.a(initSystem.o) (fifoSetValue32Handler)
C:/devkitPro/libnds/lib\libnds9.a(dcache.o)
                              C:/devkitPro/nflib/lib\libnflib.a(nf_basic.o) (DC_FlushRange)
C:/devkitPro/libnds/lib\libnds9.a(dldi_stub.o)
                              C:/devkitPro/libnds/lib\libnds9.a(dldi.o) (_io_dldi_stub)
C:/devkitPro/libnds/lib\libnds9.a(mpu_setup.o)
                              C:/devkitPro/devkitARM/bin/../lib/gcc/arm-none-eabi/13.2.0/../../../../arm-none-eabi/lib/ds_arm9_crt0.o (__libnds_mpu_setup)
C:/devkitPro/libnds/lib\libnds9.a(IntrWait.o)
                              main.o (swiWaitForVBlank)
C:/devkitPro/libnds/lib\libnds9.a(cpu_clock.o)
                              C:/devkitPro/libnds/lib\libnds9.a(initSystem.o) (setCpuClock)
C:/devkitPro/libnds/lib\libnds9.a(interruptDispatcher.o)
                              C:/devkitPro/libnds/lib\libnds9.a(interrupts.o) (IntrMain)
C:/devkitPro/libnds/lib\libnds9.a(biosCalls.o)
                              C:/devkitPro/libnds/lib\libnds9.a(card.o) (swiDelay)
C:/devkitPro/libnds/lib\libnds9.a(debugprint.o)
                              C:/devkitPro/libnds/lib\libnds9.a(console.o) (nocashWrite)
C:/devkitPro/libnds/lib\libnds9.a(swiSoftReset.o)
[...]
Memory Configuration

Name             Origin             Length             Attributes
ewram            0x02000000         0x00380000
dtcm             0x02ff0000         0x00004000
vectors          0x01000000         0x00000100
itcm             0x01000100         0x00007f00
*default*        0x00000000         0xffffffff

Linker script and memory map

                0x02380000                        __ewram_end = (ORIGIN (ewram) + LENGTH (ewram))
                0x02380000                        __eheap_end = (ORIGIN (ewram) + LENGTH (ewram))
                0x02ff4000                        __dtcm_top = (ORIGIN (dtcm) + LENGTH (dtcm))
                0x02ff3ff8                        __irq_flags = (__dtcm_top - 0x8)
                0x02ff3ffc                        __irq_vector = (__dtcm_top - 0x4)
                0x02ff3f00                        __sp_svc = (__dtcm_top - 0x100)
                0x02ff3e00                        __sp_irq = (__sp_svc - 0x100)
                0x02ff3d00                        __sp_usr = (__sp_irq - 0x100)

.secure         0x02000000      0x800
 *(.secure)
 .secure        0x02000000      0x800 C:/devkitPro/libnds/lib\libnds9.a(securearea.o)
                0x02000000                __secure_area__

.crt0           0x02000800      0x300
                0x02000800                        __text_start = .
 *(.crt0)
 .crt0          0x02000800      0x300 C:/devkitPro/devkitARM/bin/../lib/gcc/arm-none-eabi/13.2.0/../../../../arm-none-eabi/lib/ds_arm9_crt0.o
                0x02000800                _start
                0x02000b00                        . = ALIGN (0x4)

.plt
 *(.plt)

.init           0x02000b00       0x18
 *(SORT_NONE(.init))
 .init          0x02000b00        0xc C:/devkitPro/devkitARM/bin/../lib/gcc/arm-none-eabi/13.2.0/crti.o
                0x02000b00                _init
 .init          0x02000b0c        0xc C:/devkitPro/devkitARM/bin/../lib/gcc/arm-none-eabi/13.2.0/crtn.o

.text           0x02000b40    0x23968
 *(EXCLUDE_FILE(*.twl* *.vectors* *.itcm*) .text)
 .text          0x02000b40      0x5a0 game.o
                0x02000b40                Game::Game()
                0x02000b40                Game::Game()
                0x02000b9c                Game::Init()
                0x02000c00                Game::Tick()
                0x02000c10                Game::Menu_Start(int)
                0x02000d44                Game::Menu_Main(int)
                0x02001048                Game::Update()
                0x020010bc                Game::Menu_Settings(int)
                0x020010c0                Game::Menu_Play(int)
                0x020010c4                Game::Menu_Shop(int)
                0x020010c8                Game::Action_Battle(int)
                0x020010cc                Game::Action_MeleeBattle(int)
                0x020010d0                Game::Minigame_AimCannon(int)
                0x020010d4                Game::Minigame_SteerShip(int)
                0x020010d8                Game::Minigame_RepairWood(int)
                0x020010dc                Game::Minigame_ChangeSails(int)
 .text          0x020010e0       0xa4 player.o
                0x020010e0                Player::Player()
                0x020010e0                Player::Player()
                0x020010fc                Player::HandleInput(int)
                0x0200117c                Player::TranslatePlayer(int, int)
                0x02001180                Player::UpdatePlayer()
 .text          0x02001184      0x65c C:/devkitPro/nflib/lib\libnflib.a(nf_2d.o)
                0x02001184                NF_Set2D
                0x020011e8                NF_ShowBg
                0x0200125c                NF_HideBg
                0x020012f8                NF_ScrollBg
                0x020015f4                NF_SpriteFrame
                0x020016ac                NF_EnableSpriteRotScale
                0x02001718                NF_DisableSpriteRotScale
                0x02001774                NF_SpriteRotScale
 .text          0x020017e0      0x588 C:/devkitPro/nflib/lib\libnflib.a(nf_basic.o)
                0x020017e0                NF_Error
                0x02001a8c                NF_SetRootFolder
                0x02001c68                NF_DmaMemCopy
                0x02001cec                NF_FileLoad
 .text          0x02001d68      0xf88 C:/devkitPro/nflib/lib\libnflib.a(nf_sprite256.o)
                0x02001d68                NF_InitSpriteBuffers
                0x02001dc4                NF_ResetSpriteBuffers
                0x02001df8                NF_InitSpriteSys
                0x02002008                NF_LoadSpriteGfx
                0x020020a0                NF_UnloadSpriteGfx
                0x02002104                NF_LoadSpritePal
                0x02002184                NF_UnloadSpritePal
                0x020021e0                NF_VramSpriteGfx
                0x02002484                NF_VramSpriteGfxDefrag
                0x020026a0                NF_FreeSpriteGfx
                0x0200277c                NF_VramSpritePal
                0x0200282c                NF_CreateSprite
                0x020029f8                NF_DeleteSprite
                0x02002a78                NF_SpriteOamSet
                0x02002b3c                NF_SpriteSetPalColor
                0x02002bbc                NF_SpriteEditPalColor
                0x02002c10                NF_SpriteUpdatePalette
                0x02002c98                NF_SpriteGetPalColor
 .text          0x02002cf0      0x6c0 C:/devkitPro/nflib/lib\libnflib.a(nf_text.o)
                0x02002cf0                NF_InitTextSys
                0x02002d24                NF_LoadTextFont
                0x02002ef4                NF_UnloadTextFont
                0x02002efc                NF_CreateTextLayer
                0x02002f88                NF_DeleteTextLayer
                0x02002fc0                NF_WriteText
                0x02003290                NF_UpdateTextLayers
                0x020032dc                NF_ClearTextLayer
                0x02003328                NF_DefineTextColor
 .text          0x020033b0     0x1510 C:/devkitPro/nflib/lib\libnflib.a(nf_tiledbg.o)
                0x020033b0                NF_InitTiledBgBuffers
                0x02003444                NF_ResetTiledBgBuffers
                0x020034a0                NF_InitTiledBgSys
                0x020035b8                NF_LoadTiledBg
                0x02003764                NF_LoadTilesForBg
                0x02003938                NF_UnloadTiledBg
                0x020039d4                NF_DeleteTiledBg
                0x02003b6c                NF_CreateTiledBg
                0x020040d8                NF_GetTileMapAddress
                0x02004160                NF_GetTileOfMap
                0x0200419c                NF_SetTileOfMap
                0x020041dc                NF_UpdateVramMap
                0x020042d4                NF_BgSetPalColor
                0x02004368                NF_BgEditPalColor
                0x020043d4                NF_BgUpdatePalette
                0x02004478                NF_BgGetPalColor
                0x020044e8                NF_GetTilePal
                0x0200451c                NF_SetTilePal
                0x0200455c                NF_LoadExBgPal
                0x020045bc                NF_UnloadExBgPal
                0x02004600                NF_VramExBgPal
                0x0200468c                NF_SetExBgPal
                0x0200474c                NF_SetTileHflip
                0x02004784                NF_SetTileVflip
                0x020047bc                NF_RotateTileGfx
 .text          0x020048c0     0x4000 C:/devkitPro/libnds/lib\libnds9.a(dldi_stub.o)
                0x020048c0                _io_dldi_stub
 .text          0x020088c0      0x114 C:/devkitPro/devkitARM/bin/../lib/gcc/arm-none-eabi/13.2.0\libgcc.a(_udivsi3.o)
                0x020088c0                __aeabi_uidiv
                0x020088c0                __udivsi3
                0x020089b4                __aeabi_uidivmod
 .text          0x020089d4      0x148 C:/devkitPro/devkitARM/bin/../lib/gcc/arm-none-eabi/13.2.0\libgcc.a(_divsi3.o)
                0x020089d4                __divsi3
                0x020089d4                __aeabi_idiv
                0x02008afc                __aeabi_idivmod
 .text          0x02008b1c        0x4 C:/devkitPro/devkitARM/bin/../lib/gcc/arm-none-eabi/13.2.0\libgcc.a(_dvmd_tls.o)
                0x02008b1c                __aeabi_idiv0
                0x02008b1c                __aeabi_ldiv0
 .text          0x02008b20       0xd4 C:/devkitPro/devkitARM/bin/../lib/gcc/arm-none-eabi/13.2.0\libgcc.a(_aeabi_ldivmod.o)
                0x02008b20                __aeabi_ldivmod
 .text          0x02008bf4       0x28 C:/devkitPro/devkitARM/bin/../lib/gcc/arm-none-eabi/13.2.0\libgcc.a(_clzdi2.o)
                0x02008bf4                __clzdi2
 .text          0x02008c1c       0x48 C:/devkitPro/devkitARM/bin/../lib/gcc/arm-none-eabi/13.2.0\libgcc.a(_clzsi2.o)
                0x02008c1c                __clzsi2
 .text          0x02008c64      0x224 C:/devkitPro/devkitARM/bin/../lib/gcc/arm-none-eabi/13.2.0/../../../../arm-none-eabi/lib\libg.a(libc_a-strcmp.o)
                0x02008c64                strcmp
 .text          0x02008e88      0x424 C:/devkitPro/devkitARM/bin/../lib/gcc/arm-none-eabi/13.2.0\libgcc.a(_arm_addsubdf3.o)
                0x02008e88                __aeabi_drsub
                0x02008e90                __aeabi_dsub
                0x02008e90                __subdf3
                0x02008e94                __aeabi_dadd
                0x02008e94                __adddf3
                0x020091a4                __floatunsidf
                0x020091a4                __aeabi_ui2d
                0x020091c8                __floatsidf
                0x020091c8                __aeabi_i2d
                0x020091f0                __aeabi_f2d
                0x020091f0                __extendsfdf2
                0x02009238                __floatundidf
                0x02009238                __aeabi_ul2d
                0x0200924c                __floatdidf
                0x0200924c                __aeabi_l2d
 .text          0x020092ac      0x49c C:/devkitPro/devkitARM/bin/../lib/gcc/arm-none-eabi/13.2.0\libgcc.a(_arm_muldivdf3.o)
                0x020092ac                __aeabi_dmul
                0x020092ac                __muldf3
                0x0200953c                __divdf3
                0x0200953c                __aeabi_ddiv
 .text          0x02009748      0x144 C:/devkitPro/devkitARM/bin/../lib/gcc/arm-none-eabi/13.2.0\libgcc.a(_arm_cmpdf2.o)
                0x02009748                __gtdf2
                0x02009748                __gedf2
                0x02009750                __ltdf2
                0x02009750                __ledf2
                0x02009758                __nedf2
                0x02009758                __eqdf2
                0x02009758                __cmpdf2
                0x020097e0                __aeabi_cdrcmple
                0x020097fc                __aeabi_cdcmpeq
                0x020097fc                __aeabi_cdcmple
                0x02009814                __aeabi_dcmpeq
                0x0200982c                __aeabi_dcmplt
                0x02009844                __aeabi_dcmple
                0x0200985c                __aeabi_dcmpge
                0x02009874                __aeabi_dcmpgt
 .text          0x0200988c       0x38 C:/devkitPro/devkitARM/bin/../lib/gcc/arm-none-eabi/13.2.0\libgcc.a(_arm_unorddf2.o)
                0x0200988c                __unorddf2
                0x0200988c                __aeabi_dcmpun
 .text          0x020098c4       0x5c C:/devkitPro/devkitARM/bin/../lib/gcc/arm-none-eabi/13.2.0\libgcc.a(_arm_fixdfsi.o)
                0x020098c4                __aeabi_d2iz
                0x020098c4                __fixdfsi
 .text          0x02009920       0x3c C:/devkitPro/devkitARM/bin/../lib/gcc/arm-none-eabi/13.2.0\libgcc.a(_aeabi_uldivmod.o)
                0x02009920                __aeabi_uldivmod
 *(EXCLUDE_FILE(*.twl* *.vectors* *.itcm*) .stub)
 *(EXCLUDE_FILE(*.twl* *.vectors* *.itcm*) .text.*)
 .text.__do_global_dtors_aux
                0x0200995c       0x40 C:/devkitPro/devkitARM/bin/../lib/gcc/arm-none-eabi/13.2.0/crtbegin.o
 .text.frame_dummy
                0x0200999c       0x30 C:/devkitPro/devkitARM/bin/../lib/gcc/arm-none-eabi/13.2.0/crtbegin.o
 .text.startup  0x020099cc       0x38 main.o
                0x020099cc                main
 .text.nitroFSDirClose
                0x02009a04        0x4 C:/devkitPro/libnds/lib\libfilesystem.a(nitrofs.o)
 .text.nitroFSSeek
                0x02009a08       0x78 C:/devkitPro/libnds/lib\libfilesystem.a(nitrofs.o)
 .text.nitroFSFstat
                0x02009a80       0x10 C:/devkitPro/libnds/lib\libfilesystem.a(nitrofs.o)
 .text.nitroSubReadBlock
                0x02009a90       0x54 C:/devkitPro/libnds/lib\libfilesystem.a(nitrofs.o)
 .text.nitroSubReadCard
                0x02009ae4       0xb0 C:/devkitPro/libnds/lib\libfilesystem.a(nitrofs.o)
 .text.nitroFSClose
                0x02009b94        0x4 C:/devkitPro/libnds/lib\libfilesystem.a(nitrofs.o)
 .text.nitroDirReset
                0x02009b98       0x9c C:/devkitPro/libnds/lib\libfilesystem.a(nitrofs.o)
 .text.nitroFSRead
                0x02009c34       0xbc C:/devkitPro/libnds/lib\libfilesystem.a(nitrofs.o)
 .text.nitroFSDirNext
                0x02009cf0      0x30c C:/devkitPro/libnds/lib\libfilesystem.a(nitrofs.o)
 .text.nitroFSDirOpen
                0x02009ffc       0xe0 C:/devkitPro/libnds/lib\libfilesystem.a(nitrofs.o)
 .text.nitroFSChdir
                0x0200a0dc       0x30 C:/devkitPro/libnds/lib\libfilesystem.a(nitrofs.o)
 .text.nitroFSOpen
                0x0200a10c       0xc4 C:/devkitPro/libnds/lib\libfilesystem.a(nitrofs.o)
 .text.nitroFSstat
                0x0200a1d0       0x68 C:/devkitPro/libnds/lib\libfilesystem.a(nitrofs.o)
 .text.nitroFSInit
                0x0200a238      0x12c C:/devkitPro/libnds/lib\libfilesystem.a(nitrofs.o)
                0x0200a238                nitroFSInit
 .text.fatMount.part.0
                0x0200a364       0xa0 C:/devkitPro/libnds/lib\libfat.a(libfat.o)
 .text.fatMount
                0x0200a404       0x3c C:/devkitPro/libnds/lib\libfat.a(libfat.o)
                0x0200a404                fatMount
 .text.fatInit  0x0200a440      0x130 C:/devkitPro/libnds/lib\libfat.a(libfat.o)
                0x0200a440                fatInit
 .text.fatInitDefault
                0x0200a570        0xc C:/devkitPro/libnds/lib\libfat.a(libfat.o)
                0x0200a570                fatInitDefault
 .text._FAT_check_position_for_next_cluster.part.0
                0x0200a57c       0x68 C:/devkitPro/libnds/lib\libfat.a(fatfile.o)
 .text._FAT_syncToDisc.part.0
                0x0200a5e4       0xd4 C:/devkitPro/libnds/lib\libfat.a(fatfile.o)
 .text._FAT_file_extend_r
                0x0200a6b8      0x208 C:/devkitPro/libnds/lib\libfat.a(fatfile.o)
 .text._FAT_open_r
                0x0200a8c0      0x2d4 C:/devkitPro/libnds/lib\libfat.a(fatfile.o)
                0x0200a8c0                _FAT_open_r
 .text._FAT_close_r
                0x0200ab94       0x74 C:/devkitPro/libnds/lib\libfat.a(fatfile.o)
                0x0200ab94                _FAT_close_r
 .text._FAT_read_r
                0x0200ac08      0x398 C:/devkitPro/libnds/lib\libfat.a(fatfile.o)
                0x0200ac08                _FAT_read_r
 .text._FAT_write_r
                0x0200afa0      0x53c C:/devkitPro/libnds/lib\libfat.a(fatfile.o)
                0x0200afa0                _FAT_write_r
 .text._FAT_seek_r
                0x0200b4dc      0x194 C:/devkitPro/libnds/lib\libfat.a(fatfile.o)
                0x0200b4dc                _FAT_seek_r
 .text._FAT_fstat_r
                0x0200b670       0x8c C:/devkitPro/libnds/lib\libfat.a(fatfile.o)
                0x0200b670                _FAT_fstat_r
 .text._FAT_ftruncate_r
                0x0200b6fc      0x16c C:/devkitPro/libnds/lib\libfat.a(fatfile.o)
                0x0200b6fc                _FAT_ftruncate_r
 .text._FAT_fsync_r
                0x0200b868       0x44 C:/devkitPro/libnds/lib\libfat.a(fatfile.o)
                0x0200b868                _FAT_fsync_r
 .text._FAT_cache_getPage
                0x0200b8ac       0xf0 C:/devkitPro/libnds/lib\libfat.a(cache.o)
 .text._FAT_cache_constructor
                0x0200b99c       0x90 C:/devkitPro/libnds/lib\libfat.a(cache.o)
                0x0200b99c                _FAT_cache_constructor
 .text._FAT_cache_readSectors
                0x0200ba2c       0x60 C:/devkitPro/libnds/lib\libfat.a(cache.o)
                0x0200ba2c                _FAT_cache_readSectors
 .text._FAT_cache_readPartialSector
                0x0200ba8c       0x3c C:/devkitPro/libnds/lib\libfat.a(cache.o)
                0x0200ba8c                _FAT_cache_readPartialSector
 .text._FAT_cache_readLittleEndianValue
                0x0200bac8       0x70 C:/devkitPro/libnds/lib\libfat.a(cache.o)
                0x0200bac8                _FAT_cache_readLittleEndianValue
 .text._FAT_cache_writePartialSector
                0x0200bb38       0x4c C:/devkitPro/libnds/lib\libfat.a(cache.o)
                0x0200bb38                _FAT_cache_writePartialSector
 .text._FAT_cache_writeLittleEndianValue
                0x0200bb84       0x8c C:/devkitPro/libnds/lib\libfat.a(cache.o)
                0x0200bb84                _FAT_cache_writeLittleEndianValue
 .text._FAT_cache_eraseWritePartialSector
                0x0200bc10       0x60 C:/devkitPro/libnds/lib\libfat.a(cache.o)
                0x0200bc10                _FAT_cache_eraseWritePartialSector
 .text._FAT_cache_writeSectors
                0x0200bc70       0x80 C:/devkitPro/libnds/lib\libfat.a(cache.o)
                0x0200bc70                _FAT_cache_writeSectors
 .text._FAT_cache_flush
                0x0200bcf0       0x40 C:/devkitPro/libnds/lib\libfat.a(cache.o)
                0x0200bcf0                _FAT_cache_flush
 .text._FAT_stat_r
                0x0200bd30       0x90 C:/devkitPro/libnds/lib\libfat.a(fatdir.o)
                0x0200bd30                _FAT_stat_r
 .text._FAT_link_r
                0x0200bdc0        0xc C:/devkitPro/libnds/lib\libfat.a(fatdir.o)
                0x0200bdc0                _FAT_link_r
 .text._FAT_unlink_r
                0x0200bdcc      0x184 C:/devkitPro/libnds/lib\libfat.a(fatdir.o)
                0x0200bdcc                _FAT_unlink_r
 .text._FAT_chdir_r
                0x0200bf50       0x70 C:/devkitPro/libnds/lib\libfat.a(fatdir.o)
                0x0200bf50                _FAT_chdir_r
 .text._FAT_rename_r
                0x0200bfc0      0x1c4 C:/devkitPro/libnds/lib\libfat.a(fatdir.o)
                0x0200bfc0                _FAT_rename_r
 .text._FAT_mkdir_r
                0x0200c184      0x244 C:/devkitPro/libnds/lib\libfat.a(fatdir.o)
                0x0200c184                _FAT_mkdir_r
 .text._FAT_statvfs_r
                0x0200c3c8       0x78 C:/devkitPro/libnds/lib\libfat.a(fatdir.o)
                0x0200c3c8                _FAT_statvfs_r
 .text._FAT_diropen_r
                0x0200c440       0xb0 C:/devkitPro/libnds/lib\libfat.a(fatdir.o)
                0x0200c440                _FAT_diropen_r
 .text._FAT_dirreset_r
                0x0200c4f0       0x4c C:/devkitPro/libnds/lib\libfat.a(fatdir.o)
                0x0200c4f0                _FAT_dirreset_r
 .text._FAT_dirnext_r
                0x0200c53c       0x7c C:/devkitPro/libnds/lib\libfat.a(fatdir.o)
                0x0200c53c                _FAT_dirnext_r
 .text._FAT_dirclose_r
                0x0200c5b8       0x20 C:/devkitPro/libnds/lib\libfat.a(fatdir.o)
                0x0200c5b8                _FAT_dirclose_r
 .text._FAT_directory_entryGetAlias
                0x0200c5d8       0xc8 C:/devkitPro/libnds/lib\libfat.a(directory.o)
 .text._FAT_directory_incrementDirEntryPosition
                0x0200c6a0       0x80 C:/devkitPro/libnds/lib\libfat.a(directory.o)
 .text._FAT_directory_mbsncasecmp
                0x0200c720       0xa8 C:/devkitPro/libnds/lib\libfat.a(directory.o)
 .text._FAT_directory_ucs2tombs.constprop.0
                0x0200c7c8       0x90 C:/devkitPro/libnds/lib\libfat.a(directory.o)
 .text._FAT_directory_entryGetCluster
                0x0200c858       0x20 C:/devkitPro/libnds/lib\libfat.a(directory.o)
                0x0200c858                _FAT_directory_entryGetCluster
 .text._FAT_directory_getNextEntry
                0x0200c878      0x23c C:/devkitPro/libnds/lib\libfat.a(directory.o)
                0x0200c878                _FAT_directory_getNextEntry
 .text._FAT_directory_entryExists
                0x0200cab4       0x80 C:/devkitPro/libnds/lib\libfat.a(directory.o)
 .text._FAT_directory_getFirstEntry
                0x0200cb34       0x20 C:/devkitPro/libnds/lib\libfat.a(directory.o)
                0x0200cb34                _FAT_directory_getFirstEntry
 .text._FAT_directory_getRootEntry
                0x0200cb54       0x60 C:/devkitPro/libnds/lib\libfat.a(directory.o)
                0x0200cb54                _FAT_directory_getRootEntry
 .text._FAT_directory_entryFromPosition
                0x0200cbb4      0x150 C:/devkitPro/libnds/lib\libfat.a(directory.o)
                0x0200cbb4                _FAT_directory_entryFromPosition
 .text._FAT_directory_entryFromPath
                0x0200cd04      0x248 C:/devkitPro/libnds/lib\libfat.a(directory.o)
                0x0200cd04                _FAT_directory_entryFromPath
 .text._FAT_directory_removeEntry
                0x0200cf4c       0xd8 C:/devkitPro/libnds/lib\libfat.a(directory.o)
                0x0200cf4c                _FAT_directory_removeEntry
 .text._FAT_directory_addEntry
                0x0200d024      0x808 C:/devkitPro/libnds/lib\libfat.a(directory.o)
                0x0200d024                _FAT_directory_addEntry
 .text._FAT_directory_chdir
                0x0200d82c       0x3c C:/devkitPro/libnds/lib\libfat.a(directory.o)
                0x0200d82c                _FAT_directory_chdir
 .text._FAT_directory_entryStat
                0x0200d868       0xe4 C:/devkitPro/libnds/lib\libfat.a(directory.o)
                0x0200d868                _FAT_directory_entryStat
 .text.isValidMBR
                0x0200d94c       0x5c C:/devkitPro/libnds/lib\libfat.a(partition.o)
 .text._FAT_updateFS_INFO
                0x0200d9a8       0x54 C:/devkitPro/libnds/lib\libfat.a(partition.o)
 .text.FindFirstValidPartition_buf.part.0
                0x0200d9fc      0x11c C:/devkitPro/libnds/lib\libfat.a(partition.o)
 .text._FAT_partition_getPartitionFromPath
                0x0200db18       0x10 C:/devkitPro/libnds/lib\libfat.a(partition.o)
                0x0200db18                _FAT_partition_getPartitionFromPath
 .text._FAT_partition_createFSinfo
                0x0200db28       0x50 C:/devkitPro/libnds/lib\libfat.a(partition.o)
                0x0200db28                _FAT_partition_createFSinfo
 .text._FAT_partition_readFSinfo.part.0
                0x0200db78       0x74 C:/devkitPro/libnds/lib\libfat.a(partition.o)
 .text._FAT_partition_constructor_buf
                0x0200dbec      0x2e8 C:/devkitPro/libnds/lib\libfat.a(partition.o)
                0x0200dbec                _FAT_partition_constructor_buf
 .text._FAT_partition_constructor
                0x0200ded4       0x40 C:/devkitPro/libnds/lib\libfat.a(partition.o)
                0x0200ded4                _FAT_partition_constructor
 .text._FAT_partition_readFSinfo
                0x0200df14       0x10 C:/devkitPro/libnds/lib\libfat.a(partition.o)
                0x0200df14                _FAT_partition_readFSinfo
 .text._FAT_lock_init
                0x0200df24        0x4 C:/devkitPro/libnds/lib\libfat.a(lock.o)
                0x0200df24                _FAT_lock_init
 .text._FAT_lock
                0x0200df28        0x4 C:/devkitPro/libnds/lib\libfat.a(lock.o)
                0x0200df28                _FAT_lock
 .text._FAT_unlock
                0x0200df2c        0x4 C:/devkitPro/libnds/lib\libfat.a(lock.o)
                0x0200df2c                _FAT_unlock
 .text._FAT_filetime_getTimeFromRTC
                0x0200df30       0x44 C:/devkitPro/libnds/lib\libfat.a(filetime.o)
                0x0200df30                _FAT_filetime_getTimeFromRTC
 .text._FAT_filetime_getDateFromRTC
                0x0200df74       0x44 C:/devkitPro/libnds/lib\libfat.a(filetime.o)
                0x0200df74                _FAT_filetime_getDateFromRTC
 .text._FAT_filetime_to_time_t
                0x0200dfb8       0x38 C:/devkitPro/libnds/lib\libfat.a(filetime.o)
                0x0200dfb8                _FAT_filetime_to_time_t
 .text._FAT_fat_writeFatEntry.part.0.isra.0
                0x0200dff0      0x12c C:/devkitPro/libnds/lib\libfat.a(file_allocation_table.o)
 .text._FAT_fat_nextCluster
                0x0200e11c      0x108 C:/devkitPro/libnds/lib\libfat.a(file_allocation_table.o)
                0x0200e11c                _FAT_fat_nextCluster
 .text._FAT_fat_linkFreeCluster
                0x0200e224       0xac C:/devkitPro/libnds/lib\libfat.a(file_allocation_table.o)
                0x0200e224                _FAT_fat_linkFreeCluster
 .text._FAT_fat_linkFreeClusterCleared
                0x0200e2d0       0x68 C:/devkitPro/libnds/lib\libfat.a(file_allocation_table.o)
                0x0200e2d0                _FAT_fat_linkFreeClusterCleared
 .text._FAT_fat_clearLinks
                0x0200e338       0x7c C:/devkitPro/libnds/lib\libfat.a(file_allocation_table.o)
                0x0200e338                _FAT_fat_clearLinks
 .text._FAT_fat_trimChain
                0x0200e3b4       0x80 C:/devkitPro/libnds/lib\libfat.a(file_allocation_table.o)
                0x0200e3b4                _FAT_fat_trimChain
 .text._FAT_fat_lastCluster
                0x0200e434       0x34 C:/devkitPro/libnds/lib\libfat.a(file_allocation_table.o)
                0x0200e434                _FAT_fat_lastCluster
 .text._FAT_fat_freeClusterCount
                0x0200e468       0x2c C:/devkitPro/libnds/lib\libfat.a(file_allocation_table.o)
                0x0200e468                _FAT_fat_freeClusterCount
 .text.setBrightness
                0x0200e494       0x40 C:/devkitPro/libnds/lib\libnds9.a(video.o)
                0x0200e494                setBrightness
 .text.vramDefault
                0x0200e4d4       0xd0 C:/devkitPro/libnds/lib\libnds9.a(video.o)
                0x0200e4d4                vramDefault
 .text.newRow   0x0200e5a4       0xa8 C:/devkitPro/libnds/lib\libnds9.a(console.o)
 .text.consolePrintChar
                0x0200e64c       0xe0 C:/devkitPro/libnds/lib\libnds9.a(console.o)
                0x0200e64c                consolePrintChar
 .text.con_write
                0x0200e72c      0x36c C:/devkitPro/libnds/lib\libnds9.a(console.o)
                0x0200e72c                con_write
 .text.consoleLoadFont
                0x0200ea98      0x2a0 C:/devkitPro/libnds/lib\libnds9.a(console.o)
                0x0200ea98                consoleLoadFont
 .text.consoleInit
                0x0200ed38      0x18c C:/devkitPro/libnds/lib\libnds9.a(console.o)
                0x0200ed38                consoleInit
 .text.consoleDemoInit
                0x0200eec4       0x40 C:/devkitPro/libnds/lib\libnds9.a(console.o)
                0x0200eec4                consoleDemoInit
 .text.oamInit  0x0200ef04      0x114 C:/devkitPro/libnds/lib\libnds9.a(sprite.o)
                0x0200ef04                oamInit
 .text.oamGfxPtrToOffset
                0x0200f018       0x34 C:/devkitPro/libnds/lib\libnds9.a(sprite.o)
                0x0200f018                oamGfxPtrToOffset
 .text.oamSet   0x0200f04c      0x104 C:/devkitPro/libnds/lib\libnds9.a(sprite.o)
                0x0200f04c                oamSet
 .text.oamUpdate
                0x0200f150       0x60 C:/devkitPro/libnds/lib\libnds9.a(sprite.o)
                0x0200f150                oamUpdate
 .text.oamRotateScale
                0x0200f1b0       0x4c C:/devkitPro/libnds/lib\libnds9.a(sprite.o)
                0x0200f1b0                oamRotateScale
 .text.scanKeys
                0x0200f1fc       0x8c C:/devkitPro/libnds/lib\libnds9.a(keys.o)
                0x0200f1fc                scanKeys
 .text.keysHeld
                0x0200f288        0xc C:/devkitPro/libnds/lib\libnds9.a(keys.o)
                0x0200f288                keysHeld
 .text.keysDown
                0x0200f294       0x14 C:/devkitPro/libnds/lib\libnds9.a(keys.o)
                0x0200f294                keysDown
 .text.dldiGetInternal
                0x0200f2a8       0x34 C:/devkitPro/libnds/lib\libnds9.a(dldi.o)
                0x0200f2a8                dldiGetInternal
 .text.get_io_dsisd
                0x0200f2dc       0x24 C:/devkitPro/libnds/lib\libnds9.a(dldi.o)
                0x0200f2dc                get_io_dsisd
 .text.__syscall_gettod_r
                0x0200f300       0x28 C:/devkitPro/libnds/lib\libnds9.a(initSystem.o)
                0x0200f300                __syscall_gettod_r
 .text.__syscall_exit
                0x0200f328        0x8 C:/devkitPro/libnds/lib\libnds9.a(initSystem.o)
                0x0200f328                __syscall_exit
 .text.initSystem
                0x0200f330      0x180 C:/devkitPro/libnds/lib\libnds9.a(initSystem.o)
                0x0200f330                initSystem
 .text.irqDummy
                0x0200f4b0        0x4 C:/devkitPro/libnds/lib\libnds9.a(interrupts.o)
                0x0200f4b0                irqDummy
 .text.irqSet   0x0200f4b4       0x6c C:/devkitPro/libnds/lib\libnds9.a(interrupts.o)
                0x0200f4b4                irqSet
 .text.irqInit  0x0200f520       0x50 C:/devkitPro/libnds/lib\libnds9.a(interrupts.o)
                0x0200f520                irqInit
 .text.irqEnable
                0x0200f570       0x64 C:/devkitPro/libnds/lib\libnds9.a(interrupts.o)
                0x0200f570                irqEnable
 .text.systemErrorExit
                0x0200f5d4        0x4 C:/devkitPro/libnds/lib\libnds9.a(libnds_exit.arm.o)
                0x0200f5d4                systemErrorExit
 .text.__libnds_exit
                0x0200f5d8       0x5c C:/devkitPro/libnds/lib\libnds9.a(libnds_exit.arm.o)
                0x0200f5d8                __libnds_exit
 .text.cardPolledTransfer
                0x0200f634       0x54 C:/devkitPro/libnds/lib\libnds9.a(card.o)
                0x0200f634                cardPolledTransfer
 .text.cardParamCommand
                0x0200f688       0x34 C:/devkitPro/libnds/lib\libnds9.a(card.o)
                0x0200f688                cardParamCommand
 .text.fifo_queueBlock
                0x0200f6bc       0x44 C:/devkitPro/libnds/lib\libnds9.a(fifosystem.o)
 .text.fifo_waitBlock
                0x0200f700       0x80 C:/devkitPro/libnds/lib\libnds9.a(fifosystem.o)
 .text.fifoInternalSend.part.0
                0x0200f780       0xd4 C:/devkitPro/libnds/lib\libnds9.a(fifosystem.o)
 .text.fifoInternalSendInterrupt
                0x0200f854       0xb0 C:/devkitPro/libnds/lib\libnds9.a(fifosystem.o)
 .text.fifoSetValue32Handler
                0x0200f904       0xd4 C:/devkitPro/libnds/lib\libnds9.a(fifosystem.o)
                0x0200f904                fifoSetValue32Handler
 .text.fifoSendValue32
                0x0200f9d8       0x4c C:/devkitPro/libnds/lib\libnds9.a(fifosystem.o)
                0x0200f9d8                fifoSendValue32
 .text.fifoSendDatamsg
                0x0200fa24       0x90 C:/devkitPro/libnds/lib\libnds9.a(fifosystem.o)
                0x0200fa24                fifoSendDatamsg
 .text.fifoGetValue32
                0x0200fab4       0x70 C:/devkitPro/libnds/lib\libnds9.a(fifosystem.o)
                0x0200fab4                fifoGetValue32
 .text.fifoGetDatamsg
                0x0200fb24       0xf4 C:/devkitPro/libnds/lib\libnds9.a(fifosystem.o)
                0x0200fb24                fifoGetDatamsg
 .text.fifoInternalRecvInterrupt
                0x0200fc18      0x37c C:/devkitPro/libnds/lib\libnds9.a(fifosystem.o)
 .text.fifoSetDatamsgHandler
                0x0200ff94       0x9c C:/devkitPro/libnds/lib\libnds9.a(fifosystem.o)
                0x0200ff94                fifoSetDatamsgHandler
 .text.fifoCheckValue32
                0x02010030       0x24 C:/devkitPro/libnds/lib\libnds9.a(fifosystem.o)
                0x02010030                fifoCheckValue32
 .text.fifoInit
                0x02010054      0x108 C:/devkitPro/libnds/lib\libnds9.a(fifosystem.o)
                0x02010054                fifoInit
 .text.DC_FlushRange
                0x0201015c       0x24 C:/devkitPro/libnds/lib\libnds9.a(dcache.o)
                0x0201015c                DC_FlushRange
 .text.DC_InvalidateRange
                0x02010180       0x2c C:/devkitPro/libnds/lib\libnds9.a(dcache.o)
                0x02010180                DC_InvalidateRange
 .text.__libnds_mpu_setup
                0x020101ac      0x174 C:/devkitPro/libnds/lib\libnds9.a(mpu_setup.o)
                0x020101ac                __libnds_mpu_setup
 .text.memUncached
                0x02010320       0x20 C:/devkitPro/libnds/lib\libnds9.a(mpu_setup.o)
                0x02010320                memUncached
 .text.swiWaitForVBlank
                0x02010340        0x8 C:/devkitPro/libnds/lib\libnds9.a(IntrWait.o)
                0x02010340                swiWaitForVBlank
 .text.swiIntrWait
                0x02010348       0x70 C:/devkitPro/libnds/lib\libnds9.a(IntrWait.o)
                0x02010348                swiIntrWait
 .text.setCpuClock
                0x020103b8       0x50 C:/devkitPro/libnds/lib\libnds9.a(cpu_clock.o)
                0x020103b8                setCpuClock
 .text.swiDelay
                0x02010408        0x4 C:/devkitPro/libnds/lib\libnds9.a(biosCalls.o)
                0x02010408                swiDelay
 .text.swiSoftReset
                0x0201040c       0x2c C:/devkitPro/libnds/lib\libnds9.a(swiSoftReset.o)
                0x0201040c                swiSoftReset
 .text.checkIfText
                0x02010438       0x5c C:/devkitPro/libnds/lib\libnds9.a(background.o)
                0x02010438                checkIfText
 .text.bgUpdate
                0x02010494       0xf4 C:/devkitPro/libnds/lib\libnds9.a(background.o)
                0x02010494                bgUpdate
 .text.bgInit_call
                0x02010588       0xc4 C:/devkitPro/libnds/lib\libnds9.a(background.o)
                0x02010588                bgInit_call
 .text.bgInitSub_call
                0x0201064c       0xcc C:/devkitPro/libnds/lib\libnds9.a(background.o)
                0x0201064c                bgInitSub_call
 .text.sinLutLookup
                0x02010718       0x4c C:/devkitPro/libnds/lib\libnds9.a(trig.o)
                0x02010718                sinLutLookup
 .text.sinLerp  0x02010764       0x40 C:/devkitPro/libnds/lib\libnds9.a(trig.o)
                0x02010764                sinLerp
 .text.cosLerp  0x020107a4       0x4c C:/devkitPro/libnds/lib\libnds9.a(trig.o)
                0x020107a4                cosLerp
 .text.oamAllocReset
                0x020107f0       0x1c C:/devkitPro/libnds/lib\libnds9.a(sprite_alloc.o)
                0x020107f0                oamAllocReset
 .text.systemValueHandler
                0x0201080c       0x48 C:/devkitPro/libnds/lib\libnds9.a(system.o)
                0x0201080c                systemValueHandler
 .text.systemMsgHandler
                0x02010854       0x60 C:/devkitPro/libnds/lib\libnds9.a(system.o)
                0x02010854                systemMsgHandler
 .text.powerOn  0x020108b4       0x2c C:/devkitPro/libnds/lib\libnds9.a(system.o)
                0x020108b4                powerOn
 .text.__muldi3
                0x020108e0       0x18 C:/devkitPro/devkitARM/bin/../lib/gcc/arm-none-eabi/13.2.0\libgcc.a(_muldi3.o)
                0x020108e0                __muldi3
                0x020108e0                __aeabi_lmul
 .text.__udivmoddi4
                0x020108f8      0x128 C:/devkitPro/devkitARM/bin/../lib/gcc/arm-none-eabi/13.2.0\libgcc.a(_udivmoddi4.o)
                0x020108f8                __udivmoddi4
 .text.towlower
                0x02010a20       0x14 C:/devkitPro/devkitARM/bin/../lib/gcc/arm-none-eabi/13.2.0/../../../../arm-none-eabi/lib\libg.a(libc_a-towlower.o)
                0x02010a20                towlower
 .text._mbrtowc_r
                0x02010a34       0xc0 C:/devkitPro/devkitARM/bin/../lib/gcc/arm-none-eabi/13.2.0/../../../../arm-none-eabi/lib\libg.a(libc_a-mbrtowc.o)
                0x02010a34                _mbrtowc_r
 .text.mbrtowc  0x02010af4       0xc4 C:/devkitPro/devkitARM/bin/../lib/gcc/arm-none-eabi/13.2.0/../../../../arm-none-eabi/lib\libg.a(libc_a-mbrtowc.o)
                0x02010af4                mbrtowc
 .text._wcrtomb_r
                0x02010bb8       0xac C:/devkitPro/devkitARM/bin/../lib/gcc/arm-none-eabi/13.2.0/../../../../arm-none-eabi/lib\libg.a(libc_a-wcrtomb.o)
                0x02010bb8                _wcrtomb_r
 .text.wcrtomb  0x02010c64       0xb4 C:/devkitPro/devkitARM/bin/../lib/gcc/arm-none-eabi/13.2.0/../../../../arm-none-eabi/lib\libg.a(libc_a-wcrtomb.o)
                0x02010c64                wcrtomb
 .text.towupper
                0x02010d18       0x14 C:/devkitPro/devkitARM/bin/../lib/gcc/arm-none-eabi/13.2.0/../../../../arm-none-eabi/lib\libg.a(libc_a-towupper.o)
                0x02010d18                towupper
 .text.mbsrtowcs
                0x02010d2c       0x3c C:/devkitPro/devkitARM/bin/../lib/gcc/arm-none-eabi/13.2.0/../../../../arm-none-eabi/lib\libg.a(libc_a-mbsrtowcs.o)
                0x02010d2c                mbsrtowcs
 .text.wctob    0x02010d68       0x88 C:/devkitPro/devkitARM/bin/../lib/gcc/arm-none-eabi/13.2.0/../../../../arm-none-eabi/lib\libg.a(libc_a-wctob.o)
                0x02010d68                wctob
 .text.rewind   0x02010df0       0x30 C:/devkitPro/devkitARM/bin/../lib/gcc/arm-none-eabi/13.2.0/../../../../arm-none-eabi/lib\libg.a(libc_a-rewind.o)
                0x02010df0                rewind
 .text.towctrans
                0x02010e20       0x48 C:/devkitPro/devkitARM/bin/../lib/gcc/arm-none-eabi/13.2.0/../../../../arm-none-eabi/lib\libg.a(libc_a-towctrans.o)
                0x02010e20                towctrans
 .text.snprintf
                0x02010e68       0xcc C:/devkitPro/devkitARM/bin/../lib/gcc/arm-none-eabi/13.2.0/../../../../arm-none-eabi/lib\libg.a(libc_a-snprintf.o)
                0x02010e68                snprintf
 .text.siscanf  0x02010f34       0x74 C:/devkitPro/devkitARM/bin/../lib/gcc/arm-none-eabi/13.2.0/../../../../arm-none-eabi/lib\libg.a(libc_a-siscanf.o)
                0x02010f34                siscanf
 .text.calloc   0x02010fa8       0x24 C:/devkitPro/devkitARM/bin/../lib/gcc/arm-none-eabi/13.2.0/../../../../arm-none-eabi/lib\libg.a(libc_a-calloc.o)
                0x02010fa8                calloc
 .text._calloc_r
                0x02010fcc       0xd0 C:/devkitPro/devkitARM/bin/../lib/gcc/arm-none-eabi/13.2.0/../../../../arm-none-eabi/lib\libg.a(libc_a-callocr.o)
                0x02010fcc                _calloc_r
 .text.setvbuf  0x0201109c      0x25c C:/devkitPro/devkitARM/bin/../lib/gcc/arm-none-eabi/13.2.0/../../../../arm-none-eabi/lib\libg.a(libc_a-setvbuf.o)
                0x0201109c                setvbuf
 .text.get_arg  0x020112f8       0x54 C:/devkitPro/devkitARM/bin/../lib/gcc/arm-none-eabi/13.2.0/../../../../arm-none-eabi/lib\libg.a(libc_a-svfiscanf.o)
 .text._sungetc_r
                0x0201134c       0xe4 C:/devkitPro/devkitARM/bin/../lib/gcc/arm-none-eabi/13.2.0/../../../../arm-none-eabi/lib\libg.a(libc_a-svfiscanf.o)
                0x0201134c                _sungetc_r
 .text.__ssrefill_r
                0x02011430       0x68 C:/devkitPro/devkitARM/bin/../lib/gcc/arm-none-eabi/13.2.0/../../../../arm-none-eabi/lib\libg.a(libc_a-svfiscanf.o)
                0x02011430                __ssrefill_r
 .text._sfread_r
                0x02011498       0xc8 C:/devkitPro/devkitARM/bin/../lib/gcc/arm-none-eabi/13.2.0/../../../../arm-none-eabi/lib\libg.a(libc_a-svfiscanf.o)
                0x02011498                _sfread_r
 .text.__ssvfiscanf_r
                0x02011560     0x22dc C:/devkitPro/devkitARM/bin/../lib/gcc/arm-none-eabi/13.2.0/../../../../arm-none-eabi/lib\libg.a(libc_a-svfiscanf.o)
                0x02011560                __ssvfiscanf_r
 .text._malloc_trim_r
                0x0201383c      0x100 C:/devkitPro/devkitARM/bin/../lib/gcc/arm-none-eabi/13.2.0/../../../../arm-none-eabi/lib\libg.a(libc_a-freer.o)
                0x0201383c                _malloc_trim_r
 .text._free_r  0x0201393c      0x2e8 C:/devkitPro/devkitARM/bin/../lib/gcc/arm-none-eabi/13.2.0/../../../../arm-none-eabi/lib\libg.a(libc_a-freer.o)
                0x0201393c                _free_r
 .text.iprintf  0x02013c24       0x34 C:/devkitPro/devkitARM/bin/../lib/gcc/arm-none-eabi/13.2.0/../../../../arm-none-eabi/lib\libg.a(libc_a-iprintf.o)
                0x02013c24                iprintf
 .text.strchr   0x02013c58      0x13c C:/devkitPro/devkitARM/bin/../lib/gcc/arm-none-eabi/13.2.0/../../../../arm-none-eabi/lib\libg.a(libc_a-strchr.o)
                0x02013c58                strchr
 .text.memcmp   0x02013d94       0xe0 C:/devkitPro/devkitARM/bin/../lib/gcc/arm-none-eabi/13.2.0/../../../../arm-none-eabi/lib\libg.a(libc_a-memcmp.o)
                0x02013d94                memcmp
 .text._fclose_r
                0x02013e74      0x150 C:/devkitPro/devkitARM/bin/../lib/gcc/arm-none-eabi/13.2.0/../../../../arm-none-eabi/lib\libg.a(libc_a-fclose.o)
                0x02013e74                _fclose_r
 .text.fclose   0x02013fc4       0x18 C:/devkitPro/devkitARM/bin/../lib/gcc/arm-none-eabi/13.2.0/../../../../arm-none-eabi/lib\libg.a(libc_a-fclose.o)
                0x02013fc4                fclose
 .text.get_arg  0x02013fdc      0x654 C:/devkitPro/devkitARM/bin/../lib/gcc/arm-none-eabi/13.2.0/../../../../arm-none-eabi/lib\libg.a(libc_a-svfprintf.o)
 .text._svfprintf_r
                0x02014630     0x3518 C:/devkitPro/devkitARM/bin/../lib/gcc/arm-none-eabi/13.2.0/../../../../arm-none-eabi/lib\libg.a(libc_a-svfprintf.o)
                0x02014630                _svfprintf_r
 .text.malloc   0x02017b48       0x1c C:/devkitPro/devkitARM/bin/../lib/gcc/arm-none-eabi/13.2.0/../../../../arm-none-eabi/lib\libg.a(libc_a-malloc.o)
                0x02017b48                malloc
 .text.free     0x02017b64       0x1c C:/devkitPro/devkitARM/bin/../lib/gcc/arm-none-eabi/13.2.0/../../../../arm-none-eabi/lib\libg.a(libc_a-malloc.o)
                0x02017b64                free
 .text._malloc_r
                0x02017b80      0x7a4 C:/devkitPro/devkitARM/bin/../lib/gcc/arm-none-eabi/13.2.0/../../../../arm-none-eabi/lib\libg.a(libc_a-mallocr.o)
                0x02017b80                _malloc_r
 .text.memmove  0x02018324      0x154 C:/devkitPro/devkitARM/bin/../lib/gcc/arm-none-eabi/13.2.0/../../../../arm-none-eabi/lib\libg.a(libc_a-memmove.o)
                0x02018324                memmove
 .text.memset   0x02018478       0xfc C:/devkitPro/devkitARM/bin/../lib/gcc/arm-none-eabi/13.2.0/../../../../arm-none-eabi/lib\libg.a(libc_a-memset.o)
                0x02018478                memset
 .text.__malloc_lock
                0x02018574       0x18 C:/devkitPro/devkitARM/bin/../lib/gcc/arm-none-eabi/13.2.0/../../../../arm-none-eabi/lib\libg.a(libc_a-mlock.o)
                0x02018574                __malloc_lock
 .text.__malloc_unlock
                0x0201858c       0x18 C:/devkitPro/devkitARM/bin/../lib/gcc/arm-none-eabi/13.2.0/../../../../arm-none-eabi/lib\libg.a(libc_a-mlock.o)
                0x0201858c                __malloc_unlock
 .text.strlen   0x020185a4       0x94 C:/devkitPro/devkitARM/bin/../lib/gcc/arm-none-eabi/13.2.0/../../../../arm-none-eabi/lib\libg.a(libc_a-strlen.o)
                0x020185a4                strlen
 .text._fopen_r
                0x02018638      0x138 C:/devkitPro/devkitARM/bin/../lib/gcc/arm-none-eabi/13.2.0/../../../../arm-none-eabi/lib\libg.a(libc_a-fopen.o)
                0x02018638                _fopen_r
 .text.fopen    0x02018770       0x20 C:/devkitPro/devkitARM/bin/../lib/gcc/arm-none-eabi/13.2.0/../../../../arm-none-eabi/lib\libg.a(libc_a-fopen.o)
                0x02018770                fopen
 .text.__sflush_r
                0x02018790      0x248 C:/devkitPro/devkitARM/bin/../lib/gcc/arm-none-eabi/13.2.0/../../../../arm-none-eabi/lib\libg.a(libc_a-fflush.o)
                0x02018790                __sflush_r
 .text._fflush_r
                0x020189d8       0x9c C:/devkitPro/devkitARM/bin/../lib/gcc/arm-none-eabi/13.2.0/../../../../arm-none-eabi/lib\libg.a(libc_a-fflush.o)
                0x020189d8                _fflush_r
 .text.strpbrk  0x02018a74       0x7c C:/devkitPro/devkitARM/bin/../lib/gcc/arm-none-eabi/13.2.0/../../../../arm-none-eabi/lib\libg.a(libc_a-strpbrk.o)
                0x02018a74                strpbrk
 .text.strdup   0x02018af0       0x1c C:/devkitPro/devkitARM/bin/../lib/gcc/arm-none-eabi/13.2.0/../../../../arm-none-eabi/lib\libg.a(libc_a-strdup.o)
                0x02018af0                strdup
 .text.strcasecmp
                0x02018b0c       0x70 C:/devkitPro/devkitARM/bin/../lib/gcc/arm-none-eabi/13.2.0/../../../../arm-none-eabi/lib\libg.a(libc_a-strcasecmp.o)
                0x02018b0c                strcasecmp
 .text.strrchr  0x02018b7c       0x58 C:/devkitPro/devkitARM/bin/../lib/gcc/arm-none-eabi/13.2.0/../../../../arm-none-eabi/lib\libg.a(libc_a-strrchr.o)
                0x02018b7c                strrchr
 .text.strncasecmp
                0x02018bd4       0x8c C:/devkitPro/devkitARM/bin/../lib/gcc/arm-none-eabi/13.2.0/../../../../arm-none-eabi/lib\libg.a(libc_a-strncasecmp.o)
                0x02018bd4                strncasecmp
 .text._strdup_r
                0x02018c60       0x44 C:/devkitPro/devkitARM/bin/../lib/gcc/arm-none-eabi/13.2.0/../../../../arm-none-eabi/lib\libg.a(libc_a-strdup_r.o)
                0x02018c60                _strdup_r
 .text.ftell    0x02018ca4       0x30 C:/devkitPro/devkitARM/bin/../lib/gcc/arm-none-eabi/13.2.0/../../../../arm-none-eabi/lib\libg.a(libc_a-ftell.o)
                0x02018ca4                ftell
 .text.strncmp  0x02018cd4       0xec C:/devkitPro/devkitARM/bin/../lib/gcc/arm-none-eabi/13.2.0/../../../../arm-none-eabi/lib\libg.a(libc_a-strncmp.o)
                0x02018cd4                strncmp
 .text._fwalk_sglue
                0x02018dc0       0x78 C:/devkitPro/devkitARM/bin/../lib/gcc/arm-none-eabi/13.2.0/../../../../arm-none-eabi/lib\libg.a(libc_a-fwalk.o)
                0x02018dc0                _fwalk_sglue
 .text._fread_r
                0x02018e38      0x33c C:/devkitPro/devkitARM/bin/../lib/gcc/arm-none-eabi/13.2.0/../../../../arm-none-eabi/lib\libg.a(libc_a-fread.o)
                0x02018e38                _fread_r
 .text.fread    0x02019174       0x3c C:/devkitPro/devkitARM/bin/../lib/gcc/arm-none-eabi/13.2.0/../../../../arm-none-eabi/lib\libg.a(libc_a-fread.o)
                0x02019174                fread
 .text.strncpy  0x020191b0       0xd0 C:/devkitPro/devkitARM/bin/../lib/gcc/arm-none-eabi/13.2.0/../../../../arm-none-eabi/lib\libg.a(libc_a-strncpy.o)
                0x020191b0                strncpy
 .text.stdio_exit_handler
                0x02019280       0x28 C:/devkitPro/devkitARM/bin/../lib/gcc/arm-none-eabi/13.2.0/../../../../arm-none-eabi/lib\libg.a(libc_a-findfp.o)
 .text.cleanup_stdio
                0x020192a8       0x54 C:/devkitPro/devkitARM/bin/../lib/gcc/arm-none-eabi/13.2.0/../../../../arm-none-eabi/lib\libg.a(libc_a-findfp.o)
 .text.global_stdio_init.part.0
                0x020192fc      0x158 C:/devkitPro/devkitARM/bin/../lib/gcc/arm-none-eabi/13.2.0/../../../../arm-none-eabi/lib\libg.a(libc_a-findfp.o)
 .text.__sfp    0x02019454      0x138 C:/devkitPro/devkitARM/bin/../lib/gcc/arm-none-eabi/13.2.0/../../../../arm-none-eabi/lib\libg.a(libc_a-findfp.o)
                0x02019454                __sfp
 .text.__sinit  0x0201958c       0x64 C:/devkitPro/devkitARM/bin/../lib/gcc/arm-none-eabi/13.2.0/../../../../arm-none-eabi/lib\libg.a(libc_a-findfp.o)
                0x0201958c                __sinit
 .text.__sfp_lock_acquire
                0x020195f0       0x18 C:/devkitPro/devkitARM/bin/../lib/gcc/arm-none-eabi/13.2.0/../../../../arm-none-eabi/lib\libg.a(libc_a-findfp.o)
                0x020195f0                __sfp_lock_acquire
 .text.__sfp_lock_release
                0x02019608       0x18 C:/devkitPro/devkitARM/bin/../lib/gcc/arm-none-eabi/13.2.0/../../../../arm-none-eabi/lib\libg.a(libc_a-findfp.o)
                0x02019608                __sfp_lock_release
 .text.localtime_r
                0x02019620      0x374 C:/devkitPro/devkitARM/bin/../lib/gcc/arm-none-eabi/13.2.0/../../../../arm-none-eabi/lib\libg.a(libc_a-lcltime_r.o)
                0x02019620                localtime_r
 .text.strnlen  0x02019994       0x48 C:/devkitPro/devkitARM/bin/../lib/gcc/arm-none-eabi/13.2.0/../../../../arm-none-eabi/lib\libg.a(libc_a-strnlen.o)
                0x02019994                strnlen
 .text._tzset_unlocked
                0x020199dc       0x14 C:/devkitPro/devkitARM/bin/../lib/gcc/arm-none-eabi/13.2.0/../../../../arm-none-eabi/lib\libg.a(libc_a-tzset.o)
                0x020199dc                _tzset_unlocked
 .text.validate_structure
                0x020199f0      0x2e0 C:/devkitPro/devkitARM/bin/../lib/gcc/arm-none-eabi/13.2.0/../../../../arm-none-eabi/lib\libg.a(libc_a-mktime.o)
 .text.mktime   0x02019cd0      0x4cc C:/devkitPro/devkitARM/bin/../lib/gcc/arm-none-eabi/13.2.0/../../../../arm-none-eabi/lib\libg.a(libc_a-mktime.o)
                0x02019cd0                mktime
 .text.access   0x0201a19c       0x54 C:/devkitPro/devkitARM/bin/../lib/gcc/arm-none-eabi/13.2.0/../../../../arm-none-eabi/lib\libg.a(libc_a-access.o)
                0x0201a19c                access
 .text._fseek_r
                0x0201a1f0       0x20 C:/devkitPro/devkitARM/bin/../lib/gcc/arm-none-eabi/13.2.0/../../../../arm-none-eabi/lib\libg.a(libc_a-fseek.o)
                0x0201a1f0                _fseek_r
 .text.fseek    0x0201a210       0x38 C:/devkitPro/devkitARM/bin/../lib/gcc/arm-none-eabi/13.2.0/../../../../arm-none-eabi/lib\libg.a(libc_a-fseek.o)
                0x0201a210                fseek
 .text._tzset_unlocked_r
                0x0201a248      0x688 C:/devkitPro/devkitARM/bin/../lib/gcc/arm-none-eabi/13.2.0/../../../../arm-none-eabi/lib\libg.a(libc_a-tzset_r.o)
                0x0201a248                _tzset_unlocked_r
 .text._strtol_l.part.0
                0x0201a8d0      0x1b4 C:/devkitPro/devkitARM/bin/../lib/gcc/arm-none-eabi/13.2.0/../../../../arm-none-eabi/lib\libg.a(libc_a-strtol.o)
 .text._strtol_r
                0x0201aa84       0x64 C:/devkitPro/devkitARM/bin/../lib/gcc/arm-none-eabi/13.2.0/../../../../arm-none-eabi/lib\libg.a(libc_a-strtol.o)
                0x0201aa84                _strtol_r
 .text.realloc  0x0201aae8       0x24 C:/devkitPro/devkitARM/bin/../lib/gcc/arm-none-eabi/13.2.0/../../../../arm-none-eabi/lib\libg.a(libc_a-realloc.o)
                0x0201aae8                realloc
 .text.__gettzinfo
                0x0201ab0c        0xc C:/devkitPro/devkitARM/bin/../lib/gcc/arm-none-eabi/13.2.0/../../../../arm-none-eabi/lib\libg.a(libc_a-gettzinfo.o)
                0x0201ab0c                __gettzinfo
 .text._strtoul_l.isra.0
                0x0201ab18      0x1dc C:/devkitPro/devkitARM/bin/../lib/gcc/arm-none-eabi/13.2.0/../../../../arm-none-eabi/lib\libg.a(libc_a-strtoul.o)
 .text._strtoul_r
                0x0201acf4       0x30 C:/devkitPro/devkitARM/bin/../lib/gcc/arm-none-eabi/13.2.0/../../../../arm-none-eabi/lib\libg.a(libc_a-strtoul.o)
                0x0201acf4                _strtoul_r
 .text.strtoul  0x0201ad24       0x34 C:/devkitPro/devkitARM/bin/../lib/gcc/arm-none-eabi/13.2.0/../../../../arm-none-eabi/lib\libg.a(libc_a-strtoul.o)
                0x0201ad24                strtoul
 .text.__locale_mb_cur_max
                0x0201ad58       0x28 C:/devkitPro/devkitARM/bin/../lib/gcc/arm-none-eabi/13.2.0/../../../../arm-none-eabi/lib\libg.a(libc_a-locale.o)
                0x0201ad58                __locale_mb_cur_max
 .text.time     0x0201ad80       0x50 C:/devkitPro/devkitARM/bin/../lib/gcc/arm-none-eabi/13.2.0/../../../../arm-none-eabi/lib\libg.a(libc_a-time.o)
                0x0201ad80                time
 .text._localeconv_r
                0x0201add0       0x28 C:/devkitPro/devkitARM/bin/../lib/gcc/arm-none-eabi/13.2.0/../../../../arm-none-eabi/lib\libg.a(libc_a-localeconv.o)
                0x0201add0                _localeconv_r
 .text.__tzcalc_limits
                0x0201adf8      0x254 C:/devkitPro/devkitARM/bin/../lib/gcc/arm-none-eabi/13.2.0/../../../../arm-none-eabi/lib\libg.a(libc_a-tzcalc_limits.o)
                0x0201adf8                __tzcalc_limits
 .text.strcpy   0x0201b04c       0xf0 C:/devkitPro/devkitARM/bin/../lib/gcc/arm-none-eabi/13.2.0/../../../../arm-none-eabi/lib\libg.a(libc_a-strcpy.o)
                0x0201b04c                strcpy
 .text.memchr   0x0201b13c       0xf0 C:/devkitPro/devkitARM/bin/../lib/gcc/arm-none-eabi/13.2.0/../../../../arm-none-eabi/lib\libg.a(libc_a-memchr-stub.o)
                0x0201b13c                memchr
 .text.__utf8_wctomb
                0x0201b22c       0xf4 C:/devkitPro/devkitARM/bin/../lib/gcc/arm-none-eabi/13.2.0/../../../../arm-none-eabi/lib\libg.a(libc_a-wctomb_r.o)
                0x0201b22c                __utf8_wctomb
 .text.memcpy   0x0201b320      0x114 C:/devkitPro/devkitARM/bin/../lib/gcc/arm-none-eabi/13.2.0/../../../../arm-none-eabi/lib\libg.a(libc_a-memcpy-stub.o)
                0x0201b320                memcpy
 .text.stpcpy   0x0201b434       0x74 C:/devkitPro/devkitARM/bin/../lib/gcc/arm-none-eabi/13.2.0/../../../../arm-none-eabi/lib\libg.a(libc_a-stpcpy.o)
                0x0201b434                stpcpy
 .text.__libc_init_array
                0x0201b4a8       0x90 C:/devkitPro/devkitARM/bin/../lib/gcc/arm-none-eabi/13.2.0/../../../../arm-none-eabi/lib\libg.a(libc_a-init.o)
                0x0201b4a8                __libc_init_array
 .text.__errno  0x0201b538       0x10 C:/devkitPro/devkitARM/bin/../lib/gcc/arm-none-eabi/13.2.0/../../../../arm-none-eabi/lib\libg.a(libc_a-errno.o)
                0x0201b538                __errno
 .text.lseek    0x0201b548       0x3c C:/devkitPro/devkitARM/bin/../lib/gcc/arm-none-eabi/13.2.0/../../../../arm-none-eabi/lib\libg.a(libc_a-syslseek.o)
                0x0201b548                lseek
 .text.open     0x0201b584       0x40 C:/devkitPro/devkitARM/bin/../lib/gcc/arm-none-eabi/13.2.0/../../../../arm-none-eabi/lib\libg.a(libc_a-sysopen.o)
                0x0201b584                open
 .text.read     0x0201b5c4       0x2c C:/devkitPro/devkitARM/bin/../lib/gcc/arm-none-eabi/13.2.0/../../../../arm-none-eabi/lib\libg.a(libc_a-sysread.o)
                0x0201b5c4                read
 .text.stat     0x0201b5f0       0x24 C:/devkitPro/devkitARM/bin/../lib/gcc/arm-none-eabi/13.2.0/../../../../arm-none-eabi/lib\libg.a(libc_a-sysstat.o)
                0x0201b5f0                stat
 .text.frexp    0x0201b614       0xa4 C:/devkitPro/devkitARM/bin/../lib/gcc/arm-none-eabi/13.2.0/../../../../arm-none-eabi/lib\libg.a(libm_a-s_frexp.o)
                0x0201b614                frexp
 .text._strtoll_l.isra.0
                0x0201b6b8      0x23c C:/devkitPro/devkitARM/bin/../lib/gcc/arm-none-eabi/13.2.0/../../../../arm-none-eabi/lib\libg.a(libc_a-strtoll.o)
 .text._strtoll_r
                0x0201b8f4       0x30 C:/devkitPro/devkitARM/bin/../lib/gcc/arm-none-eabi/13.2.0/../../../../arm-none-eabi/lib\libg.a(libc_a-strtoll.o)
                0x0201b8f4                _strtoll_r
 .text._strtoull_l.isra.0
                0x0201b924      0x260 C:/devkitPro/devkitARM/bin/../lib/gcc/arm-none-eabi/13.2.0/../../../../arm-none-eabi/lib\libg.a(libc_a-strtoull.o)
 .text._strtoull_r
                0x0201bb84       0x30 C:/devkitPro/devkitARM/bin/../lib/gcc/arm-none-eabi/13.2.0/../../../../arm-none-eabi/lib\libg.a(libc_a-strtoull.o)
                0x0201bb84                _strtoull_r
 .text.towctrans_l
                0x0201bbb4      0x244 C:/devkitPro/devkitARM/bin/../lib/gcc/arm-none-eabi/13.2.0/../../../../arm-none-eabi/lib\libg.a(libc_a-towctrans_l.o)
                0x0201bbb4                towctrans_l
 .text.iswspace
                0x0201bdf8       0x14 C:/devkitPro/devkitARM/bin/../lib/gcc/arm-none-eabi/13.2.0/../../../../arm-none-eabi/lib\libg.a(libc_a-iswspace.o)
                0x0201bdf8                iswspace
 .text.__smakebuf_r
                0x0201be0c      0x138 C:/devkitPro/devkitARM/bin/../lib/gcc/arm-none-eabi/13.2.0/../../../../arm-none-eabi/lib\libg.a(libc_a-makebuf.o)
                0x0201be0c                __smakebuf_r
 .text.__swhatbuf_r
                0x0201bf44       0x80 C:/devkitPro/devkitARM/bin/../lib/gcc/arm-none-eabi/13.2.0/../../../../arm-none-eabi/lib\libg.a(libc_a-makebuf.o)
                0x0201bf44                __swhatbuf_r
 .text.iswspace_l
                0x0201bfc4       0x40 C:/devkitPro/devkitARM/bin/../lib/gcc/arm-none-eabi/13.2.0/../../../../arm-none-eabi/lib\libg.a(libc_a-iswspace_l.o)
                0x0201bfc4                iswspace_l
 .text._mbsnrtowcs_r
                0x0201c004      0x104 C:/devkitPro/devkitARM/bin/../lib/gcc/arm-none-eabi/13.2.0/../../../../arm-none-eabi/lib\libg.a(libc_a-mbsnrtowcs.o)
                0x0201c004                _mbsnrtowcs_r
 .text._wcsrtombs_r
                0x0201c108       0x2c C:/devkitPro/devkitARM/bin/../lib/gcc/arm-none-eabi/13.2.0/../../../../arm-none-eabi/lib\libg.a(libc_a-wcsrtombs.o)
                0x0201c108                _wcsrtombs_r
 .text.__sccl   0x0201c134       0xe4 C:/devkitPro/devkitARM/bin/../lib/gcc/arm-none-eabi/13.2.0/../../../../arm-none-eabi/lib\libg.a(libc_a-sccl.o)
                0x0201c134                __sccl
 .text.lflush   0x0201c218       0x3c C:/devkitPro/devkitARM/bin/../lib/gcc/arm-none-eabi/13.2.0/../../../../arm-none-eabi/lib\libg.a(libc_a-refill.o)
 .text.__srefill_r
                0x0201c254      0x19c C:/devkitPro/devkitARM/bin/../lib/gcc/arm-none-eabi/13.2.0/../../../../arm-none-eabi/lib\libg.a(libc_a-refill.o)
                0x0201c254                __srefill_r
 .text.__submore
                0x0201c3f0       0xa8 C:/devkitPro/devkitARM/bin/../lib/gcc/arm-none-eabi/13.2.0/../../../../arm-none-eabi/lib\libg.a(libc_a-ungetc.o)
                0x0201c3f0                __submore
 .text.__sread  0x0201c498       0x4c C:/devkitPro/devkitARM/bin/../lib/gcc/arm-none-eabi/13.2.0/../../../../arm-none-eabi/lib\libg.a(libc_a-stdio.o)
                0x0201c498                __sread
 .text.__seofread
                0x0201c4e4        0x8 C:/devkitPro/devkitARM/bin/../lib/gcc/arm-none-eabi/13.2.0/../../../../arm-none-eabi/lib\libg.a(libc_a-stdio.o)
                0x0201c4e4                __seofread
 .text.__swrite
                0x0201c4ec       0x6c C:/devkitPro/devkitARM/bin/../lib/gcc/arm-none-eabi/13.2.0/../../../../arm-none-eabi/lib\libg.a(libc_a-stdio.o)
                0x0201c4ec                __swrite
 .text.__sseek  0x0201c558       0x48 C:/devkitPro/devkitARM/bin/../lib/gcc/arm-none-eabi/13.2.0/../../../../arm-none-eabi/lib\libg.a(libc_a-stdio.o)
                0x0201c558                __sseek
 .text.__sclose
                0x0201c5a0       0x14 C:/devkitPro/devkitARM/bin/../lib/gcc/arm-none-eabi/13.2.0/../../../../arm-none-eabi/lib\libg.a(libc_a-stdio.o)
                0x0201c5a0                __sclose
 .text.category
                0x0201c5b4       0x98 C:/devkitPro/devkitARM/bin/../lib/gcc/arm-none-eabi/13.2.0/../../../../arm-none-eabi/lib\libg.a(libc_a-categories.o)
                0x0201c5b4                category
 .text.get_arg  0x0201c64c      0x654 C:/devkitPro/devkitARM/bin/../lib/gcc/arm-none-eabi/13.2.0/../../../../arm-none-eabi/lib\libg.a(libc_a-vfiprintf.o)
 .text.__sprint_r
                0x0201cca0       0x34 C:/devkitPro/devkitARM/bin/../lib/gcc/arm-none-eabi/13.2.0/../../../../arm-none-eabi/lib\libg.a(libc_a-vfiprintf.o)
                0x0201cca0                __sprint_r
 .text._vfiprintf_r
                0x0201ccd4     0x2334 C:/devkitPro/devkitARM/bin/../lib/gcc/arm-none-eabi/13.2.0/../../../../arm-none-eabi/lib\libg.a(libc_a-vfiprintf.o)
                0x0201ccd4                _vfiprintf_r
 .text.__sbprintf
                0x0201f008       0xbc C:/devkitPro/devkitARM/bin/../lib/gcc/arm-none-eabi/13.2.0/../../../../arm-none-eabi/lib\libg.a(libc_a-vfiprintf.o)
 .text.__ssprint_r
                0x0201f0c4      0x190 C:/devkitPro/devkitARM/bin/../lib/gcc/arm-none-eabi/13.2.0/../../../../arm-none-eabi/lib\libg.a(libc_a-svfiprintf.o)
                0x0201f0c4                __ssprint_r
 .text.div      0x0201f254       0x2c C:/devkitPro/devkitARM/bin/../lib/gcc/arm-none-eabi/13.2.0/../../../../arm-none-eabi/lib\libg.a(libc_a-div.o)
                0x0201f254                div
 .text.__swsetup_r
                0x0201f280      0x144 C:/devkitPro/devkitARM/bin/../lib/gcc/arm-none-eabi/13.2.0/../../../../arm-none-eabi/lib\libg.a(libc_a-wsetup.o)
                0x0201f280                __swsetup_r
 .text.quorem   0x0201f3c4      0x1d8 C:/devkitPro/devkitARM/bin/../lib/gcc/arm-none-eabi/13.2.0/../../../../arm-none-eabi/lib\libg.a(libc_a-dtoa.o)
 *fill*         0x0201f59c        0x4 ff
 .text._dtoa_r  0x0201f5a0     0x16cc C:/devkitPro/devkitARM/bin/../lib/gcc/arm-none-eabi/13.2.0/../../../../arm-none-eabi/lib\libg.a(libc_a-dtoa.o)
                0x0201f5a0                _dtoa_r
 .text._fseeko_r
                0x02020c6c      0x5a4 C:/devkitPro/devkitARM/bin/../lib/gcc/arm-none-eabi/13.2.0/../../../../arm-none-eabi/lib\libg.a(libc_a-fseeko.o)
                0x02020c6c                _fseeko_r
 .text._findenv_r
                0x02021210       0xd0 C:/devkitPro/devkitARM/bin/../lib/gcc/arm-none-eabi/13.2.0/../../../../arm-none-eabi/lib\libg.a(libc_a-getenv_r.o)
                0x02021210                _findenv_r
 .text._getenv_r
                0x020212e0       0x1c C:/devkitPro/devkitARM/bin/../lib/gcc/arm-none-eabi/13.2.0/../../../../arm-none-eabi/lib\libg.a(libc_a-getenv_r.o)
                0x020212e0                _getenv_r
 .text._ftello_r
                0x020212fc      0x1c0 C:/devkitPro/devkitARM/bin/../lib/gcc/arm-none-eabi/13.2.0/../../../../arm-none-eabi/lib\libg.a(libc_a-ftello.o)
                0x020212fc                _ftello_r
 .text.__sflags
                0x020214bc       0xbc C:/devkitPro/devkitARM/bin/../lib/gcc/arm-none-eabi/13.2.0/../../../../arm-none-eabi/lib\libg.a(libc_a-flags.o)
                0x020214bc                __sflags
 .text._Balloc  0x02021578       0x8c C:/devkitPro/devkitARM/bin/../lib/gcc/arm-none-eabi/13.2.0/../../../../arm-none-eabi/lib\libg.a(libc_a-mprec.o)
                0x02021578                _Balloc
 .text._Bfree   0x02021604       0x1c C:/devkitPro/devkitARM/bin/../lib/gcc/arm-none-eabi/13.2.0/../../../../arm-none-eabi/lib\libg.a(libc_a-mprec.o)
                0x02021604                _Bfree
 .text.__multadd
                0x02021620      0x100 C:/devkitPro/devkitARM/bin/../lib/gcc/arm-none-eabi/13.2.0/../../../../arm-none-eabi/lib\libg.a(libc_a-mprec.o)
                0x02021620                __multadd
 .text.__hi0bits
                0x02021720       0x60 C:/devkitPro/devkitARM/bin/../lib/gcc/arm-none-eabi/13.2.0/../../../../arm-none-eabi/lib\libg.a(libc_a-mprec.o)
                0x02021720                __hi0bits
 .text.__lo0bits
                0x02021780       0xa0 C:/devkitPro/devkitARM/bin/../lib/gcc/arm-none-eabi/13.2.0/../../../../arm-none-eabi/lib\libg.a(libc_a-mprec.o)
                0x02021780                __lo0bits
 .text.__i2b    0x02021820       0xac C:/devkitPro/devkitARM/bin/../lib/gcc/arm-none-eabi/13.2.0/../../../../arm-none-eabi/lib\libg.a(libc_a-mprec.o)
                0x02021820                __i2b
 .text.__multiply
                0x020218cc      0x218 C:/devkitPro/devkitARM/bin/../lib/gcc/arm-none-eabi/13.2.0/../../../../arm-none-eabi/lib\libg.a(libc_a-mprec.o)
                0x020218cc                __multiply
 .text.__pow5mult
                0x02021ae4      0x12c C:/devkitPro/devkitARM/bin/../lib/gcc/arm-none-eabi/13.2.0/../../../../arm-none-eabi/lib\libg.a(libc_a-mprec.o)
                0x02021ae4                __pow5mult
 .text.__lshift
                0x02021c10      0x144 C:/devkitPro/devkitARM/bin/../lib/gcc/arm-none-eabi/13.2.0/../../../../arm-none-eabi/lib\libg.a(libc_a-mprec.o)
                0x02021c10                __lshift
 .text.__mcmp   0x02021d54       0x54 C:/devkitPro/devkitARM/bin/../lib/gcc/arm-none-eabi/13.2.0/../../../../arm-none-eabi/lib\libg.a(libc_a-mprec.o)
                0x02021d54                __mcmp
 .text.__mdiff  0x02021da8      0x214 C:/devkitPro/devkitARM/bin/../lib/gcc/arm-none-eabi/13.2.0/../../../../arm-none-eabi/lib\libg.a(libc_a-mprec.o)
                0x02021da8                __mdiff
 .text.__d2b    0x02021fbc      0x128 C:/devkitPro/devkitARM/bin/../lib/gcc/arm-none-eabi/13.2.0/../../../../arm-none-eabi/lib\libg.a(libc_a-mprec.o)
                0x02021fbc                __d2b
 .text.__sfvwrite_r
                0x020220e4      0x4c8 C:/devkitPro/devkitARM/bin/../lib/gcc/arm-none-eabi/13.2.0/../../../../arm-none-eabi/lib\libg.a(libc_a-fvwrite.o)
                0x020220e4                __sfvwrite_r
 .text.gmtime_r
                0x020225ac      0x26c C:/devkitPro/devkitARM/bin/../lib/gcc/arm-none-eabi/13.2.0/../../../../arm-none-eabi/lib\libg.a(libc_a-gmtime_r.o)
                0x020225ac                gmtime_r
 .text._realloc_r
                0x02022818      0x4b8 C:/devkitPro/devkitARM/bin/../lib/gcc/arm-none-eabi/13.2.0/../../../../arm-none-eabi/lib\libg.a(libc_a-reallocr.o)
                0x02022818                _realloc_r
 .text.__tz_lock
                0x02022cd0       0x18 C:/devkitPro/devkitARM/bin/../lib/gcc/arm-none-eabi/13.2.0/../../../../arm-none-eabi/lib\libg.a(libc_a-tzlock.o)
                0x02022cd0                __tz_lock
 .text.__tz_unlock
                0x02022ce8       0x18 C:/devkitPro/devkitARM/bin/../lib/gcc/arm-none-eabi/13.2.0/../../../../arm-none-eabi/lib\libg.a(libc_a-tzlock.o)
                0x02022ce8                __tz_unlock
 .text.__utf8_mbtowc
                0x02022d00      0x308 C:/devkitPro/devkitARM/bin/../lib/gcc/arm-none-eabi/13.2.0/../../../../arm-none-eabi/lib\libg.a(libc_a-mbtowc_r.o)
                0x02022d00                __utf8_mbtowc
 .text._wcsnrtombs_l
                0x02023008      0x198 C:/devkitPro/devkitARM/bin/../lib/gcc/arm-none-eabi/13.2.0/../../../../arm-none-eabi/lib\libg.a(libc_a-wcsnrtombs.o)
                0x02023008                _wcsnrtombs_l
 .text._wcsnrtombs_r
                0x020231a0       0x68 C:/devkitPro/devkitARM/bin/../lib/gcc/arm-none-eabi/13.2.0/../../../../arm-none-eabi/lib\libg.a(libc_a-wcsnrtombs.o)
                0x020231a0                _wcsnrtombs_r
 .text.__env_lock
                0x02023208       0x18 C:/devkitPro/devkitARM/bin/../lib/gcc/arm-none-eabi/13.2.0/../../../../arm-none-eabi/lib\libg.a(libc_a-envlock.o)
                0x02023208                __env_lock
 .text.__env_unlock
                0x02023220       0x18 C:/devkitPro/devkitARM/bin/../lib/gcc/arm-none-eabi/13.2.0/../../../../arm-none-eabi/lib\libg.a(libc_a-envlock.o)
                0x02023220                __env_unlock
 .text.__assert_func
                0x02023238       0x5c C:/devkitPro/devkitARM/bin/../lib/gcc/arm-none-eabi/13.2.0/../../../../arm-none-eabi/lib\libg.a(libc_a-assert.o)
                0x02023238                __assert_func
 .text.fiprintf
                0x02023294       0x3c C:/devkitPro/devkitARM/bin/../lib/gcc/arm-none-eabi/13.2.0/../../../../arm-none-eabi/lib\libg.a(libc_a-fiprintf.o)
                0x02023294                fiprintf
 .text.abort    0x020232d0       0x14 C:/devkitPro/devkitARM/bin/../lib/gcc/arm-none-eabi/13.2.0/../../../../arm-none-eabi/lib\libg.a(libc_a-abort.o)
                0x020232d0                abort
 .text._raise_r
                0x020232e4       0x94 C:/devkitPro/devkitARM/bin/../lib/gcc/arm-none-eabi/13.2.0/../../../../arm-none-eabi/lib\libg.a(libc_a-signal.o)
                0x020232e4                _raise_r
 .text.raise    0x02023378       0x18 C:/devkitPro/devkitARM/bin/../lib/gcc/arm-none-eabi/13.2.0/../../../../arm-none-eabi/lib\libg.a(libc_a-signal.o)
                0x02023378                raise
 .text._exit    0x02023390       0x20 C:/devkitPro/devkitARM/bin/../lib/gcc/arm-none-eabi/13.2.0/../../../../arm-none-eabi/lib\libsysbase.a(libsysbase_libsysbase_a-_exit.o)
                0x02023390                _exit
 .text.build_argv
                0x020233b0       0x90 C:/devkitPro/devkitARM/bin/../lib/gcc/arm-none-eabi/13.2.0/../../../../arm-none-eabi/lib\libsysbase.a(libsysbase_libsysbase_a-build_argv.o)
                0x020233b0                build_argv
 .text.chdir    0x02023440      0x144 C:/devkitPro/devkitARM/bin/../lib/gcc/arm-none-eabi/13.2.0/../../../../arm-none-eabi/lib\libsysbase.a(libsysbase_libsysbase_a-chdir.o)
                0x02023440                chdir
 .text.getcwd   0x02023584       0x8c C:/devkitPro/devkitARM/bin/../lib/gcc/arm-none-eabi/13.2.0/../../../../arm-none-eabi/lib\libsysbase.a(libsysbase_libsysbase_a-chdir.o)
                0x02023584                getcwd
 .text._concatenate_path
                0x02023610      0x1d4 C:/devkitPro/devkitARM/bin/../lib/gcc/arm-none-eabi/13.2.0/../../../../arm-none-eabi/lib\libsysbase.a(libsysbase_libsysbase_a-concatenate.o)
                0x02023610                _concatenate_path
 .text._fstat_r
                0x020237e4       0x7c C:/devkitPro/devkitARM/bin/../lib/gcc/arm-none-eabi/13.2.0/../../../../arm-none-eabi/lib\libsysbase.a(libsysbase_libsysbase_a-fstat.o)
                0x020237e4                _fstat_r
 .text._getpid_r
                0x02023860       0x14 C:/devkitPro/devkitARM/bin/../lib/gcc/arm-none-eabi/13.2.0/../../../../arm-none-eabi/lib\libsysbase.a(libsysbase_libsysbase_a-getpid.o)
                0x02023860                _getpid_r
 .text.__getreent
                0x02023874       0x30 C:/devkitPro/devkitARM/bin/../lib/gcc/arm-none-eabi/13.2.0/../../../../arm-none-eabi/lib\libsysbase.a(libsysbase_libsysbase_a-getreent.o)
                0x02023874                __getreent
 .text._gettimeofday_r
                0x020238a4       0x34 C:/devkitPro/devkitARM/bin/../lib/gcc/arm-none-eabi/13.2.0/../../../../arm-none-eabi/lib\libsysbase.a(libsysbase_libsysbase_a-gettod.o)
                0x020238a4                _gettimeofday_r
 .text.__release_handle
                0x020238d8       0x90 C:/devkitPro/devkitARM/bin/../lib/gcc/arm-none-eabi/13.2.0/../../../../arm-none-eabi/lib\libsysbase.a(libsysbase_libsysbase_a-handle_manager.o)
                0x020238d8                __release_handle
 .text.__alloc_handle
                0x02023968       0xb4 C:/devkitPro/devkitARM/bin/../lib/gcc/arm-none-eabi/13.2.0/../../../../arm-none-eabi/lib\libsysbase.a(libsysbase_libsysbase_a-handle_manager.o)
                0x02023968                __alloc_handle
 .text.__get_handle
                0x02023a1c       0x40 C:/devkitPro/devkitARM/bin/../lib/gcc/arm-none-eabi/13.2.0/../../../../arm-none-eabi/lib\libsysbase.a(libsysbase_libsysbase_a-handle_manager.o)
                0x02023a1c                __get_handle
 .text._close_r
                0x02023a5c       0xfc C:/devkitPro/devkitARM/bin/../lib/gcc/arm-none-eabi/13.2.0/../../../../arm-none-eabi/lib\libsysbase.a(libsysbase_libsysbase_a-handle_manager.o)
                0x02023a5c                _close_r
 .text.null_write
                0x02023b58        0x8 C:/devkitPro/devkitARM/bin/../lib/gcc/arm-none-eabi/13.2.0/../../../../arm-none-eabi/lib\libsysbase.a(libsysbase_libsysbase_a-iosupport.o)
 .text.setDefaultDevice
                0x02023b60       0x18 C:/devkitPro/devkitARM/bin/../lib/gcc/arm-none-eabi/13.2.0/../../../../arm-none-eabi/lib\libsysbase.a(libsysbase_libsysbase_a-iosupport.o)
                0x02023b60                setDefaultDevice
 .text.FindDevice
                0x02023b78       0xd4 C:/devkitPro/devkitARM/bin/../lib/gcc/arm-none-eabi/13.2.0/../../../../arm-none-eabi/lib\libsysbase.a(libsysbase_libsysbase_a-iosupport.o)
                0x02023b78                FindDevice
 .text.AddDevice
                0x02023c4c       0xa4 C:/devkitPro/devkitARM/bin/../lib/gcc/arm-none-eabi/13.2.0/../../../../arm-none-eabi/lib\libsysbase.a(libsysbase_libsysbase_a-iosupport.o)
                0x02023c4c                AddDevice
 .text.GetDeviceOpTab
                0x02023cf0       0x24 C:/devkitPro/devkitARM/bin/../lib/gcc/arm-none-eabi/13.2.0/../../../../arm-none-eabi/lib\libsysbase.a(libsysbase_libsysbase_a-iosupport.o)
                0x02023cf0                GetDeviceOpTab
 .text._isatty_r
                0x02023d14        0x8 C:/devkitPro/devkitARM/bin/../lib/gcc/arm-none-eabi/13.2.0/../../../../arm-none-eabi/lib\libsysbase.a(libsysbase_libsysbase_a-isatty.o)
                0x02023d14                _isatty_r
 .text._kill_r  0x02023d1c       0x14 C:/devkitPro/devkitARM/bin/../lib/gcc/arm-none-eabi/13.2.0/../../../../arm-none-eabi/lib\libsysbase.a(libsysbase_libsysbase_a-kill.o)
                0x02023d1c                _kill_r
 .text._lseek_r
                0x02023d30       0x88 C:/devkitPro/devkitARM/bin/../lib/gcc/arm-none-eabi/13.2.0/../../../../arm-none-eabi/lib\libsysbase.a(libsysbase_libsysbase_a-lseek.o)
                0x02023d30                _lseek_r
 .text._open_r  0x02023db8       0xc4 C:/devkitPro/devkitARM/bin/../lib/gcc/arm-none-eabi/13.2.0/../../../../arm-none-eabi/lib\libsysbase.a(libsysbase_libsysbase_a-open.o)
                0x02023db8                _open_r
 .text._read_r  0x02023e7c       0x84 C:/devkitPro/devkitARM/bin/../lib/gcc/arm-none-eabi/13.2.0/../../../../arm-none-eabi/lib\libsysbase.a(libsysbase_libsysbase_a-read.o)
                0x02023e7c                _read_r
 .text._sbrk_r  0x02023f00       0x7c C:/devkitPro/devkitARM/bin/../lib/gcc/arm-none-eabi/13.2.0/../../../../arm-none-eabi/lib\libsysbase.a(libsysbase_libsysbase_a-sbrk.o)
                0x02023f00                _sbrk_r
 .text._stat_r  0x02023f7c       0x74 C:/devkitPro/devkitARM/bin/../lib/gcc/arm-none-eabi/13.2.0/../../../../arm-none-eabi/lib\libsysbase.a(libsysbase_libsysbase_a-stat.o)
                0x02023f7c                _stat_r
 .text.__libc_lock_acquire
                0x02023ff0       0x20 C:/devkitPro/devkitARM/bin/../lib/gcc/arm-none-eabi/13.2.0/../../../../arm-none-eabi/lib\libsysbase.a(libsysbase_libsysbase_a-syscall_support.o)
                0x02023ff0                __libc_lock_acquire
 .text.__libc_lock_release
                0x02024010       0x20 C:/devkitPro/devkitARM/bin/../lib/gcc/arm-none-eabi/13.2.0/../../../../arm-none-eabi/lib\libsysbase.a(libsysbase_libsysbase_a-syscall_support.o)
                0x02024010                __libc_lock_release
 .text.__libc_lock_acquire_recursive
                0x02024030       0x20 C:/devkitPro/devkitARM/bin/../lib/gcc/arm-none-eabi/13.2.0/../../../../arm-none-eabi/lib\libsysbase.a(libsysbase_libsysbase_a-syscall_support.o)
                0x02024030                __libc_lock_acquire_recursive
 .text.__libc_lock_release_recursive
                0x02024050       0x20 C:/devkitPro/devkitARM/bin/../lib/gcc/arm-none-eabi/13.2.0/../../../../arm-none-eabi/lib\libsysbase.a(libsysbase_libsysbase_a-syscall_support.o)
                0x02024050                __libc_lock_release_recursive
 .text._write_r
                0x02024070       0x84 C:/devkitPro/devkitARM/bin/../lib/gcc/arm-none-eabi/13.2.0/../../../../arm-none-eabi/lib\libsysbase.a(libsysbase_libsysbase_a-write.o)
                0x02024070                _write_r
 *fill*         0x020240f4        0x4 ff
 .text._write_r.__stub
                0x020240f8      0x344 linker stubs
 *(EXCLUDE_FILE(*.twl*) .gnu.warning)
 *(EXCLUDE_FILE(*.twl*) .gnu.linkonce.t*)
 *(.glue_7)
 .glue_7        0x020244a8        0x0 linker stubs
 *(.glue_7t)
 .glue_7t       0x020244a8        0x0 linker stubs
                0x020244a8                        . = ALIGN (0x4)

.vfp11_veneer   0x020244a8        0x0
 .vfp11_veneer  0x020244a8        0x0 linker stubs

.v4_bx          0x020244a8        0x0
 .v4_bx         0x020244a8        0x0 linker stubs

.iplt           0x020244a8        0x0
 .iplt          0x020244a8        0x0 C:/devkitPro/devkitARM/bin/../lib/gcc/arm-none-eabi/13.2.0/../../../../arm-none-eabi/lib/ds_arm9_crt0.o

.fini           0x020244a8       0x18
 *(.fini)
 .fini          0x020244a8        0xc C:/devkitPro/devkitARM/bin/../lib/gcc/arm-none-eabi/13.2.0/crti.o
                0x020244a8                _fini
 .fini          0x020244b4        0xc C:/devkitPro/devkitARM/bin/../lib/gcc/arm-none-eabi/13.2.0/crtn.o
                0x020244c0                        __text_end = .

.rodata         0x020244c0     0x6a20
 *(EXCLUDE_FILE(*.twl*) .rodata)
 .rodata        0x020244c0       0x50 C:/devkitPro/nflib/lib\libnflib.a(nf_basic.o)
 .rodata        0x02024510       0x90 C:/devkitPro/nflib/lib\libnflib.a(nf_sprite256.o)
 .rodata        0x020245a0      0x170 C:/devkitPro/nflib/lib\libnflib.a(nf_text.o)
 *all.rodata*(*)
 *(EXCLUDE_FILE(*.twl*) .roda)
 *(EXCLUDE_FILE(*.twl*) .rodata.*)
 .rodata.str1.4
                0x02024710      0x9c0 game.o
                                 0x60 (size before relaxing)
 .rodata.str1.4
                0x020250d0       0x27 C:/devkitPro/nflib/lib\libnflib.a(nf_2d.o)
 .rodata.str1.4
                0x020250d0      0x667 C:/devkitPro/nflib/lib\libnflib.a(nf_basic.o)
 .rodata.str1.4
                0x020250d0       0x87 C:/devkitPro/nflib/lib\libnflib.a(nf_sprite256.o)
 .rodata.str1.4
                0x020250d0       0x41 C:/devkitPro/nflib/lib\libnflib.a(nf_text.o)
 .rodata.str1.4
                0x020250d0       0x70 C:/devkitPro/nflib/lib\libnflib.a(nf_tiledbg.o)
 .rodata.nitroFSInit.str1.4
                0x020250d0        0x8 C:/devkitPro/libnds/lib\libfilesystem.a(nitrofs.o)
 .rodata.str1.4
                0x020250d0        0xe C:/devkitPro/libnds/lib\libfilesystem.a(nitrofs.o)
 .rodata.fatMount.part.0.str1.4
                0x020250d0        0x2 C:/devkitPro/libnds/lib\libfat.a(libfat.o)
 .rodata.fatInit.str1.4
                0x020250d0        0x3 C:/devkitPro/libnds/lib\libfat.a(libfat.o)
 .rodata.str1.4
                0x020250d0        0x4 C:/devkitPro/libnds/lib\libfat.a(libfat.o)
 .rodata.dotab_fat
                0x020250d0       0x70 C:/devkitPro/libnds/lib\libfat.a(libfat.o)
 .rodata.str1.4
                0x02025140        0x8 C:/devkitPro/libnds/lib\libfat.a(disc.o)
 .rodata._FAT_disc_interfaces
                0x02025140       0x18 C:/devkitPro/libnds/lib\libfat.a(disc.o)
                0x02025140                _FAT_disc_interfaces
 .rodata._FAT_directory_entryFromPath.str1.4
                0x02025158        0x7 C:/devkitPro/libnds/lib\libfat.a(directory.o)
 .rodata.ILLEGAL_ALIAS_CHARACTERS
                0x02025158       0x12 C:/devkitPro/libnds/lib\libfat.a(directory.o)
 *fill*         0x0202516a        0x2 ff
 .rodata.ILLEGAL_LFN_CHARACTERS
                0x0202516c        0xa C:/devkitPro/libnds/lib\libfat.a(directory.o)
 *fill*         0x02025176        0x2 ff
 .rodata.LFN_offset_table
                0x02025178       0x34 C:/devkitPro/libnds/lib\libfat.a(directory.o)
 .rodata.FAT_SIG
                0x020251ac        0x3 C:/devkitPro/libnds/lib\libfat.a(partition.o)
 *fill*         0x020251af        0x1 ff
 .rodata.FS_TWL_SIG
                0x020251b0        0x8 C:/devkitPro/libnds/lib\libfat.a(partition.o)
 .rodata.con_write.str1.4
                0x020251b8       0x30 C:/devkitPro/libnds/lib\libnds9.a(console.o)
 .rodata.con_write
                0x020251b8       0xd4 C:/devkitPro/libnds/lib\libnds9.a(console.o)
 .rodata.str1.4
                0x0202528c       0x14 C:/devkitPro/libnds/lib\libnds9.a(console.o)
 .rodata.dotab_stdout
                0x0202528c       0x70 C:/devkitPro/libnds/lib\libnds9.a(console.o)
 .rodata.default_font_bin
                0x020252fc     0x2000 C:/devkitPro/libnds/lib\libnds9.a(default_font.bin.o)
                0x020252fc                default_font_bin
                0x020272fc                default_font_bin_end
 .rodata.SIN_LUT
                0x020272fc      0x102 C:/devkitPro/libnds/lib\libnds9.a(trig.o)
                0x020272fc                SIN_LUT
 .rodata._mbrtowc_r.str1.4
                0x020273fe        0x1 C:/devkitPro/devkitARM/bin/../lib/gcc/arm-none-eabi/13.2.0/../../../../arm-none-eabi/lib\libg.a(libc_a-mbrtowc.o)
 *fill*         0x020273fe        0x2 ff
 .rodata._ctype_
                0x02027400      0x101 C:/devkitPro/devkitARM/bin/../lib/gcc/arm-none-eabi/13.2.0/../../../../arm-none-eabi/lib\libg.a(libc_a-ctype_.o)
                0x02027400                _ctype_
 *fill*         0x02027501        0x3 ff
 .rodata.basefix.0
                0x02027504       0x22 C:/devkitPro/devkitARM/bin/../lib/gcc/arm-none-eabi/13.2.0/../../../../arm-none-eabi/lib\libg.a(libc_a-svfiscanf.o)
 .rodata._svfprintf_r.str1.1
                0x02027526       0x3b C:/devkitPro/devkitARM/bin/../lib/gcc/arm-none-eabi/13.2.0/../../../../arm-none-eabi/lib\libg.a(libc_a-svfprintf.o)
 *fill*         0x02027561        0x3 ff
 .rodata.zeroes.0
                0x02027564       0x10 C:/devkitPro/devkitARM/bin/../lib/gcc/arm-none-eabi/13.2.0/../../../../arm-none-eabi/lib\libg.a(libc_a-svfprintf.o)
 .rodata.blanks.1
                0x02027574       0x10 C:/devkitPro/devkitARM/bin/../lib/gcc/arm-none-eabi/13.2.0/../../../../arm-none-eabi/lib\libg.a(libc_a-svfprintf.o)
 .rodata._DAYS_BEFORE_MONTH
                0x02027584       0x30 C:/devkitPro/devkitARM/bin/../lib/gcc/arm-none-eabi/13.2.0/../../../../arm-none-eabi/lib\libg.a(libc_a-mktime.o)
 .rodata.DAYS_IN_MONTH
                0x020275b4       0x30 C:/devkitPro/devkitARM/bin/../lib/gcc/arm-none-eabi/13.2.0/../../../../arm-none-eabi/lib\libg.a(libc_a-mktime.o)
 .rodata._tzset_unlocked_r.str1.4
                0x020275e4       0x6b C:/devkitPro/devkitARM/bin/../lib/gcc/arm-none-eabi/13.2.0/../../../../arm-none-eabi/lib\libg.a(libc_a-tzset_r.o)
 .rodata.__month_lengths
                0x020275e4       0x60 C:/devkitPro/devkitARM/bin/../lib/gcc/arm-none-eabi/13.2.0/../../../../arm-none-eabi/lib\libg.a(libc_a-month_lengths.o)
                0x020275e4                __month_lengths
 .rodata.str1.4
                0x02027644        0x4 C:/devkitPro/devkitARM/bin/../lib/gcc/arm-none-eabi/13.2.0/../../../../arm-none-eabi/lib\libg.a(libc_a-tzvars.o)
 .rodata.str1.4
                0x02027644       0x4c C:/devkitPro/devkitARM/bin/../lib/gcc/arm-none-eabi/13.2.0/../../../../arm-none-eabi/lib\libg.a(libc_a-locale.o)
 .rodata.categories
                0x02027644     0x3528 C:/devkitPro/devkitARM/bin/../lib/gcc/arm-none-eabi/13.2.0/../../../../arm-none-eabi/lib\libg.a(libc_a-categories.o)
 .rodata._vfiprintf_r.str1.1
                0x0202ab6c       0x29 C:/devkitPro/devkitARM/bin/../lib/gcc/arm-none-eabi/13.2.0/../../../../arm-none-eabi/lib\libg.a(libc_a-vfiprintf.o)
 .rodata.zeroes.0
                0x0202ab6c       0x10 C:/devkitPro/devkitARM/bin/../lib/gcc/arm-none-eabi/13.2.0/../../../../arm-none-eabi/lib\libg.a(libc_a-vfiprintf.o)
 .rodata.blanks.1
                0x0202ab7c       0x10 C:/devkitPro/devkitARM/bin/../lib/gcc/arm-none-eabi/13.2.0/../../../../arm-none-eabi/lib\libg.a(libc_a-vfiprintf.o)
 .rodata.__action_table
                0x0202ab8c       0x6c C:/devkitPro/devkitARM/bin/../lib/gcc/arm-none-eabi/13.2.0/../../../../arm-none-eabi/lib\libg.a(libc_a-svfiprintf.o)
                0x0202ab8c                __action_table
 .rodata.__state_table
                0x0202abf8       0x6c C:/devkitPro/devkitARM/bin/../lib/gcc/arm-none-eabi/13.2.0/../../../../arm-none-eabi/lib\libg.a(libc_a-svfiprintf.o)
                0x0202abf8                __state_table
 .rodata.__chclass
                0x0202ac64      0x100 C:/devkitPro/devkitARM/bin/../lib/gcc/arm-none-eabi/13.2.0/../../../../arm-none-eabi/lib\libg.a(libc_a-svfiprintf.o)
                0x0202ac64                __chclass
 .rodata._dtoa_r.str1.4
                0x0202ad64       0x64 C:/devkitPro/devkitARM/bin/../lib/gcc/arm-none-eabi/13.2.0/../../../../arm-none-eabi/lib\libg.a(libc_a-dtoa.o)
 .rodata.__multadd.str1.4
                0x0202ad64       0x51 C:/devkitPro/devkitARM/bin/../lib/gcc/arm-none-eabi/13.2.0/../../../../arm-none-eabi/lib\libg.a(libc_a-mprec.o)
 .rodata.p05.0  0x0202ad64        0xc C:/devkitPro/devkitARM/bin/../lib/gcc/arm-none-eabi/13.2.0/../../../../arm-none-eabi/lib\libg.a(libc_a-mprec.o)
 .rodata.__mprec_bigtens
                0x0202ad70       0x28 C:/devkitPro/devkitARM/bin/../lib/gcc/arm-none-eabi/13.2.0/../../../../arm-none-eabi/lib\libg.a(libc_a-mprec.o)
                0x0202ad70                __mprec_bigtens
 .rodata.__mprec_tens
                0x0202ad98       0xc8 C:/devkitPro/devkitARM/bin/../lib/gcc/arm-none-eabi/13.2.0/../../../../arm-none-eabi/lib\libg.a(libc_a-mprec.o)
                0x0202ad98                __mprec_tens
 .rodata.__assert_func.str1.4
                0x0202ae60       0x43 C:/devkitPro/devkitARM/bin/../lib/gcc/arm-none-eabi/13.2.0/../../../../arm-none-eabi/lib\libg.a(libc_a-assert.o)
 .rodata.AddDevice.str1.4
                0x0202ae60        0x8 C:/devkitPro/devkitARM/bin/../lib/gcc/arm-none-eabi/13.2.0/../../../../arm-none-eabi/lib\libsysbase.a(libsysbase_libsysbase_a-iosupport.o)
 .rodata.dotab_stdnull
                0x0202ae60       0x80 C:/devkitPro/devkitARM/bin/../lib/gcc/arm-none-eabi/13.2.0/../../../../arm-none-eabi/lib\libsysbase.a(libsysbase_libsysbase_a-iosupport.o)
                0x0202ae60                dotab_stdnull
 *(EXCLUDE_FILE(*.twl*) .gnu.linkonce.r*)
                0x0202aee0                        . = ALIGN (0x4)

.ARM.extab
 *(.ARM.extab* .gnu.linkonce.armextab.*)
                0x0202aee0                        __exidx_start = .

ARM.exidx
 *(.ARM.exidx* .gnu.linkonce.armexidx.*)
                0x0202aee0                        __exidx_end = .
                0x0202aee0                        . = ALIGN (0x4)
                0x0202aee0                        PROVIDE (__preinit_array_start = .)

.preinit_array
 *(.preinit_array)
                0x0202aee0                        PROVIDE (__preinit_array_end = .)
                0x0202aee0                        PROVIDE (__init_array_start = .)

.init_array     0x0202aee0        0x8
 *(SORT_BY_NAME(.init_array.*))
 *(.init_array)
 .init_array    0x0202aee0        0x4 C:/devkitPro/devkitARM/bin/../lib/gcc/arm-none-eabi/13.2.0/crtbegin.o
 .init_array    0x0202aee4        0x4 main.o
                0x0202aee8                        PROVIDE (__init_array_end = .)
                [!provide]                        PROVIDE (__fini_array_start = .)

.fini_array     0x0202aee8        0x4
 *(.fini_array)
 .fini_array    0x0202aee8        0x4 C:/devkitPro/devkitARM/bin/../lib/gcc/arm-none-eabi/13.2.0/crtbegin.o
 *(SORT_BY_NAME(.fini_array.*))
                [!provide]                        PROVIDE (__fini_array_end = .)

.ctors          0x0202aeec        0x0
 *crtbegin.o(.ctors)
 *(EXCLUDE_FILE(*crtend.o) .ctors)
 *(SORT_BY_NAME(.ctors.*))
 *(.ctors)
                0x0202aeec                        . = ALIGN (0x4)

.dtors          0x0202aeec        0x0
 *crtbegin.o(.dtors)
 *(EXCLUDE_FILE(*crtend.o) .dtors)
 *(SORT_BY_NAME(.dtors.*))
 *(.dtors)
                0x0202aeec                        . = ALIGN (0x4)

.eh_frame       0x0202aeec        0x4
 *(.eh_frame)
 .eh_frame      0x0202aeec        0x0 C:/devkitPro/devkitARM/bin/../lib/gcc/arm-none-eabi/13.2.0/crtbegin.o
 .eh_frame      0x0202aeec        0x4 C:/devkitPro/devkitARM/bin/../lib/gcc/arm-none-eabi/13.2.0/crtend.o
                0x0202aef0                        . = ALIGN (0x4)

.gcc_except_table
                0x0202aef0        0x0
 *(.gcc_except_table)
                0x0202aef0                        . = ALIGN (0x4)

.jcr
 *(.jcr)

.got
 *(.got.plt)
 *(.got)
 *(.rel.got)

.ewram          0x0202aef0        0x0
                0x0202aef0                        __ewram_start = ABSOLUTE (.)
 *(.ewram)
 *ewram.*(.text)
                0x0202aef0                        . = ALIGN (0x4)

.data           0x0202aef0     0x2528
                0x0202aef0                        __data_start = ABSOLUTE (.)
 *(EXCLUDE_FILE(*.twl*) .data)
 .data          0x0202aef0       0x28 C:/devkitPro/libnds/lib\libnds9.a(mpu_setup.o)
 *(EXCLUDE_FILE(*.twl*) .data.*)
 .data.ndsFileFD
                0x0202af18        0x4 C:/devkitPro/libnds/lib\libfilesystem.a(nitrofs.o)
 .data.nitroFSdevoptab
                0x0202af1c       0x70 C:/devkitPro/libnds/lib\libfilesystem.a(nitrofs.o)
                0x0202af1c                nitroFSdevoptab
 .data.syspaths
                0x0202af8c        0x8 C:/devkitPro/libnds/lib\libfilesystem.a(nitrofs.o)
                0x0202af8c                syspaths
 .data.currentConsole
                0x0202af94        0x4 C:/devkitPro/libnds/lib\libnds9.a(console.o)
                0x0202af94                currentConsole
 .data.defaultConsole
                0x0202af98       0x5c C:/devkitPro/libnds/lib\libnds9.a(console.o)
                0x0202af98                defaultConsole
 .data.firstConsoleInit.0
                0x0202aff4        0x1 C:/devkitPro/libnds/lib\libnds9.a(console.o)
 *fill*         0x0202aff5        0x3 ff
 .data.oamMain  0x0202aff8       0x18 C:/devkitPro/libnds/lib\libnds9.a(sprite.o)
                0x0202aff8                oamMain
 .data.oamSub   0x0202b010       0x18 C:/devkitPro/libnds/lib\libnds9.a(sprite.o)
                0x0202b010                oamSub
 .data.count    0x0202b028        0x1 C:/devkitPro/libnds/lib\libnds9.a(keys.o)
 .data.delay    0x0202b029        0x1 C:/devkitPro/libnds/lib\libnds9.a(keys.o)
 .data.repeat   0x0202b02a        0x1 C:/devkitPro/libnds/lib\libnds9.a(keys.o)
 *fill*         0x0202b02b        0x1 ff
 .data.fifo_buffer_free
                0x0202b02c        0x4 C:/devkitPro/libnds/lib\libnds9.a(fifosystem.o)
                0x0202b02c                fifo_buffer_free
 .data.fifo_freewords
                0x0202b030        0x4 C:/devkitPro/libnds/lib\libnds9.a(fifosystem.o)
                0x0202b030                fifo_freewords
 .data.fifo_receive_queue
                0x0202b034        0x4 C:/devkitPro/libnds/lib\libnds9.a(fifosystem.o)
                0x0202b034                fifo_receive_queue
 .data.fifo_send_queue
                0x0202b038        0x4 C:/devkitPro/libnds/lib\libnds9.a(fifosystem.o)
                0x0202b038                fifo_send_queue
 .data.bgControl
                0x0202b03c       0x20 C:/devkitPro/libnds/lib\libnds9.a(background.o)
                0x0202b03c                bgControl
 .data.bgScrollTable
                0x0202b05c       0x20 C:/devkitPro/libnds/lib\libnds9.a(background.o)
                0x0202b05c                bgScrollTable
 .data.bgTransform
                0x0202b07c       0x20 C:/devkitPro/libnds/lib\libnds9.a(background.o)
                0x0202b07c                bgTransform
 .data.__malloc_sbrk_base
                0x0202b09c        0x4 C:/devkitPro/devkitARM/bin/../lib/gcc/arm-none-eabi/13.2.0/../../../../arm-none-eabi/lib\libg.a(libc_a-mallocr.o)
                0x0202b09c                __malloc_sbrk_base
 .data.__malloc_trim_threshold
                0x0202b0a0        0x4 C:/devkitPro/devkitARM/bin/../lib/gcc/arm-none-eabi/13.2.0/../../../../arm-none-eabi/lib\libg.a(libc_a-mallocr.o)
                0x0202b0a0                __malloc_trim_threshold
 *fill*         0x0202b0a4        0x4 ff
 .data.__malloc_av_
                0x0202b0a8      0x408 C:/devkitPro/devkitARM/bin/../lib/gcc/arm-none-eabi/13.2.0/../../../../arm-none-eabi/lib\libg.a(libc_a-mallocr.o)
                0x0202b0a8                __malloc_av_
 .data.__sglue  0x0202b4b0        0xc C:/devkitPro/devkitARM/bin/../lib/gcc/arm-none-eabi/13.2.0/../../../../arm-none-eabi/lib\libg.a(libc_a-findfp.o)
                0x0202b4b0                __sglue
 .data._tzname  0x0202b4bc        0x8 C:/devkitPro/devkitARM/bin/../lib/gcc/arm-none-eabi/13.2.0/../../../../arm-none-eabi/lib\libg.a(libc_a-tzvars.o)
                0x0202b4bc                _tzname
 *fill*         0x0202b4c4        0x4 ff
 .data.tzinfo   0x0202b4c8       0x58 C:/devkitPro/devkitARM/bin/../lib/gcc/arm-none-eabi/13.2.0/../../../../arm-none-eabi/lib\libg.a(libc_a-gettzinfo.o)
 .data.__global_locale
                0x0202b520      0x16c C:/devkitPro/devkitARM/bin/../lib/gcc/arm-none-eabi/13.2.0/../../../../arm-none-eabi/lib\libg.a(libc_a-locale.o)
                0x0202b520                __global_locale
 .data._impure_ptr
                0x0202b68c        0x4 C:/devkitPro/devkitARM/bin/../lib/gcc/arm-none-eabi/13.2.0/../../../../arm-none-eabi/lib\libg.a(libc_a-impure.o)
                0x0202b68c                _impure_ptr
 .data._impure_data
                0x0202b690      0x120 C:/devkitPro/devkitARM/bin/../lib/gcc/arm-none-eabi/13.2.0/../../../../arm-none-eabi/lib\libg.a(libc_a-impure.o)
                0x0202b690                _impure_data
 .data.caseconv_table
                0x0202b7b0      0x7b0 C:/devkitPro/devkitARM/bin/../lib/gcc/arm-none-eabi/13.2.0/../../../../arm-none-eabi/lib\libg.a(libc_a-towctrans_l.o)
 .data.environ  0x0202bf60        0x4 C:/devkitPro/devkitARM/bin/../lib/gcc/arm-none-eabi/13.2.0/../../../../arm-none-eabi/lib\libg.a(libc_a-environ.o)
                0x0202bf60                environ
 .data._current_working_directory
                0x0202bf64      0x400 C:/devkitPro/devkitARM/bin/../lib/gcc/arm-none-eabi/13.2.0/../../../../arm-none-eabi/lib\libsysbase.a(libsysbase_libsysbase_a-chdir.o)
 .data.handles  0x0202c364     0x1000 C:/devkitPro/devkitARM/bin/../lib/gcc/arm-none-eabi/13.2.0/../../../../arm-none-eabi/lib\libsysbase.a(libsysbase_libsysbase_a-handle_manager.o)
 .data.__stderr_handle
                0x0202d364        0xc C:/devkitPro/devkitARM/bin/../lib/gcc/arm-none-eabi/13.2.0/../../../../arm-none-eabi/lib\libsysbase.a(libsysbase_libsysbase_a-handle_manager.o)
 .data.__stdout_handle
                0x0202d370        0xc C:/devkitPro/devkitARM/bin/../lib/gcc/arm-none-eabi/13.2.0/../../../../arm-none-eabi/lib\libsysbase.a(libsysbase_libsysbase_a-handle_manager.o)
 .data.__stdin_handle
                0x0202d37c        0xc C:/devkitPro/devkitARM/bin/../lib/gcc/arm-none-eabi/13.2.0/../../../../arm-none-eabi/lib\libsysbase.a(libsysbase_libsysbase_a-handle_manager.o)
 .data.devoptab_list